-- The C compiler identification is GNU 11.4.0
-- The CXX compiler identification is GNU 11.4.0
-- Detecting C compiler ABI info
-- Detecting C compiler ABI info - done
-- Check for working C compiler: /usr/bin/cc - skipped
-- Detecting C compile features
-- Detecting C compile features - done
-- Detecting CXX compiler ABI info
-- Detecting CXX compiler ABI info - done
-- Check for working CXX compiler: /usr/bin/c++ - skipped
-- Detecting CXX compile features
-- Detecting CXX compile features - done
-- Found ament_cmake: 1.3.12 (/opt/ros/humble/share/ament_cmake/cmake)
-- Found Python3: /usr/bin/python3 (found version "3.10.12") found components: Interpreter 
-- Found rclcpp: 16.0.15 (/opt/ros/humble/share/rclcpp/cmake)
-- Found rosidl_generator_c: 3.1.7 (/opt/ros/humble/share/rosidl_generator_c/cmake)
-- Found rosidl_adapter: 3.1.7 (/opt/ros/humble/share/rosidl_adapter/cmake)
-- Found rosidl_generator_cpp: 3.1.7 (/opt/ros/humble/share/rosidl_generator_cpp/cmake)
-- Using all available rosidl_typesupport_c: rosidl_typesupport_fastrtps_c;rosidl_typesupport_introspection_c
-- Using all available rosidl_typesupport_cpp: rosidl_typesupport_fastrtps_cpp;rosidl_typesupport_introspection_cpp
-- Found rmw_implementation_cmake: 6.1.2 (/opt/ros/humble/share/rmw_implementation_cmake/cmake)
-- Found rmw_fastrtps_cpp: 6.2.9 (/opt/ros/humble/share/rmw_fastrtps_cpp/cmake)
-- Found OpenSSL: /usr/lib/x86_64-linux-gnu/libcrypto.so (found version "3.0.2")  
-- Found FastRTPS: /opt/ros/humble/include  
-- Using RMW implementation 'rmw_fastrtps_cpp' as default
-- Looking for pthread.h
-- Looking for pthread.h - found
-- Performing Test CMAKE_HAVE_LIBC_PTHREAD
-- Performing Test CMAKE_HAVE_LIBC_PTHREAD - Success
-- Found Threads: TRUE  
-- Found pluginlib: 5.1.2 (/opt/ros/humble/share/pluginlib/cmake)
-- Found as2_core: 1.1.3 (/root/aerostack2_ws/install/as2_core/share/as2_core/cmake)
-- Created yaml-cpp::yaml-cpp alias from yaml-cpp target
-- Created GeographicLib::GeographicLib target from legacy variables
-- Found eigen3_cmake_module: 0.1.1 (/opt/ros/humble/share/eigen3_cmake_module/cmake)
-- Found Eigen3: TRUE (found version "3.4.0") 
-- Ensuring Eigen3 include directory is part of orocos-kdl CMake target
-- Found mocap4r2_msgs: 0.0.5 (/opt/ros/humble/share/mocap4r2_msgs/cmake)
-- Found ament_cmake_gtest: 1.3.12 (/opt/ros/humble/share/ament_cmake_gtest/cmake)
-- Found gtest sources under '/opt/ros/humble/src/gtest_vendor': C++ tests using 'Google Test' will be built
-- Found mocap4r2_msgs: 0.0.5 (/opt/ros/humble/share/mocap4r2_msgs/cmake)
-- Found ament_cmake_gtest: 1.3.12 (/opt/ros/humble/share/ament_cmake_gtest/cmake)
-- Found gtest sources under '/opt/ros/humble/src/gtest_vendor': C++ tests using 'Google Test' will be built
-- Found ament_lint_auto: 0.12.14 (/opt/ros/humble/share/ament_lint_auto/cmake)
-- Found gtest sources under '/opt/ros/humble/src/gtest_vendor': C++ tests using 'Google Test' will be built
-- Added test 'copyright' to check source files copyright and LICENSE
-- Added test 'cppcheck' to perform static code analysis on C / C++ code
-- Configured cppcheck include dirs: /root/aerostack2_ws/src/aerostack2/as2_state_estimator/include;/root/aerostack2_ws/src/aerostack2/as2_state_estimator/include/as2_state_estimator;$<BUILD_INTERFACE:/root/aerostack2_ws/src/aerostack2/as2_state_estimator/include>
-- Configured cppcheck exclude dirs and/or files: 
-- Added test 'cpplint' to check C / C++ code against the Google style
-- Configured cpplint exclude dirs and/or files: 
-- Added test 'flake8' to check Python code syntax and style conventions
-- Added test 'lint_cmake' to check CMake code style
-- Added test 'pep257' to check Python code against some of the docstring style conventions in PEP 257
-- Added test 'uncrustify' to check C / C++ code style
-- Configured uncrustify additional arguments: 
-- Added test 'xmllint' to check XML markup files
-- Configuring done
-- Generating done
-- Build files have been written to: /root/aerostack2_ws/build/as2_state_estimator
[ 13%] [32mBuilding CXX object gtest/CMakeFiles/gtest_main.dir/src/gtest_main.cc.o[0m
[ 13%] [32mBuilding CXX object gtest/CMakeFiles/gtest.dir/src/gtest-all.cc.o[0m
[ 13%] [32mBuilding CXX object CMakeFiles/as2_state_estimator.dir/src/as2_state_estimator.cpp.o[0m
[ 17%] [32m[1mLinking CXX shared library libas2_state_estimator_plugin_base.so[0m
[ 17%] Built target as2_state_estimator_plugin_base
[ 21%] [32m[1mLinking CXX static library libgtest_main.a[0m
[ 21%] Built target gtest_main
[ 26%] [32m[1mLinking CXX static library libgtest.a[0m
[ 26%] Built target gtest
[ 30%] [32m[1mLinking CXX shared library libas2_state_estimator.so[0m
[ 30%] Built target as2_state_estimator
[ 34%] [32mBuilding CXX object tests/CMakeFiles/as2_state_estimator_as2_state_estimator_gtest.dir/as2_state_estimator_gtest.cpp.o[0m
[ 39%] [32mBuilding CXX object plugins/raw_odometry/CMakeFiles/raw_odometry.dir/src/raw_odometry.cpp.o[0m
[ 47%] [32mBuilding CXX object CMakeFiles/as2_state_estimator_node.dir/src/as2_state_estimator_node.cpp.o[0m
[ 43%] [32mBuilding CXX object plugins/mocap_pose/CMakeFiles/mocap_pose.dir/src/mocap_pose.cpp.o[0m
[ 52%] [32mBuilding CXX object plugins/ground_truth/CMakeFiles/ground_truth.dir/src/ground_truth.cpp.o[0m
[ 56%] [32mBuilding CXX object plugins/ground_truth_odometry_fuse/CMakeFiles/ground_truth_odometry_fuse.dir/src/ground_truth_odometry_fuse.cpp.o[0m
[ 60%] [32m[1mLinking CXX executable as2_state_estimator_node[0m
[ 60%] Built target as2_state_estimator_node
[ 65%] [32m[1mLinking CXX executable as2_state_estimator_as2_state_estimator_gtest[0m
[ 65%] Built target as2_state_estimator_as2_state_estimator_gtest
[ 69%] [32m[1mLinking CXX shared library libmocap_pose.so[0m
[ 69%] Built target mocap_pose
[ 73%] [32mBuilding CXX object plugins/mocap_pose/tests/CMakeFiles/as2_state_estimator_mocap_gtest.dir/mocap_gtest.cpp.o[0m
[ 78%] [32m[1mLinking CXX shared library libraw_odometry.so[0m
[ 78%] Built target raw_odometry
[ 82%] [32m[1mLinking CXX shared library libground_truth.so[0m
[ 82%] Built target ground_truth
[ 86%] [32m[1mLinking CXX executable as2_state_estimator_mocap_gtest[0m
[ 86%] Built target as2_state_estimator_mocap_gtest
[ 91%] [32m[1mLinking CXX shared library libground_truth_odometry_fuse.so[0m
[ 91%] Built target ground_truth_odometry_fuse
[ 95%] [32mBuilding CXX object plugins/ground_truth_odometry_fuse/tests/CMakeFiles/as2_state_estimator_ground_truth_odometry_fuse_gtest.dir/ground_truth_odometry_fuse_gtest.cpp.o[0m
[100%] [32m[1mLinking CXX executable as2_state_estimator_ground_truth_odometry_fuse_gtest[0m
[100%] Built target as2_state_estimator_ground_truth_odometry_fuse_gtest
-- Install configuration: "Release"
-- Installing: /root/aerostack2_ws/install/as2_state_estimator/lib/libas2_state_estimator.so
-- Set runtime path of "/root/aerostack2_ws/install/as2_state_estimator/lib/libas2_state_estimator.so" to ""
-- Installing: /root/aerostack2_ws/install/as2_state_estimator/lib/libas2_state_estimator_plugin_base.so
-- Set runtime path of "/root/aerostack2_ws/install/as2_state_estimator/lib/libas2_state_estimator_plugin_base.so" to ""
-- Installing: /root/aerostack2_ws/install/as2_state_estimator/lib/as2_state_estimator/as2_state_estimator_node
-- Set runtime path of "/root/aerostack2_ws/install/as2_state_estimator/lib/as2_state_estimator/as2_state_estimator_node" to ""
-- Installing: /root/aerostack2_ws/install/as2_state_estimator/include
-- Installing: /root/aerostack2_ws/install/as2_state_estimator/include/as2_state_estimator
-- Installing: /root/aerostack2_ws/install/as2_state_estimator/include/as2_state_estimator/as2_state_estimator.hpp
-- Installing: /root/aerostack2_ws/install/as2_state_estimator/include/as2_state_estimator/plugin_base.hpp
-- Installing: /root/aerostack2_ws/install/as2_state_estimator/share/as2_state_estimator/plugins.xml
-- Installing: /root/aerostack2_ws/install/as2_state_estimator/share/as2_state_estimator/plugins/raw_odometry/config
-- Installing: /root/aerostack2_ws/install/as2_state_estimator/share/as2_state_estimator/plugins/raw_odometry/config/plugin_default.yaml
-- Installing: /root/aerostack2_ws/install/as2_state_estimator/share/as2_state_estimator/plugins/ground_truth/config
-- Installing: /root/aerostack2_ws/install/as2_state_estimator/share/as2_state_estimator/plugins/ground_truth/config/plugin_default.yaml
-- Installing: /root/aerostack2_ws/install/as2_state_estimator/share/as2_state_estimator/plugins/mocap_pose/config
-- Installing: /root/aerostack2_ws/install/as2_state_estimator/share/as2_state_estimator/plugins/mocap_pose/config/plugin_default.yaml
-- Installing: /root/aerostack2_ws/install/as2_state_estimator/share/as2_state_estimator/plugins/ground_truth_odometry_fuse/config
-- Installing: /root/aerostack2_ws/install/as2_state_estimator/share/as2_state_estimator/plugins/ground_truth_odometry_fuse/config/plugin_default.yaml
-- Installing: /root/aerostack2_ws/install/as2_state_estimator/share/as2_state_estimator/launch
-- Installing: /root/aerostack2_ws/install/as2_state_estimator/share/as2_state_estimator/launch/mocap_pose_state_estimator.launch.py
-- Installing: /root/aerostack2_ws/install/as2_state_estimator/share/as2_state_estimator/launch/ground_truth_odometry_fuse_state_estimator.launch.py
-- Installing: /root/aerostack2_ws/install/as2_state_estimator/share/as2_state_estimator/launch/ground_truth_state_estimator.launch.py
-- Installing: /root/aerostack2_ws/install/as2_state_estimator/share/as2_state_estimator/launch/raw_odometry_state_estimator.launch.py
-- Installing: /root/aerostack2_ws/install/as2_state_estimator/share/as2_state_estimator/launch/state_estimator_launch.py
-- Installing: /root/aerostack2_ws/install/as2_state_estimator/share/as2_state_estimator/config
-- Installing: /root/aerostack2_ws/install/as2_state_estimator/share/as2_state_estimator/config/state_estimator_default.yaml
-- Installing: /root/aerostack2_ws/install/as2_state_estimator/share/ament_index/resource_index/package_run_dependencies/as2_state_estimator
-- Installing: /root/aerostack2_ws/install/as2_state_estimator/share/ament_index/resource_index/parent_prefix_path/as2_state_estimator
-- Installing: /root/aerostack2_ws/install/as2_state_estimator/share/as2_state_estimator/environment/ament_prefix_path.sh
-- Installing: /root/aerostack2_ws/install/as2_state_estimator/share/as2_state_estimator/environment/ament_prefix_path.dsv
-- Installing: /root/aerostack2_ws/install/as2_state_estimator/share/as2_state_estimator/environment/path.sh
-- Installing: /root/aerostack2_ws/install/as2_state_estimator/share/as2_state_estimator/environment/path.dsv
-- Installing: /root/aerostack2_ws/install/as2_state_estimator/share/as2_state_estimator/local_setup.bash
-- Installing: /root/aerostack2_ws/install/as2_state_estimator/share/as2_state_estimator/local_setup.sh
-- Installing: /root/aerostack2_ws/install/as2_state_estimator/share/as2_state_estimator/local_setup.zsh
-- Installing: /root/aerostack2_ws/install/as2_state_estimator/share/as2_state_estimator/local_setup.dsv
-- Installing: /root/aerostack2_ws/install/as2_state_estimator/share/as2_state_estimator/package.dsv
-- Installing: /root/aerostack2_ws/install/as2_state_estimator/share/ament_index/resource_index/packages/as2_state_estimator
-- Installing: /root/aerostack2_ws/install/as2_state_estimator/share/ament_index/resource_index/as2_state_estimator__pluginlib__plugin/as2_state_estimator
-- Installing: /root/aerostack2_ws/install/as2_state_estimator/share/as2_state_estimator/cmake/as2_state_estimatorConfig.cmake
-- Installing: /root/aerostack2_ws/install/as2_state_estimator/share/as2_state_estimator/cmake/as2_state_estimatorConfig-version.cmake
-- Installing: /root/aerostack2_ws/install/as2_state_estimator/share/as2_state_estimator/package.xml
-- Up-to-date: /root/aerostack2_ws/install/as2_state_estimator/include
-- Installing: /root/aerostack2_ws/install/as2_state_estimator/include/raw_odometry.hpp
-- Installing: /root/aerostack2_ws/install/as2_state_estimator/share/as2_state_estimator/environment/library_path.sh
-- Installing: /root/aerostack2_ws/install/as2_state_estimator/share/as2_state_estimator/environment/library_path.dsv
-- Installing: /root/aerostack2_ws/install/as2_state_estimator/lib/libraw_odometry.so
-- Set runtime path of "/root/aerostack2_ws/install/as2_state_estimator/lib/libraw_odometry.so" to ""
-- Up-to-date: /root/aerostack2_ws/install/as2_state_estimator/include
-- Installing: /root/aerostack2_ws/install/as2_state_estimator/include/ground_truth.hpp
-- Up-to-date: /root/aerostack2_ws/install/as2_state_estimator/share/as2_state_estimator/environment/library_path.sh
-- Up-to-date: /root/aerostack2_ws/install/as2_state_estimator/share/as2_state_estimator/environment/library_path.dsv
-- Installing: /root/aerostack2_ws/install/as2_state_estimator/lib/libground_truth.so
-- Set runtime path of "/root/aerostack2_ws/install/as2_state_estimator/lib/libground_truth.so" to ""
-- Up-to-date: /root/aerostack2_ws/install/as2_state_estimator/include
-- Installing: /root/aerostack2_ws/install/as2_state_estimator/include/mocap_pose.hpp
-- Up-to-date: /root/aerostack2_ws/install/as2_state_estimator/share/as2_state_estimator/environment/library_path.sh
-- Up-to-date: /root/aerostack2_ws/install/as2_state_estimator/share/as2_state_estimator/environment/library_path.dsv
-- Installing: /root/aerostack2_ws/install/as2_state_estimator/lib/libmocap_pose.so
-- Set runtime path of "/root/aerostack2_ws/install/as2_state_estimator/lib/libmocap_pose.so" to ""
-- Up-to-date: /root/aerostack2_ws/install/as2_state_estimator/include
-- Installing: /root/aerostack2_ws/install/as2_state_estimator/include/ground_truth_odometry_fuse.hpp
-- Up-to-date: /root/aerostack2_ws/install/as2_state_estimator/share/as2_state_estimator/environment/library_path.sh
-- Up-to-date: /root/aerostack2_ws/install/as2_state_estimator/share/as2_state_estimator/environment/library_path.dsv
-- Installing: /root/aerostack2_ws/install/as2_state_estimator/lib/libground_truth_odometry_fuse.so
-- Set runtime path of "/root/aerostack2_ws/install/as2_state_estimator/lib/libground_truth_odometry_fuse.so" to ""
