[0.006s] Invoking command in '/root/aerostack2_ws/build/as2_state_estimator': AMENT_PREFIX_PATH=/root/aerostack2_ws/install/as2_core:/root/aerostack2_ws/install/as2_msgs:${AMENT_PREFIX_PATH} CMAKE_PREFIX_PATH=/root/aerostack2_ws/install/as2_core:/root/aerostack2_ws/install/as2_msgs:/opt/ros/humble LD_LIBRARY_PATH=/root/aerostack2_ws/install/as2_core/lib:/root/aerostack2_ws/install/as2_msgs/lib:${LD_LIBRARY_PATH} PYTHONPATH=/root/aerostack2_ws/install/as2_core/local/lib/python3.10/dist-packages:/root/aerostack2_ws/install/as2_msgs/local/lib/python3.10/dist-packages:${PYTHONPATH} /usr/bin/cmake /root/aerostack2_ws/src/aerostack2/as2_state_estimator -DCMAKE_INSTALL_PREFIX=/root/aerostack2_ws/install/as2_state_estimator
[0.038s] -- The C compiler identification is GNU 11.4.0
[0.071s] -- The CXX compiler identification is GNU 11.4.0
[0.075s] -- Detecting C compiler ABI info
[0.116s] -- Detecting C compiler ABI info - done
[0.120s] -- Check for working C compiler: /usr/bin/cc - skipped
[0.121s] -- Detecting C compile features
[0.121s] -- Detecting C compile features - done
[0.123s] -- Detecting CXX compiler ABI info
[0.169s] -- Detecting CXX compiler ABI info - done
[0.174s] -- Check for working CXX compiler: /usr/bin/c++ - skipped
[0.174s] -- Detecting CXX compile features
[0.175s] -- Detecting CXX compile features - done
[0.177s] -- Found ament_cmake: 1.3.12 (/opt/ros/humble/share/ament_cmake/cmake)
[0.277s] -- Found Python3: /usr/bin/python3 (found version "3.10.12") found components: Interpreter 
[0.339s] -- Found rclcpp: 16.0.15 (/opt/ros/humble/share/rclcpp/cmake)
[0.370s] -- Found rosidl_generator_c: 3.1.7 (/opt/ros/humble/share/rosidl_generator_c/cmake)
[0.374s] -- Found rosidl_adapter: 3.1.7 (/opt/ros/humble/share/rosidl_adapter/cmake)
[0.381s] -- Found rosidl_generator_cpp: 3.1.7 (/opt/ros/humble/share/rosidl_generator_cpp/cmake)
[0.390s] -- Using all available rosidl_typesupport_c: rosidl_typesupport_fastrtps_c;rosidl_typesupport_introspection_c
[0.402s] -- Using all available rosidl_typesupport_cpp: rosidl_typesupport_fastrtps_cpp;rosidl_typesupport_introspection_cpp
[0.436s] -- Found rmw_implementation_cmake: 6.1.2 (/opt/ros/humble/share/rmw_implementation_cmake/cmake)
[0.438s] -- Found rmw_fastrtps_cpp: 6.2.9 (/opt/ros/humble/share/rmw_fastrtps_cpp/cmake)
[0.502s] -- Found OpenSSL: /usr/lib/x86_64-linux-gnu/libcrypto.so (found version "3.0.2")  
[0.525s] -- Found FastRTPS: /opt/ros/humble/include  
[0.563s] -- Using RMW implementation 'rmw_fastrtps_cpp' as default
[0.570s] -- Looking for pthread.h
[0.617s] -- Looking for pthread.h - found
[0.617s] -- Performing Test CMAKE_HAVE_LIBC_PTHREAD
[0.664s] -- Performing Test CMAKE_HAVE_LIBC_PTHREAD - Success
[0.665s] -- Found Threads: TRUE  
[0.700s] -- Found pluginlib: 5.1.2 (/opt/ros/humble/share/pluginlib/cmake)
[0.724s] -- Found as2_core: 1.1.3 (/root/aerostack2_ws/install/as2_core/share/as2_core/cmake)
[0.726s] -- Created yaml-cpp::yaml-cpp alias from yaml-cpp target
[0.728s] -- Created GeographicLib::GeographicLib target from legacy variables
[0.840s] -- Found eigen3_cmake_module: 0.1.1 (/opt/ros/humble/share/eigen3_cmake_module/cmake)
[0.841s] -- Found Eigen3: TRUE (found version "3.4.0") 
[0.841s] -- Ensuring Eigen3 include directory is part of orocos-kdl CMake target
[0.944s] -- Found mocap4r2_msgs: 0.0.5 (/opt/ros/humble/share/mocap4r2_msgs/cmake)
[0.963s] -- Found ament_cmake_gtest: 1.3.12 (/opt/ros/humble/share/ament_cmake_gtest/cmake)
[0.965s] -- Found gtest sources under '/opt/ros/humble/src/gtest_vendor': C++ tests using 'Google Test' will be built
[0.971s] -- Found mocap4r2_msgs: 0.0.5 (/opt/ros/humble/share/mocap4r2_msgs/cmake)
[0.987s] -- Found ament_cmake_gtest: 1.3.12 (/opt/ros/humble/share/ament_cmake_gtest/cmake)
[0.988s] -- Found gtest sources under '/opt/ros/humble/src/gtest_vendor': C++ tests using 'Google Test' will be built
[0.991s] -- Found ament_lint_auto: 0.12.14 (/opt/ros/humble/share/ament_lint_auto/cmake)
[1.049s] -- Found gtest sources under '/opt/ros/humble/src/gtest_vendor': C++ tests using 'Google Test' will be built
[1.053s] -- Added test 'copyright' to check source files copyright and LICENSE
[1.056s] -- Added test 'cppcheck' to perform static code analysis on C / C++ code
[1.056s] -- Configured cppcheck include dirs: /root/aerostack2_ws/src/aerostack2/as2_state_estimator/include;/root/aerostack2_ws/src/aerostack2/as2_state_estimator/include/as2_state_estimator;$<BUILD_INTERFACE:/root/aerostack2_ws/src/aerostack2/as2_state_estimator/include>
[1.056s] -- Configured cppcheck exclude dirs and/or files: 
[1.059s] -- Added test 'cpplint' to check C / C++ code against the Google style
[1.059s] -- Configured cpplint exclude dirs and/or files: 
[1.060s] -- Added test 'flake8' to check Python code syntax and style conventions
[1.061s] -- Added test 'lint_cmake' to check CMake code style
[1.062s] -- Added test 'pep257' to check Python code against some of the docstring style conventions in PEP 257
[1.064s] -- Added test 'uncrustify' to check C / C++ code style
[1.065s] -- Configured uncrustify additional arguments: 
[1.065s] -- Added test 'xmllint' to check XML markup files
[1.066s] -- Configuring done
[1.125s] -- Generating done
[1.147s] -- Build files have been written to: /root/aerostack2_ws/build/as2_state_estimator
[1.159s] Invoked command in '/root/aerostack2_ws/build/as2_state_estimator' returned '0': AMENT_PREFIX_PATH=/root/aerostack2_ws/install/as2_core:/root/aerostack2_ws/install/as2_msgs:${AMENT_PREFIX_PATH} CMAKE_PREFIX_PATH=/root/aerostack2_ws/install/as2_core:/root/aerostack2_ws/install/as2_msgs:/opt/ros/humble LD_LIBRARY_PATH=/root/aerostack2_ws/install/as2_core/lib:/root/aerostack2_ws/install/as2_msgs/lib:${LD_LIBRARY_PATH} PYTHONPATH=/root/aerostack2_ws/install/as2_core/local/lib/python3.10/dist-packages:/root/aerostack2_ws/install/as2_msgs/local/lib/python3.10/dist-packages:${PYTHONPATH} /usr/bin/cmake /root/aerostack2_ws/src/aerostack2/as2_state_estimator -DCMAKE_INSTALL_PREFIX=/root/aerostack2_ws/install/as2_state_estimator
[1.160s] Invoking command in '/root/aerostack2_ws/build/as2_state_estimator': AMENT_PREFIX_PATH=/root/aerostack2_ws/install/as2_core:/root/aerostack2_ws/install/as2_msgs:${AMENT_PREFIX_PATH} CMAKE_PREFIX_PATH=/root/aerostack2_ws/install/as2_core:/root/aerostack2_ws/install/as2_msgs:/opt/ros/humble LD_LIBRARY_PATH=/root/aerostack2_ws/install/as2_core/lib:/root/aerostack2_ws/install/as2_msgs/lib:${LD_LIBRARY_PATH} PYTHONPATH=/root/aerostack2_ws/install/as2_core/local/lib/python3.10/dist-packages:/root/aerostack2_ws/install/as2_msgs/local/lib/python3.10/dist-packages:${PYTHONPATH} /usr/bin/cmake --build /root/aerostack2_ws/build/as2_state_estimator -- -j8 -l8
[1.193s] [ 13%] [32mBuilding CXX object gtest/CMakeFiles/gtest_main.dir/src/gtest_main.cc.o[0m
[1.193s] [ 13%] [32mBuilding CXX object gtest/CMakeFiles/gtest.dir/src/gtest-all.cc.o[0m
[1.193s] [ 13%] [32mBuilding CXX object CMakeFiles/as2_state_estimator.dir/src/as2_state_estimator.cpp.o[0m
[1.193s] [ 17%] [32m[1mLinking CXX shared library libas2_state_estimator_plugin_base.so[0m
[1.255s] [ 17%] Built target as2_state_estimator_plugin_base
[1.866s] [ 21%] [32m[1mLinking CXX static library libgtest_main.a[0m
[1.889s] [ 21%] Built target gtest_main
[6.985s] [ 26%] [32m[1mLinking CXX static library libgtest.a[0m
[7.014s] [ 26%] Built target gtest
[10.825s] [ 30%] [32m[1mLinking CXX shared library libas2_state_estimator.so[0m
[10.968s] [ 30%] Built target as2_state_estimator
[10.986s] [ 34%] [32mBuilding CXX object tests/CMakeFiles/as2_state_estimator_as2_state_estimator_gtest.dir/as2_state_estimator_gtest.cpp.o[0m
[10.986s] [ 39%] [32mBuilding CXX object plugins/raw_odometry/CMakeFiles/raw_odometry.dir/src/raw_odometry.cpp.o[0m
[10.987s] [ 47%] [32mBuilding CXX object CMakeFiles/as2_state_estimator_node.dir/src/as2_state_estimator_node.cpp.o[0m
[10.987s] [ 43%] [32mBuilding CXX object plugins/mocap_pose/CMakeFiles/mocap_pose.dir/src/mocap_pose.cpp.o[0m
[10.987s] [ 52%] [32mBuilding CXX object plugins/ground_truth/CMakeFiles/ground_truth.dir/src/ground_truth.cpp.o[0m
[10.991s] [ 56%] [32mBuilding CXX object plugins/ground_truth_odometry_fuse/CMakeFiles/ground_truth_odometry_fuse.dir/src/ground_truth_odometry_fuse.cpp.o[0m
[19.738s] [ 60%] [32m[1mLinking CXX executable as2_state_estimator_node[0m
[20.017s] [ 60%] Built target as2_state_estimator_node
[20.882s] [ 65%] [32m[1mLinking CXX executable as2_state_estimator_as2_state_estimator_gtest[0m
[21.084s] [ 65%] Built target as2_state_estimator_as2_state_estimator_gtest
[26.610s] [ 69%] [32m[1mLinking CXX shared library libmocap_pose.so[0m
[26.906s] [ 69%] Built target mocap_pose
[26.937s] [ 73%] [32mBuilding CXX object plugins/mocap_pose/tests/CMakeFiles/as2_state_estimator_mocap_gtest.dir/mocap_gtest.cpp.o[0m
[32.208s] [ 78%] [32m[1mLinking CXX shared library libraw_odometry.so[0m
[32.471s] [ 78%] Built target raw_odometry
[35.053s] [ 82%] [32m[1mLinking CXX shared library libground_truth.so[0m
[35.340s] [ 82%] Built target ground_truth
[36.305s] [ 86%] [32m[1mLinking CXX executable as2_state_estimator_mocap_gtest[0m
[36.499s] [ 86%] Built target as2_state_estimator_mocap_gtest
[36.594s] [ 91%] [32m[1mLinking CXX shared library libground_truth_odometry_fuse.so[0m
[36.825s] [ 91%] Built target ground_truth_odometry_fuse
[36.840s] [ 95%] [32mBuilding CXX object plugins/ground_truth_odometry_fuse/tests/CMakeFiles/as2_state_estimator_ground_truth_odometry_fuse_gtest.dir/ground_truth_odometry_fuse_gtest.cpp.o[0m
[45.398s] [100%] [32m[1mLinking CXX executable as2_state_estimator_ground_truth_odometry_fuse_gtest[0m
[45.540s] [100%] Built target as2_state_estimator_ground_truth_odometry_fuse_gtest
[45.548s] Invoked command in '/root/aerostack2_ws/build/as2_state_estimator' returned '0': AMENT_PREFIX_PATH=/root/aerostack2_ws/install/as2_core:/root/aerostack2_ws/install/as2_msgs:${AMENT_PREFIX_PATH} CMAKE_PREFIX_PATH=/root/aerostack2_ws/install/as2_core:/root/aerostack2_ws/install/as2_msgs:/opt/ros/humble LD_LIBRARY_PATH=/root/aerostack2_ws/install/as2_core/lib:/root/aerostack2_ws/install/as2_msgs/lib:${LD_LIBRARY_PATH} PYTHONPATH=/root/aerostack2_ws/install/as2_core/local/lib/python3.10/dist-packages:/root/aerostack2_ws/install/as2_msgs/local/lib/python3.10/dist-packages:${PYTHONPATH} /usr/bin/cmake --build /root/aerostack2_ws/build/as2_state_estimator -- -j8 -l8
[45.549s] Invoking command in '/root/aerostack2_ws/build/as2_state_estimator': AMENT_PREFIX_PATH=/root/aerostack2_ws/install/as2_core:/root/aerostack2_ws/install/as2_msgs:${AMENT_PREFIX_PATH} CMAKE_PREFIX_PATH=/root/aerostack2_ws/install/as2_core:/root/aerostack2_ws/install/as2_msgs:/opt/ros/humble LD_LIBRARY_PATH=/root/aerostack2_ws/install/as2_core/lib:/root/aerostack2_ws/install/as2_msgs/lib:${LD_LIBRARY_PATH} PYTHONPATH=/root/aerostack2_ws/install/as2_core/local/lib/python3.10/dist-packages:/root/aerostack2_ws/install/as2_msgs/local/lib/python3.10/dist-packages:${PYTHONPATH} /usr/bin/cmake --install /root/aerostack2_ws/build/as2_state_estimator
[45.555s] -- Install configuration: "Release"
[45.555s] -- Installing: /root/aerostack2_ws/install/as2_state_estimator/lib/libas2_state_estimator.so
[45.555s] -- Set runtime path of "/root/aerostack2_ws/install/as2_state_estimator/lib/libas2_state_estimator.so" to ""
[45.555s] -- Installing: /root/aerostack2_ws/install/as2_state_estimator/lib/libas2_state_estimator_plugin_base.so
[45.556s] -- Set runtime path of "/root/aerostack2_ws/install/as2_state_estimator/lib/libas2_state_estimator_plugin_base.so" to ""
[45.556s] -- Installing: /root/aerostack2_ws/install/as2_state_estimator/lib/as2_state_estimator/as2_state_estimator_node
[45.556s] -- Set runtime path of "/root/aerostack2_ws/install/as2_state_estimator/lib/as2_state_estimator/as2_state_estimator_node" to ""
[45.556s] -- Installing: /root/aerostack2_ws/install/as2_state_estimator/include
[45.556s] -- Installing: /root/aerostack2_ws/install/as2_state_estimator/include/as2_state_estimator
[45.556s] -- Installing: /root/aerostack2_ws/install/as2_state_estimator/include/as2_state_estimator/as2_state_estimator.hpp
[45.556s] -- Installing: /root/aerostack2_ws/install/as2_state_estimator/include/as2_state_estimator/plugin_base.hpp
[45.556s] -- Installing: /root/aerostack2_ws/install/as2_state_estimator/share/as2_state_estimator/plugins.xml
[45.556s] -- Installing: /root/aerostack2_ws/install/as2_state_estimator/share/as2_state_estimator/plugins/raw_odometry/config
[45.556s] -- Installing: /root/aerostack2_ws/install/as2_state_estimator/share/as2_state_estimator/plugins/raw_odometry/config/plugin_default.yaml
[45.557s] -- Installing: /root/aerostack2_ws/install/as2_state_estimator/share/as2_state_estimator/plugins/ground_truth/config
[45.557s] -- Installing: /root/aerostack2_ws/install/as2_state_estimator/share/as2_state_estimator/plugins/ground_truth/config/plugin_default.yaml
[45.557s] -- Installing: /root/aerostack2_ws/install/as2_state_estimator/share/as2_state_estimator/plugins/mocap_pose/config
[45.557s] -- Installing: /root/aerostack2_ws/install/as2_state_estimator/share/as2_state_estimator/plugins/mocap_pose/config/plugin_default.yaml
[45.557s] -- Installing: /root/aerostack2_ws/install/as2_state_estimator/share/as2_state_estimator/plugins/ground_truth_odometry_fuse/config
[45.557s] -- Installing: /root/aerostack2_ws/install/as2_state_estimator/share/as2_state_estimator/plugins/ground_truth_odometry_fuse/config/plugin_default.yaml
[45.557s] -- Installing: /root/aerostack2_ws/install/as2_state_estimator/share/as2_state_estimator/launch
[45.558s] -- Installing: /root/aerostack2_ws/install/as2_state_estimator/share/as2_state_estimator/launch/mocap_pose_state_estimator.launch.py
[45.558s] -- Installing: /root/aerostack2_ws/install/as2_state_estimator/share/as2_state_estimator/launch/ground_truth_odometry_fuse_state_estimator.launch.py
[45.558s] -- Installing: /root/aerostack2_ws/install/as2_state_estimator/share/as2_state_estimator/launch/ground_truth_state_estimator.launch.py
[45.558s] -- Installing: /root/aerostack2_ws/install/as2_state_estimator/share/as2_state_estimator/launch/raw_odometry_state_estimator.launch.py
[45.558s] -- Installing: /root/aerostack2_ws/install/as2_state_estimator/share/as2_state_estimator/launch/state_estimator_launch.py
[45.558s] -- Installing: /root/aerostack2_ws/install/as2_state_estimator/share/as2_state_estimator/config
[45.558s] -- Installing: /root/aerostack2_ws/install/as2_state_estimator/share/as2_state_estimator/config/state_estimator_default.yaml
[45.558s] -- Installing: /root/aerostack2_ws/install/as2_state_estimator/share/ament_index/resource_index/package_run_dependencies/as2_state_estimator
[45.558s] -- Installing: /root/aerostack2_ws/install/as2_state_estimator/share/ament_index/resource_index/parent_prefix_path/as2_state_estimator
[45.558s] -- Installing: /root/aerostack2_ws/install/as2_state_estimator/share/as2_state_estimator/environment/ament_prefix_path.sh
[45.558s] -- Installing: /root/aerostack2_ws/install/as2_state_estimator/share/as2_state_estimator/environment/ament_prefix_path.dsv
[45.558s] -- Installing: /root/aerostack2_ws/install/as2_state_estimator/share/as2_state_estimator/environment/path.sh
[45.559s] -- Installing: /root/aerostack2_ws/install/as2_state_estimator/share/as2_state_estimator/environment/path.dsv
[45.559s] -- Installing: /root/aerostack2_ws/install/as2_state_estimator/share/as2_state_estimator/local_setup.bash
[45.559s] -- Installing: /root/aerostack2_ws/install/as2_state_estimator/share/as2_state_estimator/local_setup.sh
[45.559s] -- Installing: /root/aerostack2_ws/install/as2_state_estimator/share/as2_state_estimator/local_setup.zsh
[45.559s] -- Installing: /root/aerostack2_ws/install/as2_state_estimator/share/as2_state_estimator/local_setup.dsv
[45.559s] -- Installing: /root/aerostack2_ws/install/as2_state_estimator/share/as2_state_estimator/package.dsv
[45.559s] -- Installing: /root/aerostack2_ws/install/as2_state_estimator/share/ament_index/resource_index/packages/as2_state_estimator
[45.560s] -- Installing: /root/aerostack2_ws/install/as2_state_estimator/share/ament_index/resource_index/as2_state_estimator__pluginlib__plugin/as2_state_estimator
[45.560s] -- Installing: /root/aerostack2_ws/install/as2_state_estimator/share/as2_state_estimator/cmake/as2_state_estimatorConfig.cmake
[45.560s] -- Installing: /root/aerostack2_ws/install/as2_state_estimator/share/as2_state_estimator/cmake/as2_state_estimatorConfig-version.cmake
[45.560s] -- Installing: /root/aerostack2_ws/install/as2_state_estimator/share/as2_state_estimator/package.xml
[45.560s] -- Up-to-date: /root/aerostack2_ws/install/as2_state_estimator/include
[45.560s] -- Installing: /root/aerostack2_ws/install/as2_state_estimator/include/raw_odometry.hpp
[45.560s] -- Installing: /root/aerostack2_ws/install/as2_state_estimator/share/as2_state_estimator/environment/library_path.sh
[45.560s] -- Installing: /root/aerostack2_ws/install/as2_state_estimator/share/as2_state_estimator/environment/library_path.dsv
[45.561s] -- Installing: /root/aerostack2_ws/install/as2_state_estimator/lib/libraw_odometry.so
[45.562s] -- Set runtime path of "/root/aerostack2_ws/install/as2_state_estimator/lib/libraw_odometry.so" to ""
[45.562s] -- Up-to-date: /root/aerostack2_ws/install/as2_state_estimator/include
[45.562s] -- Installing: /root/aerostack2_ws/install/as2_state_estimator/include/ground_truth.hpp
[45.562s] -- Up-to-date: /root/aerostack2_ws/install/as2_state_estimator/share/as2_state_estimator/environment/library_path.sh
[45.562s] -- Up-to-date: /root/aerostack2_ws/install/as2_state_estimator/share/as2_state_estimator/environment/library_path.dsv
[45.562s] -- Installing: /root/aerostack2_ws/install/as2_state_estimator/lib/libground_truth.so
[45.564s] -- Set runtime path of "/root/aerostack2_ws/install/as2_state_estimator/lib/libground_truth.so" to ""
[45.564s] -- Up-to-date: /root/aerostack2_ws/install/as2_state_estimator/include
[45.564s] -- Installing: /root/aerostack2_ws/install/as2_state_estimator/include/mocap_pose.hpp
[45.564s] -- Up-to-date: /root/aerostack2_ws/install/as2_state_estimator/share/as2_state_estimator/environment/library_path.sh
[45.564s] -- Up-to-date: /root/aerostack2_ws/install/as2_state_estimator/share/as2_state_estimator/environment/library_path.dsv
[45.564s] -- Installing: /root/aerostack2_ws/install/as2_state_estimator/lib/libmocap_pose.so
[45.565s] -- Set runtime path of "/root/aerostack2_ws/install/as2_state_estimator/lib/libmocap_pose.so" to ""
[45.565s] -- Up-to-date: /root/aerostack2_ws/install/as2_state_estimator/include
[45.565s] -- Installing: /root/aerostack2_ws/install/as2_state_estimator/include/ground_truth_odometry_fuse.hpp
[45.565s] -- Up-to-date: /root/aerostack2_ws/install/as2_state_estimator/share/as2_state_estimator/environment/library_path.sh
[45.565s] -- Up-to-date: /root/aerostack2_ws/install/as2_state_estimator/share/as2_state_estimator/environment/library_path.dsv
[45.566s] -- Installing: /root/aerostack2_ws/install/as2_state_estimator/lib/libground_truth_odometry_fuse.so
[45.567s] -- Set runtime path of "/root/aerostack2_ws/install/as2_state_estimator/lib/libground_truth_odometry_fuse.so" to ""
[45.569s] Invoked command in '/root/aerostack2_ws/build/as2_state_estimator' returned '0': AMENT_PREFIX_PATH=/root/aerostack2_ws/install/as2_core:/root/aerostack2_ws/install/as2_msgs:${AMENT_PREFIX_PATH} CMAKE_PREFIX_PATH=/root/aerostack2_ws/install/as2_core:/root/aerostack2_ws/install/as2_msgs:/opt/ros/humble LD_LIBRARY_PATH=/root/aerostack2_ws/install/as2_core/lib:/root/aerostack2_ws/install/as2_msgs/lib:${LD_LIBRARY_PATH} PYTHONPATH=/root/aerostack2_ws/install/as2_core/local/lib/python3.10/dist-packages:/root/aerostack2_ws/install/as2_msgs/local/lib/python3.10/dist-packages:${PYTHONPATH} /usr/bin/cmake --install /root/aerostack2_ws/build/as2_state_estimator
