[1.888s] Invoking command in '/root/aerostack2_ws/src/aerostack2/as2_perception': PYTHONPATH=/root/aerostack2_ws/build/as2_perception/prefix_override:/usr/lib/python3/dist-packages/colcon_core/task/python/colcon_distutils_commands:/root/aerostack2_ws/install/as2_perception/lib/python3.10/site-packages:${PYTHONPATH} /usr/bin/python3 -W ignore:setup.py install is deprecated -W ignore:easy_install command is deprecated setup.py egg_info --egg-base ../../../build/as2_perception build --build-base /root/aerostack2_ws/build/as2_perception/build install --record /root/aerostack2_ws/build/as2_perception/install.log --single-version-externally-managed install_data
[2.381s] running egg_info
[2.387s] writing ../../../build/as2_perception/as2_perception.egg-info/PKG-INFO
[2.387s] writing dependency_links to ../../../build/as2_perception/as2_perception.egg-info/dependency_links.txt
[2.388s] writing entry points to ../../../build/as2_perception/as2_perception.egg-info/entry_points.txt
[2.388s] writing requirements to ../../../build/as2_perception/as2_perception.egg-info/requires.txt
[2.388s] writing top-level names to ../../../build/as2_perception/as2_perception.egg-info/top_level.txt
[2.388s] reading manifest file '../../../build/as2_perception/as2_perception.egg-info/SOURCES.txt'
[2.388s] writing manifest file '../../../build/as2_perception/as2_perception.egg-info/SOURCES.txt'
[2.388s] running build
[2.388s] running build_py
[2.389s] running install
[2.389s] running install_lib
[2.389s] running install_data
[2.389s] running install_egg_info
[2.389s] removing '/root/aerostack2_ws/install/as2_perception/lib/python3.10/site-packages/as2_perception-0.0.0-py3.10.egg-info' (and everything under it)
[2.389s] Copying ../../../build/as2_perception/as2_perception.egg-info to /root/aerostack2_ws/install/as2_perception/lib/python3.10/site-packages/as2_perception-0.0.0-py3.10.egg-info
[2.389s] running install_scripts
[2.454s] Installing person_detector_node script to /root/aerostack2_ws/install/as2_perception/lib/as2_perception
[2.460s] writing list of installed files to '/root/aerostack2_ws/build/as2_perception/install.log'
[2.544s] Invoked command in '/root/aerostack2_ws/src/aerostack2/as2_perception' returned '0': PYTHONPATH=/root/aerostack2_ws/build/as2_perception/prefix_override:/usr/lib/python3/dist-packages/colcon_core/task/python/colcon_distutils_commands:/root/aerostack2_ws/install/as2_perception/lib/python3.10/site-packages:${PYTHONPATH} /usr/bin/python3 -W ignore:setup.py install is deprecated -W ignore:easy_install command is deprecated setup.py egg_info --egg-base ../../../build/as2_perception build --build-base /root/aerostack2_ws/build/as2_perception/build install --record /root/aerostack2_ws/build/as2_perception/install.log --single-version-externally-managed install_data
