[  2%] [32m[1mLinking CXX shared library libas2_behaviors_motion.so[0m
[ 32%] Built target as2_behaviors_motion
[ 35%] [32m[1mLinking CXX shared library libland_component.so[0m
[ 37%] Built target land_component
[ 40%] [32m[1mLinking CXX shared library libgo_to_component.so[0m
[ 43%] Built target go_to_component
[ 45%] [32m[1mLinking CXX shared library libfollow_path_component.so[0m
[ 48%] Built target follow_path_component
[ 51%] [32m[1mLinking CXX shared library libfollow_reference_component.so[0m
[ 54%] Built target follow_reference_component
[ 56%] [32m[1mLinking CXX shared library libtakeoff_component.so[0m
[ 59%] Built target takeoff_component
[ 62%] [32m[1mLinking CXX executable follow_reference_behavior_node[0m
[ 67%] Built target follow_reference_behavior_node
[ 70%] [32m[1mLinking CXX executable takeoff_behavior_node[0m
[ 75%] Built target takeoff_behavior_node
[ 78%] [32m[1mLinking CXX executable land_behavior_node[0m
[ 83%] Built target land_behavior_node
[ 86%] [32m[1mLinking CXX executable go_to_behavior_node[0m
[ 91%] Built target go_to_behavior_node
[ 94%] [32m[1mLinking CXX executable follow_path_behavior_node[0m
[100%] Built target follow_path_behavior_node
-- Install configuration: "Release"
-- Up-to-date: /root/aerostack2_ws/install/as2_behaviors_motion/share/as2_behaviors_motion/plugins.xml
-- Installing: /root/aerostack2_ws/install/as2_behaviors_motion/lib/libas2_behaviors_motion.so
-- Set runtime path of "/root/aerostack2_ws/install/as2_behaviors_motion/lib/libas2_behaviors_motion.so" to ""
-- Up-to-date: /root/aerostack2_ws/install/as2_behaviors_motion/share/as2_behaviors_motion/environment/library_path.sh
-- Up-to-date: /root/aerostack2_ws/install/as2_behaviors_motion/share/as2_behaviors_motion/environment/library_path.dsv
-- Installing: /root/aerostack2_ws/install/as2_behaviors_motion/lib/as2_behaviors_motion/follow_path_behavior_node
-- Set runtime path of "/root/aerostack2_ws/install/as2_behaviors_motion/lib/as2_behaviors_motion/follow_path_behavior_node" to ""
-- Up-to-date: /root/aerostack2_ws/install/as2_behaviors_motion/include
-- Up-to-date: /root/aerostack2_ws/install/as2_behaviors_motion/include/follow_path_behavior
-- Up-to-date: /root/aerostack2_ws/install/as2_behaviors_motion/include/follow_path_behavior/follow_path_behavior.hpp
-- Up-to-date: /root/aerostack2_ws/install/as2_behaviors_motion/include/follow_path_behavior/follow_path_base.hpp
-- Up-to-date: /root/aerostack2_ws/install/as2_behaviors_motion/share/as2_behaviors_motion/follow_path_behavior/config/
-- Up-to-date: /root/aerostack2_ws/install/as2_behaviors_motion/share/as2_behaviors_motion/follow_path_behavior/config//config_default.yaml
-- Installing: /root/aerostack2_ws/install/as2_behaviors_motion/lib/as2_behaviors_motion/go_to_behavior_node
-- Set runtime path of "/root/aerostack2_ws/install/as2_behaviors_motion/lib/as2_behaviors_motion/go_to_behavior_node" to ""
-- Up-to-date: /root/aerostack2_ws/install/as2_behaviors_motion/include
-- Up-to-date: /root/aerostack2_ws/install/as2_behaviors_motion/include/go_to_behavior
-- Up-to-date: /root/aerostack2_ws/install/as2_behaviors_motion/include/go_to_behavior/go_to_base.hpp
-- Up-to-date: /root/aerostack2_ws/install/as2_behaviors_motion/include/go_to_behavior/go_to_behavior.hpp
-- Up-to-date: /root/aerostack2_ws/install/as2_behaviors_motion/share/as2_behaviors_motion/go_to_behavior/config/
-- Installing: /root/aerostack2_ws/install/as2_behaviors_motion/share/as2_behaviors_motion/go_to_behavior/config//config_default.yaml
-- Installing: /root/aerostack2_ws/install/as2_behaviors_motion/lib/as2_behaviors_motion/land_behavior_node
-- Set runtime path of "/root/aerostack2_ws/install/as2_behaviors_motion/lib/as2_behaviors_motion/land_behavior_node" to ""
-- Up-to-date: /root/aerostack2_ws/install/as2_behaviors_motion/include
-- Up-to-date: /root/aerostack2_ws/install/as2_behaviors_motion/include/land_behavior
-- Up-to-date: /root/aerostack2_ws/install/as2_behaviors_motion/include/land_behavior/land_base.hpp
-- Up-to-date: /root/aerostack2_ws/install/as2_behaviors_motion/include/land_behavior/land_behavior.hpp
-- Up-to-date: /root/aerostack2_ws/install/as2_behaviors_motion/share/as2_behaviors_motion/land_behavior/config/
-- Up-to-date: /root/aerostack2_ws/install/as2_behaviors_motion/share/as2_behaviors_motion/land_behavior/config//config_default.yaml
-- Installing: /root/aerostack2_ws/install/as2_behaviors_motion/lib/as2_behaviors_motion/takeoff_behavior_node
-- Set runtime path of "/root/aerostack2_ws/install/as2_behaviors_motion/lib/as2_behaviors_motion/takeoff_behavior_node" to ""
-- Up-to-date: /root/aerostack2_ws/install/as2_behaviors_motion/include
-- Up-to-date: /root/aerostack2_ws/install/as2_behaviors_motion/include/takeoff_behavior
-- Up-to-date: /root/aerostack2_ws/install/as2_behaviors_motion/include/takeoff_behavior/takeoff_behavior.hpp
-- Up-to-date: /root/aerostack2_ws/install/as2_behaviors_motion/include/takeoff_behavior/takeoff_base.hpp
-- Up-to-date: /root/aerostack2_ws/install/as2_behaviors_motion/share/as2_behaviors_motion/takeoff_behavior/config/
-- Up-to-date: /root/aerostack2_ws/install/as2_behaviors_motion/share/as2_behaviors_motion/takeoff_behavior/config//config_default.yaml
-- Installing: /root/aerostack2_ws/install/as2_behaviors_motion/lib/as2_behaviors_motion/follow_reference_behavior_node
-- Set runtime path of "/root/aerostack2_ws/install/as2_behaviors_motion/lib/as2_behaviors_motion/follow_reference_behavior_node" to ""
-- Up-to-date: /root/aerostack2_ws/install/as2_behaviors_motion/include
-- Up-to-date: /root/aerostack2_ws/install/as2_behaviors_motion/include/follow_reference_behavior
-- Up-to-date: /root/aerostack2_ws/install/as2_behaviors_motion/include/follow_reference_behavior/follow_reference_behavior.hpp
-- Up-to-date: /root/aerostack2_ws/install/as2_behaviors_motion/share/as2_behaviors_motion/follow_reference_behavior/config/
-- Up-to-date: /root/aerostack2_ws/install/as2_behaviors_motion/share/as2_behaviors_motion/follow_reference_behavior/config//config_default.yaml
-- Installing: /root/aerostack2_ws/install/as2_behaviors_motion/lib/libtakeoff_component.so
-- Set runtime path of "/root/aerostack2_ws/install/as2_behaviors_motion/lib/libtakeoff_component.so" to ""
-- Installing: /root/aerostack2_ws/install/as2_behaviors_motion/lib/libland_component.so
-- Set runtime path of "/root/aerostack2_ws/install/as2_behaviors_motion/lib/libland_component.so" to ""
-- Installing: /root/aerostack2_ws/install/as2_behaviors_motion/lib/libgo_to_component.so
-- Set runtime path of "/root/aerostack2_ws/install/as2_behaviors_motion/lib/libgo_to_component.so" to ""
-- Installing: /root/aerostack2_ws/install/as2_behaviors_motion/lib/libfollow_path_component.so
-- Set runtime path of "/root/aerostack2_ws/install/as2_behaviors_motion/lib/libfollow_path_component.so" to ""
-- Installing: /root/aerostack2_ws/install/as2_behaviors_motion/lib/libfollow_reference_component.so
-- Set runtime path of "/root/aerostack2_ws/install/as2_behaviors_motion/lib/libfollow_reference_component.so" to ""
-- Up-to-date: /root/aerostack2_ws/install/as2_behaviors_motion/share/as2_behaviors_motion/launch
-- Up-to-date: /root/aerostack2_ws/install/as2_behaviors_motion/share/as2_behaviors_motion/launch/land_behavior_launch.py
-- Up-to-date: /root/aerostack2_ws/install/as2_behaviors_motion/share/as2_behaviors_motion/launch/composable_motion_behaviors.launch.py
-- Up-to-date: /root/aerostack2_ws/install/as2_behaviors_motion/share/as2_behaviors_motion/launch/composable_follow_reference.launch.py
-- Up-to-date: /root/aerostack2_ws/install/as2_behaviors_motion/share/as2_behaviors_motion/launch/takeoff_behavior_launch.py
-- Up-to-date: /root/aerostack2_ws/install/as2_behaviors_motion/share/as2_behaviors_motion/launch/motion_behaviors_launch.py
-- Up-to-date: /root/aerostack2_ws/install/as2_behaviors_motion/share/as2_behaviors_motion/launch/follow_path_behavior_launch.py
-- Up-to-date: /root/aerostack2_ws/install/as2_behaviors_motion/share/as2_behaviors_motion/launch/go_to_behavior_launch.py
-- Up-to-date: /root/aerostack2_ws/install/as2_behaviors_motion/share/as2_behaviors_motion/launch/follow_reference_behavior_launch.py
-- Up-to-date: /root/aerostack2_ws/install/as2_behaviors_motion/share/ament_index/resource_index/package_run_dependencies/as2_behaviors_motion
-- Up-to-date: /root/aerostack2_ws/install/as2_behaviors_motion/share/ament_index/resource_index/parent_prefix_path/as2_behaviors_motion
-- Up-to-date: /root/aerostack2_ws/install/as2_behaviors_motion/share/as2_behaviors_motion/environment/ament_prefix_path.sh
-- Up-to-date: /root/aerostack2_ws/install/as2_behaviors_motion/share/as2_behaviors_motion/environment/ament_prefix_path.dsv
-- Up-to-date: /root/aerostack2_ws/install/as2_behaviors_motion/share/as2_behaviors_motion/environment/path.sh
-- Up-to-date: /root/aerostack2_ws/install/as2_behaviors_motion/share/as2_behaviors_motion/environment/path.dsv
-- Up-to-date: /root/aerostack2_ws/install/as2_behaviors_motion/share/as2_behaviors_motion/local_setup.bash
-- Up-to-date: /root/aerostack2_ws/install/as2_behaviors_motion/share/as2_behaviors_motion/local_setup.sh
-- Up-to-date: /root/aerostack2_ws/install/as2_behaviors_motion/share/as2_behaviors_motion/local_setup.zsh
-- Up-to-date: /root/aerostack2_ws/install/as2_behaviors_motion/share/as2_behaviors_motion/local_setup.dsv
-- Installing: /root/aerostack2_ws/install/as2_behaviors_motion/share/as2_behaviors_motion/package.dsv
-- Up-to-date: /root/aerostack2_ws/install/as2_behaviors_motion/share/ament_index/resource_index/packages/as2_behaviors_motion
-- Up-to-date: /root/aerostack2_ws/install/as2_behaviors_motion/share/ament_index/resource_index/as2_behaviors_motion__pluginlib__plugin/as2_behaviors_motion
-- Up-to-date: /root/aerostack2_ws/install/as2_behaviors_motion/share/as2_behaviors_motion/cmake/export_as2_behaviors_motionExport.cmake
-- Up-to-date: /root/aerostack2_ws/install/as2_behaviors_motion/share/as2_behaviors_motion/cmake/export_as2_behaviors_motionExport-release.cmake
-- Up-to-date: /root/aerostack2_ws/install/as2_behaviors_motion/share/ament_index/resource_index/rclcpp_components/as2_behaviors_motion
-- Up-to-date: /root/aerostack2_ws/install/as2_behaviors_motion/share/as2_behaviors_motion/cmake/ament_cmake_export_libraries-extras.cmake
-- Up-to-date: /root/aerostack2_ws/install/as2_behaviors_motion/share/as2_behaviors_motion/cmake/ament_cmake_export_targets-extras.cmake
-- Up-to-date: /root/aerostack2_ws/install/as2_behaviors_motion/share/as2_behaviors_motion/cmake/ament_cmake_export_include_directories-extras.cmake
-- Up-to-date: /root/aerostack2_ws/install/as2_behaviors_motion/share/as2_behaviors_motion/cmake/as2_behaviors_motionConfig.cmake
-- Up-to-date: /root/aerostack2_ws/install/as2_behaviors_motion/share/as2_behaviors_motion/cmake/as2_behaviors_motionConfig-version.cmake
-- Up-to-date: /root/aerostack2_ws/install/as2_behaviors_motion/share/as2_behaviors_motion/package.xml
