[0.007s] Invoking command in '/root/aerostack2_ws/build/as2_external_object_to_tf': AMENT_PREFIX_PATH=/root/aerostack2_ws/install/as2_core:/root/aerostack2_ws/install/as2_msgs:${AMENT_PREFIX_PATH} CMAKE_PREFIX_PATH=/root/aerostack2_ws/install/as2_core:/root/aerostack2_ws/install/as2_msgs:/opt/ros/humble LD_LIBRARY_PATH=/root/aerostack2_ws/install/as2_core/lib:/root/aerostack2_ws/install/as2_msgs/lib:${LD_LIBRARY_PATH} PYTHONPATH=/root/aerostack2_ws/install/as2_core/local/lib/python3.10/dist-packages:/root/aerostack2_ws/install/as2_msgs/local/lib/python3.10/dist-packages:${PYTHONPATH} /usr/bin/cmake --build /root/aerostack2_ws/build/as2_external_object_to_tf -- -j8 -l8
[0.044s] [35m[1mConsolidate compiler generated dependencies of target gtest[0m
[0.045s] [35m[1mConsolidate compiler generated dependencies of target as2_external_object_to_tf_node[0m
[0.045s] [35m[1mConsolidate compiler generated dependencies of target as2_external_object_to_tf[0m
[0.053s] [ 18%] Built target gtest_main
[0.054s] [ 36%] Built target gtest
[0.064s] [ 54%] Built target as2_external_object_to_tf
[0.066s] [ 81%] Built target as2_external_object_to_tf_node
[0.072s] [35m[1mConsolidate compiler generated dependencies of target as2_external_object_to_tf_as2_external_object_to_tf_gtest[0m
[0.087s] [100%] Built target as2_external_object_to_tf_as2_external_object_to_tf_gtest
[0.095s] Invoked command in '/root/aerostack2_ws/build/as2_external_object_to_tf' returned '0': AMENT_PREFIX_PATH=/root/aerostack2_ws/install/as2_core:/root/aerostack2_ws/install/as2_msgs:${AMENT_PREFIX_PATH} CMAKE_PREFIX_PATH=/root/aerostack2_ws/install/as2_core:/root/aerostack2_ws/install/as2_msgs:/opt/ros/humble LD_LIBRARY_PATH=/root/aerostack2_ws/install/as2_core/lib:/root/aerostack2_ws/install/as2_msgs/lib:${LD_LIBRARY_PATH} PYTHONPATH=/root/aerostack2_ws/install/as2_core/local/lib/python3.10/dist-packages:/root/aerostack2_ws/install/as2_msgs/local/lib/python3.10/dist-packages:${PYTHONPATH} /usr/bin/cmake --build /root/aerostack2_ws/build/as2_external_object_to_tf -- -j8 -l8
[0.096s] Invoking command in '/root/aerostack2_ws/build/as2_external_object_to_tf': AMENT_PREFIX_PATH=/root/aerostack2_ws/install/as2_core:/root/aerostack2_ws/install/as2_msgs:${AMENT_PREFIX_PATH} CMAKE_PREFIX_PATH=/root/aerostack2_ws/install/as2_core:/root/aerostack2_ws/install/as2_msgs:/opt/ros/humble LD_LIBRARY_PATH=/root/aerostack2_ws/install/as2_core/lib:/root/aerostack2_ws/install/as2_msgs/lib:${LD_LIBRARY_PATH} PYTHONPATH=/root/aerostack2_ws/install/as2_core/local/lib/python3.10/dist-packages:/root/aerostack2_ws/install/as2_msgs/local/lib/python3.10/dist-packages:${PYTHONPATH} /usr/bin/cmake --install /root/aerostack2_ws/build/as2_external_object_to_tf
[0.101s] -- Install configuration: "Release"
[0.101s] -- Up-to-date: /root/aerostack2_ws/install/as2_external_object_to_tf/include
[0.101s] -- Up-to-date: /root/aerostack2_ws/install/as2_external_object_to_tf/include/as2_external_object_to_tf
[0.101s] -- Up-to-date: /root/aerostack2_ws/install/as2_external_object_to_tf/include/as2_external_object_to_tf/as2_external_object_to_tf.hpp
[0.101s] -- Up-to-date: /root/aerostack2_ws/install/as2_external_object_to_tf/share/as2_external_object_to_tf/launch
[0.101s] -- Up-to-date: /root/aerostack2_ws/install/as2_external_object_to_tf/share/as2_external_object_to_tf/launch/as2_external_object_to_tf_launch.py
[0.101s] -- Up-to-date: /root/aerostack2_ws/install/as2_external_object_to_tf/share/as2_external_object_to_tf/config
[0.101s] -- Up-to-date: /root/aerostack2_ws/install/as2_external_object_to_tf/share/as2_external_object_to_tf/config/external_objects.yaml
[0.101s] -- Up-to-date: /root/aerostack2_ws/install/as2_external_object_to_tf/lib/as2_external_object_to_tf/as2_external_object_to_tf_node
[0.101s] -- Up-to-date: /root/aerostack2_ws/install/as2_external_object_to_tf/lib/libas2_external_object_to_tf.a
[0.101s] -- Up-to-date: /root/aerostack2_ws/install/as2_external_object_to_tf/share/ament_index/resource_index/package_run_dependencies/as2_external_object_to_tf
[0.102s] -- Up-to-date: /root/aerostack2_ws/install/as2_external_object_to_tf/share/ament_index/resource_index/parent_prefix_path/as2_external_object_to_tf
[0.102s] -- Up-to-date: /root/aerostack2_ws/install/as2_external_object_to_tf/share/as2_external_object_to_tf/environment/ament_prefix_path.sh
[0.102s] -- Up-to-date: /root/aerostack2_ws/install/as2_external_object_to_tf/share/as2_external_object_to_tf/environment/ament_prefix_path.dsv
[0.102s] -- Up-to-date: /root/aerostack2_ws/install/as2_external_object_to_tf/share/as2_external_object_to_tf/environment/path.sh
[0.102s] -- Up-to-date: /root/aerostack2_ws/install/as2_external_object_to_tf/share/as2_external_object_to_tf/environment/path.dsv
[0.102s] -- Up-to-date: /root/aerostack2_ws/install/as2_external_object_to_tf/share/as2_external_object_to_tf/local_setup.bash
[0.102s] -- Up-to-date: /root/aerostack2_ws/install/as2_external_object_to_tf/share/as2_external_object_to_tf/local_setup.sh
[0.102s] -- Up-to-date: /root/aerostack2_ws/install/as2_external_object_to_tf/share/as2_external_object_to_tf/local_setup.zsh
[0.102s] -- Up-to-date: /root/aerostack2_ws/install/as2_external_object_to_tf/share/as2_external_object_to_tf/local_setup.dsv
[0.102s] -- Installing: /root/aerostack2_ws/install/as2_external_object_to_tf/share/as2_external_object_to_tf/package.dsv
[0.102s] -- Up-to-date: /root/aerostack2_ws/install/as2_external_object_to_tf/share/ament_index/resource_index/packages/as2_external_object_to_tf
[0.102s] -- Up-to-date: /root/aerostack2_ws/install/as2_external_object_to_tf/share/as2_external_object_to_tf/cmake/ament_cmake_export_dependencies-extras.cmake
[0.102s] -- Up-to-date: /root/aerostack2_ws/install/as2_external_object_to_tf/share/as2_external_object_to_tf/cmake/as2_external_object_to_tfConfig.cmake
[0.102s] -- Up-to-date: /root/aerostack2_ws/install/as2_external_object_to_tf/share/as2_external_object_to_tf/cmake/as2_external_object_to_tfConfig-version.cmake
[0.102s] -- Up-to-date: /root/aerostack2_ws/install/as2_external_object_to_tf/share/as2_external_object_to_tf/package.xml
[0.104s] Invoked command in '/root/aerostack2_ws/build/as2_external_object_to_tf' returned '0': AMENT_PREFIX_PATH=/root/aerostack2_ws/install/as2_core:/root/aerostack2_ws/install/as2_msgs:${AMENT_PREFIX_PATH} CMAKE_PREFIX_PATH=/root/aerostack2_ws/install/as2_core:/root/aerostack2_ws/install/as2_msgs:/opt/ros/humble LD_LIBRARY_PATH=/root/aerostack2_ws/install/as2_core/lib:/root/aerostack2_ws/install/as2_msgs/lib:${LD_LIBRARY_PATH} PYTHONPATH=/root/aerostack2_ws/install/as2_core/local/lib/python3.10/dist-packages:/root/aerostack2_ws/install/as2_msgs/local/lib/python3.10/dist-packages:${PYTHONPATH} /usr/bin/cmake --install /root/aerostack2_ws/build/as2_external_object_to_tf
