[14.446s] Invoking command in '/root/aerostack2_ws/src/aerostack2/as2_perception': PYTHONPATH=/root/aerostack2_ws/build/as2_perception/prefix_override:/usr/lib/python3/dist-packages/colcon_core/task/python/colcon_distutils_commands:/root/aerostack2_ws/install/as2_perception/lib/python3.10/site-packages:${PYTHONPATH} /usr/bin/python3 -W ignore:setup.py install is deprecated -W ignore:easy_install command is deprecated setup.py egg_info --egg-base ../../../build/as2_perception build --build-base /root/aerostack2_ws/build/as2_perception/build install --record /root/aerostack2_ws/build/as2_perception/install.log --single-version-externally-managed install_data
[14.811s] running egg_info
[14.811s] writing ../../../build/as2_perception/as2_perception.egg-info/PKG-INFO
[14.811s] writing dependency_links to ../../../build/as2_perception/as2_perception.egg-info/dependency_links.txt
[14.811s] writing entry points to ../../../build/as2_perception/as2_perception.egg-info/entry_points.txt
[14.811s] writing requirements to ../../../build/as2_perception/as2_perception.egg-info/requires.txt
[14.811s] writing top-level names to ../../../build/as2_perception/as2_perception.egg-info/top_level.txt
[14.817s] reading manifest file '../../../build/as2_perception/as2_perception.egg-info/SOURCES.txt'
[14.817s] writing manifest file '../../../build/as2_perception/as2_perception.egg-info/SOURCES.txt'
[14.817s] running build
[14.817s] running build_py
[14.817s] running install
[14.817s] running install_lib
[14.826s] running install_data
[14.826s] running install_egg_info
[14.826s] removing '/root/aerostack2_ws/install/as2_perception/lib/python3.10/site-packages/as2_perception-0.0.0-py3.10.egg-info' (and everything under it)
[14.826s] Copying ../../../build/as2_perception/as2_perception.egg-info to /root/aerostack2_ws/install/as2_perception/lib/python3.10/site-packages/as2_perception-0.0.0-py3.10.egg-info
[14.826s] running install_scripts
[14.855s] Installing person_detector_node script to /root/aerostack2_ws/install/as2_perception/lib/as2_perception
[14.872s] writing list of installed files to '/root/aerostack2_ws/build/as2_perception/install.log'
[14.897s] Invoked command in '/root/aerostack2_ws/src/aerostack2/as2_perception' returned '0': PYTHONPATH=/root/aerostack2_ws/build/as2_perception/prefix_override:/usr/lib/python3/dist-packages/colcon_core/task/python/colcon_distutils_commands:/root/aerostack2_ws/install/as2_perception/lib/python3.10/site-packages:${PYTHONPATH} /usr/bin/python3 -W ignore:setup.py install is deprecated -W ignore:easy_install command is deprecated setup.py egg_info --egg-base ../../../build/as2_perception build --build-base /root/aerostack2_ws/build/as2_perception/build install --record /root/aerostack2_ws/build/as2_perception/install.log --single-version-externally-managed install_data
