[4.651s] Invoking command in '/root/aerostack2_ws/src/aerostack2/as2_groundray_perception': PYTHONPATH=/root/aerostack2_ws/build/as2_groundray_perception/prefix_override:/usr/lib/python3/dist-packages/colcon_core/task/python/colcon_distutils_commands:/root/aerostack2_ws/install/as2_groundray_perception/lib/python3.10/site-packages:${PYTHONPATH} /usr/bin/python3 -W ignore:setup.py install is deprecated -W ignore:easy_install command is deprecated setup.py egg_info --egg-base ../../../build/as2_groundray_perception build --build-base /root/aerostack2_ws/build/as2_groundray_perception/build install --record /root/aerostack2_ws/build/as2_groundray_perception/install.log --single-version-externally-managed install_data
[5.335s] running egg_info
[5.338s] writing ../../../build/as2_groundray_perception/as2_groundray_perception.egg-info/PKG-INFO
[5.340s] writing dependency_links to ../../../build/as2_groundray_perception/as2_groundray_perception.egg-info/dependency_links.txt
[5.342s] writing entry points to ../../../build/as2_groundray_perception/as2_groundray_perception.egg-info/entry_points.txt
[5.343s] writing requirements to ../../../build/as2_groundray_perception/as2_groundray_perception.egg-info/requires.txt
[5.345s] writing top-level names to ../../../build/as2_groundray_perception/as2_groundray_perception.egg-info/top_level.txt
[5.356s] reading manifest file '../../../build/as2_groundray_perception/as2_groundray_perception.egg-info/SOURCES.txt'
[5.359s] writing manifest file '../../../build/as2_groundray_perception/as2_groundray_perception.egg-info/SOURCES.txt'
[5.359s] running build
[5.360s] running build_py
[5.361s] running install
[5.362s] running install_lib
[5.365s] running install_data
[5.365s] running install_egg_info
[5.369s] removing '/root/aerostack2_ws/install/as2_groundray_perception/lib/python3.10/site-packages/as2_groundray_perception-0.0.0-py3.10.egg-info' (and everything under it)
[5.369s] Copying ../../../build/as2_groundray_perception/as2_groundray_perception.egg-info to /root/aerostack2_ws/install/as2_groundray_perception/lib/python3.10/site-packages/as2_groundray_perception-0.0.0-py3.10.egg-info
[5.371s] running install_scripts
[5.407s] Installing ray_to_ground_node script to /root/aerostack2_ws/install/as2_groundray_perception/lib/as2_groundray_perception
[5.408s] writing list of installed files to '/root/aerostack2_ws/build/as2_groundray_perception/install.log'
[5.448s] Invoked command in '/root/aerostack2_ws/src/aerostack2/as2_groundray_perception' returned '0': PYTHONPATH=/root/aerostack2_ws/build/as2_groundray_perception/prefix_override:/usr/lib/python3/dist-packages/colcon_core/task/python/colcon_distutils_commands:/root/aerostack2_ws/install/as2_groundray_perception/lib/python3.10/site-packages:${PYTHONPATH} /usr/bin/python3 -W ignore:setup.py install is deprecated -W ignore:easy_install command is deprecated setup.py egg_info --egg-base ../../../build/as2_groundray_perception build --build-base /root/aerostack2_ws/build/as2_groundray_perception/build install --record /root/aerostack2_ws/build/as2_groundray_perception/install.log --single-version-externally-managed install_data
