[2.158s] Invoking command in '/root/aerostack2_ws/src/aerostack2/as2_perception': PYTHONPATH=/root/aerostack2_ws/build/as2_perception/prefix_override:/usr/lib/python3/dist-packages/colcon_core/task/python/colcon_distutils_commands:/root/aerostack2_ws/install/as2_perception/lib/python3.10/site-packages:${PYTHONPATH} /usr/bin/python3 -W ignore:setup.py install is deprecated -W ignore:easy_install command is deprecated setup.py egg_info --egg-base ../../../build/as2_perception build --build-base /root/aerostack2_ws/build/as2_perception/build install --record /root/aerostack2_ws/build/as2_perception/install.log --single-version-externally-managed install_data
[2.267s] Traceback (most recent call last):
[2.267s]   File "/root/aerostack2_ws/src/aerostack2/as2_perception/setup.py", line 1, in <module>
[2.267s]     from setuptools import find_packages, setup
[2.268s]   File "/usr/lib/python3/dist-packages/setuptools/__init__.py", line 16, in <module>
[2.269s]     import setuptools.version
[2.269s]   File "/usr/lib/python3/dist-packages/setuptools/version.py", line 1, in <module>
[2.271s]     import pkg_resources
[2.272s]   File "/usr/lib/python3/dist-packages/pkg_resources/__init__.py", line 76, in <module>
[2.272s]     __import__('pkg_resources.extern.packaging.version')
[2.272s]   File "/usr/lib/python3/dist-packages/pkg_resources/_vendor/packaging/version.py", line 257, in <module>
[2.272s]     class Version(_BaseVersion):
[2.272s]   File "/usr/lib/python3/dist-packages/pkg_resources/_vendor/packaging/version.py", line 259, in Version
[2.273s]     _regex = re.compile(r"^\s*" + VERSION_PATTERN + r"\s*$", re.VERBOSE | re.IGNORECASE)
[2.274s]   File "/usr/lib/python3.10/re.py", line 251, in compile
[2.274s]     return _compile(pattern, flags)
[2.274s]   File "/usr/lib/python3.10/re.py", line 303, in _compile
[2.274s]     p = sre_compile.compile(pattern, flags)
[2.275s]   File "/usr/lib/python3.10/sre_compile.py", line 788, in compile
[2.276s]     p = sre_parse.parse(p, flags)
[2.276s]   File "/usr/lib/python3.10/sre_parse.py", line 955, in parse
[2.279s]     p = _parse_sub(source, state, flags & SRE_FLAG_VERBOSE, 0)
[2.280s]   File "/usr/lib/python3.10/sre_parse.py", line 444, in _parse_sub
[2.280s]     itemsappend(_parse(source, state, verbose, nested + 1,
[2.280s]   File "/usr/lib/python3.10/sre_parse.py", line 841, in _parse
[2.280s]     p = _parse_sub(source, state, sub_verbose, nested + 1)
[2.280s]   File "/usr/lib/python3.10/sre_parse.py", line 444, in _parse_sub
[2.280s]     itemsappend(_parse(source, state, verbose, nested + 1,
[2.281s]   File "/usr/lib/python3.10/sre_parse.py", line 841, in _parse
[2.281s]     p = _parse_sub(source, state, sub_verbose, nested + 1)
[2.281s]   File "/usr/lib/python3.10/sre_parse.py", line 444, in _parse_sub
[2.281s]     itemsappend(_parse(source, state, verbose, nested + 1,
[2.281s]   File "/usr/lib/python3.10/sre_parse.py", line 520, in _parse
[2.281s]     this = sourceget()
[2.281s]   File "/usr/lib/python3.10/sre_parse.py", line 257, in get
[2.282s]     self.__next()
[2.282s] KeyboardInterrupt
