[0.010s] Invoking command in '/root/aerostack2_ws/build/as2_rviz_plugins': AMENT_PREFIX_PATH=/root/aerostack2_ws/install/as2_motion_reference_handlers:/root/aerostack2_ws/install/as2_core:/root/aerostack2_ws/install/as2_msgs:${AMENT_PREFIX_PATH} CMAKE_PREFIX_PATH=/root/aerostack2_ws/install/as2_motion_reference_handlers:/root/aerostack2_ws/install/as2_core:/root/aerostack2_ws/install/as2_msgs:/opt/ros/humble LD_LIBRARY_PATH=/root/aerostack2_ws/install/as2_motion_reference_handlers/lib:/root/aerostack2_ws/install/as2_core/lib:/root/aerostack2_ws/install/as2_msgs/lib:${LD_LIBRARY_PATH} PYTHONPATH=/root/aerostack2_ws/install/as2_motion_reference_handlers/local/lib/python3.10/dist-packages:/root/aerostack2_ws/install/as2_core/local/lib/python3.10/dist-packages:/root/aerostack2_ws/install/as2_msgs/local/lib/python3.10/dist-packages:${PYTHONPATH} /usr/bin/cmake /root/aerostack2_ws/src/aerostack2/as2_user_interfaces/as2_visualization/as2_rviz_plugins -DCMAKE_INSTALL_PREFIX=/root/aerostack2_ws/install/as2_rviz_plugins
[0.059s] -- The C compiler identification is GNU 11.4.0
[0.108s] -- The CXX compiler identification is GNU 11.4.0
[0.116s] -- Detecting C compiler ABI info
[0.180s] -- Detecting C compiler ABI info - done
[0.186s] -- Check for working C compiler: /usr/bin/cc - skipped
[0.186s] -- Detecting C compile features
[0.186s] -- Detecting C compile features - done
[0.189s] -- Detecting CXX compiler ABI info
[0.257s] -- Detecting CXX compiler ABI info - done
[0.264s] -- Check for working CXX compiler: /usr/bin/c++ - skipped
[0.264s] -- Detecting CXX compile features
[0.264s] -- Detecting CXX compile features - done
[0.286s] -- Found ament_cmake: 1.3.12 (/opt/ros/humble/share/ament_cmake/cmake)
[0.417s] -- Found Python3: /usr/bin/python3 (found version "3.10.12") found components: Interpreter 
[0.497s] -- Found ament_cmake_ros: 0.10.0 (/opt/ros/humble/share/ament_cmake_ros/cmake)
[0.505s] -- Found geometry_msgs: 4.9.0 (/opt/ros/humble/share/geometry_msgs/cmake)
[0.532s] -- Found rosidl_generator_c: 3.1.7 (/opt/ros/humble/share/rosidl_generator_c/cmake)
[0.537s] -- Found rosidl_adapter: 3.1.7 (/opt/ros/humble/share/rosidl_adapter/cmake)
[0.544s] -- Found rosidl_generator_cpp: 3.1.7 (/opt/ros/humble/share/rosidl_generator_cpp/cmake)
[0.555s] -- Using all available rosidl_typesupport_c: rosidl_typesupport_fastrtps_c;rosidl_typesupport_introspection_c
[0.568s] -- Using all available rosidl_typesupport_cpp: rosidl_typesupport_fastrtps_cpp;rosidl_typesupport_introspection_cpp
[0.600s] -- Found pluginlib: 5.1.2 (/opt/ros/humble/share/pluginlib/cmake)
[0.628s] -- Found rclcpp: 16.0.15 (/opt/ros/humble/share/rclcpp/cmake)
[0.659s] -- Found rmw_implementation_cmake: 6.1.2 (/opt/ros/humble/share/rmw_implementation_cmake/cmake)
[0.661s] -- Found rmw_fastrtps_cpp: 6.2.9 (/opt/ros/humble/share/rmw_fastrtps_cpp/cmake)
[0.682s] -- Found TinyXML2 via Config file: TinyXML2_DIR-NOTFOUND
[0.719s] -- Found OpenSSL: /usr/lib/x86_64-linux-gnu/libcrypto.so (found version "3.0.2")  
[0.721s] -- Found TinyXML2 via Config file: TinyXML2_DIR-NOTFOUND
[0.732s] -- Found FastRTPS: /opt/ros/humble/include  
[0.734s] -- Found TinyXML2 via Config file: TinyXML2_DIR-NOTFOUND
[0.741s] -- Found TinyXML2 via Config file: TinyXML2_DIR-NOTFOUND
[0.747s] -- Using RMW implementation 'rmw_fastrtps_cpp' as default
[0.755s] -- Looking for pthread.h
[0.807s] -- Looking for pthread.h - found
[0.807s] -- Performing Test CMAKE_HAVE_LIBC_PTHREAD
[0.859s] -- Performing Test CMAKE_HAVE_LIBC_PTHREAD - Success
[0.860s] -- Found Threads: TRUE  
[0.893s] -- Found rclcpp_action: 16.0.15 (/opt/ros/humble/share/rclcpp_action/cmake)
[0.920s] -- Found rviz_common: 11.2.22 (/opt/ros/humble/share/rviz_common/cmake)
[0.926s] -- Setting assimp_DIR to: '/opt/ros/humble/share/rviz_assimp_vendor/cmake/../../../opt/rviz_assimp_vendor/lib/cmake/assimp-4.1'
[0.934s] -- Setting OGRE_DIR to: '/opt/ros/humble/share/rviz_ogre_vendor/cmake/../../../opt/rviz_ogre_vendor/lib/OGRE/cmake'
[0.936s] -- Found OGRE
[0.936s] --   static     : OFF
[0.936s] --   components : HLMS;MeshLodGenerator;Overlay;Paging;Property;RTShaderSystem;Terrain;Volume
[0.936s] --   plugins    : Plugin_BSPSceneManager;Plugin_OctreeSceneManager;Plugin_PCZSceneManager;Plugin_ParticleFX;RenderSystem_GL;RenderSystem_GL3Plus;Codec_STBI
[0.936s] --   media      : /opt/ros/humble/opt/rviz_ogre_vendor/share/OGRE/Media
[0.936s] -- OGRE_LIBRARIES: OgreHLMS;OgreMeshLodGenerator;OgreOverlay;OgrePaging;OgreProperty;OgreRTShaderSystem;OgreTerrain;OgreVolume;OgreMain
[0.936s] -- OGRE_LIBRARY_DIRS: /opt/ros/humble/opt/rviz_ogre_vendor/lib
[0.936s] -- OGRE_PLUGINS: Plugin_BSPSceneManager;Plugin_OctreeSceneManager;Plugin_PCZSceneManager;Plugin_ParticleFX;RenderSystem_GL;RenderSystem_GL3Plus;Codec_STBI
[0.937s] -- OGRE_PLUGIN_DIR: /opt/ros/humble/opt/rviz_ogre_vendor/lib/OGRE
[0.937s] -- rviz_ogre_vendor::OgreOverlay for IMPORTED_LOCATION_RELEASE: /opt/ros/humble/opt/rviz_ogre_vendor/lib/libOgreOverlay.so
[0.937s] -- rviz_ogre_vendor::OgreOverlay for IMPORTED_LOCATION_DEBUG: /opt/ros/humble/opt/rviz_ogre_vendor/lib/libOgreOverlay.so
[0.937s] -- rviz_ogre_vendor::OgreMain for IMPORTED_LOCATION_RELEASE: /opt/ros/humble/opt/rviz_ogre_vendor/lib/libOgreMain.so
[0.937s] -- rviz_ogre_vendor::OgreMain for IMPORTED_LOCATION_DEBUG: /opt/ros/humble/opt/rviz_ogre_vendor/lib/libOgreMain.so
[0.937s] -- Could not find freeimage library
[0.955s] -- Found ZLIB: /usr/lib/x86_64-linux-gnu/libz.so (found version "1.2.11") 
[0.961s] -- Found OpenGL: /usr/lib/x86_64-linux-gnu/libOpenGL.so   
[1.047s] -- Found X11: /usr/include   
[1.047s] -- Looking for XOpenDisplay in /usr/lib/x86_64-linux-gnu/libX11.so;/usr/lib/x86_64-linux-gnu/libXext.so
[1.106s] -- Looking for XOpenDisplay in /usr/lib/x86_64-linux-gnu/libX11.so;/usr/lib/x86_64-linux-gnu/libXext.so - found
[1.106s] -- Looking for gethostbyname
[1.157s] -- Looking for gethostbyname - found
[1.157s] -- Looking for connect
[1.207s] -- Looking for connect - found
[1.207s] -- Looking for remove
[1.259s] -- Looking for remove - found
[1.259s] -- Looking for shmat
[1.310s] -- Looking for shmat - found
[1.310s] -- Looking for IceConnectionNumber in ICE
[1.364s] -- Looking for IceConnectionNumber in ICE - found
[1.438s] -- library: /usr/lib/x86_64-linux-gnu/libcurl.so
[1.473s] -- Found Eigen3: TRUE (found version "3.4.0") 
[1.473s] -- Ensuring Eigen3 include directory is part of orocos-kdl CMake target
[1.542s] -- Found as2_core: 1.1.3 (/root/aerostack2_ws/install/as2_core/share/as2_core/cmake)
[1.542s] -- Created yaml-cpp::yaml-cpp alias from yaml-cpp target
[1.543s] -- Created GeographicLib::GeographicLib target from legacy variables
[1.651s] -- Found as2_motion_reference_handlers: 1.1.3 (/root/aerostack2_ws/install/as2_motion_reference_handlers/share/as2_motion_reference_handlers/cmake)
[1.679s] -- Found ament_lint_auto: 0.12.14 (/opt/ros/humble/share/ament_lint_auto/cmake)
[1.753s] -- Added test 'copyright' to check source files copyright and LICENSE
[1.754s] -- Added test 'cppcheck' to perform static code analysis on C / C++ code
[1.754s] -- Configured cppcheck include dirs: 
[1.754s] -- Configured cppcheck exclude dirs and/or files: 
[1.755s] -- Added test 'cpplint' to check C / C++ code against the Google style
[1.755s] -- Configured cpplint exclude dirs and/or files: 
[1.756s] -- Added test 'lint_cmake' to check CMake code style
[1.757s] -- Added test 'uncrustify' to check C / C++ code style
[1.757s] -- Configured uncrustify additional arguments: 
[1.757s] -- Added test 'xmllint' to check XML markup files
[1.758s] -- Configuring done
[1.793s] -- Generating done
[1.798s] -- Build files have been written to: /root/aerostack2_ws/build/as2_rviz_plugins
[1.809s] Invoked command in '/root/aerostack2_ws/build/as2_rviz_plugins' returned '0': AMENT_PREFIX_PATH=/root/aerostack2_ws/install/as2_motion_reference_handlers:/root/aerostack2_ws/install/as2_core:/root/aerostack2_ws/install/as2_msgs:${AMENT_PREFIX_PATH} CMAKE_PREFIX_PATH=/root/aerostack2_ws/install/as2_motion_reference_handlers:/root/aerostack2_ws/install/as2_core:/root/aerostack2_ws/install/as2_msgs:/opt/ros/humble LD_LIBRARY_PATH=/root/aerostack2_ws/install/as2_motion_reference_handlers/lib:/root/aerostack2_ws/install/as2_core/lib:/root/aerostack2_ws/install/as2_msgs/lib:${LD_LIBRARY_PATH} PYTHONPATH=/root/aerostack2_ws/install/as2_motion_reference_handlers/local/lib/python3.10/dist-packages:/root/aerostack2_ws/install/as2_core/local/lib/python3.10/dist-packages:/root/aerostack2_ws/install/as2_msgs/local/lib/python3.10/dist-packages:${PYTHONPATH} /usr/bin/cmake /root/aerostack2_ws/src/aerostack2/as2_user_interfaces/as2_visualization/as2_rviz_plugins -DCMAKE_INSTALL_PREFIX=/root/aerostack2_ws/install/as2_rviz_plugins
[1.810s] Invoking command in '/root/aerostack2_ws/build/as2_rviz_plugins': AMENT_PREFIX_PATH=/root/aerostack2_ws/install/as2_motion_reference_handlers:/root/aerostack2_ws/install/as2_core:/root/aerostack2_ws/install/as2_msgs:${AMENT_PREFIX_PATH} CMAKE_PREFIX_PATH=/root/aerostack2_ws/install/as2_motion_reference_handlers:/root/aerostack2_ws/install/as2_core:/root/aerostack2_ws/install/as2_msgs:/opt/ros/humble LD_LIBRARY_PATH=/root/aerostack2_ws/install/as2_motion_reference_handlers/lib:/root/aerostack2_ws/install/as2_core/lib:/root/aerostack2_ws/install/as2_msgs/lib:${LD_LIBRARY_PATH} PYTHONPATH=/root/aerostack2_ws/install/as2_motion_reference_handlers/local/lib/python3.10/dist-packages:/root/aerostack2_ws/install/as2_core/local/lib/python3.10/dist-packages:/root/aerostack2_ws/install/as2_msgs/local/lib/python3.10/dist-packages:${PYTHONPATH} /usr/bin/cmake --build /root/aerostack2_ws/build/as2_rviz_plugins -- -j8 -l8
[1.852s] [ 25%] [34m[1mAutomatic MOC for target as2_rviz_plugins[0m
[1.881s] [ 25%] Built target as2_rviz_plugins_autogen
[1.898s] [ 75%] [32mBuilding CXX object CMakeFiles/as2_rviz_plugins.dir/as2_rviz_plugins_autogen/mocs_compilation.cpp.o[0m
[1.898s] [ 75%] [32mBuilding CXX object CMakeFiles/as2_rviz_plugins.dir/src/teleop_panel.cpp.o[0m
[8.166s] [100%] [32m[1mLinking CXX shared library libas2_rviz_plugins.so[0m
[9.595s] [100%] Built target as2_rviz_plugins
[9.602s] Invoked command in '/root/aerostack2_ws/build/as2_rviz_plugins' returned '0': AMENT_PREFIX_PATH=/root/aerostack2_ws/install/as2_motion_reference_handlers:/root/aerostack2_ws/install/as2_core:/root/aerostack2_ws/install/as2_msgs:${AMENT_PREFIX_PATH} CMAKE_PREFIX_PATH=/root/aerostack2_ws/install/as2_motion_reference_handlers:/root/aerostack2_ws/install/as2_core:/root/aerostack2_ws/install/as2_msgs:/opt/ros/humble LD_LIBRARY_PATH=/root/aerostack2_ws/install/as2_motion_reference_handlers/lib:/root/aerostack2_ws/install/as2_core/lib:/root/aerostack2_ws/install/as2_msgs/lib:${LD_LIBRARY_PATH} PYTHONPATH=/root/aerostack2_ws/install/as2_motion_reference_handlers/local/lib/python3.10/dist-packages:/root/aerostack2_ws/install/as2_core/local/lib/python3.10/dist-packages:/root/aerostack2_ws/install/as2_msgs/local/lib/python3.10/dist-packages:${PYTHONPATH} /usr/bin/cmake --build /root/aerostack2_ws/build/as2_rviz_plugins -- -j8 -l8
[9.603s] Invoking command in '/root/aerostack2_ws/build/as2_rviz_plugins': AMENT_PREFIX_PATH=/root/aerostack2_ws/install/as2_motion_reference_handlers:/root/aerostack2_ws/install/as2_core:/root/aerostack2_ws/install/as2_msgs:${AMENT_PREFIX_PATH} CMAKE_PREFIX_PATH=/root/aerostack2_ws/install/as2_motion_reference_handlers:/root/aerostack2_ws/install/as2_core:/root/aerostack2_ws/install/as2_msgs:/opt/ros/humble LD_LIBRARY_PATH=/root/aerostack2_ws/install/as2_motion_reference_handlers/lib:/root/aerostack2_ws/install/as2_core/lib:/root/aerostack2_ws/install/as2_msgs/lib:${LD_LIBRARY_PATH} PYTHONPATH=/root/aerostack2_ws/install/as2_motion_reference_handlers/local/lib/python3.10/dist-packages:/root/aerostack2_ws/install/as2_core/local/lib/python3.10/dist-packages:/root/aerostack2_ws/install/as2_msgs/local/lib/python3.10/dist-packages:${PYTHONPATH} /usr/bin/cmake --install /root/aerostack2_ws/build/as2_rviz_plugins
[9.609s] -- Install configuration: ""
[9.609s] -- Installing: /root/aerostack2_ws/install/as2_rviz_plugins/share/as2_rviz_plugins/plugin_description.xml
[9.610s] -- Installing: /root/aerostack2_ws/install/as2_rviz_plugins/lib/as2_rviz_plugins/libas2_rviz_plugins.so
[9.613s] -- Set runtime path of "/root/aerostack2_ws/install/as2_rviz_plugins/lib/as2_rviz_plugins/libas2_rviz_plugins.so" to ""
[9.613s] -- Installing: /root/aerostack2_ws/install/as2_rviz_plugins/share/as2_rviz_plugins/icons
[9.613s] -- Installing: /root/aerostack2_ws/install/as2_rviz_plugins/share/as2_rviz_plugins/icons/classes
[9.613s] -- Installing: /root/aerostack2_ws/install/as2_rviz_plugins/share/as2_rviz_plugins/icons/classes/Teleop.png
[9.613s] -- Installing: /root/aerostack2_ws/install/as2_rviz_plugins/share/as2_rviz_plugins/icons/classes/Imu.png
[9.614s] -- Installing: /root/aerostack2_ws/install/as2_rviz_plugins/share/as2_rviz_plugins/icons/classes/PlantFlag.png
[9.614s] -- Installing: /root/aerostack2_ws/install/as2_rviz_plugins/share/ament_index/resource_index/package_run_dependencies/as2_rviz_plugins
[9.614s] -- Installing: /root/aerostack2_ws/install/as2_rviz_plugins/share/ament_index/resource_index/parent_prefix_path/as2_rviz_plugins
[9.614s] -- Installing: /root/aerostack2_ws/install/as2_rviz_plugins/share/as2_rviz_plugins/environment/ament_prefix_path.sh
[9.615s] -- Installing: /root/aerostack2_ws/install/as2_rviz_plugins/share/as2_rviz_plugins/environment/ament_prefix_path.dsv
[9.615s] -- Installing: /root/aerostack2_ws/install/as2_rviz_plugins/share/as2_rviz_plugins/environment/path.sh
[9.615s] -- Installing: /root/aerostack2_ws/install/as2_rviz_plugins/share/as2_rviz_plugins/environment/path.dsv
[9.615s] -- Installing: /root/aerostack2_ws/install/as2_rviz_plugins/share/as2_rviz_plugins/local_setup.bash
[9.615s] -- Installing: /root/aerostack2_ws/install/as2_rviz_plugins/share/as2_rviz_plugins/local_setup.sh
[9.615s] -- Installing: /root/aerostack2_ws/install/as2_rviz_plugins/share/as2_rviz_plugins/local_setup.zsh
[9.615s] -- Installing: /root/aerostack2_ws/install/as2_rviz_plugins/share/as2_rviz_plugins/local_setup.dsv
[9.616s] -- Installing: /root/aerostack2_ws/install/as2_rviz_plugins/share/as2_rviz_plugins/package.dsv
[9.616s] -- Installing: /root/aerostack2_ws/install/as2_rviz_plugins/share/ament_index/resource_index/packages/as2_rviz_plugins
[9.616s] -- Installing: /root/aerostack2_ws/install/as2_rviz_plugins/share/ament_index/resource_index/rviz_common__pluginlib__plugin/as2_rviz_plugins
[9.616s] -- Installing: /root/aerostack2_ws/install/as2_rviz_plugins/share/as2_rviz_plugins/cmake/ament_cmake_export_dependencies-extras.cmake
[9.616s] -- Installing: /root/aerostack2_ws/install/as2_rviz_plugins/share/as2_rviz_plugins/cmake/as2_rviz_pluginsConfig.cmake
[9.616s] -- Installing: /root/aerostack2_ws/install/as2_rviz_plugins/share/as2_rviz_plugins/cmake/as2_rviz_pluginsConfig-version.cmake
[9.616s] -- Installing: /root/aerostack2_ws/install/as2_rviz_plugins/share/as2_rviz_plugins/package.xml
[9.618s] Invoked command in '/root/aerostack2_ws/build/as2_rviz_plugins' returned '0': AMENT_PREFIX_PATH=/root/aerostack2_ws/install/as2_motion_reference_handlers:/root/aerostack2_ws/install/as2_core:/root/aerostack2_ws/install/as2_msgs:${AMENT_PREFIX_PATH} CMAKE_PREFIX_PATH=/root/aerostack2_ws/install/as2_motion_reference_handlers:/root/aerostack2_ws/install/as2_core:/root/aerostack2_ws/install/as2_msgs:/opt/ros/humble LD_LIBRARY_PATH=/root/aerostack2_ws/install/as2_motion_reference_handlers/lib:/root/aerostack2_ws/install/as2_core/lib:/root/aerostack2_ws/install/as2_msgs/lib:${LD_LIBRARY_PATH} PYTHONPATH=/root/aerostack2_ws/install/as2_motion_reference_handlers/local/lib/python3.10/dist-packages:/root/aerostack2_ws/install/as2_core/local/lib/python3.10/dist-packages:/root/aerostack2_ws/install/as2_msgs/local/lib/python3.10/dist-packages:${PYTHONPATH} /usr/bin/cmake --install /root/aerostack2_ws/build/as2_rviz_plugins
