[0.009s] Invoking command in '/root/aerostack2_ws/build/as2_rviz_plugins': AMENT_PREFIX_PATH=/root/aerostack2_ws/install/as2_motion_reference_handlers:/root/aerostack2_ws/install/as2_core:/root/aerostack2_ws/install/as2_msgs:${AMENT_PREFIX_PATH} CMAKE_PREFIX_PATH=/root/aerostack2_ws/install/as2_motion_reference_handlers:/root/aerostack2_ws/install/as2_core:/root/aerostack2_ws/install/as2_msgs:/opt/ros/humble LD_LIBRARY_PATH=/root/aerostack2_ws/install/as2_motion_reference_handlers/lib:/root/aerostack2_ws/install/as2_core/lib:/root/aerostack2_ws/install/as2_msgs/lib:${LD_LIBRARY_PATH} PYTHONPATH=/root/aerostack2_ws/install/as2_motion_reference_handlers/local/lib/python3.10/dist-packages:/root/aerostack2_ws/install/as2_core/local/lib/python3.10/dist-packages:/root/aerostack2_ws/install/as2_msgs/local/lib/python3.10/dist-packages:${PYTHONPATH} /usr/bin/cmake --build /root/aerostack2_ws/build/as2_rviz_plugins -- -j8 -l8
[0.047s] [ 25%] [34m[1mAutomatic MOC for target as2_rviz_plugins[0m
[0.060s] [ 25%] Built target as2_rviz_plugins_autogen
[0.068s] [35m[1mConsolidate compiler generated dependencies of target as2_rviz_plugins[0m
[0.084s] [100%] Built target as2_rviz_plugins
[0.093s] Invoked command in '/root/aerostack2_ws/build/as2_rviz_plugins' returned '0': AMENT_PREFIX_PATH=/root/aerostack2_ws/install/as2_motion_reference_handlers:/root/aerostack2_ws/install/as2_core:/root/aerostack2_ws/install/as2_msgs:${AMENT_PREFIX_PATH} CMAKE_PREFIX_PATH=/root/aerostack2_ws/install/as2_motion_reference_handlers:/root/aerostack2_ws/install/as2_core:/root/aerostack2_ws/install/as2_msgs:/opt/ros/humble LD_LIBRARY_PATH=/root/aerostack2_ws/install/as2_motion_reference_handlers/lib:/root/aerostack2_ws/install/as2_core/lib:/root/aerostack2_ws/install/as2_msgs/lib:${LD_LIBRARY_PATH} PYTHONPATH=/root/aerostack2_ws/install/as2_motion_reference_handlers/local/lib/python3.10/dist-packages:/root/aerostack2_ws/install/as2_core/local/lib/python3.10/dist-packages:/root/aerostack2_ws/install/as2_msgs/local/lib/python3.10/dist-packages:${PYTHONPATH} /usr/bin/cmake --build /root/aerostack2_ws/build/as2_rviz_plugins -- -j8 -l8
[0.094s] Invoking command in '/root/aerostack2_ws/build/as2_rviz_plugins': AMENT_PREFIX_PATH=/root/aerostack2_ws/install/as2_motion_reference_handlers:/root/aerostack2_ws/install/as2_core:/root/aerostack2_ws/install/as2_msgs:${AMENT_PREFIX_PATH} CMAKE_PREFIX_PATH=/root/aerostack2_ws/install/as2_motion_reference_handlers:/root/aerostack2_ws/install/as2_core:/root/aerostack2_ws/install/as2_msgs:/opt/ros/humble LD_LIBRARY_PATH=/root/aerostack2_ws/install/as2_motion_reference_handlers/lib:/root/aerostack2_ws/install/as2_core/lib:/root/aerostack2_ws/install/as2_msgs/lib:${LD_LIBRARY_PATH} PYTHONPATH=/root/aerostack2_ws/install/as2_motion_reference_handlers/local/lib/python3.10/dist-packages:/root/aerostack2_ws/install/as2_core/local/lib/python3.10/dist-packages:/root/aerostack2_ws/install/as2_msgs/local/lib/python3.10/dist-packages:${PYTHONPATH} /usr/bin/cmake --install /root/aerostack2_ws/build/as2_rviz_plugins
[0.099s] -- Install configuration: ""
[0.099s] -- Up-to-date: /root/aerostack2_ws/install/as2_rviz_plugins/share/as2_rviz_plugins/plugin_description.xml
[0.099s] -- Up-to-date: /root/aerostack2_ws/install/as2_rviz_plugins/lib/as2_rviz_plugins/libas2_rviz_plugins.so
[0.100s] -- Up-to-date: /root/aerostack2_ws/install/as2_rviz_plugins/share/as2_rviz_plugins/icons
[0.100s] -- Up-to-date: /root/aerostack2_ws/install/as2_rviz_plugins/share/as2_rviz_plugins/icons/classes
[0.100s] -- Up-to-date: /root/aerostack2_ws/install/as2_rviz_plugins/share/as2_rviz_plugins/icons/classes/Teleop.png
[0.100s] -- Up-to-date: /root/aerostack2_ws/install/as2_rviz_plugins/share/as2_rviz_plugins/icons/classes/Imu.png
[0.100s] -- Up-to-date: /root/aerostack2_ws/install/as2_rviz_plugins/share/as2_rviz_plugins/icons/classes/PlantFlag.png
[0.100s] -- Up-to-date: /root/aerostack2_ws/install/as2_rviz_plugins/share/ament_index/resource_index/package_run_dependencies/as2_rviz_plugins
[0.100s] -- Up-to-date: /root/aerostack2_ws/install/as2_rviz_plugins/share/ament_index/resource_index/parent_prefix_path/as2_rviz_plugins
[0.100s] -- Up-to-date: /root/aerostack2_ws/install/as2_rviz_plugins/share/as2_rviz_plugins/environment/ament_prefix_path.sh
[0.100s] -- Up-to-date: /root/aerostack2_ws/install/as2_rviz_plugins/share/as2_rviz_plugins/environment/ament_prefix_path.dsv
[0.100s] -- Up-to-date: /root/aerostack2_ws/install/as2_rviz_plugins/share/as2_rviz_plugins/environment/path.sh
[0.100s] -- Up-to-date: /root/aerostack2_ws/install/as2_rviz_plugins/share/as2_rviz_plugins/environment/path.dsv
[0.100s] -- Up-to-date: /root/aerostack2_ws/install/as2_rviz_plugins/share/as2_rviz_plugins/local_setup.bash
[0.100s] -- Up-to-date: /root/aerostack2_ws/install/as2_rviz_plugins/share/as2_rviz_plugins/local_setup.sh
[0.100s] -- Up-to-date: /root/aerostack2_ws/install/as2_rviz_plugins/share/as2_rviz_plugins/local_setup.zsh
[0.100s] -- Up-to-date: /root/aerostack2_ws/install/as2_rviz_plugins/share/as2_rviz_plugins/local_setup.dsv
[0.100s] -- Installing: /root/aerostack2_ws/install/as2_rviz_plugins/share/as2_rviz_plugins/package.dsv
[0.100s] -- Up-to-date: /root/aerostack2_ws/install/as2_rviz_plugins/share/ament_index/resource_index/packages/as2_rviz_plugins
[0.100s] -- Up-to-date: /root/aerostack2_ws/install/as2_rviz_plugins/share/ament_index/resource_index/rviz_common__pluginlib__plugin/as2_rviz_plugins
[0.100s] -- Up-to-date: /root/aerostack2_ws/install/as2_rviz_plugins/share/as2_rviz_plugins/cmake/ament_cmake_export_dependencies-extras.cmake
[0.101s] -- Up-to-date: /root/aerostack2_ws/install/as2_rviz_plugins/share/as2_rviz_plugins/cmake/as2_rviz_pluginsConfig.cmake
[0.101s] -- Up-to-date: /root/aerostack2_ws/install/as2_rviz_plugins/share/as2_rviz_plugins/cmake/as2_rviz_pluginsConfig-version.cmake
[0.101s] -- Up-to-date: /root/aerostack2_ws/install/as2_rviz_plugins/share/as2_rviz_plugins/package.xml
[0.103s] Invoked command in '/root/aerostack2_ws/build/as2_rviz_plugins' returned '0': AMENT_PREFIX_PATH=/root/aerostack2_ws/install/as2_motion_reference_handlers:/root/aerostack2_ws/install/as2_core:/root/aerostack2_ws/install/as2_msgs:${AMENT_PREFIX_PATH} CMAKE_PREFIX_PATH=/root/aerostack2_ws/install/as2_motion_reference_handlers:/root/aerostack2_ws/install/as2_core:/root/aerostack2_ws/install/as2_msgs:/opt/ros/humble LD_LIBRARY_PATH=/root/aerostack2_ws/install/as2_motion_reference_handlers/lib:/root/aerostack2_ws/install/as2_core/lib:/root/aerostack2_ws/install/as2_msgs/lib:${LD_LIBRARY_PATH} PYTHONPATH=/root/aerostack2_ws/install/as2_motion_reference_handlers/local/lib/python3.10/dist-packages:/root/aerostack2_ws/install/as2_core/local/lib/python3.10/dist-packages:/root/aerostack2_ws/install/as2_msgs/local/lib/python3.10/dist-packages:${PYTHONPATH} /usr/bin/cmake --install /root/aerostack2_ws/build/as2_rviz_plugins
