[3.425s] Invoking command in '/root/aerostack2_ws/src/aerostack2/as2_swarm_person_tracking': CMAKE_PREFIX_PATH=/root/aerostack2_ws/install/as2_swarm_person_interfaces:/root/aerostack2_ws/install/rmf_demos_gz_classic:/root/aerostack2_ws/install/rmf_demos_gz:/root/aerostack2_ws/install/rmf_demos:/root/aerostack2_ws/install/rmf_demos_maps:/root/aerostack2_ws/install/aerostack2:/root/aerostack2_ws/install/as2_usb_camera_interface:/root/aerostack2_ws/install/as2_state_estimator:/root/aerostack2_ws/install/as2_rviz_plugins:/root/aerostack2_ws/install/as2_realsense_interface:/root/aerostack2_ws/install/as2_platform_multirotor_simulator:/root/aerostack2_ws/install/as2_platform_gazebo:/root/aerostack2_ws/install/as2_motion_controller:/root/aerostack2_ws/install/as2_behaviors_trajectory_generation:/root/aerostack2_ws/install/as2_behaviors_swarm_flocking:/root/aerostack2_ws/install/as2_behaviors_motion:/root/aerostack2_ws/install/as2_motion_reference_handlers:/root/aerostack2_ws/install/as2_map_server:/root/aerostack2_ws/install/as2_geozones:/root/aerostack2_ws/install/as2_gazebo_assets:/root/aerostack2_ws/install/as2_external_object_to_tf:/root/aerostack2_ws/install/as2_behaviors_platform:/root/aerostack2_ws/install/as2_behaviors_perception:/root/aerostack2_ws/install/as2_behaviors_path_planning:/root/aerostack2_ws/install/as2_behavior_tree:/root/aerostack2_ws/install/as2_behavior:/root/aerostack2_ws/install/as2_alphanumeric_viewer:/root/aerostack2_ws/install/as2_core:/root/aerostack2_ws/install/as2_msgs:/root/aerostack2_ws/install/as2_cli PYTHONPATH=/root/aerostack2_ws/build/as2_swarm_person_tracking/prefix_override:/usr/lib/python3/dist-packages/colcon_core/task/python/colcon_distutils_commands:/root/aerostack2_ws/install/as2_swarm_person_tracking/lib/python3.10/site-packages:${PYTHONPATH} /usr/bin/python3 -W ignore:setup.py install is deprecated -W ignore:easy_install command is deprecated setup.py egg_info --egg-base ../../../build/as2_swarm_person_tracking build --build-base /root/aerostack2_ws/build/as2_swarm_person_tracking/build install --record /root/aerostack2_ws/build/as2_swarm_person_tracking/install.log --single-version-externally-managed install_data
[5.244s] running egg_info
[5.244s] writing ../../../build/as2_swarm_person_tracking/as2_swarm_person_tracking.egg-info/PKG-INFO
[5.244s] writing dependency_links to ../../../build/as2_swarm_person_tracking/as2_swarm_person_tracking.egg-info/dependency_links.txt
[5.244s] writing entry points to ../../../build/as2_swarm_person_tracking/as2_swarm_person_tracking.egg-info/entry_points.txt
[5.244s] writing requirements to ../../../build/as2_swarm_person_tracking/as2_swarm_person_tracking.egg-info/requires.txt
[5.244s] writing top-level names to ../../../build/as2_swarm_person_tracking/as2_swarm_person_tracking.egg-info/top_level.txt
[5.244s] reading manifest file '../../../build/as2_swarm_person_tracking/as2_swarm_person_tracking.egg-info/SOURCES.txt'
[5.244s] writing manifest file '../../../build/as2_swarm_person_tracking/as2_swarm_person_tracking.egg-info/SOURCES.txt'
[5.245s] running build
[5.245s] running build_py
[5.245s] running install
[5.245s] running install_lib
[5.245s] running install_data
[5.245s] running install_egg_info
[5.269s] removing '/root/aerostack2_ws/install/as2_swarm_person_tracking/lib/python3.10/site-packages/as2_swarm_person_tracking-0.0.0-py3.10.egg-info' (and everything under it)
[5.269s] Copying ../../../build/as2_swarm_person_tracking/as2_swarm_person_tracking.egg-info to /root/aerostack2_ws/install/as2_swarm_person_tracking/lib/python3.10/site-packages/as2_swarm_person_tracking-0.0.0-py3.10.egg-info
[5.269s] running install_scripts
[5.414s] Installing multi_person_tracker_node script to /root/aerostack2_ws/install/as2_swarm_person_tracking/lib/as2_swarm_person_tracking
[5.415s] writing list of installed files to '/root/aerostack2_ws/build/as2_swarm_person_tracking/install.log'
[7.097s] Invoked command in '/root/aerostack2_ws/src/aerostack2/as2_swarm_person_tracking' returned '0': CMAKE_PREFIX_PATH=/root/aerostack2_ws/install/as2_swarm_person_interfaces:/root/aerostack2_ws/install/rmf_demos_gz_classic:/root/aerostack2_ws/install/rmf_demos_gz:/root/aerostack2_ws/install/rmf_demos:/root/aerostack2_ws/install/rmf_demos_maps:/root/aerostack2_ws/install/aerostack2:/root/aerostack2_ws/install/as2_usb_camera_interface:/root/aerostack2_ws/install/as2_state_estimator:/root/aerostack2_ws/install/as2_rviz_plugins:/root/aerostack2_ws/install/as2_realsense_interface:/root/aerostack2_ws/install/as2_platform_multirotor_simulator:/root/aerostack2_ws/install/as2_platform_gazebo:/root/aerostack2_ws/install/as2_motion_controller:/root/aerostack2_ws/install/as2_behaviors_trajectory_generation:/root/aerostack2_ws/install/as2_behaviors_swarm_flocking:/root/aerostack2_ws/install/as2_behaviors_motion:/root/aerostack2_ws/install/as2_motion_reference_handlers:/root/aerostack2_ws/install/as2_map_server:/root/aerostack2_ws/install/as2_geozones:/root/aerostack2_ws/install/as2_gazebo_assets:/root/aerostack2_ws/install/as2_external_object_to_tf:/root/aerostack2_ws/install/as2_behaviors_platform:/root/aerostack2_ws/install/as2_behaviors_perception:/root/aerostack2_ws/install/as2_behaviors_path_planning:/root/aerostack2_ws/install/as2_behavior_tree:/root/aerostack2_ws/install/as2_behavior:/root/aerostack2_ws/install/as2_alphanumeric_viewer:/root/aerostack2_ws/install/as2_core:/root/aerostack2_ws/install/as2_msgs:/root/aerostack2_ws/install/as2_cli PYTHONPATH=/root/aerostack2_ws/build/as2_swarm_person_tracking/prefix_override:/usr/lib/python3/dist-packages/colcon_core/task/python/colcon_distutils_commands:/root/aerostack2_ws/install/as2_swarm_person_tracking/lib/python3.10/site-packages:${PYTHONPATH} /usr/bin/python3 -W ignore:setup.py install is deprecated -W ignore:easy_install command is deprecated setup.py egg_info --egg-base ../../../build/as2_swarm_person_tracking build --build-base /root/aerostack2_ws/build/as2_swarm_person_tracking/build install --record /root/aerostack2_ws/build/as2_swarm_person_tracking/install.log --single-version-externally-managed install_data
