running egg_info
creating ../../../build/as2_project_bringup/as2_project_bringup.egg-info
writing ../../../build/as2_project_bringup/as2_project_bringup.egg-info/PKG-INFO
writing dependency_links to ../../../build/as2_project_bringup/as2_project_bringup.egg-info/dependency_links.txt
writing entry points to ../../../build/as2_project_bringup/as2_project_bringup.egg-info/entry_points.txt
writing requirements to ../../../build/as2_project_bringup/as2_project_bringup.egg-info/requires.txt
writing top-level names to ../../../build/as2_project_bringup/as2_project_bringup.egg-info/top_level.txt
writing manifest file '../../../build/as2_project_bringup/as2_project_bringup.egg-info/SOURCES.txt'
reading manifest file '../../../build/as2_project_bringup/as2_project_bringup.egg-info/SOURCES.txt'
writing manifest file '../../../build/as2_project_bringup/as2_project_bringup.egg-info/SOURCES.txt'
running build
running build_py
creating /root/aerostack2_ws/build/as2_project_bringup/build
creating /root/aerostack2_ws/build/as2_project_bringup/build/lib
creating /root/aerostack2_ws/build/as2_project_bringup/build/lib/as2_project_bringup
copying as2_project_bringup/__init__.py -> /root/aerostack2_ws/build/as2_project_bringup/build/lib/as2_project_bringup
running install
running install_lib
creating /root/aerostack2_ws/install/as2_project_bringup/lib/python3.10/site-packages/as2_project_bringup
copying /root/aerostack2_ws/build/as2_project_bringup/build/lib/as2_project_bringup/__init__.py -> /root/aerostack2_ws/install/as2_project_bringup/lib/python3.10/site-packages/as2_project_bringup
byte-compiling /root/aerostack2_ws/install/as2_project_bringup/lib/python3.10/site-packages/as2_project_bringup/__init__.py to __init__.cpython-310.pyc
running install_data
creating /root/aerostack2_ws/install/as2_project_bringup/share/ament_index
creating /root/aerostack2_ws/install/as2_project_bringup/share/ament_index/resource_index
creating /root/aerostack2_ws/install/as2_project_bringup/share/ament_index/resource_index/packages
copying resource/as2_project_bringup -> /root/aerostack2_ws/install/as2_project_bringup/share/ament_index/resource_index/packages
copying package.xml -> /root/aerostack2_ws/install/as2_project_bringup/share/as2_project_bringup
creating /root/aerostack2_ws/install/as2_project_bringup/share/as2_project_bringup/launch
copying launch/triple_drone_sim.launch.py -> /root/aerostack2_ws/install/as2_project_bringup/share/as2_project_bringup/launch
running install_egg_info
Copying ../../../build/as2_project_bringup/as2_project_bringup.egg-info to /root/aerostack2_ws/install/as2_project_bringup/lib/python3.10/site-packages/as2_project_bringup-0.0.0-py3.10.egg-info
running install_scripts
writing list of installed files to '/root/aerostack2_ws/build/as2_project_bringup/install.log'
