[0.921s] Invoking command in '/root/aerostack2_ws/src/aerostack2/as2_project_bringup': PYTHONPATH=/root/aerostack2_ws/build/as2_project_bringup/prefix_override:/usr/lib/python3/dist-packages/colcon_core/task/python/colcon_distutils_commands:/root/aerostack2_ws/install/as2_project_bringup/lib/python3.10/site-packages:${PYTHONPATH} /usr/bin/python3 -W ignore:setup.py install is deprecated -W ignore:easy_install command is deprecated setup.py egg_info --egg-base ../../../build/as2_project_bringup build --build-base /root/aerostack2_ws/build/as2_project_bringup/build install --record /root/aerostack2_ws/build/as2_project_bringup/install.log --single-version-externally-managed install_data
[1.129s] running egg_info
[1.131s] creating ../../../build/as2_project_bringup/as2_project_bringup.egg-info
[1.131s] writing ../../../build/as2_project_bringup/as2_project_bringup.egg-info/PKG-INFO
[1.131s] writing dependency_links to ../../../build/as2_project_bringup/as2_project_bringup.egg-info/dependency_links.txt
[1.131s] writing entry points to ../../../build/as2_project_bringup/as2_project_bringup.egg-info/entry_points.txt
[1.131s] writing requirements to ../../../build/as2_project_bringup/as2_project_bringup.egg-info/requires.txt
[1.131s] writing top-level names to ../../../build/as2_project_bringup/as2_project_bringup.egg-info/top_level.txt
[1.131s] writing manifest file '../../../build/as2_project_bringup/as2_project_bringup.egg-info/SOURCES.txt'
[1.138s] reading manifest file '../../../build/as2_project_bringup/as2_project_bringup.egg-info/SOURCES.txt'
[1.138s] writing manifest file '../../../build/as2_project_bringup/as2_project_bringup.egg-info/SOURCES.txt'
[1.138s] running build
[1.139s] running build_py
[1.139s] creating /root/aerostack2_ws/build/as2_project_bringup/build
[1.139s] creating /root/aerostack2_ws/build/as2_project_bringup/build/lib
[1.139s] creating /root/aerostack2_ws/build/as2_project_bringup/build/lib/as2_project_bringup
[1.139s] copying as2_project_bringup/__init__.py -> /root/aerostack2_ws/build/as2_project_bringup/build/lib/as2_project_bringup
[1.139s] running install
[1.139s] running install_lib
[1.139s] creating /root/aerostack2_ws/install/as2_project_bringup/lib/python3.10/site-packages/as2_project_bringup
[1.139s] copying /root/aerostack2_ws/build/as2_project_bringup/build/lib/as2_project_bringup/__init__.py -> /root/aerostack2_ws/install/as2_project_bringup/lib/python3.10/site-packages/as2_project_bringup
[1.143s] byte-compiling /root/aerostack2_ws/install/as2_project_bringup/lib/python3.10/site-packages/as2_project_bringup/__init__.py to __init__.cpython-310.pyc
[1.143s] running install_data
[1.143s] creating /root/aerostack2_ws/install/as2_project_bringup/share/ament_index
[1.143s] creating /root/aerostack2_ws/install/as2_project_bringup/share/ament_index/resource_index
[1.144s] creating /root/aerostack2_ws/install/as2_project_bringup/share/ament_index/resource_index/packages
[1.144s] copying resource/as2_project_bringup -> /root/aerostack2_ws/install/as2_project_bringup/share/ament_index/resource_index/packages
[1.144s] copying package.xml -> /root/aerostack2_ws/install/as2_project_bringup/share/as2_project_bringup
[1.144s] creating /root/aerostack2_ws/install/as2_project_bringup/share/as2_project_bringup/launch
[1.144s] copying launch/triple_drone_sim.launch.py -> /root/aerostack2_ws/install/as2_project_bringup/share/as2_project_bringup/launch
[1.144s] running install_egg_info
[1.144s] Copying ../../../build/as2_project_bringup/as2_project_bringup.egg-info to /root/aerostack2_ws/install/as2_project_bringup/lib/python3.10/site-packages/as2_project_bringup-0.0.0-py3.10.egg-info
[1.144s] running install_scripts
[1.174s] writing list of installed files to '/root/aerostack2_ws/build/as2_project_bringup/install.log'
[1.336s] Invoked command in '/root/aerostack2_ws/src/aerostack2/as2_project_bringup' returned '0': PYTHONPATH=/root/aerostack2_ws/build/as2_project_bringup/prefix_override:/usr/lib/python3/dist-packages/colcon_core/task/python/colcon_distutils_commands:/root/aerostack2_ws/install/as2_project_bringup/lib/python3.10/site-packages:${PYTHONPATH} /usr/bin/python3 -W ignore:setup.py install is deprecated -W ignore:easy_install command is deprecated setup.py egg_info --egg-base ../../../build/as2_project_bringup build --build-base /root/aerostack2_ws/build/as2_project_bringup/build install --record /root/aerostack2_ws/build/as2_project_bringup/install.log --single-version-externally-managed install_data
