[  0%] Built target as2_msgs__cpp
[ 12%] Built target as2_msgs__rosidl_generator_c
[ 12%] Built target ament_cmake_python_copy_as2_msgs
[ 24%] Built target as2_msgs__rosidl_typesupport_cpp
[ 37%] Built target as2_msgs__rosidl_typesupport_c
[ 50%] Built target as2_msgs__rosidl_typesupport_introspection_c
[ 63%] Built target as2_msgs__rosidl_typesupport_introspection_cpp
[ 75%] Built target as2_msgs__rosidl_typesupport_fastrtps_cpp
[ 88%] Built target as2_msgs__rosidl_typesupport_fastrtps_c
[ 88%] Built target as2_msgs
[ 88%] Built target as2_msgs__py
[100%] Built target as2_msgs__rosidl_generator_py
[100%] Built target as2_msgs__rosidl_typesupport_fastrtps_c__pyext
[100%] Built target as2_msgs__rosidl_typesupport_c__pyext
[100%] Built target as2_msgs__rosidl_typesupport_introspection_c__pyext
running egg_info
writing as2_msgs.egg-info/PKG-INFO
writing dependency_links to as2_msgs.egg-info/dependency_links.txt
writing top-level names to as2_msgs.egg-info/top_level.txt
reading manifest file 'as2_msgs.egg-info/SOURCES.txt'
writing manifest file 'as2_msgs.egg-info/SOURCES.txt'
[100%] Built target ament_cmake_python_build_as2_msgs_egg
