/root/aerostack2_ws/install/rmf_demos_panel/lib/python3.10/site-packages/rmf_demos_panel/__init__.py
/root/aerostack2_ws/install/rmf_demos_panel/lib/python3.10/site-packages/rmf_demos_panel/dispatcher_client.py
/root/aerostack2_ws/install/rmf_demos_panel/lib/python3.10/site-packages/rmf_demos_panel/simple_api_server.py
/root/aerostack2_ws/install/rmf_demos_panel/lib/python3.10/site-packages/rmf_demos_panel/rmf_msg_observer.py
/root/aerostack2_ws/install/rmf_demos_panel/lib/python3.10/site-packages/rmf_demos_panel/__pycache__/__init__.cpython-310.pyc
/root/aerostack2_ws/install/rmf_demos_panel/lib/python3.10/site-packages/rmf_demos_panel/__pycache__/dispatcher_client.cpython-310.pyc
/root/aerostack2_ws/install/rmf_demos_panel/lib/python3.10/site-packages/rmf_demos_panel/__pycache__/simple_api_server.cpython-310.pyc
/root/aerostack2_ws/install/rmf_demos_panel/lib/python3.10/site-packages/rmf_demos_panel/__pycache__/rmf_msg_observer.cpython-310.pyc
/root/aerostack2_ws/install/rmf_demos_panel/share/ament_index/resource_index/packages/rmf_demos_panel
/root/aerostack2_ws/install/rmf_demos_panel/share/rmf_demos_panel/package.xml
/root/aerostack2_ws/install/rmf_demos_panel/lib/python3.10/site-packages/rmf_demos_panel/templates
/root/aerostack2_ws/install/rmf_demos_panel/lib/python3.10/site-packages/rmf_demos_panel/static/dist
/root/aerostack2_ws/install/rmf_demos_panel/lib/python3.10/site-packages/rmf_demos_panel-2.0.4-py3.10.egg-info/entry_points.txt
/root/aerostack2_ws/install/rmf_demos_panel/lib/python3.10/site-packages/rmf_demos_panel-2.0.4-py3.10.egg-info/SOURCES.txt
/root/aerostack2_ws/install/rmf_demos_panel/lib/python3.10/site-packages/rmf_demos_panel-2.0.4-py3.10.egg-info/requires.txt
/root/aerostack2_ws/install/rmf_demos_panel/lib/python3.10/site-packages/rmf_demos_panel-2.0.4-py3.10.egg-info/dependency_links.txt
/root/aerostack2_ws/install/rmf_demos_panel/lib/python3.10/site-packages/rmf_demos_panel-2.0.4-py3.10.egg-info/PKG-INFO
/root/aerostack2_ws/install/rmf_demos_panel/lib/python3.10/site-packages/rmf_demos_panel-2.0.4-py3.10.egg-info/top_level.txt
/root/aerostack2_ws/install/rmf_demos_panel/lib/python3.10/site-packages/rmf_demos_panel-2.0.4-py3.10.egg-info/zip-safe
/root/aerostack2_ws/install/rmf_demos_panel/lib/rmf_demos_panel/simple_api_server
