[0.125s] Invoking command in '/root/aerostack2_ws/build/as2_gazebo_assets': CMAKE_PREFIX_PATH=/root/aerostack2_ws/install/as2_core:/root/aerostack2_ws/install/as2_msgs:/root/aerostack2_ws/install/aerostack2:/root/aerostack2_ws/install/as2_usb_camera_interface:/root/aerostack2_ws/install/as2_state_estimator:/root/aerostack2_ws/install/as2_rviz_plugins:/root/aerostack2_ws/install/as2_realsense_interface:/root/aerostack2_ws/install/as2_platform_multirotor_simulator:/root/aerostack2_ws/install/as2_platform_gazebo:/root/aerostack2_ws/install/as2_motion_controller:/root/aerostack2_ws/install/as2_behaviors_trajectory_generation:/root/aerostack2_ws/install/as2_behaviors_swarm_flocking:/root/aerostack2_ws/install/as2_behaviors_motion:/root/aerostack2_ws/install/as2_motion_reference_handlers:/root/aerostack2_ws/install/as2_map_server:/root/aerostack2_ws/install/as2_geozones:/root/aerostack2_ws/install/as2_gazebo_assets:/root/aerostack2_ws/install/as2_external_object_to_tf:/root/aerostack2_ws/install/as2_behaviors_platform:/root/aerostack2_ws/install/as2_behaviors_perception:/root/aerostack2_ws/install/as2_behaviors_path_planning:/root/aerostack2_ws/install/as2_behavior_tree:/root/aerostack2_ws/install/as2_behavior:/root/aerostack2_ws/install/as2_alphanumeric_viewer:/root/aerostack2_ws/install/as2_cli:/root/aerostack2_ws/install/as2_visualization:/root/aerostack2_ws/install/as2_keyboard_teleoperation:/root/aerostack2_ws/install/as2_python_api:/root/aerostack2_ws/install/as2_perception:/opt/ros/humble LD_LIBRARY_PATH=/root/aerostack2_ws/install/as2_core/lib:/root/aerostack2_ws/install/as2_msgs/lib:/root/aerostack2_ws/install/as2_state_estimator/lib:/root/aerostack2_ws/install/as2_python_api/lib:/root/aerostack2_ws/install/as2_motion_controller/lib:/root/aerostack2_ws/install/as2_behaviors_trajectory_generation/lib:/root/aerostack2_ws/install/as2_behaviors_swarm_flocking/lib:/root/aerostack2_ws/install/as2_behaviors_motion/lib:/root/aerostack2_ws/install/as2_motion_reference_handlers/lib:/root/aerostack2_ws/install/as2_map_server/lib:/root/aerostack2_ws/install/as2_gazebo_assets/lib:/root/aerostack2_ws/install/as2_behaviors_perception/lib:/root/aerostack2_ws/install/as2_behaviors_path_planning/lib:/root/aerostack2_ws/install/as2_behavior_tree/lib:/root/aerostack2_ws/install/as2_behavior/lib:/opt/ros/humble/opt/rviz_ogre_vendor/lib:/opt/ros/humble/lib/x86_64-linux-gnu:/opt/ros/humble/lib /usr/bin/cmake --build /root/aerostack2_ws/build/as2_gazebo_assets -- -j8 -l8
[0.525s] [ 12%] Built target azimuth_bridge
[0.546s] [ 25%] Built target acro_bridge
[0.547s] [ 37%] Built target object_tf_broadcaster
[0.557s] [ 50%] Built target gimbal_bridge
[0.565s] [ 62%] Built target gps_bridge
[0.572s] [ 75%] Built target ground_truth_bridge
[0.573s] [ 87%] Built target MulticopterINDIControl
[0.579s] [100%] Built target set_entity_pose_bridge
[0.625s] [100%] Built target ament_cmake_python_copy_as2_gazebo_assets
[2.335s] running egg_info
[2.336s] writing as2_gazebo_assets.egg-info/PKG-INFO
[2.341s] writing dependency_links to as2_gazebo_assets.egg-info/dependency_links.txt
[2.360s] writing top-level names to as2_gazebo_assets.egg-info/top_level.txt
[2.360s] reading manifest file 'as2_gazebo_assets.egg-info/SOURCES.txt'
[2.362s] writing manifest file 'as2_gazebo_assets.egg-info/SOURCES.txt'
[2.512s] [100%] Built target ament_cmake_python_build_as2_gazebo_assets_egg
[2.685s] Invoked command in '/root/aerostack2_ws/build/as2_gazebo_assets' returned '0': CMAKE_PREFIX_PATH=/root/aerostack2_ws/install/as2_core:/root/aerostack2_ws/install/as2_msgs:/root/aerostack2_ws/install/aerostack2:/root/aerostack2_ws/install/as2_usb_camera_interface:/root/aerostack2_ws/install/as2_state_estimator:/root/aerostack2_ws/install/as2_rviz_plugins:/root/aerostack2_ws/install/as2_realsense_interface:/root/aerostack2_ws/install/as2_platform_multirotor_simulator:/root/aerostack2_ws/install/as2_platform_gazebo:/root/aerostack2_ws/install/as2_motion_controller:/root/aerostack2_ws/install/as2_behaviors_trajectory_generation:/root/aerostack2_ws/install/as2_behaviors_swarm_flocking:/root/aerostack2_ws/install/as2_behaviors_motion:/root/aerostack2_ws/install/as2_motion_reference_handlers:/root/aerostack2_ws/install/as2_map_server:/root/aerostack2_ws/install/as2_geozones:/root/aerostack2_ws/install/as2_gazebo_assets:/root/aerostack2_ws/install/as2_external_object_to_tf:/root/aerostack2_ws/install/as2_behaviors_platform:/root/aerostack2_ws/install/as2_behaviors_perception:/root/aerostack2_ws/install/as2_behaviors_path_planning:/root/aerostack2_ws/install/as2_behavior_tree:/root/aerostack2_ws/install/as2_behavior:/root/aerostack2_ws/install/as2_alphanumeric_viewer:/root/aerostack2_ws/install/as2_cli:/root/aerostack2_ws/install/as2_visualization:/root/aerostack2_ws/install/as2_keyboard_teleoperation:/root/aerostack2_ws/install/as2_python_api:/root/aerostack2_ws/install/as2_perception:/opt/ros/humble LD_LIBRARY_PATH=/root/aerostack2_ws/install/as2_core/lib:/root/aerostack2_ws/install/as2_msgs/lib:/root/aerostack2_ws/install/as2_state_estimator/lib:/root/aerostack2_ws/install/as2_python_api/lib:/root/aerostack2_ws/install/as2_motion_controller/lib:/root/aerostack2_ws/install/as2_behaviors_trajectory_generation/lib:/root/aerostack2_ws/install/as2_behaviors_swarm_flocking/lib:/root/aerostack2_ws/install/as2_behaviors_motion/lib:/root/aerostack2_ws/install/as2_motion_reference_handlers/lib:/root/aerostack2_ws/install/as2_map_server/lib:/root/aerostack2_ws/install/as2_gazebo_assets/lib:/root/aerostack2_ws/install/as2_behaviors_perception/lib:/root/aerostack2_ws/install/as2_behaviors_path_planning/lib:/root/aerostack2_ws/install/as2_behavior_tree/lib:/root/aerostack2_ws/install/as2_behavior/lib:/opt/ros/humble/opt/rviz_ogre_vendor/lib:/opt/ros/humble/lib/x86_64-linux-gnu:/opt/ros/humble/lib /usr/bin/cmake --build /root/aerostack2_ws/build/as2_gazebo_assets -- -j8 -l8
[2.687s] Invoking command in '/root/aerostack2_ws/build/as2_gazebo_assets': CMAKE_PREFIX_PATH=/root/aerostack2_ws/install/as2_core:/root/aerostack2_ws/install/as2_msgs:/root/aerostack2_ws/install/aerostack2:/root/aerostack2_ws/install/as2_usb_camera_interface:/root/aerostack2_ws/install/as2_state_estimator:/root/aerostack2_ws/install/as2_rviz_plugins:/root/aerostack2_ws/install/as2_realsense_interface:/root/aerostack2_ws/install/as2_platform_multirotor_simulator:/root/aerostack2_ws/install/as2_platform_gazebo:/root/aerostack2_ws/install/as2_motion_controller:/root/aerostack2_ws/install/as2_behaviors_trajectory_generation:/root/aerostack2_ws/install/as2_behaviors_swarm_flocking:/root/aerostack2_ws/install/as2_behaviors_motion:/root/aerostack2_ws/install/as2_motion_reference_handlers:/root/aerostack2_ws/install/as2_map_server:/root/aerostack2_ws/install/as2_geozones:/root/aerostack2_ws/install/as2_gazebo_assets:/root/aerostack2_ws/install/as2_external_object_to_tf:/root/aerostack2_ws/install/as2_behaviors_platform:/root/aerostack2_ws/install/as2_behaviors_perception:/root/aerostack2_ws/install/as2_behaviors_path_planning:/root/aerostack2_ws/install/as2_behavior_tree:/root/aerostack2_ws/install/as2_behavior:/root/aerostack2_ws/install/as2_alphanumeric_viewer:/root/aerostack2_ws/install/as2_cli:/root/aerostack2_ws/install/as2_visualization:/root/aerostack2_ws/install/as2_keyboard_teleoperation:/root/aerostack2_ws/install/as2_python_api:/root/aerostack2_ws/install/as2_perception:/opt/ros/humble LD_LIBRARY_PATH=/root/aerostack2_ws/install/as2_core/lib:/root/aerostack2_ws/install/as2_msgs/lib:/root/aerostack2_ws/install/as2_state_estimator/lib:/root/aerostack2_ws/install/as2_python_api/lib:/root/aerostack2_ws/install/as2_motion_controller/lib:/root/aerostack2_ws/install/as2_behaviors_trajectory_generation/lib:/root/aerostack2_ws/install/as2_behaviors_swarm_flocking/lib:/root/aerostack2_ws/install/as2_behaviors_motion/lib:/root/aerostack2_ws/install/as2_motion_reference_handlers/lib:/root/aerostack2_ws/install/as2_map_server/lib:/root/aerostack2_ws/install/as2_gazebo_assets/lib:/root/aerostack2_ws/install/as2_behaviors_perception/lib:/root/aerostack2_ws/install/as2_behaviors_path_planning/lib:/root/aerostack2_ws/install/as2_behavior_tree/lib:/root/aerostack2_ws/install/as2_behavior/lib:/opt/ros/humble/opt/rviz_ogre_vendor/lib:/opt/ros/humble/lib/x86_64-linux-gnu:/opt/ros/humble/lib /usr/bin/cmake --install /root/aerostack2_ws/build/as2_gazebo_assets
[2.779s] -- Install configuration: ""
[2.780s] -- Up-to-date: /root/aerostack2_ws/install/as2_gazebo_assets/share/as2_gazebo_assets/environment/resource_paths.dsv
[2.781s] -- Up-to-date: /root/aerostack2_ws/install/as2_gazebo_assets/share/as2_gazebo_assets/environment/resource_paths.sh
[2.781s] -- Up-to-date: /root/aerostack2_ws/install/as2_gazebo_assets/lib/as2_gazebo_assets/azimuth_bridge
[2.785s] -- Up-to-date: /root/aerostack2_ws/install/as2_gazebo_assets/lib/as2_gazebo_assets/gps_bridge
[2.786s] -- Up-to-date: /root/aerostack2_ws/install/as2_gazebo_assets/lib/as2_gazebo_assets/ground_truth_bridge
[2.787s] -- Up-to-date: /root/aerostack2_ws/install/as2_gazebo_assets/lib/as2_gazebo_assets/object_tf_broadcaster
[2.788s] -- Up-to-date: /root/aerostack2_ws/install/as2_gazebo_assets/lib/as2_gazebo_assets/gimbal_bridge
[2.789s] -- Up-to-date: /root/aerostack2_ws/install/as2_gazebo_assets/lib/as2_gazebo_assets/acro_bridge
[2.789s] -- Up-to-date: /root/aerostack2_ws/install/as2_gazebo_assets/lib/as2_gazebo_assets/set_entity_pose_bridge
[2.789s] -- Up-to-date: /root/aerostack2_ws/install/as2_gazebo_assets/lib/libMulticopterINDIControl.so
[2.789s] -- Up-to-date: /root/aerostack2_ws/install/as2_gazebo_assets/share/as2_gazebo_assets/environment/pythonpath.sh
[2.790s] -- Up-to-date: /root/aerostack2_ws/install/as2_gazebo_assets/share/as2_gazebo_assets/environment/pythonpath.dsv
[2.790s] -- Up-to-date: /root/aerostack2_ws/install/as2_gazebo_assets/local/lib/python3.10/dist-packages/as2_gazebo_assets-1.1.3-py3.10.egg-info
[2.790s] -- Installing: /root/aerostack2_ws/install/as2_gazebo_assets/local/lib/python3.10/dist-packages/as2_gazebo_assets-1.1.3-py3.10.egg-info/SOURCES.txt
[2.790s] -- Installing: /root/aerostack2_ws/install/as2_gazebo_assets/local/lib/python3.10/dist-packages/as2_gazebo_assets-1.1.3-py3.10.egg-info/dependency_links.txt
[2.790s] -- Installing: /root/aerostack2_ws/install/as2_gazebo_assets/local/lib/python3.10/dist-packages/as2_gazebo_assets-1.1.3-py3.10.egg-info/PKG-INFO
[2.791s] -- Installing: /root/aerostack2_ws/install/as2_gazebo_assets/local/lib/python3.10/dist-packages/as2_gazebo_assets-1.1.3-py3.10.egg-info/top_level.txt
[2.791s] -- Up-to-date: /root/aerostack2_ws/install/as2_gazebo_assets/local/lib/python3.10/dist-packages/as2_gazebo_assets
[2.791s] -- Up-to-date: /root/aerostack2_ws/install/as2_gazebo_assets/local/lib/python3.10/dist-packages/as2_gazebo_assets/bridges
[2.791s] -- Up-to-date: /root/aerostack2_ws/install/as2_gazebo_assets/local/lib/python3.10/dist-packages/as2_gazebo_assets/bridges/__init__.py
[2.791s] -- Up-to-date: /root/aerostack2_ws/install/as2_gazebo_assets/local/lib/python3.10/dist-packages/as2_gazebo_assets/bridges/bridge.py
[2.791s] -- Up-to-date: /root/aerostack2_ws/install/as2_gazebo_assets/local/lib/python3.10/dist-packages/as2_gazebo_assets/bridges/custom_bridges.py
[2.791s] -- Up-to-date: /root/aerostack2_ws/install/as2_gazebo_assets/local/lib/python3.10/dist-packages/as2_gazebo_assets/bridges/bridges.py
[2.791s] -- Up-to-date: /root/aerostack2_ws/install/as2_gazebo_assets/local/lib/python3.10/dist-packages/as2_gazebo_assets/__init__.py
[2.791s] -- Up-to-date: /root/aerostack2_ws/install/as2_gazebo_assets/local/lib/python3.10/dist-packages/as2_gazebo_assets/utils
[2.791s] -- Up-to-date: /root/aerostack2_ws/install/as2_gazebo_assets/local/lib/python3.10/dist-packages/as2_gazebo_assets/utils/launch_exception.py
[2.791s] -- Up-to-date: /root/aerostack2_ws/install/as2_gazebo_assets/local/lib/python3.10/dist-packages/as2_gazebo_assets/tests
[2.796s] -- Up-to-date: /root/aerostack2_ws/install/as2_gazebo_assets/local/lib/python3.10/dist-packages/as2_gazebo_assets/tests/test_models.py
[2.798s] -- Up-to-date: /root/aerostack2_ws/install/as2_gazebo_assets/local/lib/python3.10/dist-packages/as2_gazebo_assets/models
[2.798s] -- Up-to-date: /root/aerostack2_ws/install/as2_gazebo_assets/local/lib/python3.10/dist-packages/as2_gazebo_assets/models/__init__.py
[2.798s] -- Up-to-date: /root/aerostack2_ws/install/as2_gazebo_assets/local/lib/python3.10/dist-packages/as2_gazebo_assets/models/entity.py
[2.798s] -- Up-to-date: /root/aerostack2_ws/install/as2_gazebo_assets/local/lib/python3.10/dist-packages/as2_gazebo_assets/models/object.py
[2.798s] -- Up-to-date: /root/aerostack2_ws/install/as2_gazebo_assets/local/lib/python3.10/dist-packages/as2_gazebo_assets/models/drone.py
[2.798s] -- Up-to-date: /root/aerostack2_ws/install/as2_gazebo_assets/local/lib/python3.10/dist-packages/as2_gazebo_assets/models/payload.py
[2.799s] -- Up-to-date: /root/aerostack2_ws/install/as2_gazebo_assets/local/lib/python3.10/dist-packages/as2_gazebo_assets/world.py
[2.799s] Listing '/root/aerostack2_ws/install/as2_gazebo_assets/local/lib/python3.10/dist-packages/as2_gazebo_assets'...
[2.799s] Listing '/root/aerostack2_ws/install/as2_gazebo_assets/local/lib/python3.10/dist-packages/as2_gazebo_assets/bridges'...
[2.799s] Listing '/root/aerostack2_ws/install/as2_gazebo_assets/local/lib/python3.10/dist-packages/as2_gazebo_assets/models'...
[2.799s] Listing '/root/aerostack2_ws/install/as2_gazebo_assets/local/lib/python3.10/dist-packages/as2_gazebo_assets/tests'...
[2.799s] Listing '/root/aerostack2_ws/install/as2_gazebo_assets/local/lib/python3.10/dist-packages/as2_gazebo_assets/utils'...
[2.799s] -- Up-to-date: /root/aerostack2_ws/install/as2_gazebo_assets/include
[2.800s] -- Up-to-date: /root/aerostack2_ws/install/as2_gazebo_assets/include/as2_gazebo_assets
[2.800s] -- Up-to-date: /root/aerostack2_ws/install/as2_gazebo_assets/include/as2_gazebo_assets/acro_bridge.hpp
[2.801s] -- Up-to-date: /root/aerostack2_ws/install/as2_gazebo_assets/include/as2_gazebo_assets/ground_truth_bridge.hpp
[2.801s] -- Up-to-date: /root/aerostack2_ws/install/as2_gazebo_assets/include/as2_gazebo_assets/gps_bridge.hpp
[2.801s] -- Up-to-date: /root/aerostack2_ws/install/as2_gazebo_assets/include/as2_gazebo_assets/gimbal_bridge.hpp
[2.801s] -- Up-to-date: /root/aerostack2_ws/install/as2_gazebo_assets/include/as2_gazebo_assets/azimuth_bridge.hpp
[2.801s] -- Up-to-date: /root/aerostack2_ws/install/as2_gazebo_assets/include/as2_gazebo_assets/object_tf_broadcaster.hpp
[2.801s] -- Up-to-date: /root/aerostack2_ws/install/as2_gazebo_assets/include/as2_gazebo_assets/set_entity_pose_bridge.hpp
[2.801s] -- Up-to-date: /root/aerostack2_ws/install/as2_gazebo_assets/share/as2_gazebo_assets/launch
[2.801s] -- Up-to-date: /root/aerostack2_ws/install/as2_gazebo_assets/share/as2_gazebo_assets/launch/launch_simulation.py
[2.801s] -- Up-to-date: /root/aerostack2_ws/install/as2_gazebo_assets/share/as2_gazebo_assets/launch/monitor_sim.py
[2.801s] -- Up-to-date: /root/aerostack2_ws/install/as2_gazebo_assets/share/as2_gazebo_assets/launch/world_bridges.py
[2.801s] -- Up-to-date: /root/aerostack2_ws/install/as2_gazebo_assets/share/as2_gazebo_assets/launch/object_bridges.py
[2.801s] -- Up-to-date: /root/aerostack2_ws/install/as2_gazebo_assets/share/as2_gazebo_assets/launch/drone_bridges.py
[2.801s] -- Up-to-date: /root/aerostack2_ws/install/as2_gazebo_assets/share/as2_gazebo_assets/worlds
[2.802s] -- Up-to-date: /root/aerostack2_ws/install/as2_gazebo_assets/share/as2_gazebo_assets/worlds/urban_medium.sdf.jinja
[2.802s] -- Up-to-date: /root/aerostack2_ws/install/as2_gazebo_assets/share/as2_gazebo_assets/worlds/empty.sdf.jinja
[2.802s] -- Up-to-date: /root/aerostack2_ws/install/as2_gazebo_assets/share/as2_gazebo_assets/worlds/test_gripper.sdf
[2.802s] -- Up-to-date: /root/aerostack2_ws/install/as2_gazebo_assets/share/as2_gazebo_assets/worlds/grass.sdf.jinja
[2.802s] -- Up-to-date: /root/aerostack2_ws/install/as2_gazebo_assets/share/as2_gazebo_assets/models
[2.802s] -- Up-to-date: /root/aerostack2_ws/install/as2_gazebo_assets/share/as2_gazebo_assets/models/Wall_Cabinet_36x15W
[2.802s] -- Up-to-date: /root/aerostack2_ws/install/as2_gazebo_assets/share/as2_gazebo_assets/models/demo_cube
[2.802s] -- Up-to-date: /root/aerostack2_ws/install/as2_gazebo_assets/share/as2_gazebo_assets/models/cpr_agriculture
[2.804s] -- Up-to-date: /root/aerostack2_ws/install/as2_gazebo_assets/share/as2_gazebo_assets/models/big_box
[2.804s] -- Up-to-date: /root/aerostack2_ws/install/as2_gazebo_assets/share/as2_gazebo_assets/models/glass_shard_medium
[2.804s] -- Up-to-date: /root/aerostack2_ws/install/as2_gazebo_assets/share/as2_gazebo_assets/models/BoxesLargeOnPallet_2
[2.804s] -- Up-to-date: /root/aerostack2_ws/install/as2_gazebo_assets/share/as2_gazebo_assets/models/cup_paper
[2.805s] -- Up-to-date: /root/aerostack2_ws/install/as2_gazebo_assets/share/as2_gazebo_assets/models/pencil
[2.805s] -- Up-to-date: /root/aerostack2_ws/install/as2_gazebo_assets/share/as2_gazebo_assets/models/lidar
[2.805s] -- Up-to-date: /root/aerostack2_ws/install/as2_gazebo_assets/share/as2_gazebo_assets/models/laptop_pc_1
[2.805s] -- Up-to-date: /root/aerostack2_ws/install/as2_gazebo_assets/share/as2_gazebo_assets/models/aluminum_bar_1
[2.805s] -- Up-to-date: /root/aerostack2_ws/install/as2_gazebo_assets/share/as2_gazebo_assets/models/bottle_beer_broken
[2.805s] -- Up-to-date: /root/aerostack2_ws/install/as2_gazebo_assets/share/as2_gazebo_assets/models/desk_drawer
[2.805s] -- Up-to-date: /root/aerostack2_ws/install/as2_gazebo_assets/share/as2_gazebo_assets/models/Box_15x30
[2.806s] -- Up-to-date: /root/aerostack2_ws/install/as2_gazebo_assets/share/as2_gazebo_assets/models/donut_1
[2.806s] -- Up-to-date: /root/aerostack2_ws/install/as2_gazebo_assets/share/as2_gazebo_assets/models/cylinder_b
[2.807s] -- Up-to-date: /root/aerostack2_ws/install/as2_gazebo_assets/share/as2_gazebo_assets/models/Zed_dummy
[2.807s] -- Up-to-date: /root/aerostack2_ws/install/as2_gazebo_assets/share/as2_gazebo_assets/models/sofa_set_1
[2.807s] -- Up-to-date: /root/aerostack2_ws/install/as2_gazebo_assets/share/as2_gazebo_assets/models/debris_3_2
[2.807s] -- Up-to-date: /root/aerostack2_ws/install/as2_gazebo_assets/share/as2_gazebo_assets/models/textured_panel_3m9
[2.807s] -- Up-to-date: /root/aerostack2_ws/install/as2_gazebo_assets/share/as2_gazebo_assets/models/solo
[2.807s] -- Up-to-date: /root/aerostack2_ws/install/as2_gazebo_assets/share/as2_gazebo_assets/models/brick_wall_hole_4
[2.807s] -- Up-to-date: /root/aerostack2_ws/install/as2_gazebo_assets/share/as2_gazebo_assets/models/picture_frame_small_1
[2.807s] -- Up-to-date: /root/aerostack2_ws/install/as2_gazebo_assets/share/as2_gazebo_assets/models/tray
[2.811s] -- Up-to-date: /root/aerostack2_ws/install/as2_gazebo_assets/share/as2_gazebo_assets/models/human_male_1
[2.812s] -- Up-to-date: /root/aerostack2_ws/install/as2_gazebo_assets/share/as2_gazebo_assets/models/lamp_large
[2.812s] -- Up-to-date: /root/aerostack2_ws/install/as2_gazebo_assets/share/as2_gazebo_assets/models/Wall_Cabinet_Coin_24x30W
[2.812s] -- Up-to-date: /root/aerostack2_ws/install/as2_gazebo_assets/share/as2_gazebo_assets/models/big_box2
[2.812s] -- Up-to-date: /root/aerostack2_ws/install/as2_gazebo_assets/share/as2_gazebo_assets/models/bottle_wine_broken
[2.812s] -- Up-to-date: /root/aerostack2_ws/install/as2_gazebo_assets/share/as2_gazebo_assets/models/toolbox_metal_blue
[2.812s] -- Up-to-date: /root/aerostack2_ws/install/as2_gazebo_assets/share/as2_gazebo_assets/models/caddy_yellow
[2.812s] -- Up-to-date: /root/aerostack2_ws/install/as2_gazebo_assets/share/as2_gazebo_assets/models/newspaper_2
[2.812s] -- Up-to-date: /root/aerostack2_ws/install/as2_gazebo_assets/share/as2_gazebo_assets/models/pen_sky
[2.812s] -- Up-to-date: /root/aerostack2_ws/install/as2_gazebo_assets/share/as2_gazebo_assets/models/textured_panel_1_5m4
[2.812s] -- Up-to-date: /root/aerostack2_ws/install/as2_gazebo_assets/share/as2_gazebo_assets/models/human_female_3
[2.812s] -- Up-to-date: /root/aerostack2_ws/install/as2_gazebo_assets/share/as2_gazebo_assets/models/donut_frost_3
[2.812s] -- Up-to-date: /root/aerostack2_ws/install/as2_gazebo_assets/share/as2_gazebo_assets/models/plant_2_single
[2.812s] -- Up-to-date: /root/aerostack2_ws/install/as2_gazebo_assets/share/as2_gazebo_assets/models/x500
[2.812s] -- Up-to-date: /root/aerostack2_ws/install/as2_gazebo_assets/share/as2_gazebo_assets/models/x500/meshes
[2.813s] -- Up-to-date: /root/aerostack2_ws/install/as2_gazebo_assets/share/as2_gazebo_assets/models/x500/meshes/1345_prop_ccw.stl
[2.813s] -- Up-to-date: /root/aerostack2_ws/install/as2_gazebo_assets/share/as2_gazebo_assets/models/x500/meshes/NXP-HGD-CF.dae
[2.813s] -- Up-to-date: /root/aerostack2_ws/install/as2_gazebo_assets/share/as2_gazebo_assets/models/x500/meshes/1345_prop_cw.stl
[2.813s] -- Up-to-date: /root/aerostack2_ws/install/as2_gazebo_assets/share/as2_gazebo_assets/models/x500/meshes/CF.png
[2.813s] -- Up-to-date: /root/aerostack2_ws/install/as2_gazebo_assets/share/as2_gazebo_assets/models/x500/meshes/5010Base.dae
[2.813s] -- Up-to-date: /root/aerostack2_ws/install/as2_gazebo_assets/share/as2_gazebo_assets/models/x500/meshes/5010Bell.dae
[2.813s] -- Up-to-date: /root/aerostack2_ws/install/as2_gazebo_assets/share/as2_gazebo_assets/models/x500/materials
[2.813s] -- Up-to-date: /root/aerostack2_ws/install/as2_gazebo_assets/share/as2_gazebo_assets/models/x500/materials/textures
[2.813s] -- Up-to-date: /root/aerostack2_ws/install/as2_gazebo_assets/share/as2_gazebo_assets/models/x500/materials/textures/nxp.png
[2.813s] -- Up-to-date: /root/aerostack2_ws/install/as2_gazebo_assets/share/as2_gazebo_assets/models/x500/materials/textures/rd.png
[2.813s] -- Up-to-date: /root/aerostack2_ws/install/as2_gazebo_assets/share/as2_gazebo_assets/models/x500/materials/textures/CF.png
[2.813s] -- Up-to-date: /root/aerostack2_ws/install/as2_gazebo_assets/share/as2_gazebo_assets/models/x500/thumbnails
[2.813s] -- Up-to-date: /root/aerostack2_ws/install/as2_gazebo_assets/share/as2_gazebo_assets/models/x500/thumbnails/1.png
[2.814s] -- Up-to-date: /root/aerostack2_ws/install/as2_gazebo_assets/share/as2_gazebo_assets/models/x500/thumbnails/4.png
[2.814s] -- Up-to-date: /root/aerostack2_ws/install/as2_gazebo_assets/share/as2_gazebo_assets/models/x500/thumbnails/2.png
[2.814s] -- Up-to-date: /root/aerostack2_ws/install/as2_gazebo_assets/share/as2_gazebo_assets/models/x500/thumbnails/3.png
[2.814s] -- Up-to-date: /root/aerostack2_ws/install/as2_gazebo_assets/share/as2_gazebo_assets/models/x500/thumbnails/5.png
[2.814s] -- Up-to-date: /root/aerostack2_ws/install/as2_gazebo_assets/share/as2_gazebo_assets/models/x500/x500.sdf.jinja
[2.814s] -- Up-to-date: /root/aerostack2_ws/install/as2_gazebo_assets/share/as2_gazebo_assets/models/x500/x500.sdf
[2.814s] -- Up-to-date: /root/aerostack2_ws/install/as2_gazebo_assets/share/as2_gazebo_assets/models/x500/model.config
[2.814s] -- Up-to-date: /root/aerostack2_ws/install/as2_gazebo_assets/share/as2_gazebo_assets/models/donut_2
[2.814s] -- Up-to-date: /root/aerostack2_ws/install/as2_gazebo_assets/share/as2_gazebo_assets/models/can_coke
[2.814s] -- Up-to-date: /root/aerostack2_ws/install/as2_gazebo_assets/share/as2_gazebo_assets/models/gate
[2.814s] -- Up-to-date: /root/aerostack2_ws/install/as2_gazebo_assets/share/as2_gazebo_assets/models/gate/gate.sdf
[2.814s] -- Up-to-date: /root/aerostack2_ws/install/as2_gazebo_assets/share/as2_gazebo_assets/models/gate/meshes
[2.814s] -- Up-to-date: /root/aerostack2_ws/install/as2_gazebo_assets/share/as2_gazebo_assets/models/gate/meshes/gate.dae
[2.814s] -- Up-to-date: /root/aerostack2_ws/install/as2_gazebo_assets/share/as2_gazebo_assets/models/gate/meshes/gate_color.png
[2.815s] -- Up-to-date: /root/aerostack2_ws/install/as2_gazebo_assets/share/as2_gazebo_assets/models/gate/model.config
[2.815s] -- Up-to-date: /root/aerostack2_ws/install/as2_gazebo_assets/share/as2_gazebo_assets/models/sphere_y
[2.815s] -- Up-to-date: /root/aerostack2_ws/install/as2_gazebo_assets/share/as2_gazebo_assets/models/book_20
[2.815s] -- Up-to-date: /root/aerostack2_ws/install/as2_gazebo_assets/share/as2_gazebo_assets/models/candy_red
[2.815s] -- Up-to-date: /root/aerostack2_ws/install/as2_gazebo_assets/share/as2_gazebo_assets/models/clock_blue
[2.815s] -- Up-to-date: /root/aerostack2_ws/install/as2_gazebo_assets/share/as2_gazebo_assets/models/caddy_grey
[2.815s] -- Up-to-date: /root/aerostack2_ws/install/as2_gazebo_assets/share/as2_gazebo_assets/models/blue_bin_cuboid
[2.820s] -- Up-to-date: /root/aerostack2_ws/install/as2_gazebo_assets/share/as2_gazebo_assets/models/side_table_2
[2.821s] -- Up-to-date: /root/aerostack2_ws/install/as2_gazebo_assets/share/as2_gazebo_assets/models/human_female_4
[2.821s] -- Up-to-date: /root/aerostack2_ws/install/as2_gazebo_assets/share/as2_gazebo_assets/models/cube_r
[2.821s] -- Up-to-date: /root/aerostack2_ws/install/as2_gazebo_assets/share/as2_gazebo_assets/models/cylinder_or
[2.821s] -- Up-to-date: /root/aerostack2_ws/install/as2_gazebo_assets/share/as2_gazebo_assets/models/hexrotor_base
[2.821s] -- Up-to-date: /root/aerostack2_ws/install/as2_gazebo_assets/share/as2_gazebo_assets/models/hexrotor_base/meshes
[2.821s] -- Up-to-date: /root/aerostack2_ws/install/as2_gazebo_assets/share/as2_gazebo_assets/models/hexrotor_base/meshes/hexrotor.jpg
[2.821s] -- Up-to-date: /root/aerostack2_ws/install/as2_gazebo_assets/share/as2_gazebo_assets/models/hexrotor_base/meshes/led_lamp.dae
[2.821s] -- Up-to-date: /root/aerostack2_ws/install/as2_gazebo_assets/share/as2_gazebo_assets/models/hexrotor_base/meshes/neo11_propeller_cw.dae
[2.821s] -- Up-to-date: /root/aerostack2_ws/install/as2_gazebo_assets/share/as2_gazebo_assets/models/hexrotor_base/meshes/led.dae
[2.821s] -- Up-to-date: /root/aerostack2_ws/install/as2_gazebo_assets/share/as2_gazebo_assets/models/hexrotor_base/meshes/hexrotor.dae
[2.821s] -- Up-to-date: /root/aerostack2_ws/install/as2_gazebo_assets/share/as2_gazebo_assets/models/hexrotor_base/meshes/neo11_propeller_ccw.dae
[2.821s] -- Up-to-date: /root/aerostack2_ws/install/as2_gazebo_assets/share/as2_gazebo_assets/models/hexrotor_base/materials
[2.821s] -- Up-to-date: /root/aerostack2_ws/install/as2_gazebo_assets/share/as2_gazebo_assets/models/hexrotor_base/materials/textures
[2.822s] -- Up-to-date: /root/aerostack2_ws/install/as2_gazebo_assets/share/as2_gazebo_assets/models/hexrotor_base/materials/textures/led.jpg
[2.822s] -- Up-to-date: /root/aerostack2_ws/install/as2_gazebo_assets/share/as2_gazebo_assets/models/hexrotor_base/hexrotor_base.sdf.jinja
[2.822s] -- Up-to-date: /root/aerostack2_ws/install/as2_gazebo_assets/share/as2_gazebo_assets/models/hexrotor_base/hexrotor_base.sdf
[2.822s] -- Up-to-date: /root/aerostack2_ws/install/as2_gazebo_assets/share/as2_gazebo_assets/models/hexrotor_base/model.config
[2.822s] -- Up-to-date: /root/aerostack2_ws/install/as2_gazebo_assets/share/as2_gazebo_assets/models/dronerace_dynamicgate_2018
[2.822s] -- Up-to-date: /root/aerostack2_ws/install/as2_gazebo_assets/share/as2_gazebo_assets/models/can_fanta
[2.822s] -- Up-to-date: /root/aerostack2_ws/install/as2_gazebo_assets/share/as2_gazebo_assets/models/human_male_4
[2.822s] -- Up-to-date: /root/aerostack2_ws/install/as2_gazebo_assets/share/as2_gazebo_assets/models/office_chair
[2.822s] -- Up-to-date: /root/aerostack2_ws/install/as2_gazebo_assets/share/as2_gazebo_assets/models/donut_frost_1
[2.822s] -- Up-to-date: /root/aerostack2_ws/install/as2_gazebo_assets/share/as2_gazebo_assets/models/office_small
[2.822s] -- Up-to-date: /root/aerostack2_ws/install/as2_gazebo_assets/share/as2_gazebo_assets/models/picture_frame_large_3
[2.822s] -- Up-to-date: /root/aerostack2_ws/install/as2_gazebo_assets/share/as2_gazebo_assets/models/bottle_red_wine
[2.822s] -- Up-to-date: /root/aerostack2_ws/install/as2_gazebo_assets/share/as2_gazebo_assets/models/flow_cam
[2.822s] -- Up-to-date: /root/aerostack2_ws/install/as2_gazebo_assets/share/as2_gazebo_assets/models/gearbox_bottom_grey
[2.823s] -- Up-to-date: /root/aerostack2_ws/install/as2_gazebo_assets/share/as2_gazebo_assets/models/Wire_Shelf
[2.823s] -- Up-to-date: /root/aerostack2_ws/install/as2_gazebo_assets/share/as2_gazebo_assets/models/typhoon_h480
[2.823s] -- Up-to-date: /root/aerostack2_ws/install/as2_gazebo_assets/share/as2_gazebo_assets/models/gps
[2.823s] -- Up-to-date: /root/aerostack2_ws/install/as2_gazebo_assets/share/as2_gazebo_assets/models/gps/gps.sdf
[2.823s] -- Up-to-date: /root/aerostack2_ws/install/as2_gazebo_assets/share/as2_gazebo_assets/models/gps/model.config
[2.823s] -- Up-to-date: /root/aerostack2_ws/install/as2_gazebo_assets/share/as2_gazebo_assets/models/city_main_square
[2.823s] -- Up-to-date: /root/aerostack2_ws/install/as2_gazebo_assets/share/as2_gazebo_assets/models/windmill
[2.823s] -- Up-to-date: /root/aerostack2_ws/install/as2_gazebo_assets/share/as2_gazebo_assets/models/windmill/meshes
[2.823s] -- Up-to-date: /root/aerostack2_ws/install/as2_gazebo_assets/share/as2_gazebo_assets/models/windmill/meshes/Plastic010_1K_Displacement.jpg
[2.823s] -- Up-to-date: /root/aerostack2_ws/install/as2_gazebo_assets/share/as2_gazebo_assets/models/windmill/meshes/tower.dae
[2.823s] -- Up-to-date: /root/aerostack2_ws/install/as2_gazebo_assets/share/as2_gazebo_assets/models/windmill/meshes/blades.dae
[2.823s] -- Up-to-date: /root/aerostack2_ws/install/as2_gazebo_assets/share/as2_gazebo_assets/models/windmill/meshes/rotor.dae
[2.823s] -- Up-to-date: /root/aerostack2_ws/install/as2_gazebo_assets/share/as2_gazebo_assets/models/windmill/windmill.sdf
[2.823s] -- Up-to-date: /root/aerostack2_ws/install/as2_gazebo_assets/share/as2_gazebo_assets/models/windmill/model.config
[2.824s] -- Up-to-date: /root/aerostack2_ws/install/as2_gazebo_assets/share/as2_gazebo_assets/models/book_14
[2.824s] -- Up-to-date: /root/aerostack2_ws/install/as2_gazebo_assets/share/as2_gazebo_assets/models/hammer_pein
[2.824s] -- Up-to-date: /root/aerostack2_ws/install/as2_gazebo_assets/share/as2_gazebo_assets/models/brick_wall_2
[2.824s] -- Up-to-date: /root/aerostack2_ws/install/as2_gazebo_assets/share/as2_gazebo_assets/models/kitchen_chair
[2.824s] -- Up-to-date: /root/aerostack2_ws/install/as2_gazebo_assets/share/as2_gazebo_assets/models/sphere_rv
[2.824s] -- Up-to-date: /root/aerostack2_ws/install/as2_gazebo_assets/share/as2_gazebo_assets/models/6_Cube_StorageE
[2.824s] -- Up-to-date: /root/aerostack2_ws/install/as2_gazebo_assets/share/as2_gazebo_assets/models/ground_plane_residential
[2.828s] -- Up-to-date: /root/aerostack2_ws/install/as2_gazebo_assets/share/as2_gazebo_assets/models/window_broken
[2.832s] -- Up-to-date: /root/aerostack2_ws/install/as2_gazebo_assets/share/as2_gazebo_assets/models/green_bin
[2.832s] -- Up-to-date: /root/aerostack2_ws/install/as2_gazebo_assets/share/as2_gazebo_assets/models/textured_panel_1_5m2
[2.832s] -- Up-to-date: /root/aerostack2_ws/install/as2_gazebo_assets/share/as2_gazebo_assets/models/plate_1_broken
[2.832s] -- Up-to-date: /root/aerostack2_ws/install/as2_gazebo_assets/share/as2_gazebo_assets/models/book_21
[2.832s] -- Up-to-date: /root/aerostack2_ws/install/as2_gazebo_assets/share/as2_gazebo_assets/models/aruco
[2.832s] -- Up-to-date: /root/aerostack2_ws/install/as2_gazebo_assets/share/as2_gazebo_assets/models/aruco/meshes
[2.832s] -- Up-to-date: /root/aerostack2_ws/install/as2_gazebo_assets/share/as2_gazebo_assets/models/aruco/meshes/checkerboard_plane.dae
[2.833s] -- Up-to-date: /root/aerostack2_ws/install/as2_gazebo_assets/share/as2_gazebo_assets/models/aruco/materials
[2.833s] -- Up-to-date: /root/aerostack2_ws/install/as2_gazebo_assets/share/as2_gazebo_assets/models/aruco/materials/scripts
[2.833s] -- Up-to-date: /root/aerostack2_ws/install/as2_gazebo_assets/share/as2_gazebo_assets/models/aruco/materials/scripts/aruco.material
[2.833s] -- Up-to-date: /root/aerostack2_ws/install/as2_gazebo_assets/share/as2_gazebo_assets/models/aruco/materials/textures
[2.833s] -- Up-to-date: /root/aerostack2_ws/install/as2_gazebo_assets/share/as2_gazebo_assets/models/aruco/materials/textures/marker5.png
[2.833s] -- Up-to-date: /root/aerostack2_ws/install/as2_gazebo_assets/share/as2_gazebo_assets/models/aruco/materials/textures/marker2.png
[2.833s] -- Up-to-date: /root/aerostack2_ws/install/as2_gazebo_assets/share/as2_gazebo_assets/models/aruco/materials/textures/marker3.png
[2.833s] -- Up-to-date: /root/aerostack2_ws/install/as2_gazebo_assets/share/as2_gazebo_assets/models/aruco/materials/textures/marker1.png
[2.833s] -- Up-to-date: /root/aerostack2_ws/install/as2_gazebo_assets/share/as2_gazebo_assets/models/aruco/materials/textures/marker4.png
[2.833s] -- Up-to-date: /root/aerostack2_ws/install/as2_gazebo_assets/share/as2_gazebo_assets/models/aruco/aruco.sdf
[2.833s] -- Up-to-date: /root/aerostack2_ws/install/as2_gazebo_assets/share/as2_gazebo_assets/models/aruco/model.config
[2.833s] -- Up-to-date: /root/aerostack2_ws/install/as2_gazebo_assets/share/as2_gazebo_assets/models/textured_panel_3m1
[2.833s] -- Up-to-date: /root/aerostack2_ws/install/as2_gazebo_assets/share/as2_gazebo_assets/models/coffee_spill
[2.833s] -- Up-to-date: /root/aerostack2_ws/install/as2_gazebo_assets/share/as2_gazebo_assets/models/textured_panel_3m8
[2.834s] -- Up-to-date: /root/aerostack2_ws/install/as2_gazebo_assets/share/as2_gazebo_assets/models/candy_blue
[2.834s] -- Up-to-date: /root/aerostack2_ws/install/as2_gazebo_assets/share/as2_gazebo_assets/models/side_table_set_2
[2.834s] -- Up-to-date: /root/aerostack2_ws/install/as2_gazebo_assets/share/as2_gazebo_assets/models/dronerace_gate_2018
[2.834s] -- Up-to-date: /root/aerostack2_ws/install/as2_gazebo_assets/share/as2_gazebo_assets/models/Tree_1
[2.834s] -- Up-to-date: /root/aerostack2_ws/install/as2_gazebo_assets/share/as2_gazebo_assets/models/book_6
[2.834s] -- Up-to-date: /root/aerostack2_ws/install/as2_gazebo_assets/share/as2_gazebo_assets/models/coffee_box
[2.834s] -- Up-to-date: /root/aerostack2_ws/install/as2_gazebo_assets/share/as2_gazebo_assets/models/textured_panel_3m7
[2.834s] -- Up-to-date: /root/aerostack2_ws/install/as2_gazebo_assets/share/as2_gazebo_assets/models/metal_panel4
[2.834s] -- Up-to-date: /root/aerostack2_ws/install/as2_gazebo_assets/share/as2_gazebo_assets/models/table_conference_1
[2.834s] -- Up-to-date: /root/aerostack2_ws/install/as2_gazebo_assets/share/as2_gazebo_assets/models/keyboard
[2.834s] -- Up-to-date: /root/aerostack2_ws/install/as2_gazebo_assets/share/as2_gazebo_assets/models/fetchit_table_sick
[2.834s] -- Up-to-date: /root/aerostack2_ws/install/as2_gazebo_assets/share/as2_gazebo_assets/models/gearbox_bottom_blue
[2.834s] -- Up-to-date: /root/aerostack2_ws/install/as2_gazebo_assets/share/as2_gazebo_assets/models/pen_brown
[2.834s] -- Up-to-date: /root/aerostack2_ws/install/as2_gazebo_assets/share/as2_gazebo_assets/models/textured_panel_1_5m1
[2.835s] -- Up-to-date: /root/aerostack2_ws/install/as2_gazebo_assets/share/as2_gazebo_assets/models/gearbox_bolt_blue
[2.835s] -- Up-to-date: /root/aerostack2_ws/install/as2_gazebo_assets/share/as2_gazebo_assets/models/cube_vb
[2.835s] -- Up-to-date: /root/aerostack2_ws/install/as2_gazebo_assets/share/as2_gazebo_assets/models/metal_panel1
[2.835s] -- Up-to-date: /root/aerostack2_ws/install/as2_gazebo_assets/share/as2_gazebo_assets/models/tissue_box_2
[2.835s] -- Up-to-date: /root/aerostack2_ws/install/as2_gazebo_assets/share/as2_gazebo_assets/models/semantic_camera
[2.835s] -- Up-to-date: /root/aerostack2_ws/install/as2_gazebo_assets/share/as2_gazebo_assets/models/semantic_camera/semantic_camera.sdf.jinja
[2.835s] -- Up-to-date: /root/aerostack2_ws/install/as2_gazebo_assets/share/as2_gazebo_assets/models/semantic_camera/semantic_camera.sdf
[2.839s] -- Up-to-date: /root/aerostack2_ws/install/as2_gazebo_assets/share/as2_gazebo_assets/models/semantic_camera/model.config
[2.846s] -- Up-to-date: /root/aerostack2_ws/install/as2_gazebo_assets/share/as2_gazebo_assets/models/tea_box
[2.846s] -- Up-to-date: /root/aerostack2_ws/install/as2_gazebo_assets/share/as2_gazebo_assets/models/glass_shard_large
[2.846s] -- Up-to-date: /root/aerostack2_ws/install/as2_gazebo_assets/share/as2_gazebo_assets/models/sphere_g
[2.847s] -- Up-to-date: /root/aerostack2_ws/install/as2_gazebo_assets/share/as2_gazebo_assets/models/window
[2.847s] -- Up-to-date: /root/aerostack2_ws/install/as2_gazebo_assets/share/as2_gazebo_assets/models/fetchit_warehouse
[2.847s] -- Up-to-date: /root/aerostack2_ws/install/as2_gazebo_assets/share/as2_gazebo_assets/models/f330
[2.847s] -- Up-to-date: /root/aerostack2_ws/install/as2_gazebo_assets/share/as2_gazebo_assets/models/f330/meshes
[2.847s] -- Up-to-date: /root/aerostack2_ws/install/as2_gazebo_assets/share/as2_gazebo_assets/models/f330/meshes/model.dae
[2.847s] -- Up-to-date: /root/aerostack2_ws/install/as2_gazebo_assets/share/as2_gazebo_assets/models/f330/f330.sdf.jinja
[2.847s] -- Up-to-date: /root/aerostack2_ws/install/as2_gazebo_assets/share/as2_gazebo_assets/models/f330/f330.sdf
[2.847s] -- Up-to-date: /root/aerostack2_ws/install/as2_gazebo_assets/share/as2_gazebo_assets/models/f330/model.config
[2.847s] -- Up-to-date: /root/aerostack2_ws/install/as2_gazebo_assets/share/as2_gazebo_assets/models/picture_frame_large_8
[2.847s] -- Up-to-date: /root/aerostack2_ws/install/as2_gazebo_assets/share/as2_gazebo_assets/models/dronerace_gate
[2.847s] -- Up-to-date: /root/aerostack2_ws/install/as2_gazebo_assets/share/as2_gazebo_assets/models/textured_panel_3m2
[2.848s] -- Up-to-date: /root/aerostack2_ws/install/as2_gazebo_assets/share/as2_gazebo_assets/models/human_female_1
[2.848s] -- Up-to-date: /root/aerostack2_ws/install/as2_gazebo_assets/share/as2_gazebo_assets/models/air_pressure
[2.848s] -- Up-to-date: /root/aerostack2_ws/install/as2_gazebo_assets/share/as2_gazebo_assets/models/air_pressure/air_pressure.sdf
[2.848s] -- Up-to-date: /root/aerostack2_ws/install/as2_gazebo_assets/share/as2_gazebo_assets/models/air_pressure/model.config
[2.848s] -- Up-to-date: /root/aerostack2_ws/install/as2_gazebo_assets/share/as2_gazebo_assets/models/plant_1_single
[2.848s] -- Up-to-date: /root/aerostack2_ws/install/as2_gazebo_assets/share/as2_gazebo_assets/models/brick_wall_hole_3
[2.848s] -- Up-to-date: /root/aerostack2_ws/install/as2_gazebo_assets/share/as2_gazebo_assets/models/sphere_bg
[2.848s] -- Up-to-date: /root/aerostack2_ws/install/as2_gazebo_assets/share/as2_gazebo_assets/models/book_4
[2.852s] -- Up-to-date: /root/aerostack2_ws/install/as2_gazebo_assets/share/as2_gazebo_assets/models/file_cabinet_small
[2.853s] -- Up-to-date: /root/aerostack2_ws/install/as2_gazebo_assets/share/as2_gazebo_assets/models/cup_yellow
[2.853s] -- Up-to-date: /root/aerostack2_ws/install/as2_gazebo_assets/share/as2_gazebo_assets/models/table_conference_3
[2.853s] -- Up-to-date: /root/aerostack2_ws/install/as2_gazebo_assets/share/as2_gazebo_assets/models/yosemite
[2.853s] -- Up-to-date: /root/aerostack2_ws/install/as2_gazebo_assets/share/as2_gazebo_assets/models/book_orange
[2.858s] -- Up-to-date: /root/aerostack2_ws/install/as2_gazebo_assets/share/as2_gazebo_assets/models/donut_3
[2.858s] -- Up-to-date: /root/aerostack2_ws/install/as2_gazebo_assets/share/as2_gazebo_assets/models/pallet_full
[2.858s] -- Up-to-date: /root/aerostack2_ws/install/as2_gazebo_assets/share/as2_gazebo_assets/models/vase_large_2
[2.858s] -- Up-to-date: /root/aerostack2_ws/install/as2_gazebo_assets/share/as2_gazebo_assets/models/biscuit_box
[2.858s] -- Up-to-date: /root/aerostack2_ws/install/as2_gazebo_assets/share/as2_gazebo_assets/models/human_female_2
[2.858s] -- Up-to-date: /root/aerostack2_ws/install/as2_gazebo_assets/share/as2_gazebo_assets/models/sphere_vb
[2.858s] -- Up-to-date: /root/aerostack2_ws/install/as2_gazebo_assets/share/as2_gazebo_assets/models/vase_small
[2.858s] -- Up-to-date: /root/aerostack2_ws/install/as2_gazebo_assets/share/as2_gazebo_assets/models/Wall_Cabinet_24x15M
[2.858s] -- Up-to-date: /root/aerostack2_ws/install/as2_gazebo_assets/share/as2_gazebo_assets/models/coca_cola
[2.859s] -- Up-to-date: /root/aerostack2_ws/install/as2_gazebo_assets/share/as2_gazebo_assets/models/book_small_3
[2.859s] -- Up-to-date: /root/aerostack2_ws/install/as2_gazebo_assets/share/as2_gazebo_assets/models/gearbox_largegear_grey
[2.859s] -- Up-to-date: /root/aerostack2_ws/install/as2_gazebo_assets/share/as2_gazebo_assets/models/cylinder_vb
[2.859s] -- Up-to-date: /root/aerostack2_ws/install/as2_gazebo_assets/share/as2_gazebo_assets/models/labtop_mac_2
[2.859s] -- Up-to-date: /root/aerostack2_ws/install/as2_gazebo_assets/share/as2_gazebo_assets/models/caddy_purple
[2.859s] -- Up-to-date: /root/aerostack2_ws/install/as2_gazebo_assets/share/as2_gazebo_assets/models/desk_yellow
[2.859s] -- Up-to-date: /root/aerostack2_ws/install/as2_gazebo_assets/share/as2_gazebo_assets/models/tissue_box_1
[2.859s] -- Up-to-date: /root/aerostack2_ws/install/as2_gazebo_assets/share/as2_gazebo_assets/models/50mmbin
[2.859s] -- Up-to-date: /root/aerostack2_ws/install/as2_gazebo_assets/share/as2_gazebo_assets/models/pen_pink
[2.859s] -- Up-to-date: /root/aerostack2_ws/install/as2_gazebo_assets/share/as2_gazebo_assets/models/book_blue
[2.859s] -- Up-to-date: /root/aerostack2_ws/install/as2_gazebo_assets/share/as2_gazebo_assets/models/book_17
[2.859s] -- Up-to-date: /root/aerostack2_ws/install/as2_gazebo_assets/share/as2_gazebo_assets/models/cylinder_rv
[2.859s] -- Up-to-date: /root/aerostack2_ws/install/as2_gazebo_assets/share/as2_gazebo_assets/models/hd_camera
[2.859s] -- Up-to-date: /root/aerostack2_ws/install/as2_gazebo_assets/share/as2_gazebo_assets/models/hd_camera/hd_camera.sdf.jinja
[2.860s] -- Up-to-date: /root/aerostack2_ws/install/as2_gazebo_assets/share/as2_gazebo_assets/models/hd_camera/hd_camera.sdf
[2.860s] -- Up-to-date: /root/aerostack2_ws/install/as2_gazebo_assets/share/as2_gazebo_assets/models/hd_camera/model.config
[2.860s] -- Up-to-date: /root/aerostack2_ws/install/as2_gazebo_assets/share/as2_gazebo_assets/models/debris_1_2
[2.860s] -- Up-to-date: /root/aerostack2_ws/install/as2_gazebo_assets/share/as2_gazebo_assets/models/glass_shard_small
[2.860s] -- Up-to-date: /root/aerostack2_ws/install/as2_gazebo_assets/share/as2_gazebo_assets/models/plate_1
[2.860s] -- Up-to-date: /root/aerostack2_ws/install/as2_gazebo_assets/share/as2_gazebo_assets/models/mailbox_red
[2.860s] -- Up-to-date: /root/aerostack2_ws/install/as2_gazebo_assets/share/as2_gazebo_assets/models/picture_frame_large_6
[2.860s] -- Up-to-date: /root/aerostack2_ws/install/as2_gazebo_assets/share/as2_gazebo_assets/models/vga_camera
[2.860s] -- Up-to-date: /root/aerostack2_ws/install/as2_gazebo_assets/share/as2_gazebo_assets/models/vga_camera/vga_camera.sdf.jinja
[2.860s] -- Up-to-date: /root/aerostack2_ws/install/as2_gazebo_assets/share/as2_gazebo_assets/models/vga_camera/vga_camera.sdf
[2.860s] -- Up-to-date: /root/aerostack2_ws/install/as2_gazebo_assets/share/as2_gazebo_assets/models/vga_camera/model.config
[2.860s] -- Up-to-date: /root/aerostack2_ws/install/as2_gazebo_assets/share/as2_gazebo_assets/models/cube_yo
[2.860s] -- Up-to-date: /root/aerostack2_ws/install/as2_gazebo_assets/share/as2_gazebo_assets/models/donut_frost_2
[2.860s] -- Up-to-date: /root/aerostack2_ws/install/as2_gazebo_assets/share/as2_gazebo_assets/models/figurine_2
[2.861s] -- Up-to-date: /root/aerostack2_ws/install/as2_gazebo_assets/share/as2_gazebo_assets/models/gearbox_smallgear_blue
[2.861s] -- Up-to-date: /root/aerostack2_ws/install/as2_gazebo_assets/share/as2_gazebo_assets/models/brick_bar_1
[2.861s] -- Up-to-date: /root/aerostack2_ws/install/as2_gazebo_assets/share/as2_gazebo_assets/models/small_box
[2.861s] -- Up-to-date: /root/aerostack2_ws/install/as2_gazebo_assets/share/as2_gazebo_assets/models/brick_wall_3
[2.861s] -- Up-to-date: /root/aerostack2_ws/install/as2_gazebo_assets/share/as2_gazebo_assets/models/ground_plane
[2.861s] -- Up-to-date: /root/aerostack2_ws/install/as2_gazebo_assets/share/as2_gazebo_assets/models/ground_plane/ground_plane.sdf
[2.861s] -- Up-to-date: /root/aerostack2_ws/install/as2_gazebo_assets/share/as2_gazebo_assets/models/ground_plane/model.config
[2.861s] -- Up-to-date: /root/aerostack2_ws/install/as2_gazebo_assets/share/as2_gazebo_assets/models/vase_glass
[2.861s] -- Up-to-date: /root/aerostack2_ws/install/as2_gazebo_assets/share/as2_gazebo_assets/models/book_11
[2.861s] -- Up-to-date: /root/aerostack2_ws/install/as2_gazebo_assets/share/as2_gazebo_assets/models/cpr_office_construction
[2.861s] -- Up-to-date: /root/aerostack2_ws/install/as2_gazebo_assets/share/as2_gazebo_assets/models/monitor_1
[2.862s] -- Up-to-date: /root/aerostack2_ws/install/as2_gazebo_assets/share/as2_gazebo_assets/models/Workshop
[2.862s] -- Up-to-date: /root/aerostack2_ws/install/as2_gazebo_assets/share/as2_gazebo_assets/models/cube_rv
[2.862s] -- Up-to-date: /root/aerostack2_ws/install/as2_gazebo_assets/share/as2_gazebo_assets/models/shelves_high
[2.862s] -- Up-to-date: /root/aerostack2_ws/install/as2_gazebo_assets/share/as2_gazebo_assets/models/3d_lidar
[2.862s] -- Up-to-date: /root/aerostack2_ws/install/as2_gazebo_assets/share/as2_gazebo_assets/models/3d_lidar/3d_lidar.sdf
[2.870s] -- Up-to-date: /root/aerostack2_ws/install/as2_gazebo_assets/share/as2_gazebo_assets/models/3d_lidar/model.config
[2.870s] -- Up-to-date: /root/aerostack2_ws/install/as2_gazebo_assets/share/as2_gazebo_assets/models/brick_wall_lshaped_1
[2.870s] -- Up-to-date: /root/aerostack2_ws/install/as2_gazebo_assets/share/as2_gazebo_assets/models/glue_bottle
[2.870s] -- Up-to-date: /root/aerostack2_ws/install/as2_gazebo_assets/share/as2_gazebo_assets/models/cube_bg
[2.870s] -- Up-to-date: /root/aerostack2_ws/install/as2_gazebo_assets/share/as2_gazebo_assets/models/door_3d
[2.870s] -- Up-to-date: /root/aerostack2_ws/install/as2_gazebo_assets/share/as2_gazebo_assets/models/file_2
[2.870s] -- Up-to-date: /root/aerostack2_ws/install/as2_gazebo_assets/share/as2_gazebo_assets/models/office_env_w_complete
[2.871s] -- Up-to-date: /root/aerostack2_ws/install/as2_gazebo_assets/share/as2_gazebo_assets/models/ocean
[2.871s] -- Up-to-date: /root/aerostack2_ws/install/as2_gazebo_assets/share/as2_gazebo_assets/models/textured_panel_1_5m3
[2.871s] -- Up-to-date: /root/aerostack2_ws/install/as2_gazebo_assets/share/as2_gazebo_assets/models/chair_set_2
[2.871s] -- Up-to-date: /root/aerostack2_ws/install/as2_gazebo_assets/share/as2_gazebo_assets/models/monitor_4
[2.871s] -- Up-to-date: /root/aerostack2_ws/install/as2_gazebo_assets/share/as2_gazebo_assets/models/gearbox_top_grey
[2.871s] -- Up-to-date: /root/aerostack2_ws/install/as2_gazebo_assets/share/as2_gazebo_assets/models/book_open
[2.871s] -- Up-to-date: /root/aerostack2_ws/install/as2_gazebo_assets/share/as2_gazebo_assets/models/brick_wall_hole_5
[2.871s] -- Up-to-date: /root/aerostack2_ws/install/as2_gazebo_assets/share/as2_gazebo_assets/models/book_8
[2.871s] -- Up-to-date: /root/aerostack2_ws/install/as2_gazebo_assets/share/as2_gazebo_assets/models/sphere_b
[2.871s] -- Up-to-date: /root/aerostack2_ws/install/as2_gazebo_assets/share/as2_gazebo_assets/models/drawer_white
[2.871s] -- Up-to-date: /root/aerostack2_ws/install/as2_gazebo_assets/share/as2_gazebo_assets/models/gearbox_largegear_blue
[2.871s] -- Up-to-date: /root/aerostack2_ws/install/as2_gazebo_assets/share/as2_gazebo_assets/models/cube_b
[2.871s] -- Up-to-date: /root/aerostack2_ws/install/as2_gazebo_assets/share/as2_gazebo_assets/models/fetchit_table_fetch
[2.872s] -- Up-to-date: /root/aerostack2_ws/install/as2_gazebo_assets/share/as2_gazebo_assets/models/pen_red
[2.872s] -- Up-to-date: /root/aerostack2_ws/install/as2_gazebo_assets/share/as2_gazebo_assets/models/brick_cube_1
[2.872s] -- Up-to-date: /root/aerostack2_ws/install/as2_gazebo_assets/share/as2_gazebo_assets/models/book_2
[2.872s] -- Up-to-date: /root/aerostack2_ws/install/as2_gazebo_assets/share/as2_gazebo_assets/models/coffee_machine
[2.872s] -- Up-to-date: /root/aerostack2_ws/install/as2_gazebo_assets/share/as2_gazebo_assets/models/monitor_2
[2.872s] -- Up-to-date: /root/aerostack2_ws/install/as2_gazebo_assets/share/as2_gazebo_assets/models/book_19
[2.872s] -- Up-to-date: /root/aerostack2_ws/install/as2_gazebo_assets/share/as2_gazebo_assets/models/book_grey
[2.872s] -- Up-to-date: /root/aerostack2_ws/install/as2_gazebo_assets/share/as2_gazebo_assets/models/cup_green
[2.872s] -- Up-to-date: /root/aerostack2_ws/install/as2_gazebo_assets/share/as2_gazebo_assets/models/book_18
[2.872s] -- Up-to-date: /root/aerostack2_ws/install/as2_gazebo_assets/share/as2_gazebo_assets/models/Floor_room
[2.872s] -- Up-to-date: /root/aerostack2_ws/install/as2_gazebo_assets/share/as2_gazebo_assets/models/sphere_or
[2.872s] -- Up-to-date: /root/aerostack2_ws/install/as2_gazebo_assets/share/as2_gazebo_assets/models/sphere_r
[2.873s] -- Up-to-date: /root/aerostack2_ws/install/as2_gazebo_assets/share/as2_gazebo_assets/models/Tree_2
[2.873s] -- Up-to-date: /root/aerostack2_ws/install/as2_gazebo_assets/share/as2_gazebo_assets/models/vase_large_2_broken
[2.873s] -- Up-to-date: /root/aerostack2_ws/install/as2_gazebo_assets/share/as2_gazebo_assets/models/cube_gy
[2.873s] -- Up-to-date: /root/aerostack2_ws/install/as2_gazebo_assets/share/as2_gazebo_assets/models/Fridge_Cabinet_33x15
[2.873s] -- Up-to-date: /root/aerostack2_ws/install/as2_gazebo_assets/share/as2_gazebo_assets/models/dropoff_box
[2.873s] -- Up-to-date: /root/aerostack2_ws/install/as2_gazebo_assets/share/as2_gazebo_assets/models/shelves_high2
[2.873s] -- Up-to-date: /root/aerostack2_ws/install/as2_gazebo_assets/share/as2_gazebo_assets/models/pot_flower
[2.873s] -- Up-to-date: /root/aerostack2_ws/install/as2_gazebo_assets/share/as2_gazebo_assets/models/grayscaled_camera
[2.873s] -- Up-to-date: /root/aerostack2_ws/install/as2_gazebo_assets/share/as2_gazebo_assets/models/grayscaled_camera/grayscaled_camera.sdf.jinja
[2.873s] -- Up-to-date: /root/aerostack2_ws/install/as2_gazebo_assets/share/as2_gazebo_assets/models/grayscaled_camera/grayscaled_camera.sdf
[2.873s] -- Up-to-date: /root/aerostack2_ws/install/as2_gazebo_assets/share/as2_gazebo_assets/models/grayscaled_camera/model.config
[2.873s] -- Up-to-date: /root/aerostack2_ws/install/as2_gazebo_assets/share/as2_gazebo_assets/models/picture_frame_small_2
[2.873s] -- Up-to-date: /root/aerostack2_ws/install/as2_gazebo_assets/share/as2_gazebo_assets/models/book_7
[2.873s] -- Up-to-date: /root/aerostack2_ws/install/as2_gazebo_assets/share/as2_gazebo_assets/models/table_dining
[2.873s] -- Up-to-date: /root/aerostack2_ws/install/as2_gazebo_assets/share/as2_gazebo_assets/models/chair_set_1
[2.874s] -- Up-to-date: /root/aerostack2_ws/install/as2_gazebo_assets/share/as2_gazebo_assets/models/table_conference_2
[2.874s] -- Up-to-date: /root/aerostack2_ws/install/as2_gazebo_assets/share/as2_gazebo_assets/models/point_lidar
[2.874s] -- Up-to-date: /root/aerostack2_ws/install/as2_gazebo_assets/share/as2_gazebo_assets/models/point_lidar/point_lidar.sdf
[2.874s] -- Up-to-date: /root/aerostack2_ws/install/as2_gazebo_assets/share/as2_gazebo_assets/models/point_lidar/model.config
[2.874s] -- Up-to-date: /root/aerostack2_ws/install/as2_gazebo_assets/share/as2_gazebo_assets/models/pen_green
[2.874s] -- Up-to-date: /root/aerostack2_ws/install/as2_gazebo_assets/share/as2_gazebo_assets/models/light
[2.874s] -- Up-to-date: /root/aerostack2_ws/install/as2_gazebo_assets/share/as2_gazebo_assets/models/gearbox_bolt
[2.874s] -- Up-to-date: /root/aerostack2_ws/install/as2_gazebo_assets/share/as2_gazebo_assets/models/suction_gripper
[2.874s] -- Up-to-date: /root/aerostack2_ws/install/as2_gazebo_assets/share/as2_gazebo_assets/models/suction_gripper/suction_gripper.sdf
[2.874s] -- Up-to-date: /root/aerostack2_ws/install/as2_gazebo_assets/share/as2_gazebo_assets/models/suction_gripper/model.config
[2.874s] -- Up-to-date: /root/aerostack2_ws/install/as2_gazebo_assets/share/as2_gazebo_assets/models/tailsitter
[2.874s] -- Up-to-date: /root/aerostack2_ws/install/as2_gazebo_assets/share/as2_gazebo_assets/models/lidar_3d
[2.874s] -- Up-to-date: /root/aerostack2_ws/install/as2_gazebo_assets/share/as2_gazebo_assets/models/lidar_3d/lidar_3d.sdf
[2.874s] -- Up-to-date: /root/aerostack2_ws/install/as2_gazebo_assets/share/as2_gazebo_assets/models/lidar_3d/model.config
[2.874s] -- Up-to-date: /root/aerostack2_ws/install/as2_gazebo_assets/share/as2_gazebo_assets/models/debris_2_2
[2.875s] -- Up-to-date: /root/aerostack2_ws/install/as2_gazebo_assets/share/as2_gazebo_assets/models/book_5
[2.875s] -- Up-to-date: /root/aerostack2_ws/install/as2_gazebo_assets/share/as2_gazebo_assets/models/picture_frame_large_10
[2.875s] -- Up-to-date: /root/aerostack2_ws/install/as2_gazebo_assets/share/as2_gazebo_assets/models/vase_violet_broken
[2.875s] -- Up-to-date: /root/aerostack2_ws/install/as2_gazebo_assets/share/as2_gazebo_assets/models/clock_digital
[2.875s] -- Up-to-date: /root/aerostack2_ws/install/as2_gazebo_assets/share/as2_gazebo_assets/models/Box
[2.875s] -- Up-to-date: /root/aerostack2_ws/install/as2_gazebo_assets/share/as2_gazebo_assets/models/europallet
[2.875s] -- Up-to-date: /root/aerostack2_ws/install/as2_gazebo_assets/share/as2_gazebo_assets/models/fetchit_simple_env
[2.875s] -- Up-to-date: /root/aerostack2_ws/install/as2_gazebo_assets/share/as2_gazebo_assets/models/lamp_table_metal
[2.875s] -- Up-to-date: /root/aerostack2_ws/install/as2_gazebo_assets/share/as2_gazebo_assets/models/traffic_mat
[2.875s] -- Up-to-date: /root/aerostack2_ws/install/as2_gazebo_assets/share/as2_gazebo_assets/models/aruco_gate_1
[2.875s] -- Up-to-date: /root/aerostack2_ws/install/as2_gazebo_assets/share/as2_gazebo_assets/models/aruco_gate_1/meshes
[2.875s] -- Up-to-date: /root/aerostack2_ws/install/as2_gazebo_assets/share/as2_gazebo_assets/models/aruco_gate_1/meshes/hoop.stl
[2.875s] -- Up-to-date: /root/aerostack2_ws/install/as2_gazebo_assets/share/as2_gazebo_assets/models/aruco_gate_1/meshes/hoop_2.stl
[2.875s] -- Up-to-date: /root/aerostack2_ws/install/as2_gazebo_assets/share/as2_gazebo_assets/models/aruco_gate_1/meshes/base_2.stl
[2.875s] -- Up-to-date: /root/aerostack2_ws/install/as2_gazebo_assets/share/as2_gazebo_assets/models/aruco_gate_1/meshes/background.stl
[2.876s] -- Up-to-date: /root/aerostack2_ws/install/as2_gazebo_assets/share/as2_gazebo_assets/models/aruco_gate_1/meshes/base.stl
[2.876s] -- Up-to-date: /root/aerostack2_ws/install/as2_gazebo_assets/share/as2_gazebo_assets/models/aruco_gate_1/aruco_gate_1.sdf
[2.876s] -- Up-to-date: /root/aerostack2_ws/install/as2_gazebo_assets/share/as2_gazebo_assets/models/aruco_gate_1/model.config
[2.876s] -- Up-to-date: /root/aerostack2_ws/install/as2_gazebo_assets/share/as2_gazebo_assets/models/cube_g
[2.876s] -- Up-to-date: /root/aerostack2_ws/install/as2_gazebo_assets/share/as2_gazebo_assets/models/plate_2
[2.876s] -- Up-to-date: /root/aerostack2_ws/install/as2_gazebo_assets/share/as2_gazebo_assets/models/gearbox_smallgear_grey
[2.876s] -- Up-to-date: /root/aerostack2_ws/install/as2_gazebo_assets/share/as2_gazebo_assets/models/asphalt_plane
[2.876s] -- Up-to-date: /root/aerostack2_ws/install/as2_gazebo_assets/share/as2_gazebo_assets/models/textured_panel_3m4
[2.881s] -- Up-to-date: /root/aerostack2_ws/install/as2_gazebo_assets/share/as2_gazebo_assets/models/gearbox_bolt_grey
[2.881s] -- Up-to-date: /root/aerostack2_ws/install/as2_gazebo_assets/share/as2_gazebo_assets/models/book_13
[2.882s] -- Up-to-date: /root/aerostack2_ws/install/as2_gazebo_assets/share/as2_gazebo_assets/models/caddy_blue
[2.883s] -- Up-to-date: /root/aerostack2_ws/install/as2_gazebo_assets/share/as2_gazebo_assets/models/planar_lidar
[2.883s] -- Up-to-date: /root/aerostack2_ws/install/as2_gazebo_assets/share/as2_gazebo_assets/models/planar_lidar/planar_lidar.sdf
[2.883s] -- Up-to-date: /root/aerostack2_ws/install/as2_gazebo_assets/share/as2_gazebo_assets/models/planar_lidar/model.config
[2.883s] -- Up-to-date: /root/aerostack2_ws/install/as2_gazebo_assets/share/as2_gazebo_assets/models/human_male_1_1
[2.883s] -- Up-to-date: /root/aerostack2_ws/install/as2_gazebo_assets/share/as2_gazebo_assets/models/curtain_striped
[2.883s] -- Up-to-date: /root/aerostack2_ws/install/as2_gazebo_assets/share/as2_gazebo_assets/models/chair_set_3
[2.888s] -- Up-to-date: /root/aerostack2_ws/install/as2_gazebo_assets/share/as2_gazebo_assets/models/test_zone
[2.888s] -- Up-to-date: /root/aerostack2_ws/install/as2_gazebo_assets/share/as2_gazebo_assets/models/toolbox_metal
[2.888s] -- Up-to-date: /root/aerostack2_ws/install/as2_gazebo_assets/share/as2_gazebo_assets/models/picture_frame_large_2
[2.889s] -- Up-to-date: /root/aerostack2_ws/install/as2_gazebo_assets/share/as2_gazebo_assets/models/labtop_mac_1
[2.889s] -- Up-to-date: /root/aerostack2_ws/install/as2_gazebo_assets/share/as2_gazebo_assets/models/book_15
[2.889s] -- Up-to-date: /root/aerostack2_ws/install/as2_gazebo_assets/share/as2_gazebo_assets/models/occupancy_grid
[2.889s] -- Up-to-date: /root/aerostack2_ws/install/as2_gazebo_assets/share/as2_gazebo_assets/models/plane
[2.889s] -- Up-to-date: /root/aerostack2_ws/install/as2_gazebo_assets/share/as2_gazebo_assets/models/plant_1
[2.889s] -- Up-to-date: /root/aerostack2_ws/install/as2_gazebo_assets/share/as2_gazebo_assets/models/pole
[2.889s] -- Up-to-date: /root/aerostack2_ws/install/as2_gazebo_assets/share/as2_gazebo_assets/models/monitor_3
[2.889s] -- Up-to-date: /root/aerostack2_ws/install/as2_gazebo_assets/share/as2_gazebo_assets/models/magnetometer
[2.889s] -- Up-to-date: /root/aerostack2_ws/install/as2_gazebo_assets/share/as2_gazebo_assets/models/magnetometer/magnetometer.sdf
[2.889s] -- Up-to-date: /root/aerostack2_ws/install/as2_gazebo_assets/share/as2_gazebo_assets/models/magnetometer/model.config
[2.889s] -- Up-to-date: /root/aerostack2_ws/install/as2_gazebo_assets/share/as2_gazebo_assets/models/cube_v
[2.889s] -- Up-to-date: /root/aerostack2_ws/install/as2_gazebo_assets/share/as2_gazebo_assets/models/mailbox_blue
[2.889s] -- Up-to-date: /root/aerostack2_ws/install/as2_gazebo_assets/share/as2_gazebo_assets/models/metal_panel2
[2.889s] -- Up-to-date: /root/aerostack2_ws/install/as2_gazebo_assets/share/as2_gazebo_assets/models/gearbox_top_blue
[2.889s] -- Up-to-date: /root/aerostack2_ws/install/as2_gazebo_assets/share/as2_gazebo_assets/models/shelves_high2_no_collision
[2.890s] -- Up-to-date: /root/aerostack2_ws/install/as2_gazebo_assets/share/as2_gazebo_assets/models/debris_1_1
[2.890s] -- Up-to-date: /root/aerostack2_ws/install/as2_gazebo_assets/share/as2_gazebo_assets/models/laptop_pc_2
[2.890s] -- Up-to-date: /root/aerostack2_ws/install/as2_gazebo_assets/share/as2_gazebo_assets/models/sofa_set_2
[2.890s] -- Up-to-date: /root/aerostack2_ws/install/as2_gazebo_assets/share/as2_gazebo_assets/models/picture_frame_large_9
[2.890s] -- Up-to-date: /root/aerostack2_ws/install/as2_gazebo_assets/share/as2_gazebo_assets/models/cube_or
[2.890s] -- Up-to-date: /root/aerostack2_ws/install/as2_gazebo_assets/share/as2_gazebo_assets/models/hemicyl
[2.890s] -- Up-to-date: /root/aerostack2_ws/install/as2_gazebo_assets/share/as2_gazebo_assets/models/grass_patch
[2.890s] -- Up-to-date: /root/aerostack2_ws/install/as2_gazebo_assets/share/as2_gazebo_assets/models/grass_patch/materials
[2.890s] -- Up-to-date: /root/aerostack2_ws/install/as2_gazebo_assets/share/as2_gazebo_assets/models/grass_patch/materials/textures
[2.890s] -- Up-to-date: /root/aerostack2_ws/install/as2_gazebo_assets/share/as2_gazebo_assets/models/grass_patch/materials/textures/grass_dry.png
[2.890s] -- Up-to-date: /root/aerostack2_ws/install/as2_gazebo_assets/share/as2_gazebo_assets/models/grass_patch/thumbnails
[2.890s] -- Up-to-date: /root/aerostack2_ws/install/as2_gazebo_assets/share/as2_gazebo_assets/models/grass_patch/thumbnails/grasspatch.jpg
[2.890s] -- Up-to-date: /root/aerostack2_ws/install/as2_gazebo_assets/share/as2_gazebo_assets/models/grass_patch/model.sdf
[2.890s] -- Up-to-date: /root/aerostack2_ws/install/as2_gazebo_assets/share/as2_gazebo_assets/models/grass_patch/model.config
[2.890s] -- Up-to-date: /root/aerostack2_ws/install/as2_gazebo_assets/share/as2_gazebo_assets/models/file_cabinet_large
[2.891s] -- Up-to-date: /root/aerostack2_ws/install/as2_gazebo_assets/share/as2_gazebo_assets/models/camera_fujica
[2.891s] -- Up-to-date: /root/aerostack2_ws/install/as2_gazebo_assets/share/as2_gazebo_assets/models/cylinder_yo
[2.891s] -- Up-to-date: /root/aerostack2_ws/install/as2_gazebo_assets/share/as2_gazebo_assets/models/coffee_table_1
[2.891s] -- Up-to-date: /root/aerostack2_ws/install/as2_gazebo_assets/share/as2_gazebo_assets/models/orange_pole
[2.891s] -- Up-to-date: /root/aerostack2_ws/install/as2_gazebo_assets/share/as2_gazebo_assets/models/bumblebee2_dummy
[2.891s] -- Up-to-date: /root/aerostack2_ws/install/as2_gazebo_assets/share/as2_gazebo_assets/models/yellow_bin
[2.891s] -- Up-to-date: /root/aerostack2_ws/install/as2_gazebo_assets/share/as2_gazebo_assets/models/100mmbin
[2.891s] -- Up-to-date: /root/aerostack2_ws/install/as2_gazebo_assets/share/as2_gazebo_assets/models/labtop_mac_3
[2.891s] -- Up-to-date: /root/aerostack2_ws/install/as2_gazebo_assets/share/as2_gazebo_assets/models/table_breakfast
[2.925s] -- Up-to-date: /root/aerostack2_ws/install/as2_gazebo_assets/share/as2_gazebo_assets/models/computer_case
[2.926s] -- Up-to-date: /root/aerostack2_ws/install/as2_gazebo_assets/share/as2_gazebo_assets/models/book_3
[2.928s] -- Up-to-date: /root/aerostack2_ws/install/as2_gazebo_assets/share/as2_gazebo_assets/models/side_table_1
[2.929s] -- Up-to-date: /root/aerostack2_ws/install/as2_gazebo_assets/share/as2_gazebo_assets/models/sofa_set_3
[2.931s] -- Up-to-date: /root/aerostack2_ws/install/as2_gazebo_assets/share/as2_gazebo_assets/models/crazyflie
[2.947s] -- Up-to-date: /root/aerostack2_ws/install/as2_gazebo_assets/share/as2_gazebo_assets/models/crazyflie/meshes
[2.962s] -- Up-to-date: /root/aerostack2_ws/install/as2_gazebo_assets/share/as2_gazebo_assets/models/crazyflie/meshes/cw_prop.dae
[2.962s] -- Up-to-date: /root/aerostack2_ws/install/as2_gazebo_assets/share/as2_gazebo_assets/models/crazyflie/meshes/cf2_assembly.dae
[2.962s] -- Up-to-date: /root/aerostack2_ws/install/as2_gazebo_assets/share/as2_gazebo_assets/models/crazyflie/meshes/ccw_prop.dae
[2.962s] -- Up-to-date: /root/aerostack2_ws/install/as2_gazebo_assets/share/as2_gazebo_assets/models/crazyflie/crazyflie.sdf.jinja
[2.962s] -- Up-to-date: /root/aerostack2_ws/install/as2_gazebo_assets/share/as2_gazebo_assets/models/crazyflie/model.config
[2.962s] -- Up-to-date: /root/aerostack2_ws/install/as2_gazebo_assets/share/as2_gazebo_assets/models/crazyflie/crazyflie.sdf
[2.963s] -- Up-to-date: /root/aerostack2_ws/install/as2_gazebo_assets/share/as2_gazebo_assets/models/fetchit_table_theconstruct
[2.963s] -- Up-to-date: /root/aerostack2_ws/install/as2_gazebo_assets/share/as2_gazebo_assets/models/Box_24x15W
[2.963s] -- Up-to-date: /root/aerostack2_ws/install/as2_gazebo_assets/share/as2_gazebo_assets/models/side_table_4
[2.963s] -- Up-to-date: /root/aerostack2_ws/install/as2_gazebo_assets/share/as2_gazebo_assets/models/book_small_2
[2.963s] -- Up-to-date: /root/aerostack2_ws/install/as2_gazebo_assets/share/as2_gazebo_assets/models/cylinder_o
[2.963s] -- Up-to-date: /root/aerostack2_ws/install/as2_gazebo_assets/share/as2_gazebo_assets/models/airport_mat
[2.963s] -- Up-to-date: /root/aerostack2_ws/install/as2_gazebo_assets/share/as2_gazebo_assets/models/picture_frame_large_7
[2.963s] -- Up-to-date: /root/aerostack2_ws/install/as2_gazebo_assets/share/as2_gazebo_assets/models/shunk_machine
[2.963s] -- Up-to-date: /root/aerostack2_ws/install/as2_gazebo_assets/share/as2_gazebo_assets/models/coffee_table_set_2
[2.963s] -- Up-to-date: /root/aerostack2_ws/install/as2_gazebo_assets/share/as2_gazebo_assets/models/textured_panel_3m5
[2.963s] -- Up-to-date: /root/aerostack2_ws/install/as2_gazebo_assets/share/as2_gazebo_assets/models/tissue_box_3
[2.963s] -- Up-to-date: /root/aerostack2_ws/install/as2_gazebo_assets/share/as2_gazebo_assets/models/plant_2
[2.963s] -- Up-to-date: /root/aerostack2_ws/install/as2_gazebo_assets/share/as2_gazebo_assets/models/side_table_3
[2.963s] -- Up-to-date: /root/aerostack2_ws/install/as2_gazebo_assets/share/as2_gazebo_assets/models/cylinder_g
[2.963s] -- Up-to-date: /root/aerostack2_ws/install/as2_gazebo_assets/share/as2_gazebo_assets/models/fetchit_table_em
[2.963s] -- Up-to-date: /root/aerostack2_ws/install/as2_gazebo_assets/share/as2_gazebo_assets/models/construction_cone_small
[2.963s] -- Up-to-date: /root/aerostack2_ws/install/as2_gazebo_assets/share/as2_gazebo_assets/models/fetchit_table
[2.963s] -- Up-to-date: /root/aerostack2_ws/install/as2_gazebo_assets/share/as2_gazebo_assets/models/debris_3_1
[2.963s] -- Up-to-date: /root/aerostack2_ws/install/as2_gazebo_assets/share/as2_gazebo_assets/models/cylinder_gy
[2.964s] -- Up-to-date: /root/aerostack2_ws/install/as2_gazebo_assets/share/as2_gazebo_assets/models/figurine_3
[2.964s] -- Up-to-date: /root/aerostack2_ws/install/as2_gazebo_assets/share/as2_gazebo_assets/models/grass_plane
[2.964s] -- Up-to-date: /root/aerostack2_ws/install/as2_gazebo_assets/share/as2_gazebo_assets/models/book_yellow
[2.964s] -- Up-to-date: /root/aerostack2_ws/install/as2_gazebo_assets/share/as2_gazebo_assets/models/chair_1
[2.964s] -- Up-to-date: /root/aerostack2_ws/install/as2_gazebo_assets/share/as2_gazebo_assets/models/book_16
[2.964s] -- Up-to-date: /root/aerostack2_ws/install/as2_gazebo_assets/share/as2_gazebo_assets/models/brick_wall_1
[2.964s] -- Up-to-date: /root/aerostack2_ws/install/as2_gazebo_assets/share/as2_gazebo_assets/models/Wall_Cabinet_24x15W
[2.964s] -- Up-to-date: /root/aerostack2_ws/install/as2_gazebo_assets/share/as2_gazebo_assets/models/pen_yellow
[2.964s] -- Up-to-date: /root/aerostack2_ws/install/as2_gazebo_assets/share/as2_gazebo_assets/models/cube_y
[2.964s] -- Up-to-date: /root/aerostack2_ws/install/as2_gazebo_assets/share/as2_gazebo_assets/models/Box_36x15W
[2.964s] -- Up-to-date: /root/aerostack2_ws/install/as2_gazebo_assets/share/as2_gazebo_assets/models/plant_3
[2.964s] -- Up-to-date: /root/aerostack2_ws/install/as2_gazebo_assets/share/as2_gazebo_assets/models/picture_frame_small_4
[2.964s] -- Up-to-date: /root/aerostack2_ws/install/as2_gazebo_assets/share/as2_gazebo_assets/models/brick_sphere_1
[2.964s] -- Up-to-date: /root/aerostack2_ws/install/as2_gazebo_assets/share/as2_gazebo_assets/models/recycle_bin_green
[2.964s] -- Up-to-date: /root/aerostack2_ws/install/as2_gazebo_assets/share/as2_gazebo_assets/models/Box_33x15
[2.964s] -- Up-to-date: /root/aerostack2_ws/install/as2_gazebo_assets/share/as2_gazebo_assets/models/chair_3
[2.964s] -- Up-to-date: /root/aerostack2_ws/install/as2_gazebo_assets/share/as2_gazebo_assets/models/caddy_orange
[2.964s] -- Up-to-date: /root/aerostack2_ws/install/as2_gazebo_assets/share/as2_gazebo_assets/models/picture_frame_large_1
[2.964s] -- Up-to-date: /root/aerostack2_ws/install/as2_gazebo_assets/share/as2_gazebo_assets/models/mug_beer
[2.965s] -- Up-to-date: /root/aerostack2_ws/install/as2_gazebo_assets/share/as2_gazebo_assets/models/standard_vtol
[2.965s] -- Up-to-date: /root/aerostack2_ws/install/as2_gazebo_assets/share/as2_gazebo_assets/models/bookshelf_large
[2.965s] -- Up-to-date: /root/aerostack2_ws/install/as2_gazebo_assets/share/as2_gazebo_assets/models/newspaper_1
[2.965s] -- Up-to-date: /root/aerostack2_ws/install/as2_gazebo_assets/share/as2_gazebo_assets/models/human_female_1_1
[2.965s] -- Up-to-date: /root/aerostack2_ws/install/as2_gazebo_assets/share/as2_gazebo_assets/models/book_green
[2.965s] -- Up-to-date: /root/aerostack2_ws/install/as2_gazebo_assets/share/as2_gazebo_assets/models/desk_brown
[2.965s] -- Up-to-date: /root/aerostack2_ws/install/as2_gazebo_assets/share/as2_gazebo_assets/models/chair_2
[2.965s] -- Up-to-date: /root/aerostack2_ws/install/as2_gazebo_assets/share/as2_gazebo_assets/models/px4vision
[2.965s] -- Up-to-date: /root/aerostack2_ws/install/as2_gazebo_assets/share/as2_gazebo_assets/models/px4vision/meshes
[2.965s] -- Up-to-date: /root/aerostack2_ws/install/as2_gazebo_assets/share/as2_gazebo_assets/models/px4vision/meshes/body.dae
[2.965s] -- Up-to-date: /root/aerostack2_ws/install/as2_gazebo_assets/share/as2_gazebo_assets/models/px4vision/meshes/iris_prop_ccw.dae
[2.965s] -- Up-to-date: /root/aerostack2_ws/install/as2_gazebo_assets/share/as2_gazebo_assets/models/px4vision/meshes/iris_prop_cw.dae
[2.965s] -- Up-to-date: /root/aerostack2_ws/install/as2_gazebo_assets/share/as2_gazebo_assets/models/px4vision/thumbnails
[2.965s] -- Up-to-date: /root/aerostack2_ws/install/as2_gazebo_assets/share/as2_gazebo_assets/models/px4vision/thumbnails/px4vision_diagonal.png
[2.965s] -- Up-to-date: /root/aerostack2_ws/install/as2_gazebo_assets/share/as2_gazebo_assets/models/px4vision/thumbnails/px4_vision_top.png
[2.965s] -- Up-to-date: /root/aerostack2_ws/install/as2_gazebo_assets/share/as2_gazebo_assets/models/px4vision/thumbnails/px4_vision_front.png
[2.965s] -- Up-to-date: /root/aerostack2_ws/install/as2_gazebo_assets/share/as2_gazebo_assets/models/px4vision/px4vision.sdf
[2.965s] -- Up-to-date: /root/aerostack2_ws/install/as2_gazebo_assets/share/as2_gazebo_assets/models/px4vision/model.config
[2.966s] -- Up-to-date: /root/aerostack2_ws/install/as2_gazebo_assets/share/as2_gazebo_assets/models/px4vision/px4vision.sdf.jinja
[2.966s] -- Up-to-date: /root/aerostack2_ws/install/as2_gazebo_assets/share/as2_gazebo_assets/models/delta_wing
[2.966s] -- Up-to-date: /root/aerostack2_ws/install/as2_gazebo_assets/share/as2_gazebo_assets/models/book_small_1
[2.966s] -- Up-to-date: /root/aerostack2_ws/install/as2_gazebo_assets/share/as2_gazebo_assets/models/book_9
[2.966s] -- Up-to-date: /root/aerostack2_ws/install/as2_gazebo_assets/share/as2_gazebo_assets/models/file_box_4
[2.966s] -- Up-to-date: /root/aerostack2_ws/install/as2_gazebo_assets/share/as2_gazebo_assets/models/candy_purple
[2.966s] -- Up-to-date: /root/aerostack2_ws/install/as2_gazebo_assets/share/as2_gazebo_assets/models/picture_frame_large_4
[2.966s] -- Up-to-date: /root/aerostack2_ws/install/as2_gazebo_assets/share/as2_gazebo_assets/models/textured_panel_3m6
[2.966s] -- Up-to-date: /root/aerostack2_ws/install/as2_gazebo_assets/share/as2_gazebo_assets/models/cylinder_y
[2.966s] -- Up-to-date: /root/aerostack2_ws/install/as2_gazebo_assets/share/as2_gazebo_assets/models/gearbox_largegear
[2.972s] -- Up-to-date: /root/aerostack2_ws/install/as2_gazebo_assets/share/as2_gazebo_assets/models/sphere_v
[2.972s] -- Up-to-date: /root/aerostack2_ws/install/as2_gazebo_assets/share/as2_gazebo_assets/models/gearbox_bottom
[2.972s] -- Up-to-date: /root/aerostack2_ws/install/as2_gazebo_assets/share/as2_gazebo_assets/models/big_box3
[2.972s] -- Up-to-date: /root/aerostack2_ws/install/as2_gazebo_assets/share/as2_gazebo_assets/models/recycle_bin_red
[2.972s] -- Up-to-date: /root/aerostack2_ws/install/as2_gazebo_assets/share/as2_gazebo_assets/models/bottle_beer
[2.972s] -- Up-to-date: /root/aerostack2_ws/install/as2_gazebo_assets/share/as2_gazebo_assets/models/cylinder_bg
[2.972s] -- Up-to-date: /root/aerostack2_ws/install/as2_gazebo_assets/share/as2_gazebo_assets/models/book_1
[2.972s] -- Up-to-date: /root/aerostack2_ws/install/as2_gazebo_assets/share/as2_gazebo_assets/models/file_box_3
[2.972s] -- Up-to-date: /root/aerostack2_ws/install/as2_gazebo_assets/share/as2_gazebo_assets/models/big_box4
[2.972s] -- Up-to-date: /root/aerostack2_ws/install/as2_gazebo_assets/share/as2_gazebo_assets/models/gimbal
[2.972s] -- Up-to-date: /root/aerostack2_ws/install/as2_gazebo_assets/share/as2_gazebo_assets/models/gimbal/position_gimbal.sdf
[2.972s] -- Up-to-date: /root/aerostack2_ws/install/as2_gazebo_assets/share/as2_gazebo_assets/models/gimbal/position_gimbal.sdf.jinja
[2.972s] -- Up-to-date: /root/aerostack2_ws/install/as2_gazebo_assets/share/as2_gazebo_assets/models/gimbal/speed_gimbal.sdf.jinja
[2.973s] -- Up-to-date: /root/aerostack2_ws/install/as2_gazebo_assets/share/as2_gazebo_assets/models/gimbal/model.config
[2.973s] -- Up-to-date: /root/aerostack2_ws/install/as2_gazebo_assets/share/as2_gazebo_assets/models/brick_wall_hole_2
[2.973s] -- Up-to-date: /root/aerostack2_ws/install/as2_gazebo_assets/share/as2_gazebo_assets/models/aruco_gate_2
[2.973s] -- Up-to-date: /root/aerostack2_ws/install/as2_gazebo_assets/share/as2_gazebo_assets/models/aruco_gate_2/aruco_gate_2.sdf
[2.973s] -- Up-to-date: /root/aerostack2_ws/install/as2_gazebo_assets/share/as2_gazebo_assets/models/aruco_gate_2/model.config
[2.973s] -- Up-to-date: /root/aerostack2_ws/install/as2_gazebo_assets/share/as2_gazebo_assets/models/cylinder_v
[2.973s] -- Up-to-date: /root/aerostack2_ws/install/as2_gazebo_assets/share/as2_gazebo_assets/models/cup_glass_hex
[2.973s] -- Up-to-date: /root/aerostack2_ws/install/as2_gazebo_assets/share/as2_gazebo_assets/models/pen_black
[2.973s] -- Up-to-date: /root/aerostack2_ws/install/as2_gazebo_assets/share/as2_gazebo_assets/models/human_male_2
[2.973s] -- Up-to-date: /root/aerostack2_ws/install/as2_gazebo_assets/share/as2_gazebo_assets/models/book_sky
[2.982s] -- Up-to-date: /root/aerostack2_ws/install/as2_gazebo_assets/share/as2_gazebo_assets/models/book_10
[2.982s] -- Up-to-date: /root/aerostack2_ws/install/as2_gazebo_assets/share/as2_gazebo_assets/models/brick_wall_hole_1
[2.982s] -- Up-to-date: /root/aerostack2_ws/install/as2_gazebo_assets/share/as2_gazebo_assets/models/sphere_o
[2.982s] -- Up-to-date: /root/aerostack2_ws/install/as2_gazebo_assets/share/as2_gazebo_assets/models/picture_frame_small_3
[2.982s] -- Up-to-date: /root/aerostack2_ws/install/as2_gazebo_assets/share/as2_gazebo_assets/models/wall_debris
[2.982s] -- Up-to-date: /root/aerostack2_ws/install/as2_gazebo_assets/share/as2_gazebo_assets/models/two_fingers_gripper
[2.982s] -- Up-to-date: /root/aerostack2_ws/install/as2_gazebo_assets/share/as2_gazebo_assets/models/two_fingers_gripper/meshes
[2.982s] -- Up-to-date: /root/aerostack2_ws/install/as2_gazebo_assets/share/as2_gazebo_assets/models/two_fingers_gripper/meshes/gripper_v0
[2.982s] -- Up-to-date: /root/aerostack2_ws/install/as2_gazebo_assets/share/as2_gazebo_assets/models/two_fingers_gripper/meshes/gripper_v0/l_finger.stl
[2.983s] -- Up-to-date: /root/aerostack2_ws/install/as2_gazebo_assets/share/as2_gazebo_assets/models/two_fingers_gripper/meshes/gripper_v0/l_finger_tip.stl
[2.983s] -- Up-to-date: /root/aerostack2_ws/install/as2_gazebo_assets/share/as2_gazebo_assets/models/two_fingers_gripper/meshes/gripper_v0/palm_H_UV_100430.dae
[2.983s] -- Up-to-date: /root/aerostack2_ws/install/as2_gazebo_assets/share/as2_gazebo_assets/models/two_fingers_gripper/meshes/gripper_v0/gripper_palm.stl
[2.983s] -- Up-to-date: /root/aerostack2_ws/install/as2_gazebo_assets/share/as2_gazebo_assets/models/two_fingers_gripper/meshes/gripper_v0/l_floating.stl
[2.983s] -- Up-to-date: /root/aerostack2_ws/install/as2_gazebo_assets/share/as2_gazebo_assets/models/two_fingers_gripper/meshes/gripper_v0/l_finger_tip.dae
[2.983s] -- Up-to-date: /root/aerostack2_ws/install/as2_gazebo_assets/share/as2_gazebo_assets/models/two_fingers_gripper/meshes/gripper_v0/float_H_UV_100430.dae
[2.983s] -- Up-to-date: /root/aerostack2_ws/install/as2_gazebo_assets/share/as2_gazebo_assets/models/two_fingers_gripper/meshes/gripper_v0/l_finger.dae
[2.983s] -- Up-to-date: /root/aerostack2_ws/install/as2_gazebo_assets/share/as2_gazebo_assets/models/two_fingers_gripper/meshes/gripper_v0/gripper_palm.dae
[2.983s] -- Up-to-date: /root/aerostack2_ws/install/as2_gazebo_assets/share/as2_gazebo_assets/models/two_fingers_gripper/meshes/gripper_v0/l_float.dae
[2.983s] -- Up-to-date: /root/aerostack2_ws/install/as2_gazebo_assets/share/as2_gazebo_assets/models/two_fingers_gripper/meshes/gripper_v0/upper_finger_l.stl
[2.983s] -- Up-to-date: /root/aerostack2_ws/install/as2_gazebo_assets/share/as2_gazebo_assets/models/two_fingers_gripper/meshes/gripper_v0/upper_finger_r.stl
[2.983s] -- Up-to-date: /root/aerostack2_ws/install/as2_gazebo_assets/share/as2_gazebo_assets/models/two_fingers_gripper/meshes/forearm_v0
[2.983s] -- Up-to-date: /root/aerostack2_ws/install/as2_gazebo_assets/share/as2_gazebo_assets/models/two_fingers_gripper/meshes/forearm_v0/wrist_roll.stl
[2.983s] -- Up-to-date: /root/aerostack2_ws/install/as2_gazebo_assets/share/as2_gazebo_assets/models/two_fingers_gripper/meshes/forearm_v0/wrist_roll_L.stl
[2.983s] -- Up-to-date: /root/aerostack2_ws/install/as2_gazebo_assets/share/as2_gazebo_assets/models/two_fingers_gripper/materials
[2.983s] -- Up-to-date: /root/aerostack2_ws/install/as2_gazebo_assets/share/as2_gazebo_assets/models/two_fingers_gripper/materials/textures
[2.984s] -- Up-to-date: /root/aerostack2_ws/install/as2_gazebo_assets/share/as2_gazebo_assets/models/two_fingers_gripper/materials/textures/l_float_normals.png
[2.984s] -- Up-to-date: /root/aerostack2_ws/install/as2_gazebo_assets/share/as2_gazebo_assets/models/two_fingers_gripper/materials/textures/upper_arm.png
[2.984s] -- Up-to-date: /root/aerostack2_ws/install/as2_gazebo_assets/share/as2_gazebo_assets/models/two_fingers_gripper/materials/textures/torso_lift_normals.png
[2.984s] -- Up-to-date: /root/aerostack2_ws/install/as2_gazebo_assets/share/as2_gazebo_assets/models/two_fingers_gripper/materials/textures/tilting_hokuyo_color.png
[2.984s] -- Up-to-date: /root/aerostack2_ws/install/as2_gazebo_assets/share/as2_gazebo_assets/models/two_fingers_gripper/materials/textures/shoulder_pan_normals.png
[2.984s] -- Up-to-date: /root/aerostack2_ws/install/as2_gazebo_assets/share/as2_gazebo_assets/models/two_fingers_gripper/materials/textures/head_tilt_color_yellow.png
[2.984s] -- Up-to-date: /root/aerostack2_ws/install/as2_gazebo_assets/share/as2_gazebo_assets/models/two_fingers_gripper/materials/textures/l_finger_color.png
[2.984s] -- Up-to-date: /root/aerostack2_ws/install/as2_gazebo_assets/share/as2_gazebo_assets/models/two_fingers_gripper/materials/textures/l_finger_tip_color.png
[2.984s] -- Up-to-date: /root/aerostack2_ws/install/as2_gazebo_assets/share/as2_gazebo_assets/models/two_fingers_gripper/materials/textures/gripper_palm_normals.png
[2.984s] -- Up-to-date: /root/aerostack2_ws/install/as2_gazebo_assets/share/as2_gazebo_assets/models/two_fingers_gripper/materials/textures/shoulder_pan_color.png
[2.984s] -- Up-to-date: /root/aerostack2_ws/install/as2_gazebo_assets/share/as2_gazebo_assets/models/two_fingers_gripper/materials/textures/wheel_normals.png
[2.984s] -- Up-to-date: /root/aerostack2_ws/install/as2_gazebo_assets/share/as2_gazebo_assets/models/two_fingers_gripper/materials/textures/head_pan_normals.png
[2.984s] -- Up-to-date: /root/aerostack2_ws/install/as2_gazebo_assets/share/as2_gazebo_assets/models/two_fingers_gripper/materials/textures/torso_lift_color.png
[2.984s] -- Up-to-date: /root/aerostack2_ws/install/as2_gazebo_assets/share/as2_gazebo_assets/models/two_fingers_gripper/materials/textures/upper_arm_roll_color.png
[2.984s] -- Up-to-date: /root/aerostack2_ws/install/as2_gazebo_assets/share/as2_gazebo_assets/models/two_fingers_gripper/materials/textures/head_tilt_green.png
[2.984s] -- Up-to-date: /root/aerostack2_ws/install/as2_gazebo_assets/share/as2_gazebo_assets/models/two_fingers_gripper/materials/textures/wheel_h_color.png
[2.985s] -- Up-to-date: /root/aerostack2_ws/install/as2_gazebo_assets/share/as2_gazebo_assets/models/two_fingers_gripper/materials/textures/base_color.png
[2.985s] -- Up-to-date: /root/aerostack2_ws/install/as2_gazebo_assets/share/as2_gazebo_assets/models/two_fingers_gripper/materials/textures/upper_arm_color.png
[2.985s] -- Up-to-date: /root/aerostack2_ws/install/as2_gazebo_assets/share/as2_gazebo_assets/models/two_fingers_gripper/materials/textures/shoulder_lift_normals.png
[2.985s] -- Up-to-date: /root/aerostack2_ws/install/as2_gazebo_assets/share/as2_gazebo_assets/models/two_fingers_gripper/materials/textures/base_normals.png
[2.985s] -- Up-to-date: /root/aerostack2_ws/install/as2_gazebo_assets/share/as2_gazebo_assets/models/two_fingers_gripper/materials/textures/gripper_palm_color.png
[2.985s] -- Up-to-date: /root/aerostack2_ws/install/as2_gazebo_assets/share/as2_gazebo_assets/models/two_fingers_gripper/materials/textures/l_finger_tip_normals.png
[2.985s] -- Up-to-date: /root/aerostack2_ws/install/as2_gazebo_assets/share/as2_gazebo_assets/models/two_fingers_gripper/materials/textures/elbow_flex_normals.png
[2.985s] -- Up-to-date: /root/aerostack2_ws/install/as2_gazebo_assets/share/as2_gazebo_assets/models/two_fingers_gripper/materials/textures/tilting_hokuyo_normals.png
[2.988s] -- Up-to-date: /root/aerostack2_ws/install/as2_gazebo_assets/share/as2_gazebo_assets/models/two_fingers_gripper/materials/textures/l_float_color.png
[3.011s] -- Up-to-date: /root/aerostack2_ws/install/as2_gazebo_assets/share/as2_gazebo_assets/models/two_fingers_gripper/materials/textures/wheel_color.png
[3.012s] -- Up-to-date: /root/aerostack2_ws/install/as2_gazebo_assets/share/as2_gazebo_assets/models/two_fingers_gripper/materials/textures/l_finger_normals.png
[3.012s] -- Up-to-date: /root/aerostack2_ws/install/as2_gazebo_assets/share/as2_gazebo_assets/models/two_fingers_gripper/materials/textures/forearm.png
[3.012s] -- Up-to-date: /root/aerostack2_ws/install/as2_gazebo_assets/share/as2_gazebo_assets/models/two_fingers_gripper/materials/textures/head_pan_color.png
[3.013s] -- Up-to-date: /root/aerostack2_ws/install/as2_gazebo_assets/share/as2_gazebo_assets/models/two_fingers_gripper/materials/textures/head_tilt_normals.png
[3.013s] -- Up-to-date: /root/aerostack2_ws/install/as2_gazebo_assets/share/as2_gazebo_assets/models/two_fingers_gripper/materials/textures/head_tilt_color_red.png
[3.013s] -- Up-to-date: /root/aerostack2_ws/install/as2_gazebo_assets/share/as2_gazebo_assets/models/two_fingers_gripper/materials/textures/forearm_color.png
[3.013s] -- Up-to-date: /root/aerostack2_ws/install/as2_gazebo_assets/share/as2_gazebo_assets/models/two_fingers_gripper/materials/textures/float_H_Color_100430.png
[3.013s] -- Up-to-date: /root/aerostack2_ws/install/as2_gazebo_assets/share/as2_gazebo_assets/models/two_fingers_gripper/materials/textures/elbow_flex_color.png
[3.013s] -- Up-to-date: /root/aerostack2_ws/install/as2_gazebo_assets/share/as2_gazebo_assets/models/two_fingers_gripper/materials/textures/finger_H_Color_100430.png
[3.013s] -- Up-to-date: /root/aerostack2_ws/install/as2_gazebo_assets/share/as2_gazebo_assets/models/two_fingers_gripper/materials/textures/fingertip_H_Color_100430.png
[3.013s] -- Up-to-date: /root/aerostack2_ws/install/as2_gazebo_assets/share/as2_gazebo_assets/models/two_fingers_gripper/materials/textures/forearm_normals.png
[3.013s] -- Up-to-date: /root/aerostack2_ws/install/as2_gazebo_assets/share/as2_gazebo_assets/models/two_fingers_gripper/materials/textures/head_tilt_color.png
[3.014s] -- Up-to-date: /root/aerostack2_ws/install/as2_gazebo_assets/share/as2_gazebo_assets/models/two_fingers_gripper/materials/textures/palm_H_Color_100430.png
[3.014s] -- Up-to-date: /root/aerostack2_ws/install/as2_gazebo_assets/share/as2_gazebo_assets/models/two_fingers_gripper/materials/textures/wrist_normals.png
[3.019s] -- Up-to-date: /root/aerostack2_ws/install/as2_gazebo_assets/share/as2_gazebo_assets/models/two_fingers_gripper/materials/textures/upper_arm_normals.png
[3.019s] -- Up-to-date: /root/aerostack2_ws/install/as2_gazebo_assets/share/as2_gazebo_assets/models/two_fingers_gripper/materials/textures/wrist_color.png
[3.019s] -- Up-to-date: /root/aerostack2_ws/install/as2_gazebo_assets/share/as2_gazebo_assets/models/two_fingers_gripper/materials/textures/shoulder_lift_color.png
[3.019s] -- Up-to-date: /root/aerostack2_ws/install/as2_gazebo_assets/share/as2_gazebo_assets/models/two_fingers_gripper/materials/textures/upper_arm_roll_normals.png
[3.019s] -- Up-to-date: /root/aerostack2_ws/install/as2_gazebo_assets/share/as2_gazebo_assets/models/two_fingers_gripper/thumbnails
[3.019s] -- Up-to-date: /root/aerostack2_ws/install/as2_gazebo_assets/share/as2_gazebo_assets/models/two_fingers_gripper/thumbnails/1.png
[3.019s] -- Up-to-date: /root/aerostack2_ws/install/as2_gazebo_assets/share/as2_gazebo_assets/models/two_fingers_gripper/thumbnails/4.png
[3.019s] -- Up-to-date: /root/aerostack2_ws/install/as2_gazebo_assets/share/as2_gazebo_assets/models/two_fingers_gripper/thumbnails/2.png
[3.019s] -- Up-to-date: /root/aerostack2_ws/install/as2_gazebo_assets/share/as2_gazebo_assets/models/two_fingers_gripper/thumbnails/3.png
[3.019s] -- Up-to-date: /root/aerostack2_ws/install/as2_gazebo_assets/share/as2_gazebo_assets/models/two_fingers_gripper/thumbnails/5.png
[3.019s] -- Up-to-date: /root/aerostack2_ws/install/as2_gazebo_assets/share/as2_gazebo_assets/models/two_fingers_gripper/two_fingers_gripper.sdf
[3.019s] -- Up-to-date: /root/aerostack2_ws/install/as2_gazebo_assets/share/as2_gazebo_assets/models/two_fingers_gripper/model.config
[3.019s] -- Up-to-date: /root/aerostack2_ws/install/as2_gazebo_assets/share/as2_gazebo_assets/models/book_12
[3.020s] -- Up-to-date: /root/aerostack2_ws/install/as2_gazebo_assets/share/as2_gazebo_assets/models/book_pink
[3.020s] -- Up-to-date: /root/aerostack2_ws/install/as2_gazebo_assets/share/as2_gazebo_assets/models/lamp_table_large
[3.020s] -- Up-to-date: /root/aerostack2_ws/install/as2_gazebo_assets/share/as2_gazebo_assets/models/city_terrain
[3.020s] -- Up-to-date: /root/aerostack2_ws/install/as2_gazebo_assets/share/as2_gazebo_assets/models/cup_glass
[3.020s] -- Up-to-date: /root/aerostack2_ws/install/as2_gazebo_assets/share/as2_gazebo_assets/models/textured_panel_3m3
[3.020s] -- Up-to-date: /root/aerostack2_ws/install/as2_gazebo_assets/share/as2_gazebo_assets/models/figurine_1
[3.020s] -- Up-to-date: /root/aerostack2_ws/install/as2_gazebo_assets/share/as2_gazebo_assets/models/mouse
[3.020s] -- Up-to-date: /root/aerostack2_ws/install/as2_gazebo_assets/share/as2_gazebo_assets/models/cafe_table
[3.020s] -- Up-to-date: /root/aerostack2_ws/install/as2_gazebo_assets/share/as2_gazebo_assets/models/coffee_table_set_1
[3.030s] -- Up-to-date: /root/aerostack2_ws/install/as2_gazebo_assets/share/as2_gazebo_assets/models/human_male_3
[3.030s] -- Up-to-date: /root/aerostack2_ws/install/as2_gazebo_assets/share/as2_gazebo_assets/models/BoxesLargeOnPallet_3
[3.031s] -- Up-to-date: /root/aerostack2_ws/install/as2_gazebo_assets/share/as2_gazebo_assets/models/metal_panel3
[3.031s] -- Up-to-date: /root/aerostack2_ws/install/as2_gazebo_assets/share/as2_gazebo_assets/models/door
[3.031s] -- Up-to-date: /root/aerostack2_ws/install/as2_gazebo_assets/share/as2_gazebo_assets/models/candy_orange
[3.031s] -- Up-to-date: /root/aerostack2_ws/install/as2_gazebo_assets/share/as2_gazebo_assets/models/can_pepsi
[3.031s] -- Up-to-date: /root/aerostack2_ws/install/as2_gazebo_assets/share/as2_gazebo_assets/models/camera_base
[3.031s] -- Up-to-date: /root/aerostack2_ws/install/as2_gazebo_assets/share/as2_gazebo_assets/models/book_red
[3.031s] -- Up-to-date: /root/aerostack2_ws/install/as2_gazebo_assets/share/as2_gazebo_assets/models/cpr_inspection
[3.031s] -- Up-to-date: /root/aerostack2_ws/install/as2_gazebo_assets/share/as2_gazebo_assets/models/vrc_heightmap_1
[3.031s] -- Up-to-date: /root/aerostack2_ws/install/as2_gazebo_assets/share/as2_gazebo_assets/models/can_sprite
[3.032s] -- Up-to-date: /root/aerostack2_ws/install/as2_gazebo_assets/share/as2_gazebo_assets/models/sphere_gy
[3.032s] -- Up-to-date: /root/aerostack2_ws/install/as2_gazebo_assets/share/as2_gazebo_assets/models/caddy_green
[3.032s] -- Up-to-date: /root/aerostack2_ws/install/as2_gazebo_assets/share/as2_gazebo_assets/models/gearbox_smallgear
[3.032s] -- Up-to-date: /root/aerostack2_ws/install/as2_gazebo_assets/share/as2_gazebo_assets/models/gearbox_top
[3.032s] -- Up-to-date: /root/aerostack2_ws/install/as2_gazebo_assets/share/as2_gazebo_assets/models/vase_blue
[3.032s] -- Up-to-date: /root/aerostack2_ws/install/as2_gazebo_assets/share/as2_gazebo_assets/models/Wall_Cabinet_15x30
[3.032s] -- Up-to-date: /root/aerostack2_ws/install/as2_gazebo_assets/share/as2_gazebo_assets/models/fetchit_arena
[3.032s] -- Up-to-date: /root/aerostack2_ws/install/as2_gazebo_assets/share/as2_gazebo_assets/models/quadrotor_base
[3.032s] -- Up-to-date: /root/aerostack2_ws/install/as2_gazebo_assets/share/as2_gazebo_assets/models/quadrotor_base/quadrotor_base.sdf.jinja
[3.032s] -- Up-to-date: /root/aerostack2_ws/install/as2_gazebo_assets/share/as2_gazebo_assets/models/quadrotor_base/meshes
[3.032s] -- Up-to-date: /root/aerostack2_ws/install/as2_gazebo_assets/share/as2_gazebo_assets/models/quadrotor_base/meshes/quadrotor.dae
[3.032s] -- Up-to-date: /root/aerostack2_ws/install/as2_gazebo_assets/share/as2_gazebo_assets/models/quadrotor_base/meshes/led_lamp.dae
[3.033s] -- Up-to-date: /root/aerostack2_ws/install/as2_gazebo_assets/share/as2_gazebo_assets/models/quadrotor_base/meshes/propeller_cw.dae
[3.033s] -- Up-to-date: /root/aerostack2_ws/install/as2_gazebo_assets/share/as2_gazebo_assets/models/quadrotor_base/meshes/quadrotor.jpg
[3.033s] -- Up-to-date: /root/aerostack2_ws/install/as2_gazebo_assets/share/as2_gazebo_assets/models/quadrotor_base/meshes/led.dae
[3.033s] -- Up-to-date: /root/aerostack2_ws/install/as2_gazebo_assets/share/as2_gazebo_assets/models/quadrotor_base/meshes/propeller_ccw.dae
[3.033s] -- Up-to-date: /root/aerostack2_ws/install/as2_gazebo_assets/share/as2_gazebo_assets/models/quadrotor_base/materials
[3.033s] -- Up-to-date: /root/aerostack2_ws/install/as2_gazebo_assets/share/as2_gazebo_assets/models/quadrotor_base/materials/textures
[3.033s] -- Up-to-date: /root/aerostack2_ws/install/as2_gazebo_assets/share/as2_gazebo_assets/models/quadrotor_base/materials/textures/led.jpg
[3.033s] -- Up-to-date: /root/aerostack2_ws/install/as2_gazebo_assets/share/as2_gazebo_assets/models/quadrotor_base/quadrotor_base.sdf
[3.033s] -- Up-to-date: /root/aerostack2_ws/install/as2_gazebo_assets/share/as2_gazebo_assets/models/quadrotor_base/model.config
[3.033s] -- Up-to-date: /root/aerostack2_ws/install/as2_gazebo_assets/share/as2_gazebo_assets/models/pen_violet
[3.033s] -- Up-to-date: /root/aerostack2_ws/install/as2_gazebo_assets/share/as2_gazebo_assets/models/office_env_w
[3.033s] -- Up-to-date: /root/aerostack2_ws/install/as2_gazebo_assets/share/as2_gazebo_assets/models/candy_green
[3.034s] -- Up-to-date: /root/aerostack2_ws/install/as2_gazebo_assets/share/as2_gazebo_assets/models/dronerace_junglegate_2018
[3.034s] -- Up-to-date: /root/aerostack2_ws/install/as2_gazebo_assets/share/as2_gazebo_assets/models/vase_large_3
[3.034s] -- Up-to-date: /root/aerostack2_ws/install/as2_gazebo_assets/share/as2_gazebo_assets/models/book_purple
[3.034s] -- Up-to-date: /root/aerostack2_ws/install/as2_gazebo_assets/share/as2_gazebo_assets/models/trash_bin
[3.034s] -- Up-to-date: /root/aerostack2_ws/install/as2_gazebo_assets/share/as2_gazebo_assets/models/sphere_yo
[3.034s] -- Up-to-date: /root/aerostack2_ws/install/as2_gazebo_assets/share/as2_gazebo_assets/models/debris_2_1
[3.034s] -- Up-to-date: /root/aerostack2_ws/install/as2_gazebo_assets/share/as2_gazebo_assets/models/cpr_office
[3.039s] -- Up-to-date: /root/aerostack2_ws/install/as2_gazebo_assets/share/as2_gazebo_assets/models/iris_opt_flow
[3.039s] -- Up-to-date: /root/aerostack2_ws/install/as2_gazebo_assets/share/as2_gazebo_assets/models/file_box_2
[3.039s] -- Up-to-date: /root/aerostack2_ws/install/as2_gazebo_assets/share/as2_gazebo_assets/models/pen_blue
[3.039s] -- Up-to-date: /root/aerostack2_ws/install/as2_gazebo_assets/share/as2_gazebo_assets/models/BoxesLargeOnPallet
[3.039s] -- Up-to-date: /root/aerostack2_ws/install/as2_gazebo_assets/share/as2_gazebo_assets/models/newspaper_3
[3.040s] -- Up-to-date: /root/aerostack2_ws/install/as2_gazebo_assets/share/as2_gazebo_assets/models/polycarbonate_panel_1_5m
[3.040s] -- Up-to-date: /root/aerostack2_ws/install/as2_gazebo_assets/share/as2_gazebo_assets/models/caddy_red
[3.040s] -- Up-to-date: /root/aerostack2_ws/install/as2_gazebo_assets/share/as2_gazebo_assets/models/file_box_1
[3.040s] -- Up-to-date: /root/aerostack2_ws/install/as2_gazebo_assets/share/as2_gazebo_assets/models/eraser
[3.040s] -- Up-to-date: /root/aerostack2_ws/install/as2_gazebo_assets/share/as2_gazebo_assets/models/bottle_white_wine
[3.040s] -- Up-to-date: /root/aerostack2_ws/install/as2_gazebo_assets/share/as2_gazebo_assets/models/brick_wall_hole_6
[3.040s] -- Up-to-date: /root/aerostack2_ws/install/as2_gazebo_assets/share/as2_gazebo_assets/models/cube_o
[3.040s] -- Up-to-date: /root/aerostack2_ws/install/as2_gazebo_assets/share/as2_gazebo_assets/models/lamp_table_small
[3.040s] -- Up-to-date: /root/aerostack2_ws/install/as2_gazebo_assets/share/as2_gazebo_assets/models/picture_frame_large_5
[3.040s] -- Up-to-date: /root/aerostack2_ws/install/as2_gazebo_assets/share/as2_gazebo_assets/models/file_1
[3.040s] -- Up-to-date: /root/aerostack2_ws/install/as2_gazebo_assets/share/as2_gazebo_assets/models/Floor
[3.040s] -- Up-to-date: /root/aerostack2_ws/install/as2_gazebo_assets/share/as2_gazebo_assets/models/Box_24x15M
[3.040s] -- Up-to-date: /root/aerostack2_ws/install/as2_gazebo_assets/share/as2_gazebo_assets/models/brick_wall_hole_7
[3.040s] -- Up-to-date: /root/aerostack2_ws/install/as2_gazebo_assets/share/as2_gazebo_assets/models/side_table_set_1
[3.040s] -- Up-to-date: /root/aerostack2_ws/install/as2_gazebo_assets/share/as2_gazebo_assets/models/city_osm_roundabout
[3.041s] -- Up-to-date: /root/aerostack2_ws/install/as2_gazebo_assets/share/as2_gazebo_assets/models/cup_blue
[3.041s] -- Up-to-date: /root/aerostack2_ws/install/as2_gazebo_assets/share/as2_gazebo_assets/models/rgbd_camera
[3.041s] -- Up-to-date: /root/aerostack2_ws/install/as2_gazebo_assets/share/as2_gazebo_assets/models/rgbd_camera/rgbd_camera.sdf
[3.041s] -- Up-to-date: /root/aerostack2_ws/install/as2_gazebo_assets/share/as2_gazebo_assets/models/rgbd_camera/rgbd_camera.sdf.jinja
[3.041s] -- Up-to-date: /root/aerostack2_ws/install/as2_gazebo_assets/share/as2_gazebo_assets/models/rgbd_camera/model.config
[3.041s] -- Up-to-date: /root/aerostack2_ws/install/as2_gazebo_assets/share/as2_gazebo_assets/models/caddy_pink
[3.041s] -- Up-to-date: /root/aerostack2_ws/install/as2_gazebo_assets/share/as2_gazebo_assets/models/cyberzoo
[3.041s] -- Up-to-date: /root/aerostack2_ws/install/as2_gazebo_assets/share/as2_gazebo_assets/models/office_env
[3.041s] -- Up-to-date: /root/aerostack2_ws/install/as2_gazebo_assets/share/as2_gazebo_assets/models/vase_violet
[3.041s] -- Up-to-date: /root/aerostack2_ws/install/as2_gazebo_assets/share/as2_gazebo_assets/models/cylinder_r
[3.041s] -- Up-to-date: /root/aerostack2_ws/install/as2_gazebo_assets/share/as2_gazebo_assets/scripts
[3.041s] -- Up-to-date: /root/aerostack2_ws/install/as2_gazebo_assets/share/as2_gazebo_assets/scripts/jinja_gen.py
[3.041s] -- Up-to-date: /root/aerostack2_ws/install/as2_gazebo_assets/share/ament_index/resource_index/package_run_dependencies/as2_gazebo_assets
[3.041s] -- Up-to-date: /root/aerostack2_ws/install/as2_gazebo_assets/share/ament_index/resource_index/parent_prefix_path/as2_gazebo_assets
[3.041s] -- Up-to-date: /root/aerostack2_ws/install/as2_gazebo_assets/share/as2_gazebo_assets/environment/ament_prefix_path.sh
[3.041s] -- Up-to-date: /root/aerostack2_ws/install/as2_gazebo_assets/share/as2_gazebo_assets/environment/ament_prefix_path.dsv
[3.042s] -- Up-to-date: /root/aerostack2_ws/install/as2_gazebo_assets/share/as2_gazebo_assets/environment/path.sh
[3.042s] -- Up-to-date: /root/aerostack2_ws/install/as2_gazebo_assets/share/as2_gazebo_assets/environment/path.dsv
[3.042s] -- Up-to-date: /root/aerostack2_ws/install/as2_gazebo_assets/share/as2_gazebo_assets/local_setup.bash
[3.042s] -- Up-to-date: /root/aerostack2_ws/install/as2_gazebo_assets/share/as2_gazebo_assets/local_setup.sh
[3.042s] -- Up-to-date: /root/aerostack2_ws/install/as2_gazebo_assets/share/as2_gazebo_assets/local_setup.zsh
[3.042s] -- Up-to-date: /root/aerostack2_ws/install/as2_gazebo_assets/share/as2_gazebo_assets/local_setup.dsv
[3.042s] -- Installing: /root/aerostack2_ws/install/as2_gazebo_assets/share/as2_gazebo_assets/package.dsv
[3.042s] -- Up-to-date: /root/aerostack2_ws/install/as2_gazebo_assets/share/ament_index/resource_index/packages/as2_gazebo_assets
[3.042s] -- Up-to-date: /root/aerostack2_ws/install/as2_gazebo_assets/share/as2_gazebo_assets/cmake/as2_gazebo_assetsConfig.cmake
[3.042s] -- Up-to-date: /root/aerostack2_ws/install/as2_gazebo_assets/share/as2_gazebo_assets/cmake/as2_gazebo_assetsConfig-version.cmake
[3.042s] -- Up-to-date: /root/aerostack2_ws/install/as2_gazebo_assets/share/as2_gazebo_assets/package.xml
[3.074s] Invoked command in '/root/aerostack2_ws/build/as2_gazebo_assets' returned '0': CMAKE_PREFIX_PATH=/root/aerostack2_ws/install/as2_core:/root/aerostack2_ws/install/as2_msgs:/root/aerostack2_ws/install/aerostack2:/root/aerostack2_ws/install/as2_usb_camera_interface:/root/aerostack2_ws/install/as2_state_estimator:/root/aerostack2_ws/install/as2_rviz_plugins:/root/aerostack2_ws/install/as2_realsense_interface:/root/aerostack2_ws/install/as2_platform_multirotor_simulator:/root/aerostack2_ws/install/as2_platform_gazebo:/root/aerostack2_ws/install/as2_motion_controller:/root/aerostack2_ws/install/as2_behaviors_trajectory_generation:/root/aerostack2_ws/install/as2_behaviors_swarm_flocking:/root/aerostack2_ws/install/as2_behaviors_motion:/root/aerostack2_ws/install/as2_motion_reference_handlers:/root/aerostack2_ws/install/as2_map_server:/root/aerostack2_ws/install/as2_geozones:/root/aerostack2_ws/install/as2_gazebo_assets:/root/aerostack2_ws/install/as2_external_object_to_tf:/root/aerostack2_ws/install/as2_behaviors_platform:/root/aerostack2_ws/install/as2_behaviors_perception:/root/aerostack2_ws/install/as2_behaviors_path_planning:/root/aerostack2_ws/install/as2_behavior_tree:/root/aerostack2_ws/install/as2_behavior:/root/aerostack2_ws/install/as2_alphanumeric_viewer:/root/aerostack2_ws/install/as2_cli:/root/aerostack2_ws/install/as2_visualization:/root/aerostack2_ws/install/as2_keyboard_teleoperation:/root/aerostack2_ws/install/as2_python_api:/root/aerostack2_ws/install/as2_perception:/opt/ros/humble LD_LIBRARY_PATH=/root/aerostack2_ws/install/as2_core/lib:/root/aerostack2_ws/install/as2_msgs/lib:/root/aerostack2_ws/install/as2_state_estimator/lib:/root/aerostack2_ws/install/as2_python_api/lib:/root/aerostack2_ws/install/as2_motion_controller/lib:/root/aerostack2_ws/install/as2_behaviors_trajectory_generation/lib:/root/aerostack2_ws/install/as2_behaviors_swarm_flocking/lib:/root/aerostack2_ws/install/as2_behaviors_motion/lib:/root/aerostack2_ws/install/as2_motion_reference_handlers/lib:/root/aerostack2_ws/install/as2_map_server/lib:/root/aerostack2_ws/install/as2_gazebo_assets/lib:/root/aerostack2_ws/install/as2_behaviors_perception/lib:/root/aerostack2_ws/install/as2_behaviors_path_planning/lib:/root/aerostack2_ws/install/as2_behavior_tree/lib:/root/aerostack2_ws/install/as2_behavior/lib:/opt/ros/humble/opt/rviz_ogre_vendor/lib:/opt/ros/humble/lib/x86_64-linux-gnu:/opt/ros/humble/lib /usr/bin/cmake --install /root/aerostack2_ws/build/as2_gazebo_assets
