[2.345s] Invoking command in '/root/aerostack2_ws/src/aerostack2/as2_swarm_perception': PYTHONPATH=/root/aerostack2_ws/build/as2_swarm_perception/prefix_override:/usr/lib/python3/dist-packages/colcon_core/task/python/colcon_distutils_commands:/root/aerostack2_ws/install/as2_swarm_perception/lib/python3.10/site-packages:${PYTHONPATH} /usr/bin/python3 -W ignore:setup.py install is deprecated -W ignore:easy_install command is deprecated setup.py egg_info --egg-base ../../../build/as2_swarm_perception build --build-base /root/aerostack2_ws/build/as2_swarm_perception/build install --record /root/aerostack2_ws/build/as2_swarm_perception/install.log --single-version-externally-managed install_data
[2.837s] running egg_info
[2.840s] writing ../../../build/as2_swarm_perception/as2_swarm_perception.egg-info/PKG-INFO
[2.841s] writing dependency_links to ../../../build/as2_swarm_perception/as2_swarm_perception.egg-info/dependency_links.txt
[2.841s] writing entry points to ../../../build/as2_swarm_perception/as2_swarm_perception.egg-info/entry_points.txt
[2.841s] writing requirements to ../../../build/as2_swarm_perception/as2_swarm_perception.egg-info/requires.txt
[2.841s] writing top-level names to ../../../build/as2_swarm_perception/as2_swarm_perception.egg-info/top_level.txt
[2.853s] reading manifest file '../../../build/as2_swarm_perception/as2_swarm_perception.egg-info/SOURCES.txt'
[2.854s] writing manifest file '../../../build/as2_swarm_perception/as2_swarm_perception.egg-info/SOURCES.txt'
[2.854s] running build
[2.854s] running build_py
[2.858s] running install
[2.858s] running install_lib
[2.860s] running install_data
[2.860s] running install_egg_info
[2.863s] removing '/root/aerostack2_ws/install/as2_swarm_perception/lib/python3.10/site-packages/as2_swarm_perception-0.0.0-py3.10.egg-info' (and everything under it)
[2.864s] Copying ../../../build/as2_swarm_perception/as2_swarm_perception.egg-info to /root/aerostack2_ws/install/as2_swarm_perception/lib/python3.10/site-packages/as2_swarm_perception-0.0.0-py3.10.egg-info
[2.865s] running install_scripts
[2.912s] Installing bbox_to_world_node script to /root/aerostack2_ws/install/as2_swarm_perception/lib/as2_swarm_perception
[2.913s] writing list of installed files to '/root/aerostack2_ws/build/as2_swarm_perception/install.log'
[2.989s] Invoked command in '/root/aerostack2_ws/src/aerostack2/as2_swarm_perception' returned '0': PYTHONPATH=/root/aerostack2_ws/build/as2_swarm_perception/prefix_override:/usr/lib/python3/dist-packages/colcon_core/task/python/colcon_distutils_commands:/root/aerostack2_ws/install/as2_swarm_perception/lib/python3.10/site-packages:${PYTHONPATH} /usr/bin/python3 -W ignore:setup.py install is deprecated -W ignore:easy_install command is deprecated setup.py egg_info --egg-base ../../../build/as2_swarm_perception build --build-base /root/aerostack2_ws/build/as2_swarm_perception/build install --record /root/aerostack2_ws/build/as2_swarm_perception/install.log --single-version-externally-managed install_data
