[5.544s] Invoking command in '/root/aerostack2_ws/src/aerostack2/as2_swarm_person_tracking': PYTHONPATH=/root/aerostack2_ws/build/as2_swarm_person_tracking/prefix_override:/usr/lib/python3/dist-packages/colcon_core/task/python/colcon_distutils_commands:/root/aerostack2_ws/install/as2_swarm_person_tracking/lib/python3.10/site-packages:${PYTHONPATH} /usr/bin/python3 -W ignore:setup.py install is deprecated -W ignore:easy_install command is deprecated setup.py egg_info --egg-base ../../../build/as2_swarm_person_tracking build --build-base /root/aerostack2_ws/build/as2_swarm_person_tracking/build install --record /root/aerostack2_ws/build/as2_swarm_person_tracking/install.log --single-version-externally-managed install_data
[6.652s] running egg_info
[6.652s] writing ../../../build/as2_swarm_person_tracking/as2_swarm_person_tracking.egg-info/PKG-INFO
[6.652s] writing dependency_links to ../../../build/as2_swarm_person_tracking/as2_swarm_person_tracking.egg-info/dependency_links.txt
[6.652s] writing entry points to ../../../build/as2_swarm_person_tracking/as2_swarm_person_tracking.egg-info/entry_points.txt
[6.652s] writing requirements to ../../../build/as2_swarm_person_tracking/as2_swarm_person_tracking.egg-info/requires.txt
[6.652s] writing top-level names to ../../../build/as2_swarm_person_tracking/as2_swarm_person_tracking.egg-info/top_level.txt
[6.652s] reading manifest file '../../../build/as2_swarm_person_tracking/as2_swarm_person_tracking.egg-info/SOURCES.txt'
[6.652s] writing manifest file '../../../build/as2_swarm_person_tracking/as2_swarm_person_tracking.egg-info/SOURCES.txt'
[6.652s] running build
[6.653s] running build_py
[6.653s] running install
[6.653s] running install_lib
[6.661s] running install_data
[6.661s] running install_egg_info
[6.682s] removing '/root/aerostack2_ws/install/as2_swarm_person_tracking/lib/python3.10/site-packages/as2_swarm_person_tracking-0.0.0-py3.10.egg-info' (and everything under it)
[6.683s] Copying ../../../build/as2_swarm_person_tracking/as2_swarm_person_tracking.egg-info to /root/aerostack2_ws/install/as2_swarm_person_tracking/lib/python3.10/site-packages/as2_swarm_person_tracking-0.0.0-py3.10.egg-info
[6.683s] running install_scripts
[6.853s] Installing multi_person_tracker_node script to /root/aerostack2_ws/install/as2_swarm_person_tracking/lib/as2_swarm_person_tracking
[6.872s] writing list of installed files to '/root/aerostack2_ws/build/as2_swarm_person_tracking/install.log'
[7.183s] Invoked command in '/root/aerostack2_ws/src/aerostack2/as2_swarm_person_tracking' returned '0': PYTHONPATH=/root/aerostack2_ws/build/as2_swarm_person_tracking/prefix_override:/usr/lib/python3/dist-packages/colcon_core/task/python/colcon_distutils_commands:/root/aerostack2_ws/install/as2_swarm_person_tracking/lib/python3.10/site-packages:${PYTHONPATH} /usr/bin/python3 -W ignore:setup.py install is deprecated -W ignore:easy_install command is deprecated setup.py egg_info --egg-base ../../../build/as2_swarm_person_tracking build --build-base /root/aerostack2_ws/build/as2_swarm_person_tracking/build install --record /root/aerostack2_ws/build/as2_swarm_person_tracking/install.log --single-version-externally-managed install_data
