[2.123s] Invoking command in '/root/aerostack2_ws/src/aerostack2/as2_swarm_person_tracking': PYTHONPATH=/root/aerostack2_ws/build/as2_swarm_person_tracking/prefix_override:/usr/lib/python3/dist-packages/colcon_core/task/python/colcon_distutils_commands:/root/aerostack2_ws/install/as2_swarm_person_tracking/lib/python3.10/site-packages:${PYTHONPATH} /usr/bin/python3 -W ignore:setup.py install is deprecated -W ignore:easy_install command is deprecated setup.py egg_info --egg-base ../../../build/as2_swarm_person_tracking build --build-base /root/aerostack2_ws/build/as2_swarm_person_tracking/build install --record /root/aerostack2_ws/build/as2_swarm_person_tracking/install.log --single-version-externally-managed install_data
[2.605s] running egg_info
[2.605s] writing ../../../build/as2_swarm_person_tracking/as2_swarm_person_tracking.egg-info/PKG-INFO
[2.606s] writing dependency_links to ../../../build/as2_swarm_person_tracking/as2_swarm_person_tracking.egg-info/dependency_links.txt
[2.606s] writing entry points to ../../../build/as2_swarm_person_tracking/as2_swarm_person_tracking.egg-info/entry_points.txt
[2.606s] writing requirements to ../../../build/as2_swarm_person_tracking/as2_swarm_person_tracking.egg-info/requires.txt
[2.606s] writing top-level names to ../../../build/as2_swarm_person_tracking/as2_swarm_person_tracking.egg-info/top_level.txt
[2.618s] reading manifest file '../../../build/as2_swarm_person_tracking/as2_swarm_person_tracking.egg-info/SOURCES.txt'
[2.618s] writing manifest file '../../../build/as2_swarm_person_tracking/as2_swarm_person_tracking.egg-info/SOURCES.txt'
[2.618s] running build
[2.618s] running build_py
[2.618s] copying as2_swarm_person_tracking/multi_person_tracker_node.py -> /root/aerostack2_ws/build/as2_swarm_person_tracking/build/lib/as2_swarm_person_tracking
[2.618s] running install
[2.618s] running install_lib
[2.618s] copying /root/aerostack2_ws/build/as2_swarm_person_tracking/build/lib/as2_swarm_person_tracking/multi_person_tracker_node.py -> /root/aerostack2_ws/install/as2_swarm_person_tracking/lib/python3.10/site-packages/as2_swarm_person_tracking
[2.619s] byte-compiling /root/aerostack2_ws/install/as2_swarm_person_tracking/lib/python3.10/site-packages/as2_swarm_person_tracking/multi_person_tracker_node.py to multi_person_tracker_node.cpython-310.pyc
[2.625s] running install_data
[2.626s] running install_egg_info
[2.628s] removing '/root/aerostack2_ws/install/as2_swarm_person_tracking/lib/python3.10/site-packages/as2_swarm_person_tracking-0.0.0-py3.10.egg-info' (and everything under it)
[2.629s] Copying ../../../build/as2_swarm_person_tracking/as2_swarm_person_tracking.egg-info to /root/aerostack2_ws/install/as2_swarm_person_tracking/lib/python3.10/site-packages/as2_swarm_person_tracking-0.0.0-py3.10.egg-info
[2.630s] running install_scripts
[2.682s] Installing multi_person_tracker_node script to /root/aerostack2_ws/install/as2_swarm_person_tracking/lib/as2_swarm_person_tracking
[2.682s] writing list of installed files to '/root/aerostack2_ws/build/as2_swarm_person_tracking/install.log'
[3.032s] Invoked command in '/root/aerostack2_ws/src/aerostack2/as2_swarm_person_tracking' returned '0': PYTHONPATH=/root/aerostack2_ws/build/as2_swarm_person_tracking/prefix_override:/usr/lib/python3/dist-packages/colcon_core/task/python/colcon_distutils_commands:/root/aerostack2_ws/install/as2_swarm_person_tracking/lib/python3.10/site-packages:${PYTHONPATH} /usr/bin/python3 -W ignore:setup.py install is deprecated -W ignore:easy_install command is deprecated setup.py egg_info --egg-base ../../../build/as2_swarm_person_tracking build --build-base /root/aerostack2_ws/build/as2_swarm_person_tracking/build install --record /root/aerostack2_ws/build/as2_swarm_person_tracking/install.log --single-version-externally-managed install_data
