[4.894s] Invoking command in '/root/aerostack2_ws/src/aerostack2/as2_swarm_ci_fusion_people': PYTHONPATH=/root/aerostack2_ws/build/as2_swarm_ci_fusion_people/prefix_override:/usr/lib/python3/dist-packages/colcon_core/task/python/colcon_distutils_commands:/root/aerostack2_ws/install/as2_swarm_ci_fusion_people/lib/python3.10/site-packages:${PYTHONPATH} /usr/bin/python3 -W ignore:setup.py install is deprecated -W ignore:easy_install command is deprecated setup.py egg_info --egg-base ../../../build/as2_swarm_ci_fusion_people build --build-base /root/aerostack2_ws/build/as2_swarm_ci_fusion_people/build install --record /root/aerostack2_ws/build/as2_swarm_ci_fusion_people/install.log --single-version-externally-managed install_data
[8.110s] running egg_info
[8.110s] writing ../../../build/as2_swarm_ci_fusion_people/as2_swarm_ci_fusion_people.egg-info/PKG-INFO
[8.110s] writing dependency_links to ../../../build/as2_swarm_ci_fusion_people/as2_swarm_ci_fusion_people.egg-info/dependency_links.txt
[8.111s] writing entry points to ../../../build/as2_swarm_ci_fusion_people/as2_swarm_ci_fusion_people.egg-info/entry_points.txt
[8.111s] writing requirements to ../../../build/as2_swarm_ci_fusion_people/as2_swarm_ci_fusion_people.egg-info/requires.txt
[8.111s] writing top-level names to ../../../build/as2_swarm_ci_fusion_people/as2_swarm_ci_fusion_people.egg-info/top_level.txt
[8.124s] reading manifest file '../../../build/as2_swarm_ci_fusion_people/as2_swarm_ci_fusion_people.egg-info/SOURCES.txt'
[8.149s] writing manifest file '../../../build/as2_swarm_ci_fusion_people/as2_swarm_ci_fusion_people.egg-info/SOURCES.txt'
[8.149s] running build
[8.149s] running build_py
[8.149s] running install
[8.149s] running install_lib
[8.149s] running install_data
[8.149s] creating /root/aerostack2_ws/install/as2_swarm_ci_fusion_people/share/as2_swarm_ci_fusion_people/launch
[8.149s] copying launch/swarm_ci_fusion_people.launch.py -> /root/aerostack2_ws/install/as2_swarm_ci_fusion_people/share/as2_swarm_ci_fusion_people/launch
[8.149s] running install_egg_info
[8.149s] removing '/root/aerostack2_ws/install/as2_swarm_ci_fusion_people/lib/python3.10/site-packages/as2_swarm_ci_fusion_people-0.0.0-py3.10.egg-info' (and everything under it)
[8.149s] Copying ../../../build/as2_swarm_ci_fusion_people/as2_swarm_ci_fusion_people.egg-info to /root/aerostack2_ws/install/as2_swarm_ci_fusion_people/lib/python3.10/site-packages/as2_swarm_ci_fusion_people-0.0.0-py3.10.egg-info
[8.149s] running install_scripts
[8.199s] Installing swarm_ci_fusion_people_node script to /root/aerostack2_ws/install/as2_swarm_ci_fusion_people/lib/as2_swarm_ci_fusion_people
[8.200s] writing list of installed files to '/root/aerostack2_ws/build/as2_swarm_ci_fusion_people/install.log'
[8.247s] Invoked command in '/root/aerostack2_ws/src/aerostack2/as2_swarm_ci_fusion_people' returned '0': PYTHONPATH=/root/aerostack2_ws/build/as2_swarm_ci_fusion_people/prefix_override:/usr/lib/python3/dist-packages/colcon_core/task/python/colcon_distutils_commands:/root/aerostack2_ws/install/as2_swarm_ci_fusion_people/lib/python3.10/site-packages:${PYTHONPATH} /usr/bin/python3 -W ignore:setup.py install is deprecated -W ignore:easy_install command is deprecated setup.py egg_info --egg-base ../../../build/as2_swarm_ci_fusion_people build --build-base /root/aerostack2_ws/build/as2_swarm_ci_fusion_people/build install --record /root/aerostack2_ws/build/as2_swarm_ci_fusion_people/install.log --single-version-externally-managed install_data
