[0.010s] Invoking command in '/root/aerostack2_ws/build/as2_geozones': AMENT_PREFIX_PATH=/root/aerostack2_ws/install/as2_core:/root/aerostack2_ws/install/as2_msgs:${AMENT_PREFIX_PATH} CMAKE_PREFIX_PATH=/root/aerostack2_ws/install/as2_core:/root/aerostack2_ws/install/as2_msgs:/opt/ros/humble LD_LIBRARY_PATH=/root/aerostack2_ws/install/as2_core/lib:/root/aerostack2_ws/install/as2_msgs/lib:${LD_LIBRARY_PATH} PYTHONPATH=/root/aerostack2_ws/install/as2_core/local/lib/python3.10/dist-packages:/root/aerostack2_ws/install/as2_msgs/local/lib/python3.10/dist-packages:${PYTHONPATH} /usr/bin/cmake --build /root/aerostack2_ws/build/as2_geozones -- -j8 -l8
[0.047s] [35m[1mConsolidate compiler generated dependencies of target gtest_main[0m
[0.056s] [  9%] [32mBuilding CXX object CMakeFiles/as2_geozones.dir/src/as2_geozones.cpp.o[0m
[0.059s] [ 27%] Built target gtest_main
[0.060s] [ 45%] [32mBuilding CXX object CMakeFiles/as2_geozones_node.dir/src/as2_geozones_node.cpp.o[0m
[0.060s] [ 45%] [32mBuilding CXX object gtest/CMakeFiles/gtest.dir/src/gtest-all.cc.o[0m
[0.061s] [ 54%] [32mBuilding CXX object CMakeFiles/as2_geozones_node.dir/src/as2_geozones.cpp.o[0m
[7.758s] [ 63%] [32m[1mLinking CXX static library libgtest.a[0m
[7.792s] [ 63%] Built target gtest
[15.390s] [ 81%] [32m[1mLinking CXX executable as2_geozones_node[0m
[15.390s] [ 81%] [32m[1mLinking CXX static library libas2_geozones.a[0m
[15.430s] [ 81%] Built target as2_geozones
[15.447s] [ 90%] [32mBuilding CXX object tests/CMakeFiles/as2_geozones_as2_geozones_gtest.dir/as2_geozones_gtest.cpp.o[0m
[15.593s] [ 90%] Built target as2_geozones_node
[18.745s] [100%] [32m[1mLinking CXX executable as2_geozones_as2_geozones_gtest[0m
[18.948s] [100%] Built target as2_geozones_as2_geozones_gtest
[18.957s] Invoked command in '/root/aerostack2_ws/build/as2_geozones' returned '0': AMENT_PREFIX_PATH=/root/aerostack2_ws/install/as2_core:/root/aerostack2_ws/install/as2_msgs:${AMENT_PREFIX_PATH} CMAKE_PREFIX_PATH=/root/aerostack2_ws/install/as2_core:/root/aerostack2_ws/install/as2_msgs:/opt/ros/humble LD_LIBRARY_PATH=/root/aerostack2_ws/install/as2_core/lib:/root/aerostack2_ws/install/as2_msgs/lib:${LD_LIBRARY_PATH} PYTHONPATH=/root/aerostack2_ws/install/as2_core/local/lib/python3.10/dist-packages:/root/aerostack2_ws/install/as2_msgs/local/lib/python3.10/dist-packages:${PYTHONPATH} /usr/bin/cmake --build /root/aerostack2_ws/build/as2_geozones -- -j8 -l8
[18.959s] Invoking command in '/root/aerostack2_ws/build/as2_geozones': AMENT_PREFIX_PATH=/root/aerostack2_ws/install/as2_core:/root/aerostack2_ws/install/as2_msgs:${AMENT_PREFIX_PATH} CMAKE_PREFIX_PATH=/root/aerostack2_ws/install/as2_core:/root/aerostack2_ws/install/as2_msgs:/opt/ros/humble LD_LIBRARY_PATH=/root/aerostack2_ws/install/as2_core/lib:/root/aerostack2_ws/install/as2_msgs/lib:${LD_LIBRARY_PATH} PYTHONPATH=/root/aerostack2_ws/install/as2_core/local/lib/python3.10/dist-packages:/root/aerostack2_ws/install/as2_msgs/local/lib/python3.10/dist-packages:${PYTHONPATH} /usr/bin/cmake --install /root/aerostack2_ws/build/as2_geozones
[18.964s] -- Install configuration: "Release"
[18.964s] -- Installing: /root/aerostack2_ws/install/as2_geozones/include
[18.964s] -- Installing: /root/aerostack2_ws/install/as2_geozones/include/as2_geozones
[18.964s] -- Installing: /root/aerostack2_ws/install/as2_geozones/include/as2_geozones/as2_geozones.hpp
[18.965s] -- Installing: /root/aerostack2_ws/install/as2_geozones/include/as2_geozones/pnpoly.hpp
[18.965s] -- Installing: /root/aerostack2_ws/install/as2_geozones/share/as2_geozones/launch
[18.965s] -- Installing: /root/aerostack2_ws/install/as2_geozones/share/as2_geozones/launch/as2_geozones_launch.py
[18.965s] -- Installing: /root/aerostack2_ws/install/as2_geozones/share/as2_geozones/config
[18.965s] -- Installing: /root/aerostack2_ws/install/as2_geozones/share/as2_geozones/config/geozones.yaml
[18.965s] -- Installing: /root/aerostack2_ws/install/as2_geozones/lib/as2_geozones/as2_geozones_node
[18.966s] -- Set runtime path of "/root/aerostack2_ws/install/as2_geozones/lib/as2_geozones/as2_geozones_node" to ""
[18.966s] -- Installing: /root/aerostack2_ws/install/as2_geozones/lib/libas2_geozones.a
[18.968s] -- Installing: /root/aerostack2_ws/install/as2_geozones/share/ament_index/resource_index/package_run_dependencies/as2_geozones
[18.968s] -- Installing: /root/aerostack2_ws/install/as2_geozones/share/ament_index/resource_index/parent_prefix_path/as2_geozones
[18.968s] -- Installing: /root/aerostack2_ws/install/as2_geozones/share/as2_geozones/environment/ament_prefix_path.sh
[18.968s] -- Installing: /root/aerostack2_ws/install/as2_geozones/share/as2_geozones/environment/ament_prefix_path.dsv
[18.968s] -- Installing: /root/aerostack2_ws/install/as2_geozones/share/as2_geozones/environment/path.sh
[18.968s] -- Installing: /root/aerostack2_ws/install/as2_geozones/share/as2_geozones/environment/path.dsv
[18.968s] -- Installing: /root/aerostack2_ws/install/as2_geozones/share/as2_geozones/local_setup.bash
[18.968s] -- Installing: /root/aerostack2_ws/install/as2_geozones/share/as2_geozones/local_setup.sh
[18.969s] -- Installing: /root/aerostack2_ws/install/as2_geozones/share/as2_geozones/local_setup.zsh
[18.969s] -- Installing: /root/aerostack2_ws/install/as2_geozones/share/as2_geozones/local_setup.dsv
[18.969s] -- Installing: /root/aerostack2_ws/install/as2_geozones/share/as2_geozones/package.dsv
[18.969s] -- Installing: /root/aerostack2_ws/install/as2_geozones/share/ament_index/resource_index/packages/as2_geozones
[18.969s] -- Installing: /root/aerostack2_ws/install/as2_geozones/share/as2_geozones/cmake/ament_cmake_export_dependencies-extras.cmake
[18.969s] -- Installing: /root/aerostack2_ws/install/as2_geozones/share/as2_geozones/cmake/as2_geozonesConfig.cmake
[18.969s] -- Installing: /root/aerostack2_ws/install/as2_geozones/share/as2_geozones/cmake/as2_geozonesConfig-version.cmake
[18.969s] -- Installing: /root/aerostack2_ws/install/as2_geozones/share/as2_geozones/package.xml
[18.972s] Invoked command in '/root/aerostack2_ws/build/as2_geozones' returned '0': AMENT_PREFIX_PATH=/root/aerostack2_ws/install/as2_core:/root/aerostack2_ws/install/as2_msgs:${AMENT_PREFIX_PATH} CMAKE_PREFIX_PATH=/root/aerostack2_ws/install/as2_core:/root/aerostack2_ws/install/as2_msgs:/opt/ros/humble LD_LIBRARY_PATH=/root/aerostack2_ws/install/as2_core/lib:/root/aerostack2_ws/install/as2_msgs/lib:${LD_LIBRARY_PATH} PYTHONPATH=/root/aerostack2_ws/install/as2_core/local/lib/python3.10/dist-packages:/root/aerostack2_ws/install/as2_msgs/local/lib/python3.10/dist-packages:${PYTHONPATH} /usr/bin/cmake --install /root/aerostack2_ws/build/as2_geozones
