[6.241s] Invoking command in '/root/aerostack2_ws/src/aerostack2/as2_project_bringup': PYTHONPATH=/root/aerostack2_ws/build/as2_project_bringup/prefix_override:/usr/lib/python3/dist-packages/colcon_core/task/python/colcon_distutils_commands:/root/aerostack2_ws/install/as2_project_bringup/lib/python3.10/site-packages:${PYTHONPATH} /usr/bin/python3 -W ignore:setup.py install is deprecated -W ignore:easy_install command is deprecated setup.py egg_info --egg-base ../../../build/as2_project_bringup build --build-base /root/aerostack2_ws/build/as2_project_bringup/build install --record /root/aerostack2_ws/build/as2_project_bringup/install.log --single-version-externally-managed install_data
[7.659s] running egg_info
[7.660s] writing ../../../build/as2_project_bringup/as2_project_bringup.egg-info/PKG-INFO
[7.660s] writing dependency_links to ../../../build/as2_project_bringup/as2_project_bringup.egg-info/dependency_links.txt
[7.660s] writing entry points to ../../../build/as2_project_bringup/as2_project_bringup.egg-info/entry_points.txt
[7.660s] writing requirements to ../../../build/as2_project_bringup/as2_project_bringup.egg-info/requires.txt
[7.660s] writing top-level names to ../../../build/as2_project_bringup/as2_project_bringup.egg-info/top_level.txt
[7.668s] reading manifest file '../../../build/as2_project_bringup/as2_project_bringup.egg-info/SOURCES.txt'
[7.668s] writing manifest file '../../../build/as2_project_bringup/as2_project_bringup.egg-info/SOURCES.txt'
[7.668s] running build
[7.668s] running build_py
[7.668s] running install
[7.668s] running install_lib
[7.668s] running install_data
[7.669s] copying launch/10_swarm_person_perception_rayground_tracking_ekf_people.launch.py -> /root/aerostack2_ws/install/as2_project_bringup/share/as2_project_bringup/launch
[7.669s] running install_egg_info
[7.672s] removing '/root/aerostack2_ws/install/as2_project_bringup/lib/python3.10/site-packages/as2_project_bringup-0.0.0-py3.10.egg-info' (and everything under it)
[7.675s] Copying ../../../build/as2_project_bringup/as2_project_bringup.egg-info to /root/aerostack2_ws/install/as2_project_bringup/lib/python3.10/site-packages/as2_project_bringup-0.0.0-py3.10.egg-info
[7.675s] running install_scripts
[7.713s] writing list of installed files to '/root/aerostack2_ws/build/as2_project_bringup/install.log'
[8.904s] Invoked command in '/root/aerostack2_ws/src/aerostack2/as2_project_bringup' returned '0': PYTHONPATH=/root/aerostack2_ws/build/as2_project_bringup/prefix_override:/usr/lib/python3/dist-packages/colcon_core/task/python/colcon_distutils_commands:/root/aerostack2_ws/install/as2_project_bringup/lib/python3.10/site-packages:${PYTHONPATH} /usr/bin/python3 -W ignore:setup.py install is deprecated -W ignore:easy_install command is deprecated setup.py egg_info --egg-base ../../../build/as2_project_bringup build --build-base /root/aerostack2_ws/build/as2_project_bringup/build install --record /root/aerostack2_ws/build/as2_project_bringup/install.log --single-version-externally-managed install_data
