[5.259s] Invoking command in '/root/aerostack2_ws/src/aerostack2/rmf_demos/rmf_demos_panel': AMENT_PREFIX_PATH=/root/aerostack2_ws/install/rmf_demos_dashboard_resources:${AMENT_PREFIX_PATH} CMAKE_PREFIX_PATH=/root/aerostack2_ws/install/rmf_demos_dashboard_resources:${CMAKE_PREFIX_PATH} PYTHONPATH=/root/aerostack2_ws/build/rmf_demos_panel/prefix_override:/usr/lib/python3/dist-packages/colcon_core/task/python/colcon_distutils_commands:/root/aerostack2_ws/install/rmf_demos_panel/lib/python3.10/site-packages:${PYTHONPATH} /usr/bin/python3 -W ignore:setup.py install is deprecated -W ignore:easy_install command is deprecated setup.py egg_info --egg-base ../../../../build/rmf_demos_panel build --build-base /root/aerostack2_ws/build/rmf_demos_panel/build install --record /root/aerostack2_ws/build/rmf_demos_panel/install.log --single-version-externally-managed install_data
[7.343s] running egg_info
[7.348s] creating ../../../../build/rmf_demos_panel/rmf_demos_panel.egg-info
[7.349s] writing ../../../../build/rmf_demos_panel/rmf_demos_panel.egg-info/PKG-INFO
[7.355s] writing dependency_links to ../../../../build/rmf_demos_panel/rmf_demos_panel.egg-info/dependency_links.txt
[7.355s] writing entry points to ../../../../build/rmf_demos_panel/rmf_demos_panel.egg-info/entry_points.txt
[7.357s] writing requirements to ../../../../build/rmf_demos_panel/rmf_demos_panel.egg-info/requires.txt
[7.357s] writing top-level names to ../../../../build/rmf_demos_panel/rmf_demos_panel.egg-info/top_level.txt
[7.365s] writing manifest file '../../../../build/rmf_demos_panel/rmf_demos_panel.egg-info/SOURCES.txt'
[7.371s] reading manifest file '../../../../build/rmf_demos_panel/rmf_demos_panel.egg-info/SOURCES.txt'
[7.381s] writing manifest file '../../../../build/rmf_demos_panel/rmf_demos_panel.egg-info/SOURCES.txt'
[7.381s] running build
[7.381s] running build_py
[7.382s] creating /root/aerostack2_ws/build/rmf_demos_panel/build
[7.382s] creating /root/aerostack2_ws/build/rmf_demos_panel/build/lib
[7.382s] creating /root/aerostack2_ws/build/rmf_demos_panel/build/lib/rmf_demos_panel
[7.382s] copying rmf_demos_panel/__init__.py -> /root/aerostack2_ws/build/rmf_demos_panel/build/lib/rmf_demos_panel
[7.382s] copying rmf_demos_panel/dispatcher_client.py -> /root/aerostack2_ws/build/rmf_demos_panel/build/lib/rmf_demos_panel
[7.382s] copying rmf_demos_panel/simple_api_server.py -> /root/aerostack2_ws/build/rmf_demos_panel/build/lib/rmf_demos_panel
[7.382s] copying rmf_demos_panel/rmf_msg_observer.py -> /root/aerostack2_ws/build/rmf_demos_panel/build/lib/rmf_demos_panel
[7.382s] running install
[7.382s] running install_lib
[7.404s] creating /root/aerostack2_ws/install/rmf_demos_panel/lib/python3.10/site-packages/rmf_demos_panel
[7.404s] copying /root/aerostack2_ws/build/rmf_demos_panel/build/lib/rmf_demos_panel/__init__.py -> /root/aerostack2_ws/install/rmf_demos_panel/lib/python3.10/site-packages/rmf_demos_panel
[7.404s] copying /root/aerostack2_ws/build/rmf_demos_panel/build/lib/rmf_demos_panel/dispatcher_client.py -> /root/aerostack2_ws/install/rmf_demos_panel/lib/python3.10/site-packages/rmf_demos_panel
[7.404s] copying /root/aerostack2_ws/build/rmf_demos_panel/build/lib/rmf_demos_panel/simple_api_server.py -> /root/aerostack2_ws/install/rmf_demos_panel/lib/python3.10/site-packages/rmf_demos_panel
[7.406s] copying /root/aerostack2_ws/build/rmf_demos_panel/build/lib/rmf_demos_panel/rmf_msg_observer.py -> /root/aerostack2_ws/install/rmf_demos_panel/lib/python3.10/site-packages/rmf_demos_panel
[7.412s] byte-compiling /root/aerostack2_ws/install/rmf_demos_panel/lib/python3.10/site-packages/rmf_demos_panel/__init__.py to __init__.cpython-310.pyc
[7.412s] byte-compiling /root/aerostack2_ws/install/rmf_demos_panel/lib/python3.10/site-packages/rmf_demos_panel/dispatcher_client.py to dispatcher_client.cpython-310.pyc
[7.427s] byte-compiling /root/aerostack2_ws/install/rmf_demos_panel/lib/python3.10/site-packages/rmf_demos_panel/simple_api_server.py to simple_api_server.cpython-310.pyc
[7.428s] byte-compiling /root/aerostack2_ws/install/rmf_demos_panel/lib/python3.10/site-packages/rmf_demos_panel/rmf_msg_observer.py to rmf_msg_observer.cpython-310.pyc
[7.432s] running install_data
[7.432s] creating /root/aerostack2_ws/install/rmf_demos_panel/share/ament_index
[7.432s] creating /root/aerostack2_ws/install/rmf_demos_panel/share/ament_index/resource_index
[7.432s] creating /root/aerostack2_ws/install/rmf_demos_panel/share/ament_index/resource_index/packages
[7.432s] copying resource/rmf_demos_panel -> /root/aerostack2_ws/install/rmf_demos_panel/share/ament_index/resource_index/packages
[7.432s] copying package.xml -> /root/aerostack2_ws/install/rmf_demos_panel/share/rmf_demos_panel
[7.434s] creating /root/aerostack2_ws/install/rmf_demos_panel/lib/python3.10/site-packages/rmf_demos_panel/templates
[7.435s] creating /root/aerostack2_ws/install/rmf_demos_panel/lib/python3.10/site-packages/rmf_demos_panel/static
[7.435s] creating /root/aerostack2_ws/install/rmf_demos_panel/lib/python3.10/site-packages/rmf_demos_panel/static/dist
[7.435s] running install_egg_info
[7.436s] Copying ../../../../build/rmf_demos_panel/rmf_demos_panel.egg-info to /root/aerostack2_ws/install/rmf_demos_panel/lib/python3.10/site-packages/rmf_demos_panel-2.0.4-py3.10.egg-info
[7.443s] running install_scripts
[7.520s] Installing simple_api_server script to /root/aerostack2_ws/install/rmf_demos_panel/lib/rmf_demos_panel
[7.523s] writing list of installed files to '/root/aerostack2_ws/build/rmf_demos_panel/install.log'
[7.799s] Invoked command in '/root/aerostack2_ws/src/aerostack2/rmf_demos/rmf_demos_panel' returned '0': AMENT_PREFIX_PATH=/root/aerostack2_ws/install/rmf_demos_dashboard_resources:${AMENT_PREFIX_PATH} CMAKE_PREFIX_PATH=/root/aerostack2_ws/install/rmf_demos_dashboard_resources:${CMAKE_PREFIX_PATH} PYTHONPATH=/root/aerostack2_ws/build/rmf_demos_panel/prefix_override:/usr/lib/python3/dist-packages/colcon_core/task/python/colcon_distutils_commands:/root/aerostack2_ws/install/rmf_demos_panel/lib/python3.10/site-packages:${PYTHONPATH} /usr/bin/python3 -W ignore:setup.py install is deprecated -W ignore:easy_install command is deprecated setup.py egg_info --egg-base ../../../../build/rmf_demos_panel build --build-base /root/aerostack2_ws/build/rmf_demos_panel/build install --record /root/aerostack2_ws/build/rmf_demos_panel/install.log --single-version-externally-managed install_data
