[12.778s] Invoking command in '/root/aerostack2_ws/src/aerostack2/as2_swarm_perception': PYTHONPATH=/root/aerostack2_ws/build/as2_swarm_perception/prefix_override:/usr/lib/python3/dist-packages/colcon_core/task/python/colcon_distutils_commands:/root/aerostack2_ws/install/as2_swarm_perception/lib/python3.10/site-packages:${PYTHONPATH} /usr/bin/python3 -W ignore:setup.py install is deprecated -W ignore:easy_install command is deprecated setup.py egg_info --egg-base ../../../build/as2_swarm_perception build --build-base /root/aerostack2_ws/build/as2_swarm_perception/build install --record /root/aerostack2_ws/build/as2_swarm_perception/install.log --single-version-externally-managed install_data
[13.815s] running egg_info
[13.832s] writing ../../../build/as2_swarm_perception/as2_swarm_perception.egg-info/PKG-INFO
[13.833s] writing dependency_links to ../../../build/as2_swarm_perception/as2_swarm_perception.egg-info/dependency_links.txt
[13.833s] writing entry points to ../../../build/as2_swarm_perception/as2_swarm_perception.egg-info/entry_points.txt
[13.833s] writing requirements to ../../../build/as2_swarm_perception/as2_swarm_perception.egg-info/requires.txt
[13.833s] writing top-level names to ../../../build/as2_swarm_perception/as2_swarm_perception.egg-info/top_level.txt
[13.838s] reading manifest file '../../../build/as2_swarm_perception/as2_swarm_perception.egg-info/SOURCES.txt'
[13.838s] writing manifest file '../../../build/as2_swarm_perception/as2_swarm_perception.egg-info/SOURCES.txt'
[13.839s] running build
[13.840s] running build_py
[13.840s] running install
[13.840s] running install_lib
[13.840s] running install_data
[13.840s] running install_egg_info
[13.842s] removing '/root/aerostack2_ws/install/as2_swarm_perception/lib/python3.10/site-packages/as2_swarm_perception-0.0.0-py3.10.egg-info' (and everything under it)
[13.842s] Copying ../../../build/as2_swarm_perception/as2_swarm_perception.egg-info to /root/aerostack2_ws/install/as2_swarm_perception/lib/python3.10/site-packages/as2_swarm_perception-0.0.0-py3.10.egg-info
[13.842s] running install_scripts
[13.910s] Installing bbox_to_world_node script to /root/aerostack2_ws/install/as2_swarm_perception/lib/as2_swarm_perception
[13.912s] writing list of installed files to '/root/aerostack2_ws/build/as2_swarm_perception/install.log'
[14.228s] Invoked command in '/root/aerostack2_ws/src/aerostack2/as2_swarm_perception' returned '0': PYTHONPATH=/root/aerostack2_ws/build/as2_swarm_perception/prefix_override:/usr/lib/python3/dist-packages/colcon_core/task/python/colcon_distutils_commands:/root/aerostack2_ws/install/as2_swarm_perception/lib/python3.10/site-packages:${PYTHONPATH} /usr/bin/python3 -W ignore:setup.py install is deprecated -W ignore:easy_install command is deprecated setup.py egg_info --egg-base ../../../build/as2_swarm_perception build --build-base /root/aerostack2_ws/build/as2_swarm_perception/build install --record /root/aerostack2_ws/build/as2_swarm_perception/install.log --single-version-externally-managed install_data
