[10.474s] Invoking command in '/root/aerostack2_ws/src/aerostack2/as2_project_bringup': PYTHONPATH=/root/aerostack2_ws/build/as2_project_bringup/prefix_override:/usr/lib/python3/dist-packages/colcon_core/task/python/colcon_distutils_commands:/root/aerostack2_ws/install/as2_project_bringup/lib/python3.10/site-packages:${PYTHONPATH} /usr/bin/python3 -W ignore:setup.py install is deprecated -W ignore:easy_install command is deprecated setup.py egg_info --egg-base ../../../build/as2_project_bringup build --build-base /root/aerostack2_ws/build/as2_project_bringup/build install --record /root/aerostack2_ws/build/as2_project_bringup/install.log --single-version-externally-managed install_data
[12.357s] running egg_info
[12.363s] writing ../../../build/as2_project_bringup/as2_project_bringup.egg-info/PKG-INFO
[12.387s] writing dependency_links to ../../../build/as2_project_bringup/as2_project_bringup.egg-info/dependency_links.txt
[12.388s] writing entry points to ../../../build/as2_project_bringup/as2_project_bringup.egg-info/entry_points.txt
[12.388s] writing requirements to ../../../build/as2_project_bringup/as2_project_bringup.egg-info/requires.txt
[12.388s] writing top-level names to ../../../build/as2_project_bringup/as2_project_bringup.egg-info/top_level.txt
[12.450s] reading manifest file '../../../build/as2_project_bringup/as2_project_bringup.egg-info/SOURCES.txt'
[12.451s] writing manifest file '../../../build/as2_project_bringup/as2_project_bringup.egg-info/SOURCES.txt'
[12.451s] running build
[12.452s] running build_py
[12.452s] running install
[12.453s] running install_lib
[12.465s] running install_data
[12.465s] running install_egg_info
[12.525s] removing '/root/aerostack2_ws/install/as2_project_bringup/lib/python3.10/site-packages/as2_project_bringup-0.0.0-py3.10.egg-info' (and everything under it)
[12.535s] Copying ../../../build/as2_project_bringup/as2_project_bringup.egg-info to /root/aerostack2_ws/install/as2_project_bringup/lib/python3.10/site-packages/as2_project_bringup-0.0.0-py3.10.egg-info
[12.561s] running install_scripts
[12.623s] writing list of installed files to '/root/aerostack2_ws/build/as2_project_bringup/install.log'
[12.674s] Invoked command in '/root/aerostack2_ws/src/aerostack2/as2_project_bringup' returned '0': PYTHONPATH=/root/aerostack2_ws/build/as2_project_bringup/prefix_override:/usr/lib/python3/dist-packages/colcon_core/task/python/colcon_distutils_commands:/root/aerostack2_ws/install/as2_project_bringup/lib/python3.10/site-packages:${PYTHONPATH} /usr/bin/python3 -W ignore:setup.py install is deprecated -W ignore:easy_install command is deprecated setup.py egg_info --egg-base ../../../build/as2_project_bringup build --build-base /root/aerostack2_ws/build/as2_project_bringup/build install --record /root/aerostack2_ws/build/as2_project_bringup/install.log --single-version-externally-managed install_data
