[3.940s] Invoking command in '/root/aerostack2_ws/src/aerostack2/as2_swarm_ci_fusion_people': PYTHONPATH=/root/aerostack2_ws/build/as2_swarm_ci_fusion_people/prefix_override:/usr/lib/python3/dist-packages/colcon_core/task/python/colcon_distutils_commands:/root/aerostack2_ws/install/as2_swarm_ci_fusion_people/lib/python3.10/site-packages:${PYTHONPATH} /usr/bin/python3 -W ignore:setup.py install is deprecated -W ignore:easy_install command is deprecated setup.py egg_info --egg-base ../../../build/as2_swarm_ci_fusion_people build --build-base /root/aerostack2_ws/build/as2_swarm_ci_fusion_people/build install --record /root/aerostack2_ws/build/as2_swarm_ci_fusion_people/install.log --single-version-externally-managed install_data
[5.541s] running egg_info
[5.542s] writing ../../../build/as2_swarm_ci_fusion_people/as2_swarm_ci_fusion_people.egg-info/PKG-INFO
[5.543s] writing dependency_links to ../../../build/as2_swarm_ci_fusion_people/as2_swarm_ci_fusion_people.egg-info/dependency_links.txt
[5.544s] writing entry points to ../../../build/as2_swarm_ci_fusion_people/as2_swarm_ci_fusion_people.egg-info/entry_points.txt
[5.544s] writing requirements to ../../../build/as2_swarm_ci_fusion_people/as2_swarm_ci_fusion_people.egg-info/requires.txt
[5.544s] writing top-level names to ../../../build/as2_swarm_ci_fusion_people/as2_swarm_ci_fusion_people.egg-info/top_level.txt
[5.551s] reading manifest file '../../../build/as2_swarm_ci_fusion_people/as2_swarm_ci_fusion_people.egg-info/SOURCES.txt'
[5.554s] writing manifest file '../../../build/as2_swarm_ci_fusion_people/as2_swarm_ci_fusion_people.egg-info/SOURCES.txt'
[5.555s] running build
[5.555s] running build_py
[5.556s] running install
[5.558s] running install_lib
[5.564s] running install_data
[5.565s] running install_egg_info
[5.568s] removing '/root/aerostack2_ws/install/as2_swarm_ci_fusion_people/lib/python3.10/site-packages/as2_swarm_ci_fusion_people-0.0.0-py3.10.egg-info' (and everything under it)
[5.569s] Copying ../../../build/as2_swarm_ci_fusion_people/as2_swarm_ci_fusion_people.egg-info to /root/aerostack2_ws/install/as2_swarm_ci_fusion_people/lib/python3.10/site-packages/as2_swarm_ci_fusion_people-0.0.0-py3.10.egg-info
[5.575s] running install_scripts
[5.614s] Installing swarm_ci_fusion_people_node script to /root/aerostack2_ws/install/as2_swarm_ci_fusion_people/lib/as2_swarm_ci_fusion_people
[5.618s] writing list of installed files to '/root/aerostack2_ws/build/as2_swarm_ci_fusion_people/install.log'
[5.742s] Invoked command in '/root/aerostack2_ws/src/aerostack2/as2_swarm_ci_fusion_people' returned '0': PYTHONPATH=/root/aerostack2_ws/build/as2_swarm_ci_fusion_people/prefix_override:/usr/lib/python3/dist-packages/colcon_core/task/python/colcon_distutils_commands:/root/aerostack2_ws/install/as2_swarm_ci_fusion_people/lib/python3.10/site-packages:${PYTHONPATH} /usr/bin/python3 -W ignore:setup.py install is deprecated -W ignore:easy_install command is deprecated setup.py egg_info --egg-base ../../../build/as2_swarm_ci_fusion_people build --build-base /root/aerostack2_ws/build/as2_swarm_ci_fusion_people/build install --record /root/aerostack2_ws/build/as2_swarm_ci_fusion_people/install.log --single-version-externally-managed install_data
