[0.008s] Invoking command in '/root/aerostack2_ws/build/as2_cli': CMAKE_PREFIX_PATH=/opt/ros/humble /usr/bin/cmake --build /root/aerostack2_ws/build/as2_cli -- -j8 -l8
[0.035s] Invoked command in '/root/aerostack2_ws/build/as2_cli' returned '0': CMAKE_PREFIX_PATH=/opt/ros/humble /usr/bin/cmake --build /root/aerostack2_ws/build/as2_cli -- -j8 -l8
[0.042s] Invoking command in '/root/aerostack2_ws/build/as2_cli': CMAKE_PREFIX_PATH=/opt/ros/humble /usr/bin/cmake --install /root/aerostack2_ws/build/as2_cli
[0.046s] -- Install configuration: ""
[0.046s] -- Up-to-date: /root/aerostack2_ws/install/as2_cli/share/ament_index/resource_index/package_run_dependencies/as2_cli
[0.046s] -- Up-to-date: /root/aerostack2_ws/install/as2_cli/share/ament_index/resource_index/parent_prefix_path/as2_cli
[0.046s] -- Up-to-date: /root/aerostack2_ws/install/as2_cli/share/as2_cli/environment/ament_prefix_path.sh
[0.046s] -- Up-to-date: /root/aerostack2_ws/install/as2_cli/share/as2_cli/environment/ament_prefix_path.dsv
[0.046s] -- Up-to-date: /root/aerostack2_ws/install/as2_cli/share/as2_cli/environment/path.sh
[0.046s] -- Up-to-date: /root/aerostack2_ws/install/as2_cli/share/as2_cli/environment/path.dsv
[0.046s] -- Up-to-date: /root/aerostack2_ws/install/as2_cli/share/as2_cli/local_setup.bash
[0.046s] -- Up-to-date: /root/aerostack2_ws/install/as2_cli/share/as2_cli/local_setup.sh
[0.047s] -- Up-to-date: /root/aerostack2_ws/install/as2_cli/share/as2_cli/local_setup.zsh
[0.047s] -- Up-to-date: /root/aerostack2_ws/install/as2_cli/share/as2_cli/local_setup.dsv
[0.047s] -- Installing: /root/aerostack2_ws/install/as2_cli/share/as2_cli/package.dsv
[0.047s] -- Up-to-date: /root/aerostack2_ws/install/as2_cli/share/ament_index/resource_index/packages/as2_cli
[0.047s] -- Up-to-date: /root/aerostack2_ws/install/as2_cli/share/as2_cli/cmake/as2_cliConfig.cmake
[0.047s] -- Up-to-date: /root/aerostack2_ws/install/as2_cli/share/as2_cli/cmake/as2_cliConfig-version.cmake
[0.047s] -- Up-to-date: /root/aerostack2_ws/install/as2_cli/share/as2_cli/package.xml
[0.048s] Invoked command in '/root/aerostack2_ws/build/as2_cli' returned '0': CMAKE_PREFIX_PATH=/opt/ros/humble /usr/bin/cmake --install /root/aerostack2_ws/build/as2_cli
