[6.795s] Invoking command in '/root/aerostack2_ws/src/aerostack2/as2_swarm_person_tracking': AMENT_PREFIX_PATH=/root/aerostack2_ws/install/as2_swarm_person_interfaces:${AMENT_PREFIX_PATH} CMAKE_PREFIX_PATH=/root/aerostack2_ws/install/as2_swarm_person_interfaces:${CMAKE_PREFIX_PATH} LD_LIBRARY_PATH=/root/aerostack2_ws/install/as2_swarm_person_interfaces/lib:${LD_LIBRARY_PATH} PYTHONPATH=/root/aerostack2_ws/build/as2_swarm_person_tracking/prefix_override:/usr/lib/python3/dist-packages/colcon_core/task/python/colcon_distutils_commands:/root/aerostack2_ws/install/as2_swarm_person_tracking/lib/python3.10/site-packages:/root/aerostack2_ws/install/as2_swarm_person_interfaces/local/lib/python3.10/dist-packages:${PYTHONPATH} /usr/bin/python3 -W ignore:setup.py install is deprecated -W ignore:easy_install command is deprecated setup.py egg_info --egg-base ../../../build/as2_swarm_person_tracking build --build-base /root/aerostack2_ws/build/as2_swarm_person_tracking/build install --record /root/aerostack2_ws/build/as2_swarm_person_tracking/install.log --single-version-externally-managed install_data
[8.566s] running egg_info
[8.571s] writing ../../../build/as2_swarm_person_tracking/as2_swarm_person_tracking.egg-info/PKG-INFO
[8.571s] writing dependency_links to ../../../build/as2_swarm_person_tracking/as2_swarm_person_tracking.egg-info/dependency_links.txt
[8.571s] writing entry points to ../../../build/as2_swarm_person_tracking/as2_swarm_person_tracking.egg-info/entry_points.txt
[8.571s] writing requirements to ../../../build/as2_swarm_person_tracking/as2_swarm_person_tracking.egg-info/requires.txt
[8.571s] writing top-level names to ../../../build/as2_swarm_person_tracking/as2_swarm_person_tracking.egg-info/top_level.txt
[8.571s] reading manifest file '../../../build/as2_swarm_person_tracking/as2_swarm_person_tracking.egg-info/SOURCES.txt'
[8.571s] writing manifest file '../../../build/as2_swarm_person_tracking/as2_swarm_person_tracking.egg-info/SOURCES.txt'
[8.571s] running build
[8.571s] running build_py
[8.572s] running install
[8.572s] running install_lib
[8.572s] running install_data
[8.572s] running install_egg_info
[8.600s] removing '/root/aerostack2_ws/install/as2_swarm_person_tracking/lib/python3.10/site-packages/as2_swarm_person_tracking-0.0.0-py3.10.egg-info' (and everything under it)
[8.600s] Copying ../../../build/as2_swarm_person_tracking/as2_swarm_person_tracking.egg-info to /root/aerostack2_ws/install/as2_swarm_person_tracking/lib/python3.10/site-packages/as2_swarm_person_tracking-0.0.0-py3.10.egg-info
[8.600s] running install_scripts
[8.601s] Installing multi_person_tracker_node script to /root/aerostack2_ws/install/as2_swarm_person_tracking/lib/as2_swarm_person_tracking
[8.607s] writing list of installed files to '/root/aerostack2_ws/build/as2_swarm_person_tracking/install.log'
[8.924s] Invoked command in '/root/aerostack2_ws/src/aerostack2/as2_swarm_person_tracking' returned '0': AMENT_PREFIX_PATH=/root/aerostack2_ws/install/as2_swarm_person_interfaces:${AMENT_PREFIX_PATH} CMAKE_PREFIX_PATH=/root/aerostack2_ws/install/as2_swarm_person_interfaces:${CMAKE_PREFIX_PATH} LD_LIBRARY_PATH=/root/aerostack2_ws/install/as2_swarm_person_interfaces/lib:${LD_LIBRARY_PATH} PYTHONPATH=/root/aerostack2_ws/build/as2_swarm_person_tracking/prefix_override:/usr/lib/python3/dist-packages/colcon_core/task/python/colcon_distutils_commands:/root/aerostack2_ws/install/as2_swarm_person_tracking/lib/python3.10/site-packages:/root/aerostack2_ws/install/as2_swarm_person_interfaces/local/lib/python3.10/dist-packages:${PYTHONPATH} /usr/bin/python3 -W ignore:setup.py install is deprecated -W ignore:easy_install command is deprecated setup.py egg_info --egg-base ../../../build/as2_swarm_person_tracking build --build-base /root/aerostack2_ws/build/as2_swarm_person_tracking/build install --record /root/aerostack2_ws/build/as2_swarm_person_tracking/install.log --single-version-externally-managed install_data
