[2.354s] Invoking command in '/root/aerostack2_ws/src/aerostack2/as2_project_bringup': PYTHONPATH=/root/aerostack2_ws/build/as2_project_bringup/prefix_override:/usr/lib/python3/dist-packages/colcon_core/task/python/colcon_distutils_commands:/root/aerostack2_ws/install/as2_project_bringup/lib/python3.10/site-packages:${PYTHONPATH} /usr/bin/python3 -W ignore:setup.py install is deprecated -W ignore:easy_install command is deprecated setup.py egg_info --egg-base ../../../build/as2_project_bringup build --build-base /root/aerostack2_ws/build/as2_project_bringup/build install --record /root/aerostack2_ws/build/as2_project_bringup/install.log --single-version-externally-managed install_data
[2.871s] running egg_info
[2.871s] writing ../../../build/as2_project_bringup/as2_project_bringup.egg-info/PKG-INFO
[2.871s] writing dependency_links to ../../../build/as2_project_bringup/as2_project_bringup.egg-info/dependency_links.txt
[2.874s] writing entry points to ../../../build/as2_project_bringup/as2_project_bringup.egg-info/entry_points.txt
[2.874s] writing requirements to ../../../build/as2_project_bringup/as2_project_bringup.egg-info/requires.txt
[2.874s] writing top-level names to ../../../build/as2_project_bringup/as2_project_bringup.egg-info/top_level.txt
[2.875s] reading manifest file '../../../build/as2_project_bringup/as2_project_bringup.egg-info/SOURCES.txt'
[2.877s] writing manifest file '../../../build/as2_project_bringup/as2_project_bringup.egg-info/SOURCES.txt'
[2.878s] running build
[2.878s] running build_py
[2.879s] running install
[2.879s] running install_lib
[2.881s] running install_data
[2.881s] copying launch/05_static_tf_3drones.launch.py -> /root/aerostack2_ws/install/as2_project_bringup/share/as2_project_bringup/launch
[2.882s] running install_egg_info
[2.885s] removing '/root/aerostack2_ws/install/as2_project_bringup/lib/python3.10/site-packages/as2_project_bringup-0.0.0-py3.10.egg-info' (and everything under it)
[2.886s] Copying ../../../build/as2_project_bringup/as2_project_bringup.egg-info to /root/aerostack2_ws/install/as2_project_bringup/lib/python3.10/site-packages/as2_project_bringup-0.0.0-py3.10.egg-info
[2.887s] running install_scripts
[2.947s] writing list of installed files to '/root/aerostack2_ws/build/as2_project_bringup/install.log'
[3.024s] Invoked command in '/root/aerostack2_ws/src/aerostack2/as2_project_bringup' returned '0': PYTHONPATH=/root/aerostack2_ws/build/as2_project_bringup/prefix_override:/usr/lib/python3/dist-packages/colcon_core/task/python/colcon_distutils_commands:/root/aerostack2_ws/install/as2_project_bringup/lib/python3.10/site-packages:${PYTHONPATH} /usr/bin/python3 -W ignore:setup.py install is deprecated -W ignore:easy_install command is deprecated setup.py egg_info --egg-base ../../../build/as2_project_bringup build --build-base /root/aerostack2_ws/build/as2_project_bringup/build install --record /root/aerostack2_ws/build/as2_project_bringup/install.log --single-version-externally-managed install_data
