[12.547s] Invoking command in '/root/aerostack2_ws/src/aerostack2/as2_swarm_fusion_ci': PYTHONPATH=/root/aerostack2_ws/build/as2_swarm_fusion_ci/prefix_override:/usr/lib/python3/dist-packages/colcon_core/task/python/colcon_distutils_commands:/root/aerostack2_ws/install/as2_swarm_fusion_ci/lib/python3.10/site-packages:${PYTHONPATH} /usr/bin/python3 -W ignore:setup.py install is deprecated -W ignore:easy_install command is deprecated setup.py egg_info --egg-base ../../../build/as2_swarm_fusion_ci build --build-base /root/aerostack2_ws/build/as2_swarm_fusion_ci/build install --record /root/aerostack2_ws/build/as2_swarm_fusion_ci/install.log --single-version-externally-managed install_data
[12.960s] running egg_info
[12.962s] writing ../../../build/as2_swarm_fusion_ci/as2_swarm_fusion_ci.egg-info/PKG-INFO
[12.962s] writing dependency_links to ../../../build/as2_swarm_fusion_ci/as2_swarm_fusion_ci.egg-info/dependency_links.txt
[12.962s] writing entry points to ../../../build/as2_swarm_fusion_ci/as2_swarm_fusion_ci.egg-info/entry_points.txt
[12.962s] writing requirements to ../../../build/as2_swarm_fusion_ci/as2_swarm_fusion_ci.egg-info/requires.txt
[12.962s] writing top-level names to ../../../build/as2_swarm_fusion_ci/as2_swarm_fusion_ci.egg-info/top_level.txt
[12.965s] reading manifest file '../../../build/as2_swarm_fusion_ci/as2_swarm_fusion_ci.egg-info/SOURCES.txt'
[12.966s] writing manifest file '../../../build/as2_swarm_fusion_ci/as2_swarm_fusion_ci.egg-info/SOURCES.txt'
[12.967s] running build
[12.968s] running build_py
[12.969s] copying as2_swarm_fusion_ci/swarm_ci_fusion_node.py -> /root/aerostack2_ws/build/as2_swarm_fusion_ci/build/lib/as2_swarm_fusion_ci
[12.969s] running install
[12.970s] running install_lib
[12.971s] copying /root/aerostack2_ws/build/as2_swarm_fusion_ci/build/lib/as2_swarm_fusion_ci/swarm_ci_fusion_node.py -> /root/aerostack2_ws/install/as2_swarm_fusion_ci/lib/python3.10/site-packages/as2_swarm_fusion_ci
[12.972s] byte-compiling /root/aerostack2_ws/install/as2_swarm_fusion_ci/lib/python3.10/site-packages/as2_swarm_fusion_ci/swarm_ci_fusion_node.py to swarm_ci_fusion_node.cpython-310.pyc
[12.974s] running install_data
[12.975s] running install_egg_info
[12.976s] removing '/root/aerostack2_ws/install/as2_swarm_fusion_ci/lib/python3.10/site-packages/as2_swarm_fusion_ci-0.0.1-py3.10.egg-info' (and everything under it)
[12.976s] Copying ../../../build/as2_swarm_fusion_ci/as2_swarm_fusion_ci.egg-info to /root/aerostack2_ws/install/as2_swarm_fusion_ci/lib/python3.10/site-packages/as2_swarm_fusion_ci-0.0.1-py3.10.egg-info
[12.978s] running install_scripts
[13.007s] Installing swarm_ci_fusion_node script to /root/aerostack2_ws/install/as2_swarm_fusion_ci/lib/as2_swarm_fusion_ci
[13.008s] writing list of installed files to '/root/aerostack2_ws/build/as2_swarm_fusion_ci/install.log'
[13.060s] Invoked command in '/root/aerostack2_ws/src/aerostack2/as2_swarm_fusion_ci' returned '0': PYTHONPATH=/root/aerostack2_ws/build/as2_swarm_fusion_ci/prefix_override:/usr/lib/python3/dist-packages/colcon_core/task/python/colcon_distutils_commands:/root/aerostack2_ws/install/as2_swarm_fusion_ci/lib/python3.10/site-packages:${PYTHONPATH} /usr/bin/python3 -W ignore:setup.py install is deprecated -W ignore:easy_install command is deprecated setup.py egg_info --egg-base ../../../build/as2_swarm_fusion_ci build --build-base /root/aerostack2_ws/build/as2_swarm_fusion_ci/build install --record /root/aerostack2_ws/build/as2_swarm_fusion_ci/install.log --single-version-externally-managed install_data
