[0.008s] Invoking command in '/root/aerostack2_ws/build/as2_geozones': AMENT_PREFIX_PATH=/root/aerostack2_ws/install/as2_core:/root/aerostack2_ws/install/as2_msgs:${AMENT_PREFIX_PATH} CMAKE_PREFIX_PATH=/root/aerostack2_ws/install/as2_core:/root/aerostack2_ws/install/as2_msgs:/opt/ros/humble LD_LIBRARY_PATH=/root/aerostack2_ws/install/as2_core/lib:/root/aerostack2_ws/install/as2_msgs/lib:${LD_LIBRARY_PATH} PYTHONPATH=/root/aerostack2_ws/install/as2_core/local/lib/python3.10/dist-packages:/root/aerostack2_ws/install/as2_msgs/local/lib/python3.10/dist-packages:${PYTHONPATH} /usr/bin/cmake --build /root/aerostack2_ws/build/as2_geozones -- -j8 -l8
[0.039s] [35m[1mConsolidate compiler generated dependencies of target gtest[0m
[0.040s] [35m[1mConsolidate compiler generated dependencies of target as2_geozones[0m
[0.043s] [35m[1mConsolidate compiler generated dependencies of target as2_geozones_node[0m
[0.051s] [ 36%] Built target gtest
[0.051s] [ 36%] Built target gtest_main
[0.052s] [ 54%] Built target as2_geozones
[0.059s] [ 81%] Built target as2_geozones_node
[0.060s] [35m[1mConsolidate compiler generated dependencies of target as2_geozones_as2_geozones_gtest[0m
[0.074s] [100%] Built target as2_geozones_as2_geozones_gtest
[0.081s] Invoked command in '/root/aerostack2_ws/build/as2_geozones' returned '0': AMENT_PREFIX_PATH=/root/aerostack2_ws/install/as2_core:/root/aerostack2_ws/install/as2_msgs:${AMENT_PREFIX_PATH} CMAKE_PREFIX_PATH=/root/aerostack2_ws/install/as2_core:/root/aerostack2_ws/install/as2_msgs:/opt/ros/humble LD_LIBRARY_PATH=/root/aerostack2_ws/install/as2_core/lib:/root/aerostack2_ws/install/as2_msgs/lib:${LD_LIBRARY_PATH} PYTHONPATH=/root/aerostack2_ws/install/as2_core/local/lib/python3.10/dist-packages:/root/aerostack2_ws/install/as2_msgs/local/lib/python3.10/dist-packages:${PYTHONPATH} /usr/bin/cmake --build /root/aerostack2_ws/build/as2_geozones -- -j8 -l8
[0.082s] Invoking command in '/root/aerostack2_ws/build/as2_geozones': AMENT_PREFIX_PATH=/root/aerostack2_ws/install/as2_core:/root/aerostack2_ws/install/as2_msgs:${AMENT_PREFIX_PATH} CMAKE_PREFIX_PATH=/root/aerostack2_ws/install/as2_core:/root/aerostack2_ws/install/as2_msgs:/opt/ros/humble LD_LIBRARY_PATH=/root/aerostack2_ws/install/as2_core/lib:/root/aerostack2_ws/install/as2_msgs/lib:${LD_LIBRARY_PATH} PYTHONPATH=/root/aerostack2_ws/install/as2_core/local/lib/python3.10/dist-packages:/root/aerostack2_ws/install/as2_msgs/local/lib/python3.10/dist-packages:${PYTHONPATH} /usr/bin/cmake --install /root/aerostack2_ws/build/as2_geozones
[0.087s] -- Install configuration: "Release"
[0.087s] -- Up-to-date: /root/aerostack2_ws/install/as2_geozones/include
[0.087s] -- Up-to-date: /root/aerostack2_ws/install/as2_geozones/include/as2_geozones
[0.087s] -- Up-to-date: /root/aerostack2_ws/install/as2_geozones/include/as2_geozones/as2_geozones.hpp
[0.087s] -- Up-to-date: /root/aerostack2_ws/install/as2_geozones/include/as2_geozones/pnpoly.hpp
[0.087s] -- Up-to-date: /root/aerostack2_ws/install/as2_geozones/share/as2_geozones/launch
[0.087s] -- Up-to-date: /root/aerostack2_ws/install/as2_geozones/share/as2_geozones/launch/as2_geozones_launch.py
[0.087s] -- Up-to-date: /root/aerostack2_ws/install/as2_geozones/share/as2_geozones/config
[0.087s] -- Up-to-date: /root/aerostack2_ws/install/as2_geozones/share/as2_geozones/config/geozones.yaml
[0.087s] -- Up-to-date: /root/aerostack2_ws/install/as2_geozones/lib/as2_geozones/as2_geozones_node
[0.087s] -- Up-to-date: /root/aerostack2_ws/install/as2_geozones/lib/libas2_geozones.a
[0.087s] -- Up-to-date: /root/aerostack2_ws/install/as2_geozones/share/ament_index/resource_index/package_run_dependencies/as2_geozones
[0.088s] -- Up-to-date: /root/aerostack2_ws/install/as2_geozones/share/ament_index/resource_index/parent_prefix_path/as2_geozones
[0.088s] -- Up-to-date: /root/aerostack2_ws/install/as2_geozones/share/as2_geozones/environment/ament_prefix_path.sh
[0.088s] -- Up-to-date: /root/aerostack2_ws/install/as2_geozones/share/as2_geozones/environment/ament_prefix_path.dsv
[0.088s] -- Up-to-date: /root/aerostack2_ws/install/as2_geozones/share/as2_geozones/environment/path.sh
[0.088s] -- Up-to-date: /root/aerostack2_ws/install/as2_geozones/share/as2_geozones/environment/path.dsv
[0.088s] -- Up-to-date: /root/aerostack2_ws/install/as2_geozones/share/as2_geozones/local_setup.bash
[0.088s] -- Up-to-date: /root/aerostack2_ws/install/as2_geozones/share/as2_geozones/local_setup.sh
[0.088s] -- Up-to-date: /root/aerostack2_ws/install/as2_geozones/share/as2_geozones/local_setup.zsh
[0.088s] -- Up-to-date: /root/aerostack2_ws/install/as2_geozones/share/as2_geozones/local_setup.dsv
[0.088s] -- Installing: /root/aerostack2_ws/install/as2_geozones/share/as2_geozones/package.dsv
[0.088s] -- Up-to-date: /root/aerostack2_ws/install/as2_geozones/share/ament_index/resource_index/packages/as2_geozones
[0.088s] -- Up-to-date: /root/aerostack2_ws/install/as2_geozones/share/as2_geozones/cmake/ament_cmake_export_dependencies-extras.cmake
[0.088s] -- Up-to-date: /root/aerostack2_ws/install/as2_geozones/share/as2_geozones/cmake/as2_geozonesConfig.cmake
[0.088s] -- Up-to-date: /root/aerostack2_ws/install/as2_geozones/share/as2_geozones/cmake/as2_geozonesConfig-version.cmake
[0.088s] -- Up-to-date: /root/aerostack2_ws/install/as2_geozones/share/as2_geozones/package.xml
[0.090s] Invoked command in '/root/aerostack2_ws/build/as2_geozones' returned '0': AMENT_PREFIX_PATH=/root/aerostack2_ws/install/as2_core:/root/aerostack2_ws/install/as2_msgs:${AMENT_PREFIX_PATH} CMAKE_PREFIX_PATH=/root/aerostack2_ws/install/as2_core:/root/aerostack2_ws/install/as2_msgs:/opt/ros/humble LD_LIBRARY_PATH=/root/aerostack2_ws/install/as2_core/lib:/root/aerostack2_ws/install/as2_msgs/lib:${LD_LIBRARY_PATH} PYTHONPATH=/root/aerostack2_ws/install/as2_core/local/lib/python3.10/dist-packages:/root/aerostack2_ws/install/as2_msgs/local/lib/python3.10/dist-packages:${PYTHONPATH} /usr/bin/cmake --install /root/aerostack2_ws/build/as2_geozones
