[0.162s] Invoking command in '/root/aerostack2_ws/build/as2_behaviors_trajectory_generation': CMAKE_PREFIX_PATH=/root/aerostack2_ws/install/as2_motion_reference_handlers:/root/aerostack2_ws/install/as2_behavior:/root/aerostack2_ws/install/as2_core:/root/aerostack2_ws/install/as2_msgs:/root/aerostack2_ws/install/rmf_demos_gz_classic:/root/aerostack2_ws/install/rmf_demos_gz:/root/aerostack2_ws/install/rmf_demos:/root/aerostack2_ws/install/rmf_demos_maps:/root/aerostack2_ws/install/aerostack2:/root/aerostack2_ws/install/as2_usb_camera_interface:/root/aerostack2_ws/install/as2_state_estimator:/root/aerostack2_ws/install/as2_rviz_plugins:/root/aerostack2_ws/install/as2_realsense_interface:/root/aerostack2_ws/install/as2_platform_multirotor_simulator:/root/aerostack2_ws/install/as2_platform_gazebo:/root/aerostack2_ws/install/as2_motion_controller:/root/aerostack2_ws/install/as2_behaviors_trajectory_generation:/root/aerostack2_ws/install/as2_behaviors_swarm_flocking:/root/aerostack2_ws/install/as2_behaviors_motion:/root/aerostack2_ws/install/as2_map_server:/root/aerostack2_ws/install/as2_geozones:/root/aerostack2_ws/install/as2_gazebo_assets:/root/aerostack2_ws/install/as2_external_object_to_tf:/root/aerostack2_ws/install/as2_behaviors_platform:/root/aerostack2_ws/install/as2_behaviors_perception:/root/aerostack2_ws/install/as2_behaviors_path_planning:/root/aerostack2_ws/install/as2_behavior_tree:/root/aerostack2_ws/install/as2_alphanumeric_viewer:/root/aerostack2_ws/install/as2_cli:/root/aerostack2_ws/install/as2_swarm_fusion_ci:/root/aerostack2_ws/install/rmf_demos_tasks:/root/aerostack2_ws/install/rmf_demos_panel:/root/aerostack2_ws/install/rmf_demos_fleet_adapter:/root/aerostack2_ws/install/rmf_demos_dashboard_resources:/root/aerostack2_ws/install/rmf_demos_bridges:/root/aerostack2_ws/install/rmf_demos_assets:/root/aerostack2_ws/install/as2_visualization:/root/aerostack2_ws/install/as2_swarm_perception:/root/aerostack2_ws/install/as2_keyboard_teleoperation:/root/aerostack2_ws/install/as2_python_api:/root/aerostack2_ws/install/as2_project_bringup:/root/aerostack2_ws/install/as2_perception:/root/aerostack2_ws/install/as2_groundray_perception:/opt/ros/humble LD_LIBRARY_PATH=/root/aerostack2_ws/install/as2_behavior/lib:/root/aerostack2_ws/install/as2_core/lib:/root/aerostack2_ws/install/as2_msgs/lib:/root/aerostack2_ws/install/as2_state_estimator/lib:/root/aerostack2_ws/install/as2_python_api/lib:/root/aerostack2_ws/install/as2_motion_controller/lib:/root/aerostack2_ws/install/as2_behaviors_trajectory_generation/lib:/root/aerostack2_ws/install/as2_behaviors_swarm_flocking/lib:/root/aerostack2_ws/install/as2_behaviors_motion/lib:/root/aerostack2_ws/install/as2_motion_reference_handlers/lib:/root/aerostack2_ws/install/as2_map_server/lib:/root/aerostack2_ws/install/as2_gazebo_assets/lib:/root/aerostack2_ws/install/as2_behaviors_perception/lib:/root/aerostack2_ws/install/as2_behaviors_path_planning/lib:/root/aerostack2_ws/install/as2_behavior_tree/lib:/opt/ros/humble/opt/rviz_ogre_vendor/lib:/opt/ros/humble/lib/x86_64-linux-gnu:/opt/ros/humble/lib /usr/bin/cmake --build /root/aerostack2_ws/build/as2_behaviors_trajectory_generation -- -j8 -l8
[0.371s] [  1%] Built target generate-cpp
[0.458s] [  3%] Built target gtest
[0.685s] [ 48%] Built target nlopt
[0.760s] [ 49%] Built target gtest_main
[0.829s] [ 50%] Built target generate-fortran
[0.935s] [ 57%] Built target glogbase
[1.071s] [ 58%] Built target glog
[1.244s] [ 59%] Built target glogtest
[1.451s] [ 70%] Built target mav_trajectory_generation
[1.587s] [ 72%] Built target signalhandler_unittest
[1.785s] [ 74%] Built target cleanup_immediately_unittest
[1.855s] [ 76%] Built target cleanup_with_absolute_prefix_unittest
[1.932s] [ 78%] Built target cleanup_with_relative_prefix_unittest
[2.046s] [ 81%] Built target dynamic_trajectory_generator
[2.116s] [ 83%] Built target test_polynomial
[2.248s] [ 85%] Built target generate_polynomial_trajectory_behavior_node
[2.361s] [ 87%] Built target trajectory_generator_component
[2.492s] [ 89%] Built target utilities_unittest
[2.586s] [ 90%] Built target as2_behaviors_trajectory_generation_generate_polynomial_trajectory_behavior_gtest
[2.661s] [ 92%] Built target stacktrace_unittest
[2.747s] [ 94%] Built target demangle_unittest
[2.822s] [ 96%] Built target symbolize_unittest
[2.893s] [ 98%] Built target stl_logging_unittest
[2.981s] [100%] Built target logging_unittest
[3.017s] Invoked command in '/root/aerostack2_ws/build/as2_behaviors_trajectory_generation' returned '0': CMAKE_PREFIX_PATH=/root/aerostack2_ws/install/as2_motion_reference_handlers:/root/aerostack2_ws/install/as2_behavior:/root/aerostack2_ws/install/as2_core:/root/aerostack2_ws/install/as2_msgs:/root/aerostack2_ws/install/rmf_demos_gz_classic:/root/aerostack2_ws/install/rmf_demos_gz:/root/aerostack2_ws/install/rmf_demos:/root/aerostack2_ws/install/rmf_demos_maps:/root/aerostack2_ws/install/aerostack2:/root/aerostack2_ws/install/as2_usb_camera_interface:/root/aerostack2_ws/install/as2_state_estimator:/root/aerostack2_ws/install/as2_rviz_plugins:/root/aerostack2_ws/install/as2_realsense_interface:/root/aerostack2_ws/install/as2_platform_multirotor_simulator:/root/aerostack2_ws/install/as2_platform_gazebo:/root/aerostack2_ws/install/as2_motion_controller:/root/aerostack2_ws/install/as2_behaviors_trajectory_generation:/root/aerostack2_ws/install/as2_behaviors_swarm_flocking:/root/aerostack2_ws/install/as2_behaviors_motion:/root/aerostack2_ws/install/as2_map_server:/root/aerostack2_ws/install/as2_geozones:/root/aerostack2_ws/install/as2_gazebo_assets:/root/aerostack2_ws/install/as2_external_object_to_tf:/root/aerostack2_ws/install/as2_behaviors_platform:/root/aerostack2_ws/install/as2_behaviors_perception:/root/aerostack2_ws/install/as2_behaviors_path_planning:/root/aerostack2_ws/install/as2_behavior_tree:/root/aerostack2_ws/install/as2_alphanumeric_viewer:/root/aerostack2_ws/install/as2_cli:/root/aerostack2_ws/install/as2_swarm_fusion_ci:/root/aerostack2_ws/install/rmf_demos_tasks:/root/aerostack2_ws/install/rmf_demos_panel:/root/aerostack2_ws/install/rmf_demos_fleet_adapter:/root/aerostack2_ws/install/rmf_demos_dashboard_resources:/root/aerostack2_ws/install/rmf_demos_bridges:/root/aerostack2_ws/install/rmf_demos_assets:/root/aerostack2_ws/install/as2_visualization:/root/aerostack2_ws/install/as2_swarm_perception:/root/aerostack2_ws/install/as2_keyboard_teleoperation:/root/aerostack2_ws/install/as2_python_api:/root/aerostack2_ws/install/as2_project_bringup:/root/aerostack2_ws/install/as2_perception:/root/aerostack2_ws/install/as2_groundray_perception:/opt/ros/humble LD_LIBRARY_PATH=/root/aerostack2_ws/install/as2_behavior/lib:/root/aerostack2_ws/install/as2_core/lib:/root/aerostack2_ws/install/as2_msgs/lib:/root/aerostack2_ws/install/as2_state_estimator/lib:/root/aerostack2_ws/install/as2_python_api/lib:/root/aerostack2_ws/install/as2_motion_controller/lib:/root/aerostack2_ws/install/as2_behaviors_trajectory_generation/lib:/root/aerostack2_ws/install/as2_behaviors_swarm_flocking/lib:/root/aerostack2_ws/install/as2_behaviors_motion/lib:/root/aerostack2_ws/install/as2_motion_reference_handlers/lib:/root/aerostack2_ws/install/as2_map_server/lib:/root/aerostack2_ws/install/as2_gazebo_assets/lib:/root/aerostack2_ws/install/as2_behaviors_perception/lib:/root/aerostack2_ws/install/as2_behaviors_path_planning/lib:/root/aerostack2_ws/install/as2_behavior_tree/lib:/opt/ros/humble/opt/rviz_ogre_vendor/lib:/opt/ros/humble/lib/x86_64-linux-gnu:/opt/ros/humble/lib /usr/bin/cmake --build /root/aerostack2_ws/build/as2_behaviors_trajectory_generation -- -j8 -l8
[3.027s] Invoking command in '/root/aerostack2_ws/build/as2_behaviors_trajectory_generation': CMAKE_PREFIX_PATH=/root/aerostack2_ws/install/as2_motion_reference_handlers:/root/aerostack2_ws/install/as2_behavior:/root/aerostack2_ws/install/as2_core:/root/aerostack2_ws/install/as2_msgs:/root/aerostack2_ws/install/rmf_demos_gz_classic:/root/aerostack2_ws/install/rmf_demos_gz:/root/aerostack2_ws/install/rmf_demos:/root/aerostack2_ws/install/rmf_demos_maps:/root/aerostack2_ws/install/aerostack2:/root/aerostack2_ws/install/as2_usb_camera_interface:/root/aerostack2_ws/install/as2_state_estimator:/root/aerostack2_ws/install/as2_rviz_plugins:/root/aerostack2_ws/install/as2_realsense_interface:/root/aerostack2_ws/install/as2_platform_multirotor_simulator:/root/aerostack2_ws/install/as2_platform_gazebo:/root/aerostack2_ws/install/as2_motion_controller:/root/aerostack2_ws/install/as2_behaviors_trajectory_generation:/root/aerostack2_ws/install/as2_behaviors_swarm_flocking:/root/aerostack2_ws/install/as2_behaviors_motion:/root/aerostack2_ws/install/as2_map_server:/root/aerostack2_ws/install/as2_geozones:/root/aerostack2_ws/install/as2_gazebo_assets:/root/aerostack2_ws/install/as2_external_object_to_tf:/root/aerostack2_ws/install/as2_behaviors_platform:/root/aerostack2_ws/install/as2_behaviors_perception:/root/aerostack2_ws/install/as2_behaviors_path_planning:/root/aerostack2_ws/install/as2_behavior_tree:/root/aerostack2_ws/install/as2_alphanumeric_viewer:/root/aerostack2_ws/install/as2_cli:/root/aerostack2_ws/install/as2_swarm_fusion_ci:/root/aerostack2_ws/install/rmf_demos_tasks:/root/aerostack2_ws/install/rmf_demos_panel:/root/aerostack2_ws/install/rmf_demos_fleet_adapter:/root/aerostack2_ws/install/rmf_demos_dashboard_resources:/root/aerostack2_ws/install/rmf_demos_bridges:/root/aerostack2_ws/install/rmf_demos_assets:/root/aerostack2_ws/install/as2_visualization:/root/aerostack2_ws/install/as2_swarm_perception:/root/aerostack2_ws/install/as2_keyboard_teleoperation:/root/aerostack2_ws/install/as2_python_api:/root/aerostack2_ws/install/as2_project_bringup:/root/aerostack2_ws/install/as2_perception:/root/aerostack2_ws/install/as2_groundray_perception:/opt/ros/humble LD_LIBRARY_PATH=/root/aerostack2_ws/install/as2_behavior/lib:/root/aerostack2_ws/install/as2_core/lib:/root/aerostack2_ws/install/as2_msgs/lib:/root/aerostack2_ws/install/as2_state_estimator/lib:/root/aerostack2_ws/install/as2_python_api/lib:/root/aerostack2_ws/install/as2_motion_controller/lib:/root/aerostack2_ws/install/as2_behaviors_trajectory_generation/lib:/root/aerostack2_ws/install/as2_behaviors_swarm_flocking/lib:/root/aerostack2_ws/install/as2_behaviors_motion/lib:/root/aerostack2_ws/install/as2_motion_reference_handlers/lib:/root/aerostack2_ws/install/as2_map_server/lib:/root/aerostack2_ws/install/as2_gazebo_assets/lib:/root/aerostack2_ws/install/as2_behaviors_perception/lib:/root/aerostack2_ws/install/as2_behaviors_path_planning/lib:/root/aerostack2_ws/install/as2_behavior_tree/lib:/opt/ros/humble/opt/rviz_ogre_vendor/lib:/opt/ros/humble/lib/x86_64-linux-gnu:/opt/ros/humble/lib /usr/bin/cmake --install /root/aerostack2_ws/build/as2_behaviors_trajectory_generation
[3.037s] -- Install configuration: "Release"
[3.037s] -- Up-to-date: /root/aerostack2_ws/install/as2_behaviors_trajectory_generation/share/ament_index/resource_index/package_run_dependencies/as2_behaviors_trajectory_generation
[3.038s] -- Up-to-date: /root/aerostack2_ws/install/as2_behaviors_trajectory_generation/share/ament_index/resource_index/parent_prefix_path/as2_behaviors_trajectory_generation
[3.039s] -- Up-to-date: /root/aerostack2_ws/install/as2_behaviors_trajectory_generation/share/as2_behaviors_trajectory_generation/environment/ament_prefix_path.sh
[3.039s] -- Up-to-date: /root/aerostack2_ws/install/as2_behaviors_trajectory_generation/share/as2_behaviors_trajectory_generation/environment/ament_prefix_path.dsv
[3.040s] -- Up-to-date: /root/aerostack2_ws/install/as2_behaviors_trajectory_generation/share/as2_behaviors_trajectory_generation/environment/path.sh
[3.040s] -- Up-to-date: /root/aerostack2_ws/install/as2_behaviors_trajectory_generation/share/as2_behaviors_trajectory_generation/environment/path.dsv
[3.040s] -- Up-to-date: /root/aerostack2_ws/install/as2_behaviors_trajectory_generation/share/as2_behaviors_trajectory_generation/local_setup.bash
[3.040s] -- Up-to-date: /root/aerostack2_ws/install/as2_behaviors_trajectory_generation/share/as2_behaviors_trajectory_generation/local_setup.sh
[3.040s] -- Up-to-date: /root/aerostack2_ws/install/as2_behaviors_trajectory_generation/share/as2_behaviors_trajectory_generation/local_setup.zsh
[3.041s] -- Up-to-date: /root/aerostack2_ws/install/as2_behaviors_trajectory_generation/share/as2_behaviors_trajectory_generation/local_setup.dsv
[3.041s] -- Installing: /root/aerostack2_ws/install/as2_behaviors_trajectory_generation/share/as2_behaviors_trajectory_generation/package.dsv
[3.042s] -- Up-to-date: /root/aerostack2_ws/install/as2_behaviors_trajectory_generation/share/ament_index/resource_index/packages/as2_behaviors_trajectory_generation
[3.042s] -- Up-to-date: /root/aerostack2_ws/install/as2_behaviors_trajectory_generation/share/ament_index/resource_index/rclcpp_components/as2_behaviors_trajectory_generation
[3.043s] -- Up-to-date: /root/aerostack2_ws/install/as2_behaviors_trajectory_generation/share/as2_behaviors_trajectory_generation/cmake/ament_cmake_export_dependencies-extras.cmake
[3.047s] -- Up-to-date: /root/aerostack2_ws/install/as2_behaviors_trajectory_generation/share/as2_behaviors_trajectory_generation/cmake/as2_behaviors_trajectory_generationConfig.cmake
[3.048s] -- Up-to-date: /root/aerostack2_ws/install/as2_behaviors_trajectory_generation/share/as2_behaviors_trajectory_generation/cmake/as2_behaviors_trajectory_generationConfig-version.cmake
[3.048s] -- Up-to-date: /root/aerostack2_ws/install/as2_behaviors_trajectory_generation/share/as2_behaviors_trajectory_generation/package.xml
[3.050s] -- Up-to-date: /root/aerostack2_ws/install/as2_behaviors_trajectory_generation/lib/libtrajectory_generator_component.so
[3.050s] -- Up-to-date: /root/aerostack2_ws/install/as2_behaviors_trajectory_generation/lib/libdynamic_trajectory_generator.so
[3.053s] -- Up-to-date: /root/aerostack2_ws/install/as2_behaviors_trajectory_generation/lib/libmav_trajectory_generation.so
[3.053s] -- Up-to-date: /root/aerostack2_ws/install/as2_behaviors_trajectory_generation/share/as2_behaviors_trajectory_generation/launch
[3.053s] -- Up-to-date: /root/aerostack2_ws/install/as2_behaviors_trajectory_generation/share/as2_behaviors_trajectory_generation/launch/composable_generate_polynomial_trajectory_behavior.launch.py
[3.054s] -- Up-to-date: /root/aerostack2_ws/install/as2_behaviors_trajectory_generation/share/as2_behaviors_trajectory_generation/launch/generate_polynomial_trajectory_behavior_launch.py
[3.054s] -- Up-to-date: /root/aerostack2_ws/install/as2_behaviors_trajectory_generation/share/as2_behaviors_trajectory_generation/generate_polynomial_trajectory_behavior/config
[3.054s] -- Up-to-date: /root/aerostack2_ws/install/as2_behaviors_trajectory_generation/share/as2_behaviors_trajectory_generation/generate_polynomial_trajectory_behavior/config/config_default.yaml
[3.056s] -- Up-to-date: /root/aerostack2_ws/install/as2_behaviors_trajectory_generation/lib/as2_behaviors_trajectory_generation/generate_polynomial_trajectory_behavior_node
[3.067s] -- Up-to-date: /root/aerostack2_ws/install/as2_behaviors_trajectory_generation/lib/libglog.so.0.6.0
[3.067s] -- Up-to-date: /root/aerostack2_ws/install/as2_behaviors_trajectory_generation/lib/libglog.so.1
[3.067s] -- Up-to-date: /root/aerostack2_ws/install/as2_behaviors_trajectory_generation/lib/libglog.so
[3.071s] -- Up-to-date: /root/aerostack2_ws/install/as2_behaviors_trajectory_generation/include/glog/export.h
[3.071s] -- Up-to-date: /root/aerostack2_ws/install/as2_behaviors_trajectory_generation/include/glog/logging.h
[3.072s] -- Up-to-date: /root/aerostack2_ws/install/as2_behaviors_trajectory_generation/include/glog/raw_logging.h
[3.072s] -- Up-to-date: /root/aerostack2_ws/install/as2_behaviors_trajectory_generation/include/glog/stl_logging.h
[3.072s] -- Up-to-date: /root/aerostack2_ws/install/as2_behaviors_trajectory_generation/include/glog/vlog_is_on.h
[3.072s] -- Up-to-date: /root/aerostack2_ws/install/as2_behaviors_trajectory_generation/include/glog/log_severity.h
[3.072s] -- Up-to-date: /root/aerostack2_ws/install/as2_behaviors_trajectory_generation/include/glog/platform.h
[3.072s] -- Up-to-date: /root/aerostack2_ws/install/as2_behaviors_trajectory_generation/lib/pkgconfig/libglog.pc
[3.076s] -- Up-to-date: /root/aerostack2_ws/install/as2_behaviors_trajectory_generation/lib/cmake/glog/glog-modules.cmake
[3.076s] -- Up-to-date: /root/aerostack2_ws/install/as2_behaviors_trajectory_generation/lib/cmake/glog/glog-config.cmake
[3.076s] -- Up-to-date: /root/aerostack2_ws/install/as2_behaviors_trajectory_generation/lib/cmake/glog/glog-config-version.cmake
[3.076s] -- Up-to-date: /root/aerostack2_ws/install/as2_behaviors_trajectory_generation/lib/cmake/glog/glog-targets.cmake
[3.077s] -- Up-to-date: /root/aerostack2_ws/install/as2_behaviors_trajectory_generation/lib/cmake/glog/glog-targets-release.cmake
[3.079s] -- Up-to-date: /root/aerostack2_ws/install/as2_behaviors_trajectory_generation/lib/pkgconfig/nlopt.pc
[3.080s] -- Up-to-date: /root/aerostack2_ws/install/as2_behaviors_trajectory_generation/include/nlopt.h
[3.081s] -- Up-to-date: /root/aerostack2_ws/install/as2_behaviors_trajectory_generation/include/nlopt.hpp
[3.081s] -- Up-to-date: /root/aerostack2_ws/install/as2_behaviors_trajectory_generation/include/nlopt.f
[3.081s] -- Up-to-date: /root/aerostack2_ws/install/as2_behaviors_trajectory_generation/lib/libnlopt.so.0.11.1
[3.081s] -- Up-to-date: /root/aerostack2_ws/install/as2_behaviors_trajectory_generation/lib/libnlopt.so.0
[3.081s] -- Up-to-date: /root/aerostack2_ws/install/as2_behaviors_trajectory_generation/lib/libnlopt.so
[3.092s] -- Up-to-date: /root/aerostack2_ws/install/as2_behaviors_trajectory_generation/lib/cmake/nlopt/NLoptLibraryDepends.cmake
[3.092s] -- Up-to-date: /root/aerostack2_ws/install/as2_behaviors_trajectory_generation/lib/cmake/nlopt/NLoptLibraryDepends-release.cmake
[3.092s] -- Up-to-date: /root/aerostack2_ws/install/as2_behaviors_trajectory_generation/lib/cmake/nlopt/NLoptConfig.cmake
[3.092s] -- Up-to-date: /root/aerostack2_ws/install/as2_behaviors_trajectory_generation/lib/cmake/nlopt/NLoptConfigVersion.cmake
[3.092s] -- Up-to-date: /root/aerostack2_ws/install/as2_behaviors_trajectory_generation/share/man/man3/nlopt.3
[3.092s] -- Up-to-date: /root/aerostack2_ws/install/as2_behaviors_trajectory_generation/share/man/man3/nlopt_minimize.3
[3.103s] -- Up-to-date: /root/aerostack2_ws/install/as2_behaviors_trajectory_generation/share/man/man3/nlopt_minimize_constrained.3
[3.147s] Invoked command in '/root/aerostack2_ws/build/as2_behaviors_trajectory_generation' returned '0': CMAKE_PREFIX_PATH=/root/aerostack2_ws/install/as2_motion_reference_handlers:/root/aerostack2_ws/install/as2_behavior:/root/aerostack2_ws/install/as2_core:/root/aerostack2_ws/install/as2_msgs:/root/aerostack2_ws/install/rmf_demos_gz_classic:/root/aerostack2_ws/install/rmf_demos_gz:/root/aerostack2_ws/install/rmf_demos:/root/aerostack2_ws/install/rmf_demos_maps:/root/aerostack2_ws/install/aerostack2:/root/aerostack2_ws/install/as2_usb_camera_interface:/root/aerostack2_ws/install/as2_state_estimator:/root/aerostack2_ws/install/as2_rviz_plugins:/root/aerostack2_ws/install/as2_realsense_interface:/root/aerostack2_ws/install/as2_platform_multirotor_simulator:/root/aerostack2_ws/install/as2_platform_gazebo:/root/aerostack2_ws/install/as2_motion_controller:/root/aerostack2_ws/install/as2_behaviors_trajectory_generation:/root/aerostack2_ws/install/as2_behaviors_swarm_flocking:/root/aerostack2_ws/install/as2_behaviors_motion:/root/aerostack2_ws/install/as2_map_server:/root/aerostack2_ws/install/as2_geozones:/root/aerostack2_ws/install/as2_gazebo_assets:/root/aerostack2_ws/install/as2_external_object_to_tf:/root/aerostack2_ws/install/as2_behaviors_platform:/root/aerostack2_ws/install/as2_behaviors_perception:/root/aerostack2_ws/install/as2_behaviors_path_planning:/root/aerostack2_ws/install/as2_behavior_tree:/root/aerostack2_ws/install/as2_alphanumeric_viewer:/root/aerostack2_ws/install/as2_cli:/root/aerostack2_ws/install/as2_swarm_fusion_ci:/root/aerostack2_ws/install/rmf_demos_tasks:/root/aerostack2_ws/install/rmf_demos_panel:/root/aerostack2_ws/install/rmf_demos_fleet_adapter:/root/aerostack2_ws/install/rmf_demos_dashboard_resources:/root/aerostack2_ws/install/rmf_demos_bridges:/root/aerostack2_ws/install/rmf_demos_assets:/root/aerostack2_ws/install/as2_visualization:/root/aerostack2_ws/install/as2_swarm_perception:/root/aerostack2_ws/install/as2_keyboard_teleoperation:/root/aerostack2_ws/install/as2_python_api:/root/aerostack2_ws/install/as2_project_bringup:/root/aerostack2_ws/install/as2_perception:/root/aerostack2_ws/install/as2_groundray_perception:/opt/ros/humble LD_LIBRARY_PATH=/root/aerostack2_ws/install/as2_behavior/lib:/root/aerostack2_ws/install/as2_core/lib:/root/aerostack2_ws/install/as2_msgs/lib:/root/aerostack2_ws/install/as2_state_estimator/lib:/root/aerostack2_ws/install/as2_python_api/lib:/root/aerostack2_ws/install/as2_motion_controller/lib:/root/aerostack2_ws/install/as2_behaviors_trajectory_generation/lib:/root/aerostack2_ws/install/as2_behaviors_swarm_flocking/lib:/root/aerostack2_ws/install/as2_behaviors_motion/lib:/root/aerostack2_ws/install/as2_motion_reference_handlers/lib:/root/aerostack2_ws/install/as2_map_server/lib:/root/aerostack2_ws/install/as2_gazebo_assets/lib:/root/aerostack2_ws/install/as2_behaviors_perception/lib:/root/aerostack2_ws/install/as2_behaviors_path_planning/lib:/root/aerostack2_ws/install/as2_behavior_tree/lib:/opt/ros/humble/opt/rviz_ogre_vendor/lib:/opt/ros/humble/lib/x86_64-linux-gnu:/opt/ros/humble/lib /usr/bin/cmake --install /root/aerostack2_ws/build/as2_behaviors_trajectory_generation
