running egg_info
creating ../../../build/as2_swarm_person_tracking/as2_swarm_person_tracking.egg-info
writing ../../../build/as2_swarm_person_tracking/as2_swarm_person_tracking.egg-info/PKG-INFO
writing dependency_links to ../../../build/as2_swarm_person_tracking/as2_swarm_person_tracking.egg-info/dependency_links.txt
writing entry points to ../../../build/as2_swarm_person_tracking/as2_swarm_person_tracking.egg-info/entry_points.txt
writing requirements to ../../../build/as2_swarm_person_tracking/as2_swarm_person_tracking.egg-info/requires.txt
writing top-level names to ../../../build/as2_swarm_person_tracking/as2_swarm_person_tracking.egg-info/top_level.txt
writing manifest file '../../../build/as2_swarm_person_tracking/as2_swarm_person_tracking.egg-info/SOURCES.txt'
reading manifest file '../../../build/as2_swarm_person_tracking/as2_swarm_person_tracking.egg-info/SOURCES.txt'
writing manifest file '../../../build/as2_swarm_person_tracking/as2_swarm_person_tracking.egg-info/SOURCES.txt'
running build
running build_py
creating /root/aerostack2_ws/build/as2_swarm_person_tracking/build
creating /root/aerostack2_ws/build/as2_swarm_person_tracking/build/lib
creating /root/aerostack2_ws/build/as2_swarm_person_tracking/build/lib/as2_swarm_person_tracking
copying as2_swarm_person_tracking/multi_person_tracker_node.py -> /root/aerostack2_ws/build/as2_swarm_person_tracking/build/lib/as2_swarm_person_tracking
copying as2_swarm_person_tracking/__init__.py -> /root/aerostack2_ws/build/as2_swarm_person_tracking/build/lib/as2_swarm_person_tracking
running install
running install_lib
creating /root/aerostack2_ws/install/as2_swarm_person_tracking/lib/python3.10/site-packages/as2_swarm_person_tracking
copying /root/aerostack2_ws/build/as2_swarm_person_tracking/build/lib/as2_swarm_person_tracking/multi_person_tracker_node.py -> /root/aerostack2_ws/install/as2_swarm_person_tracking/lib/python3.10/site-packages/as2_swarm_person_tracking
copying /root/aerostack2_ws/build/as2_swarm_person_tracking/build/lib/as2_swarm_person_tracking/__init__.py -> /root/aerostack2_ws/install/as2_swarm_person_tracking/lib/python3.10/site-packages/as2_swarm_person_tracking
byte-compiling /root/aerostack2_ws/install/as2_swarm_person_tracking/lib/python3.10/site-packages/as2_swarm_person_tracking/multi_person_tracker_node.py to multi_person_tracker_node.cpython-310.pyc
byte-compiling /root/aerostack2_ws/install/as2_swarm_person_tracking/lib/python3.10/site-packages/as2_swarm_person_tracking/__init__.py to __init__.cpython-310.pyc
running install_data
creating /root/aerostack2_ws/install/as2_swarm_person_tracking/share/ament_index
creating /root/aerostack2_ws/install/as2_swarm_person_tracking/share/ament_index/resource_index
creating /root/aerostack2_ws/install/as2_swarm_person_tracking/share/ament_index/resource_index/packages
copying resource/as2_swarm_person_tracking -> /root/aerostack2_ws/install/as2_swarm_person_tracking/share/ament_index/resource_index/packages
copying package.xml -> /root/aerostack2_ws/install/as2_swarm_person_tracking/share/as2_swarm_person_tracking
running install_egg_info
Copying ../../../build/as2_swarm_person_tracking/as2_swarm_person_tracking.egg-info to /root/aerostack2_ws/install/as2_swarm_person_tracking/lib/python3.10/site-packages/as2_swarm_person_tracking-0.0.0-py3.10.egg-info
running install_scripts
Installing multi_person_tracker_node script to /root/aerostack2_ws/install/as2_swarm_person_tracking/lib/as2_swarm_person_tracking
writing list of installed files to '/root/aerostack2_ws/build/as2_swarm_person_tracking/install.log'
