[2.876s] Invoking command in '/root/aerostack2_ws/src/aerostack2/as2_swarm_person_tracking': PYTHONPATH=/root/aerostack2_ws/build/as2_swarm_person_tracking/prefix_override:/usr/lib/python3/dist-packages/colcon_core/task/python/colcon_distutils_commands:/root/aerostack2_ws/install/as2_swarm_person_tracking/lib/python3.10/site-packages:${PYTHONPATH} /usr/bin/python3 -W ignore:setup.py install is deprecated -W ignore:easy_install command is deprecated setup.py egg_info --egg-base ../../../build/as2_swarm_person_tracking build --build-base /root/aerostack2_ws/build/as2_swarm_person_tracking/build install --record /root/aerostack2_ws/build/as2_swarm_person_tracking/install.log --single-version-externally-managed install_data
[3.557s] running egg_info
[3.557s] creating ../../../build/as2_swarm_person_tracking/as2_swarm_person_tracking.egg-info
[3.557s] writing ../../../build/as2_swarm_person_tracking/as2_swarm_person_tracking.egg-info/PKG-INFO
[3.557s] writing dependency_links to ../../../build/as2_swarm_person_tracking/as2_swarm_person_tracking.egg-info/dependency_links.txt
[3.557s] writing entry points to ../../../build/as2_swarm_person_tracking/as2_swarm_person_tracking.egg-info/entry_points.txt
[3.557s] writing requirements to ../../../build/as2_swarm_person_tracking/as2_swarm_person_tracking.egg-info/requires.txt
[3.557s] writing top-level names to ../../../build/as2_swarm_person_tracking/as2_swarm_person_tracking.egg-info/top_level.txt
[3.557s] writing manifest file '../../../build/as2_swarm_person_tracking/as2_swarm_person_tracking.egg-info/SOURCES.txt'
[3.571s] reading manifest file '../../../build/as2_swarm_person_tracking/as2_swarm_person_tracking.egg-info/SOURCES.txt'
[3.571s] writing manifest file '../../../build/as2_swarm_person_tracking/as2_swarm_person_tracking.egg-info/SOURCES.txt'
[3.571s] running build
[3.572s] running build_py
[3.572s] creating /root/aerostack2_ws/build/as2_swarm_person_tracking/build
[3.572s] creating /root/aerostack2_ws/build/as2_swarm_person_tracking/build/lib
[3.572s] creating /root/aerostack2_ws/build/as2_swarm_person_tracking/build/lib/as2_swarm_person_tracking
[3.572s] copying as2_swarm_person_tracking/multi_person_tracker_node.py -> /root/aerostack2_ws/build/as2_swarm_person_tracking/build/lib/as2_swarm_person_tracking
[3.572s] copying as2_swarm_person_tracking/__init__.py -> /root/aerostack2_ws/build/as2_swarm_person_tracking/build/lib/as2_swarm_person_tracking
[3.572s] running install
[3.572s] running install_lib
[3.576s] creating /root/aerostack2_ws/install/as2_swarm_person_tracking/lib/python3.10/site-packages/as2_swarm_person_tracking
[3.593s] copying /root/aerostack2_ws/build/as2_swarm_person_tracking/build/lib/as2_swarm_person_tracking/multi_person_tracker_node.py -> /root/aerostack2_ws/install/as2_swarm_person_tracking/lib/python3.10/site-packages/as2_swarm_person_tracking
[3.593s] copying /root/aerostack2_ws/build/as2_swarm_person_tracking/build/lib/as2_swarm_person_tracking/__init__.py -> /root/aerostack2_ws/install/as2_swarm_person_tracking/lib/python3.10/site-packages/as2_swarm_person_tracking
[3.593s] byte-compiling /root/aerostack2_ws/install/as2_swarm_person_tracking/lib/python3.10/site-packages/as2_swarm_person_tracking/multi_person_tracker_node.py to multi_person_tracker_node.cpython-310.pyc
[3.594s] byte-compiling /root/aerostack2_ws/install/as2_swarm_person_tracking/lib/python3.10/site-packages/as2_swarm_person_tracking/__init__.py to __init__.cpython-310.pyc
[3.594s] running install_data
[3.594s] creating /root/aerostack2_ws/install/as2_swarm_person_tracking/share/ament_index
[3.594s] creating /root/aerostack2_ws/install/as2_swarm_person_tracking/share/ament_index/resource_index
[3.594s] creating /root/aerostack2_ws/install/as2_swarm_person_tracking/share/ament_index/resource_index/packages
[3.594s] copying resource/as2_swarm_person_tracking -> /root/aerostack2_ws/install/as2_swarm_person_tracking/share/ament_index/resource_index/packages
[3.594s] copying package.xml -> /root/aerostack2_ws/install/as2_swarm_person_tracking/share/as2_swarm_person_tracking
[3.594s] running install_egg_info
[3.594s] Copying ../../../build/as2_swarm_person_tracking/as2_swarm_person_tracking.egg-info to /root/aerostack2_ws/install/as2_swarm_person_tracking/lib/python3.10/site-packages/as2_swarm_person_tracking-0.0.0-py3.10.egg-info
[3.595s] running install_scripts
[3.653s] Installing multi_person_tracker_node script to /root/aerostack2_ws/install/as2_swarm_person_tracking/lib/as2_swarm_person_tracking
[3.653s] writing list of installed files to '/root/aerostack2_ws/build/as2_swarm_person_tracking/install.log'
[3.781s] Invoked command in '/root/aerostack2_ws/src/aerostack2/as2_swarm_person_tracking' returned '0': PYTHONPATH=/root/aerostack2_ws/build/as2_swarm_person_tracking/prefix_override:/usr/lib/python3/dist-packages/colcon_core/task/python/colcon_distutils_commands:/root/aerostack2_ws/install/as2_swarm_person_tracking/lib/python3.10/site-packages:${PYTHONPATH} /usr/bin/python3 -W ignore:setup.py install is deprecated -W ignore:easy_install command is deprecated setup.py egg_info --egg-base ../../../build/as2_swarm_person_tracking build --build-base /root/aerostack2_ws/build/as2_swarm_person_tracking/build install --record /root/aerostack2_ws/build/as2_swarm_person_tracking/install.log --single-version-externally-managed install_data
