[0.012s] Invoking command in '/root/aerostack2_ws/build/as2_platform_gazebo': AMENT_PREFIX_PATH=/root/aerostack2_ws/install/as2_gazebo_assets:/root/aerostack2_ws/install/as2_core:/root/aerostack2_ws/install/as2_msgs:${AMENT_PREFIX_PATH} CMAKE_PREFIX_PATH=/root/aerostack2_ws/install/as2_gazebo_assets:/root/aerostack2_ws/install/as2_core:/root/aerostack2_ws/install/as2_msgs:/opt/ros/humble GZ_SIM_RESOURCE_PATH=/root/aerostack2_ws/install/as2_gazebo_assets/share/as2_ign_gazebo_assets/worlds:/root/aerostack2_ws/install/as2_gazebo_assets/share/as2_ign_gazebo_assets/models:${GZ_SIM_RESOURCE_PATH} GZ_SIM_SYSTEM_PLUGIN_PATH=/root/aerostack2_ws/install/as2_gazebo_assets/lib:${GZ_SIM_SYSTEM_PLUGIN_PATH} GZ_VERSION=@GZ_VERSION@ LD_LIBRARY_PATH=/root/aerostack2_ws/install/as2_gazebo_assets/lib:/root/aerostack2_ws/install/as2_core/lib:/root/aerostack2_ws/install/as2_msgs/lib:${LD_LIBRARY_PATH} PYTHONPATH=/root/aerostack2_ws/install/as2_gazebo_assets/local/lib/python3.10/dist-packages:/root/aerostack2_ws/install/as2_core/local/lib/python3.10/dist-packages:/root/aerostack2_ws/install/as2_msgs/local/lib/python3.10/dist-packages:${PYTHONPATH} /usr/bin/cmake /root/aerostack2_ws/src/aerostack2/as2_aerial_platforms/as2_platform_gazebo -DCMAKE_INSTALL_PREFIX=/root/aerostack2_ws/install/as2_platform_gazebo
[0.064s] -- The C compiler identification is GNU 11.4.0
[0.117s] -- The CXX compiler identification is GNU 11.4.0
[0.124s] -- Detecting C compiler ABI info
[0.186s] -- Detecting C compiler ABI info - done
[0.193s] -- Check for working C compiler: /usr/bin/cc - skipped
[0.193s] -- Detecting C compile features
[0.193s] -- Detecting C compile features - done
[0.196s] -- Detecting CXX compiler ABI info
[0.268s] -- Detecting CXX compiler ABI info - done
[0.275s] -- Check for working CXX compiler: /usr/bin/c++ - skipped
[0.275s] -- Detecting CXX compile features
[0.276s] -- Detecting CXX compile features - done
[0.278s] -- Found ament_cmake: 1.3.12 (/opt/ros/humble/share/ament_cmake/cmake)
[0.431s] -- Found Python3: /usr/bin/python3 (found version "3.10.12") found components: Interpreter 
[0.526s] -- Found ament_cmake_ros: 0.10.0 (/opt/ros/humble/share/ament_cmake_ros/cmake)
[0.535s] -- Found rclcpp: 16.0.15 (/opt/ros/humble/share/rclcpp/cmake)
[0.580s] -- Found rosidl_generator_c: 3.1.7 (/opt/ros/humble/share/rosidl_generator_c/cmake)
[0.585s] -- Found rosidl_adapter: 3.1.7 (/opt/ros/humble/share/rosidl_adapter/cmake)
[0.594s] -- Found rosidl_generator_cpp: 3.1.7 (/opt/ros/humble/share/rosidl_generator_cpp/cmake)
[0.607s] -- Using all available rosidl_typesupport_c: rosidl_typesupport_fastrtps_c;rosidl_typesupport_introspection_c
[0.624s] -- Using all available rosidl_typesupport_cpp: rosidl_typesupport_fastrtps_cpp;rosidl_typesupport_introspection_cpp
[0.671s] -- Found rmw_implementation_cmake: 6.1.2 (/opt/ros/humble/share/rmw_implementation_cmake/cmake)
[0.674s] -- Found rmw_fastrtps_cpp: 6.2.9 (/opt/ros/humble/share/rmw_fastrtps_cpp/cmake)
[0.763s] -- Found OpenSSL: /usr/lib/x86_64-linux-gnu/libcrypto.so (found version "3.0.2")  
[0.795s] -- Found FastRTPS: /opt/ros/humble/include  
[0.846s] -- Using RMW implementation 'rmw_fastrtps_cpp' as default
[0.856s] -- Looking for pthread.h
[0.922s] -- Looking for pthread.h - found
[0.922s] -- Performing Test CMAKE_HAVE_LIBC_PTHREAD
[0.990s] -- Performing Test CMAKE_HAVE_LIBC_PTHREAD - Success
[0.991s] -- Found Threads: TRUE  
[1.042s] -- Found as2_core: 1.1.3 (/root/aerostack2_ws/install/as2_core/share/as2_core/cmake)
[1.045s] -- Created yaml-cpp::yaml-cpp alias from yaml-cpp target
[1.047s] -- Created GeographicLib::GeographicLib target from legacy variables
[1.200s] -- Found eigen3_cmake_module: 0.1.1 (/opt/ros/humble/share/eigen3_cmake_module/cmake)
[1.201s] -- Found Eigen3: TRUE (found version "3.4.0") 
[1.201s] -- Ensuring Eigen3 include directory is part of orocos-kdl CMake target
[1.351s] -- Found as2_gazebo_assets: 1.1.3 (/root/aerostack2_ws/install/as2_gazebo_assets/share/as2_gazebo_assets/cmake)
[1.355s] -- Found ament_lint_auto: 0.12.14 (/opt/ros/humble/share/ament_lint_auto/cmake)
[1.444s] -- Found gtest sources under '/opt/ros/humble/src/gtest_vendor': C++ tests using 'Google Test' will be built
[1.451s] -- Added test 'copyright' to check source files copyright and LICENSE
[1.453s] -- Added test 'cppcheck' to perform static code analysis on C / C++ code
[1.453s] -- Configured cppcheck include dirs: /root/aerostack2_ws/src/aerostack2/as2_aerial_platforms/as2_platform_gazebo/include;/root/aerostack2_ws/src/aerostack2/as2_aerial_platforms/as2_platform_gazebo/include/as2_platform_gazebo
[1.453s] -- Configured cppcheck exclude dirs and/or files: 
[1.455s] -- Added test 'cpplint' to check C / C++ code against the Google style
[1.455s] -- Configured cpplint exclude dirs and/or files: 
[1.455s] -- Added test 'flake8' to check Python code syntax and style conventions
[1.456s] -- Added test 'lint_cmake' to check CMake code style
[1.456s] -- Added test 'pep257' to check Python code against some of the docstring style conventions in PEP 257
[1.458s] -- Added test 'uncrustify' to check C / C++ code style
[1.458s] -- Configured uncrustify additional arguments: 
[1.459s] -- Added test 'xmllint' to check XML markup files
[1.460s] -- Configuring done
[1.488s] -- Generating done
[1.498s] -- Build files have been written to: /root/aerostack2_ws/build/as2_platform_gazebo
[1.509s] Invoked command in '/root/aerostack2_ws/build/as2_platform_gazebo' returned '0': AMENT_PREFIX_PATH=/root/aerostack2_ws/install/as2_gazebo_assets:/root/aerostack2_ws/install/as2_core:/root/aerostack2_ws/install/as2_msgs:${AMENT_PREFIX_PATH} CMAKE_PREFIX_PATH=/root/aerostack2_ws/install/as2_gazebo_assets:/root/aerostack2_ws/install/as2_core:/root/aerostack2_ws/install/as2_msgs:/opt/ros/humble GZ_SIM_RESOURCE_PATH=/root/aerostack2_ws/install/as2_gazebo_assets/share/as2_ign_gazebo_assets/worlds:/root/aerostack2_ws/install/as2_gazebo_assets/share/as2_ign_gazebo_assets/models:${GZ_SIM_RESOURCE_PATH} GZ_SIM_SYSTEM_PLUGIN_PATH=/root/aerostack2_ws/install/as2_gazebo_assets/lib:${GZ_SIM_SYSTEM_PLUGIN_PATH} GZ_VERSION=@GZ_VERSION@ LD_LIBRARY_PATH=/root/aerostack2_ws/install/as2_gazebo_assets/lib:/root/aerostack2_ws/install/as2_core/lib:/root/aerostack2_ws/install/as2_msgs/lib:${LD_LIBRARY_PATH} PYTHONPATH=/root/aerostack2_ws/install/as2_gazebo_assets/local/lib/python3.10/dist-packages:/root/aerostack2_ws/install/as2_core/local/lib/python3.10/dist-packages:/root/aerostack2_ws/install/as2_msgs/local/lib/python3.10/dist-packages:${PYTHONPATH} /usr/bin/cmake /root/aerostack2_ws/src/aerostack2/as2_aerial_platforms/as2_platform_gazebo -DCMAKE_INSTALL_PREFIX=/root/aerostack2_ws/install/as2_platform_gazebo
[1.510s] Invoking command in '/root/aerostack2_ws/build/as2_platform_gazebo': AMENT_PREFIX_PATH=/root/aerostack2_ws/install/as2_gazebo_assets:/root/aerostack2_ws/install/as2_core:/root/aerostack2_ws/install/as2_msgs:${AMENT_PREFIX_PATH} CMAKE_PREFIX_PATH=/root/aerostack2_ws/install/as2_gazebo_assets:/root/aerostack2_ws/install/as2_core:/root/aerostack2_ws/install/as2_msgs:/opt/ros/humble GZ_SIM_RESOURCE_PATH=/root/aerostack2_ws/install/as2_gazebo_assets/share/as2_ign_gazebo_assets/worlds:/root/aerostack2_ws/install/as2_gazebo_assets/share/as2_ign_gazebo_assets/models:${GZ_SIM_RESOURCE_PATH} GZ_SIM_SYSTEM_PLUGIN_PATH=/root/aerostack2_ws/install/as2_gazebo_assets/lib:${GZ_SIM_SYSTEM_PLUGIN_PATH} GZ_VERSION=@GZ_VERSION@ LD_LIBRARY_PATH=/root/aerostack2_ws/install/as2_gazebo_assets/lib:/root/aerostack2_ws/install/as2_core/lib:/root/aerostack2_ws/install/as2_msgs/lib:${LD_LIBRARY_PATH} PYTHONPATH=/root/aerostack2_ws/install/as2_gazebo_assets/local/lib/python3.10/dist-packages:/root/aerostack2_ws/install/as2_core/local/lib/python3.10/dist-packages:/root/aerostack2_ws/install/as2_msgs/local/lib/python3.10/dist-packages:${PYTHONPATH} /usr/bin/cmake --build /root/aerostack2_ws/build/as2_platform_gazebo -- -j8 -l8
[1.556s] [ 18%] [32mBuilding CXX object gtest/CMakeFiles/gtest_main.dir/src/gtest_main.cc.o[0m
[1.556s] [ 18%] [32mBuilding CXX object gtest/CMakeFiles/gtest.dir/src/gtest-all.cc.o[0m
[1.556s] [ 27%] [32mBuilding CXX object CMakeFiles/as2_platform_gazebo_node.dir/src/as2_platform_gazebo.cpp.o[0m
[1.558s] [ 36%] [32mBuilding CXX object CMakeFiles/as2_platform_gazebo.dir/src/as2_platform_gazebo.cpp.o[0m
[1.558s] [ 45%] [32mBuilding CXX object CMakeFiles/as2_platform_gazebo_node.dir/src/as2_platform_gazebo_node.cpp.o[0m
[2.842s] [ 54%] [32m[1mLinking CXX static library libgtest_main.a[0m
[2.885s] [ 54%] Built target gtest_main
[8.939s] [ 63%] [32m[1mLinking CXX static library libgtest.a[0m
[8.975s] [ 63%] Built target gtest
[15.713s] [ 72%] [32m[1mLinking CXX executable as2_platform_gazebo_node[0m
[15.732s] [ 81%] [32m[1mLinking CXX static library libas2_platform_gazebo.a[0m
[15.776s] [ 81%] Built target as2_platform_gazebo
[15.795s] [ 90%] [32mBuilding CXX object tests/CMakeFiles/as2_platform_gazebo_as2_platform_gazebo_gtest.dir/as2_platform_gazebo_gtest.cpp.o[0m
[16.076s] [ 90%] Built target as2_platform_gazebo_node
[19.713s] [100%] [32m[1mLinking CXX executable as2_platform_gazebo_as2_platform_gazebo_gtest[0m
[19.987s] [100%] Built target as2_platform_gazebo_as2_platform_gazebo_gtest
[19.994s] Invoked command in '/root/aerostack2_ws/build/as2_platform_gazebo' returned '0': AMENT_PREFIX_PATH=/root/aerostack2_ws/install/as2_gazebo_assets:/root/aerostack2_ws/install/as2_core:/root/aerostack2_ws/install/as2_msgs:${AMENT_PREFIX_PATH} CMAKE_PREFIX_PATH=/root/aerostack2_ws/install/as2_gazebo_assets:/root/aerostack2_ws/install/as2_core:/root/aerostack2_ws/install/as2_msgs:/opt/ros/humble GZ_SIM_RESOURCE_PATH=/root/aerostack2_ws/install/as2_gazebo_assets/share/as2_ign_gazebo_assets/worlds:/root/aerostack2_ws/install/as2_gazebo_assets/share/as2_ign_gazebo_assets/models:${GZ_SIM_RESOURCE_PATH} GZ_SIM_SYSTEM_PLUGIN_PATH=/root/aerostack2_ws/install/as2_gazebo_assets/lib:${GZ_SIM_SYSTEM_PLUGIN_PATH} GZ_VERSION=@GZ_VERSION@ LD_LIBRARY_PATH=/root/aerostack2_ws/install/as2_gazebo_assets/lib:/root/aerostack2_ws/install/as2_core/lib:/root/aerostack2_ws/install/as2_msgs/lib:${LD_LIBRARY_PATH} PYTHONPATH=/root/aerostack2_ws/install/as2_gazebo_assets/local/lib/python3.10/dist-packages:/root/aerostack2_ws/install/as2_core/local/lib/python3.10/dist-packages:/root/aerostack2_ws/install/as2_msgs/local/lib/python3.10/dist-packages:${PYTHONPATH} /usr/bin/cmake --build /root/aerostack2_ws/build/as2_platform_gazebo -- -j8 -l8
[19.995s] Invoking command in '/root/aerostack2_ws/build/as2_platform_gazebo': AMENT_PREFIX_PATH=/root/aerostack2_ws/install/as2_gazebo_assets:/root/aerostack2_ws/install/as2_core:/root/aerostack2_ws/install/as2_msgs:${AMENT_PREFIX_PATH} CMAKE_PREFIX_PATH=/root/aerostack2_ws/install/as2_gazebo_assets:/root/aerostack2_ws/install/as2_core:/root/aerostack2_ws/install/as2_msgs:/opt/ros/humble GZ_SIM_RESOURCE_PATH=/root/aerostack2_ws/install/as2_gazebo_assets/share/as2_ign_gazebo_assets/worlds:/root/aerostack2_ws/install/as2_gazebo_assets/share/as2_ign_gazebo_assets/models:${GZ_SIM_RESOURCE_PATH} GZ_SIM_SYSTEM_PLUGIN_PATH=/root/aerostack2_ws/install/as2_gazebo_assets/lib:${GZ_SIM_SYSTEM_PLUGIN_PATH} GZ_VERSION=@GZ_VERSION@ LD_LIBRARY_PATH=/root/aerostack2_ws/install/as2_gazebo_assets/lib:/root/aerostack2_ws/install/as2_core/lib:/root/aerostack2_ws/install/as2_msgs/lib:${LD_LIBRARY_PATH} PYTHONPATH=/root/aerostack2_ws/install/as2_gazebo_assets/local/lib/python3.10/dist-packages:/root/aerostack2_ws/install/as2_core/local/lib/python3.10/dist-packages:/root/aerostack2_ws/install/as2_msgs/local/lib/python3.10/dist-packages:${PYTHONPATH} /usr/bin/cmake --install /root/aerostack2_ws/build/as2_platform_gazebo
[20.000s] -- Install configuration: "Release"
[20.000s] -- Installing: /root/aerostack2_ws/install/as2_platform_gazebo/include
[20.000s] -- Installing: /root/aerostack2_ws/install/as2_platform_gazebo/include/as2_platform_gazebo
[20.000s] -- Installing: /root/aerostack2_ws/install/as2_platform_gazebo/include/as2_platform_gazebo/as2_platform_gazebo.hpp
[20.000s] -- Installing: /root/aerostack2_ws/install/as2_platform_gazebo/lib/as2_platform_gazebo/as2_platform_gazebo_node
[20.002s] -- Set runtime path of "/root/aerostack2_ws/install/as2_platform_gazebo/lib/as2_platform_gazebo/as2_platform_gazebo_node" to ""
[20.002s] -- Installing: /root/aerostack2_ws/install/as2_platform_gazebo/lib/libas2_platform_gazebo.a
[20.003s] -- Installing: /root/aerostack2_ws/install/as2_platform_gazebo/share/as2_platform_gazebo/launch
[20.004s] -- Installing: /root/aerostack2_ws/install/as2_platform_gazebo/share/as2_platform_gazebo/launch/platform_gazebo_launch.py
[20.004s] -- Installing: /root/aerostack2_ws/install/as2_platform_gazebo/share/as2_platform_gazebo/config
[20.004s] -- Installing: /root/aerostack2_ws/install/as2_platform_gazebo/share/as2_platform_gazebo/config/empty_world.yaml
[20.005s] -- Installing: /root/aerostack2_ws/install/as2_platform_gazebo/share/as2_platform_gazebo/config/control_modes.yaml
[20.005s] -- Installing: /root/aerostack2_ws/install/as2_platform_gazebo/share/as2_platform_gazebo/config/platform_config_file.yaml
[20.005s] -- Installing: /root/aerostack2_ws/install/as2_platform_gazebo/share/as2_platform_gazebo/config/world_ciudad.yaml
[20.005s] -- Installing: /root/aerostack2_ws/install/as2_platform_gazebo/share/as2_platform_gazebo/config/control_modes_acro.yaml
[20.005s] -- Installing: /root/aerostack2_ws/install/as2_platform_gazebo/share/ament_index/resource_index/package_run_dependencies/as2_platform_gazebo
[20.005s] -- Installing: /root/aerostack2_ws/install/as2_platform_gazebo/share/ament_index/resource_index/parent_prefix_path/as2_platform_gazebo
[20.006s] -- Installing: /root/aerostack2_ws/install/as2_platform_gazebo/share/as2_platform_gazebo/environment/ament_prefix_path.sh
[20.006s] -- Installing: /root/aerostack2_ws/install/as2_platform_gazebo/share/as2_platform_gazebo/environment/ament_prefix_path.dsv
[20.006s] -- Installing: /root/aerostack2_ws/install/as2_platform_gazebo/share/as2_platform_gazebo/environment/path.sh
[20.006s] -- Installing: /root/aerostack2_ws/install/as2_platform_gazebo/share/as2_platform_gazebo/environment/path.dsv
[20.006s] -- Installing: /root/aerostack2_ws/install/as2_platform_gazebo/share/as2_platform_gazebo/local_setup.bash
[20.006s] -- Installing: /root/aerostack2_ws/install/as2_platform_gazebo/share/as2_platform_gazebo/local_setup.sh
[20.006s] -- Installing: /root/aerostack2_ws/install/as2_platform_gazebo/share/as2_platform_gazebo/local_setup.zsh
[20.006s] -- Installing: /root/aerostack2_ws/install/as2_platform_gazebo/share/as2_platform_gazebo/local_setup.dsv
[20.006s] -- Installing: /root/aerostack2_ws/install/as2_platform_gazebo/share/as2_platform_gazebo/package.dsv
[20.006s] -- Installing: /root/aerostack2_ws/install/as2_platform_gazebo/share/ament_index/resource_index/packages/as2_platform_gazebo
[20.007s] -- Installing: /root/aerostack2_ws/install/as2_platform_gazebo/share/as2_platform_gazebo/cmake/as2_platform_gazeboConfig.cmake
[20.007s] -- Installing: /root/aerostack2_ws/install/as2_platform_gazebo/share/as2_platform_gazebo/cmake/as2_platform_gazeboConfig-version.cmake
[20.007s] -- Installing: /root/aerostack2_ws/install/as2_platform_gazebo/share/as2_platform_gazebo/package.xml
[20.008s] Invoked command in '/root/aerostack2_ws/build/as2_platform_gazebo' returned '0': AMENT_PREFIX_PATH=/root/aerostack2_ws/install/as2_gazebo_assets:/root/aerostack2_ws/install/as2_core:/root/aerostack2_ws/install/as2_msgs:${AMENT_PREFIX_PATH} CMAKE_PREFIX_PATH=/root/aerostack2_ws/install/as2_gazebo_assets:/root/aerostack2_ws/install/as2_core:/root/aerostack2_ws/install/as2_msgs:/opt/ros/humble GZ_SIM_RESOURCE_PATH=/root/aerostack2_ws/install/as2_gazebo_assets/share/as2_ign_gazebo_assets/worlds:/root/aerostack2_ws/install/as2_gazebo_assets/share/as2_ign_gazebo_assets/models:${GZ_SIM_RESOURCE_PATH} GZ_SIM_SYSTEM_PLUGIN_PATH=/root/aerostack2_ws/install/as2_gazebo_assets/lib:${GZ_SIM_SYSTEM_PLUGIN_PATH} GZ_VERSION=@GZ_VERSION@ LD_LIBRARY_PATH=/root/aerostack2_ws/install/as2_gazebo_assets/lib:/root/aerostack2_ws/install/as2_core/lib:/root/aerostack2_ws/install/as2_msgs/lib:${LD_LIBRARY_PATH} PYTHONPATH=/root/aerostack2_ws/install/as2_gazebo_assets/local/lib/python3.10/dist-packages:/root/aerostack2_ws/install/as2_core/local/lib/python3.10/dist-packages:/root/aerostack2_ws/install/as2_msgs/local/lib/python3.10/dist-packages:${PYTHONPATH} /usr/bin/cmake --install /root/aerostack2_ws/build/as2_platform_gazebo
