[100%] Built target build
-- Install configuration: ""
-- Up-to-date: /root/aerostack2_ws/install/rmf_demos_dashboard_resources/share/ament_index/resource_index/package_run_dependencies/rmf_demos_dashboard_resources
-- Up-to-date: /root/aerostack2_ws/install/rmf_demos_dashboard_resources/share/ament_index/resource_index/parent_prefix_path/rmf_demos_dashboard_resources
-- Up-to-date: /root/aerostack2_ws/install/rmf_demos_dashboard_resources/share/rmf_demos_dashboard_resources/environment/ament_prefix_path.sh
-- Up-to-date: /root/aerostack2_ws/install/rmf_demos_dashboard_resources/share/rmf_demos_dashboard_resources/environment/ament_prefix_path.dsv
-- Up-to-date: /root/aerostack2_ws/install/rmf_demos_dashboard_resources/share/rmf_demos_dashboard_resources/environment/path.sh
-- Up-to-date: /root/aerostack2_ws/install/rmf_demos_dashboard_resources/share/rmf_demos_dashboard_resources/environment/path.dsv
-- Up-to-date: /root/aerostack2_ws/install/rmf_demos_dashboard_resources/share/rmf_demos_dashboard_resources/local_setup.bash
-- Up-to-date: /root/aerostack2_ws/install/rmf_demos_dashboard_resources/share/rmf_demos_dashboard_resources/local_setup.sh
-- Up-to-date: /root/aerostack2_ws/install/rmf_demos_dashboard_resources/share/rmf_demos_dashboard_resources/local_setup.zsh
-- Up-to-date: /root/aerostack2_ws/install/rmf_demos_dashboard_resources/share/rmf_demos_dashboard_resources/local_setup.dsv
-- Installing: /root/aerostack2_ws/install/rmf_demos_dashboard_resources/share/rmf_demos_dashboard_resources/package.dsv
-- Up-to-date: /root/aerostack2_ws/install/rmf_demos_dashboard_resources/share/ament_index/resource_index/packages/rmf_demos_dashboard_resources
-- Up-to-date: /root/aerostack2_ws/install/rmf_demos_dashboard_resources/share/rmf_demos_dashboard_resources/cmake/rmf_demos_dashboard_resourcesConfig.cmake
-- Up-to-date: /root/aerostack2_ws/install/rmf_demos_dashboard_resources/share/rmf_demos_dashboard_resources/cmake/rmf_demos_dashboard_resourcesConfig-version.cmake
-- Up-to-date: /root/aerostack2_ws/install/rmf_demos_dashboard_resources/share/rmf_demos_dashboard_resources/package.xml
-- Up-to-date: /root/aerostack2_ws/install/rmf_demos_dashboard_resources/share/rmf_demos_dashboard_resources/airport_terminal
-- Up-to-date: /root/aerostack2_ws/install/rmf_demos_dashboard_resources/share/rmf_demos_dashboard_resources/airport_terminal/icons
-- Up-to-date: /root/aerostack2_ws/install/rmf_demos_dashboard_resources/share/rmf_demos_dashboard_resources/airport_terminal/icons/tinyRobot.png
-- Up-to-date: /root/aerostack2_ws/install/rmf_demos_dashboard_resources/share/rmf_demos_dashboard_resources/airport_terminal/icons/deliveryRobot.png
-- Up-to-date: /root/aerostack2_ws/install/rmf_demos_dashboard_resources/share/rmf_demos_dashboard_resources/airport_terminal/icons/headerLogo.png
-- Up-to-date: /root/aerostack2_ws/install/rmf_demos_dashboard_resources/share/rmf_demos_dashboard_resources/airport_terminal/icons/cleanerBotE.png
-- Up-to-date: /root/aerostack2_ws/install/rmf_demos_dashboard_resources/share/rmf_demos_dashboard_resources/airport_terminal/icons/cleanerBotA.png
-- Up-to-date: /root/aerostack2_ws/install/rmf_demos_dashboard_resources/share/rmf_demos_dashboard_resources/airport_terminal/icons/caddy.png
-- Up-to-date: /root/aerostack2_ws/install/rmf_demos_dashboard_resources/share/rmf_demos_dashboard_resources/airport_terminal/main.json
-- Up-to-date: /root/aerostack2_ws/install/rmf_demos_dashboard_resources/share/rmf_demos_dashboard_resources/airport_terminal/dashboard_config.json
-- Up-to-date: /root/aerostack2_ws/install/rmf_demos_dashboard_resources/share/rmf_demos_dashboard_resources/office
-- Up-to-date: /root/aerostack2_ws/install/rmf_demos_dashboard_resources/share/rmf_demos_dashboard_resources/office/icons
-- Up-to-date: /root/aerostack2_ws/install/rmf_demos_dashboard_resources/share/rmf_demos_dashboard_resources/office/icons/tinyRobot.png
-- Up-to-date: /root/aerostack2_ws/install/rmf_demos_dashboard_resources/share/rmf_demos_dashboard_resources/office/icons/deliveryRobot.png
-- Up-to-date: /root/aerostack2_ws/install/rmf_demos_dashboard_resources/share/rmf_demos_dashboard_resources/office/icons/humanIcon.png
-- Up-to-date: /root/aerostack2_ws/install/rmf_demos_dashboard_resources/share/rmf_demos_dashboard_resources/office/icons/roshealth-logo-blue.png
-- Up-to-date: /root/aerostack2_ws/install/rmf_demos_dashboard_resources/share/rmf_demos_dashboard_resources/office/icons/headerLogo.png
-- Up-to-date: /root/aerostack2_ws/install/rmf_demos_dashboard_resources/share/rmf_demos_dashboard_resources/office/icons/fridge.png
-- Up-to-date: /root/aerostack2_ws/install/rmf_demos_dashboard_resources/share/rmf_demos_dashboard_resources/office/main.json
-- Up-to-date: /root/aerostack2_ws/install/rmf_demos_dashboard_resources/share/rmf_demos_dashboard_resources/office/dashboard_config.json
-- Up-to-date: /root/aerostack2_ws/install/rmf_demos_dashboard_resources/share/rmf_demos_dashboard_resources/hotel
-- Up-to-date: /root/aerostack2_ws/install/rmf_demos_dashboard_resources/share/rmf_demos_dashboard_resources/hotel/icons
-- Up-to-date: /root/aerostack2_ws/install/rmf_demos_dashboard_resources/share/rmf_demos_dashboard_resources/hotel/icons/tinyRobot.png
-- Up-to-date: /root/aerostack2_ws/install/rmf_demos_dashboard_resources/share/rmf_demos_dashboard_resources/hotel/icons/deliveryRobot.png
-- Up-to-date: /root/aerostack2_ws/install/rmf_demos_dashboard_resources/share/rmf_demos_dashboard_resources/hotel/icons/headerLogo.png
-- Up-to-date: /root/aerostack2_ws/install/rmf_demos_dashboard_resources/share/rmf_demos_dashboard_resources/hotel/icons/cleanerBotA.png
-- Up-to-date: /root/aerostack2_ws/install/rmf_demos_dashboard_resources/share/rmf_demos_dashboard_resources/hotel/main.json
-- Up-to-date: /root/aerostack2_ws/install/rmf_demos_dashboard_resources/share/rmf_demos_dashboard_resources/hotel/dashboard_config.json
-- Up-to-date: /root/aerostack2_ws/install/rmf_demos_dashboard_resources/share/rmf_demos_dashboard_resources/clinic
-- Up-to-date: /root/aerostack2_ws/install/rmf_demos_dashboard_resources/share/rmf_demos_dashboard_resources/clinic/main.json
-- Up-to-date: /root/aerostack2_ws/install/rmf_demos_dashboard_resources/share/rmf_demos_dashboard_resources/clinic/dashboard_config.json
