[0.052s] Invoking command in '/root/aerostack2_ws/build/as2_swarm_person_interfaces': CMAKE_PREFIX_PATH=${CMAKE_PREFIX_PATH}:/root/aerostack2_ws/install/rmf_demos_tasks:/root/aerostack2_ws/install/rmf_demos_panel:/root/aerostack2_ws/install/rmf_demos_fleet_adapter:/root/aerostack2_ws/install/rmf_demos_dashboard_resources:/root/aerostack2_ws/install/rmf_demos_bridges:/root/aerostack2_ws/install/rmf_demos_assets:/root/aerostack2_ws/install/as2_visualization:/root/aerostack2_ws/install/as2_swarm_perception:/root/aerostack2_ws/install/as2_swarm_fusion_ci:/root/aerostack2_ws/install/as2_swarm_ekf:/root/aerostack2_ws/install/as2_keyboard_teleoperation:/root/aerostack2_ws/install/as2_python_api:/root/aerostack2_ws/install/as2_project_bringup:/root/aerostack2_ws/install/as2_perception:/root/aerostack2_ws/install/as2_groundray_perception:/opt/ros/humble /usr/bin/cmake /root/aerostack2_ws/src/aerostack2/as2_swarm_person_interfaces -DCMAKE_INSTALL_PREFIX=/root/aerostack2_ws/install/as2_swarm_person_interfaces
[1.215s] -- Found ament_cmake: 1.3.12 (/opt/ros/humble/share/ament_cmake/cmake)
[1.215s] -- Override CMake install command with custom implementation using symlinks instead of copying resources
[1.215s] -- Found rosidl_default_generators: 1.2.0 (/opt/ros/humble/share/rosidl_default_generators/cmake)
[1.215s] -- Using all available rosidl_typesupport_c: rosidl_typesupport_fastrtps_c;rosidl_typesupport_introspection_c
[1.215s] -- Found rosidl_adapter: 3.1.7 (/opt/ros/humble/share/rosidl_adapter/cmake)
[1.215s] -- Using all available rosidl_typesupport_cpp: rosidl_typesupport_fastrtps_cpp;rosidl_typesupport_introspection_cpp
[1.216s] -- Found std_msgs: 4.9.0 (/opt/ros/humble/share/std_msgs/cmake)
[1.216s] -- Found geometry_msgs: 4.9.0 (/opt/ros/humble/share/geometry_msgs/cmake)
[1.216s] -- Found ament_cmake_ros: 0.10.0 (/opt/ros/humble/share/ament_cmake_ros/cmake)
[1.216s] -- Using all available rosidl_typesupport_c: rosidl_typesupport_fastrtps_c;rosidl_typesupport_introspection_c
[1.333s] -- Using all available rosidl_typesupport_cpp: rosidl_typesupport_fastrtps_cpp;rosidl_typesupport_introspection_cpp
[1.359s] -- Found python_cmake_module: 0.10.0 (/opt/ros/humble/share/python_cmake_module/cmake)
[1.382s] -- Using PYTHON_EXECUTABLE: /usr/bin/python3
[1.382s] -- Using PYTHON_INCLUDE_DIRS: /usr/include/python3.10
[1.383s] -- Using PYTHON_LIBRARIES: /usr/lib/x86_64-linux-gnu/libpython3.10.so
[1.447s] -- Configuring done
[1.479s] -- Generating done
[1.492s] -- Build files have been written to: /root/aerostack2_ws/build/as2_swarm_person_interfaces
[1.826s] Invoked command in '/root/aerostack2_ws/build/as2_swarm_person_interfaces' returned '0': CMAKE_PREFIX_PATH=${CMAKE_PREFIX_PATH}:/root/aerostack2_ws/install/rmf_demos_tasks:/root/aerostack2_ws/install/rmf_demos_panel:/root/aerostack2_ws/install/rmf_demos_fleet_adapter:/root/aerostack2_ws/install/rmf_demos_dashboard_resources:/root/aerostack2_ws/install/rmf_demos_bridges:/root/aerostack2_ws/install/rmf_demos_assets:/root/aerostack2_ws/install/as2_visualization:/root/aerostack2_ws/install/as2_swarm_perception:/root/aerostack2_ws/install/as2_swarm_fusion_ci:/root/aerostack2_ws/install/as2_swarm_ekf:/root/aerostack2_ws/install/as2_keyboard_teleoperation:/root/aerostack2_ws/install/as2_python_api:/root/aerostack2_ws/install/as2_project_bringup:/root/aerostack2_ws/install/as2_perception:/root/aerostack2_ws/install/as2_groundray_perception:/opt/ros/humble /usr/bin/cmake /root/aerostack2_ws/src/aerostack2/as2_swarm_person_interfaces -DCMAKE_INSTALL_PREFIX=/root/aerostack2_ws/install/as2_swarm_person_interfaces
[1.830s] Invoking command in '/root/aerostack2_ws/build/as2_swarm_person_interfaces': CMAKE_PREFIX_PATH=${CMAKE_PREFIX_PATH}:/root/aerostack2_ws/install/rmf_demos_tasks:/root/aerostack2_ws/install/rmf_demos_panel:/root/aerostack2_ws/install/rmf_demos_fleet_adapter:/root/aerostack2_ws/install/rmf_demos_dashboard_resources:/root/aerostack2_ws/install/rmf_demos_bridges:/root/aerostack2_ws/install/rmf_demos_assets:/root/aerostack2_ws/install/as2_visualization:/root/aerostack2_ws/install/as2_swarm_perception:/root/aerostack2_ws/install/as2_swarm_fusion_ci:/root/aerostack2_ws/install/as2_swarm_ekf:/root/aerostack2_ws/install/as2_keyboard_teleoperation:/root/aerostack2_ws/install/as2_python_api:/root/aerostack2_ws/install/as2_project_bringup:/root/aerostack2_ws/install/as2_perception:/root/aerostack2_ws/install/as2_groundray_perception:/opt/ros/humble /usr/bin/cmake --build /root/aerostack2_ws/build/as2_swarm_person_interfaces -- -j8 -l8
[1.852s] [35m[1mConsolidate compiler generated dependencies of target as2_swarm_person_interfaces__rosidl_generator_c[0m
[1.856s] [  2%] Built target as2_swarm_person_interfaces__cpp
[1.857s] [  2%] Built target ament_cmake_python_symlink_as2_swarm_person_interfaces
[1.858s] [ 12%] Built target as2_swarm_person_interfaces__rosidl_generator_c
[1.904s] [35m[1mConsolidate compiler generated dependencies of target as2_swarm_person_interfaces__rosidl_typesupport_introspection_cpp[0m
[1.905s] [35m[1mConsolidate compiler generated dependencies of target as2_swarm_person_interfaces__rosidl_typesupport_c[0m
[1.924s] [35m[1mConsolidate compiler generated dependencies of target as2_swarm_person_interfaces__rosidl_typesupport_fastrtps_c[0m
[1.927s] [35m[1mConsolidate compiler generated dependencies of target as2_swarm_person_interfaces__rosidl_typesupport_introspection_c[0m
[1.931s] [35m[1mConsolidate compiler generated dependencies of target as2_swarm_person_interfaces__rosidl_typesupport_fastrtps_cpp[0m
[1.969s] [ 23%] Built target as2_swarm_person_interfaces__rosidl_typesupport_introspection_cpp
[1.976s] [ 33%] Built target as2_swarm_person_interfaces__rosidl_typesupport_c
[1.978s] [ 46%] Built target as2_swarm_person_interfaces__rosidl_typesupport_introspection_c
[1.978s] [ 53%] Built target as2_swarm_person_interfaces__rosidl_typesupport_fastrtps_c
[1.985s] [ 64%] Built target as2_swarm_person_interfaces__rosidl_typesupport_fastrtps_cpp
[2.018s] [35m[1mConsolidate compiler generated dependencies of target as2_swarm_person_interfaces__rosidl_typesupport_cpp[0m
[2.057s] [ 74%] Built target as2_swarm_person_interfaces__rosidl_typesupport_cpp
[2.107s] [ 74%] Built target as2_swarm_person_interfaces
[2.175s] [ 76%] Built target as2_swarm_person_interfaces__py
[2.215s] [35m[1mConsolidate compiler generated dependencies of target as2_swarm_person_interfaces__rosidl_generator_py[0m
[2.244s] [ 84%] Built target as2_swarm_person_interfaces__rosidl_generator_py
[2.263s] [35m[1mConsolidate compiler generated dependencies of target as2_swarm_person_interfaces__rosidl_typesupport_fastrtps_c__pyext[0m
[2.298s] [35m[1mConsolidate compiler generated dependencies of target as2_swarm_person_interfaces__rosidl_typesupport_introspection_c__pyext[0m
[2.300s] [35m[1mConsolidate compiler generated dependencies of target as2_swarm_person_interfaces__rosidl_typesupport_c__pyext[0m
[2.302s] [ 89%] Built target as2_swarm_person_interfaces__rosidl_typesupport_fastrtps_c__pyext
[2.329s] [ 94%] Built target as2_swarm_person_interfaces__rosidl_typesupport_introspection_c__pyext
[2.349s] [100%] Built target as2_swarm_person_interfaces__rosidl_typesupport_c__pyext
[2.495s] running egg_info
[2.495s] writing as2_swarm_person_interfaces.egg-info/PKG-INFO
[2.495s] writing dependency_links to as2_swarm_person_interfaces.egg-info/dependency_links.txt
[2.495s] writing top-level names to as2_swarm_person_interfaces.egg-info/top_level.txt
[2.497s] reading manifest file 'as2_swarm_person_interfaces.egg-info/SOURCES.txt'
[2.498s] writing manifest file 'as2_swarm_person_interfaces.egg-info/SOURCES.txt'
[2.562s] [100%] Built target ament_cmake_python_build_as2_swarm_person_interfaces_egg
[2.615s] Invoked command in '/root/aerostack2_ws/build/as2_swarm_person_interfaces' returned '0': CMAKE_PREFIX_PATH=${CMAKE_PREFIX_PATH}:/root/aerostack2_ws/install/rmf_demos_tasks:/root/aerostack2_ws/install/rmf_demos_panel:/root/aerostack2_ws/install/rmf_demos_fleet_adapter:/root/aerostack2_ws/install/rmf_demos_dashboard_resources:/root/aerostack2_ws/install/rmf_demos_bridges:/root/aerostack2_ws/install/rmf_demos_assets:/root/aerostack2_ws/install/as2_visualization:/root/aerostack2_ws/install/as2_swarm_perception:/root/aerostack2_ws/install/as2_swarm_fusion_ci:/root/aerostack2_ws/install/as2_swarm_ekf:/root/aerostack2_ws/install/as2_keyboard_teleoperation:/root/aerostack2_ws/install/as2_python_api:/root/aerostack2_ws/install/as2_project_bringup:/root/aerostack2_ws/install/as2_perception:/root/aerostack2_ws/install/as2_groundray_perception:/opt/ros/humble /usr/bin/cmake --build /root/aerostack2_ws/build/as2_swarm_person_interfaces -- -j8 -l8
[2.624s] Invoking command in '/root/aerostack2_ws/build/as2_swarm_person_interfaces': CMAKE_PREFIX_PATH=${CMAKE_PREFIX_PATH}:/root/aerostack2_ws/install/rmf_demos_tasks:/root/aerostack2_ws/install/rmf_demos_panel:/root/aerostack2_ws/install/rmf_demos_fleet_adapter:/root/aerostack2_ws/install/rmf_demos_dashboard_resources:/root/aerostack2_ws/install/rmf_demos_bridges:/root/aerostack2_ws/install/rmf_demos_assets:/root/aerostack2_ws/install/as2_visualization:/root/aerostack2_ws/install/as2_swarm_perception:/root/aerostack2_ws/install/as2_swarm_fusion_ci:/root/aerostack2_ws/install/as2_swarm_ekf:/root/aerostack2_ws/install/as2_keyboard_teleoperation:/root/aerostack2_ws/install/as2_python_api:/root/aerostack2_ws/install/as2_project_bringup:/root/aerostack2_ws/install/as2_perception:/root/aerostack2_ws/install/as2_groundray_perception:/opt/ros/humble /usr/bin/cmake --install /root/aerostack2_ws/build/as2_swarm_person_interfaces
[2.692s] -- Install configuration: ""
[2.695s] -- Execute custom install script
[2.697s] -- Up-to-date symlink: /root/aerostack2_ws/install/as2_swarm_person_interfaces/share/ament_index/resource_index/rosidl_interfaces/as2_swarm_person_interfaces
[2.697s] -- Up-to-date symlink: /root/aerostack2_ws/install/as2_swarm_person_interfaces/include/as2_swarm_person_interfaces/as2_swarm_person_interfaces/msg/detail/tracked_person__functions.h
[2.697s] -- Up-to-date symlink: /root/aerostack2_ws/install/as2_swarm_person_interfaces/include/as2_swarm_person_interfaces/as2_swarm_person_interfaces/msg/detail/tracked_person__struct.h
[2.697s] -- Up-to-date symlink: /root/aerostack2_ws/install/as2_swarm_person_interfaces/include/as2_swarm_person_interfaces/as2_swarm_person_interfaces/msg/detail/tracked_person__type_support.h
[2.697s] -- Up-to-date symlink: /root/aerostack2_ws/install/as2_swarm_person_interfaces/include/as2_swarm_person_interfaces/as2_swarm_person_interfaces/msg/detail/tracked_person_array__functions.h
[2.698s] -- Up-to-date symlink: /root/aerostack2_ws/install/as2_swarm_person_interfaces/include/as2_swarm_person_interfaces/as2_swarm_person_interfaces/msg/detail/tracked_person_array__struct.h
[2.698s] -- Up-to-date symlink: /root/aerostack2_ws/install/as2_swarm_person_interfaces/include/as2_swarm_person_interfaces/as2_swarm_person_interfaces/msg/detail/tracked_person_array__type_support.h
[2.698s] -- Up-to-date symlink: /root/aerostack2_ws/install/as2_swarm_person_interfaces/include/as2_swarm_person_interfaces/as2_swarm_person_interfaces/msg/rosidl_generator_c__visibility_control.h
[2.698s] -- Up-to-date symlink: /root/aerostack2_ws/install/as2_swarm_person_interfaces/include/as2_swarm_person_interfaces/as2_swarm_person_interfaces/msg/tracked_person.h
[2.698s] -- Up-to-date symlink: /root/aerostack2_ws/install/as2_swarm_person_interfaces/include/as2_swarm_person_interfaces/as2_swarm_person_interfaces/msg/tracked_person_array.h
[2.698s] -- Up-to-date symlink: /root/aerostack2_ws/install/as2_swarm_person_interfaces/share/as2_swarm_person_interfaces/environment/library_path.sh
[2.698s] -- Up-to-date symlink: /root/aerostack2_ws/install/as2_swarm_person_interfaces/share/as2_swarm_person_interfaces/environment/library_path.dsv
[2.698s] -- Up-to-date symlink: /root/aerostack2_ws/install/as2_swarm_person_interfaces/include/as2_swarm_person_interfaces/as2_swarm_person_interfaces/msg/detail/tracked_person__rosidl_typesupport_fastrtps_c.h
[2.698s] -- Up-to-date symlink: /root/aerostack2_ws/install/as2_swarm_person_interfaces/include/as2_swarm_person_interfaces/as2_swarm_person_interfaces/msg/detail/tracked_person_array__rosidl_typesupport_fastrtps_c.h
[2.698s] -- Up-to-date symlink: /root/aerostack2_ws/install/as2_swarm_person_interfaces/include/as2_swarm_person_interfaces/as2_swarm_person_interfaces/msg/rosidl_typesupport_fastrtps_c__visibility_control.h
[2.698s] -- Up-to-date symlink: /root/aerostack2_ws/install/as2_swarm_person_interfaces/include/as2_swarm_person_interfaces/as2_swarm_person_interfaces/msg/detail/tracked_person__rosidl_typesupport_introspection_c.h
[2.698s] -- Up-to-date symlink: /root/aerostack2_ws/install/as2_swarm_person_interfaces/include/as2_swarm_person_interfaces/as2_swarm_person_interfaces/msg/detail/tracked_person_array__rosidl_typesupport_introspection_c.h
[2.698s] -- Up-to-date symlink: /root/aerostack2_ws/install/as2_swarm_person_interfaces/include/as2_swarm_person_interfaces/as2_swarm_person_interfaces/msg/rosidl_typesupport_introspection_c__visibility_control.h
[2.698s] -- Up-to-date symlink: /root/aerostack2_ws/install/as2_swarm_person_interfaces/include/as2_swarm_person_interfaces/as2_swarm_person_interfaces/msg/detail/tracked_person__builder.hpp
[2.698s] -- Up-to-date symlink: /root/aerostack2_ws/install/as2_swarm_person_interfaces/include/as2_swarm_person_interfaces/as2_swarm_person_interfaces/msg/detail/tracked_person__struct.hpp
[2.707s] -- Up-to-date symlink: /root/aerostack2_ws/install/as2_swarm_person_interfaces/include/as2_swarm_person_interfaces/as2_swarm_person_interfaces/msg/detail/tracked_person__traits.hpp
[2.708s] -- Up-to-date symlink: /root/aerostack2_ws/install/as2_swarm_person_interfaces/include/as2_swarm_person_interfaces/as2_swarm_person_interfaces/msg/detail/tracked_person__type_support.hpp
[2.710s] -- Up-to-date symlink: /root/aerostack2_ws/install/as2_swarm_person_interfaces/include/as2_swarm_person_interfaces/as2_swarm_person_interfaces/msg/detail/tracked_person_array__builder.hpp
[2.710s] -- Up-to-date symlink: /root/aerostack2_ws/install/as2_swarm_person_interfaces/include/as2_swarm_person_interfaces/as2_swarm_person_interfaces/msg/detail/tracked_person_array__struct.hpp
[2.710s] -- Up-to-date symlink: /root/aerostack2_ws/install/as2_swarm_person_interfaces/include/as2_swarm_person_interfaces/as2_swarm_person_interfaces/msg/detail/tracked_person_array__traits.hpp
[2.710s] -- Up-to-date symlink: /root/aerostack2_ws/install/as2_swarm_person_interfaces/include/as2_swarm_person_interfaces/as2_swarm_person_interfaces/msg/detail/tracked_person_array__type_support.hpp
[2.710s] -- Up-to-date symlink: /root/aerostack2_ws/install/as2_swarm_person_interfaces/include/as2_swarm_person_interfaces/as2_swarm_person_interfaces/msg/rosidl_generator_cpp__visibility_control.hpp
[2.710s] -- Up-to-date symlink: /root/aerostack2_ws/install/as2_swarm_person_interfaces/include/as2_swarm_person_interfaces/as2_swarm_person_interfaces/msg/tracked_person.hpp
[2.710s] -- Up-to-date symlink: /root/aerostack2_ws/install/as2_swarm_person_interfaces/include/as2_swarm_person_interfaces/as2_swarm_person_interfaces/msg/tracked_person_array.hpp
[2.710s] -- Up-to-date symlink: /root/aerostack2_ws/install/as2_swarm_person_interfaces/include/as2_swarm_person_interfaces/as2_swarm_person_interfaces/msg/detail/tracked_person__rosidl_typesupport_fastrtps_cpp.hpp
[2.710s] -- Up-to-date symlink: /root/aerostack2_ws/install/as2_swarm_person_interfaces/include/as2_swarm_person_interfaces/as2_swarm_person_interfaces/msg/detail/tracked_person_array__rosidl_typesupport_fastrtps_cpp.hpp
[2.710s] -- Up-to-date symlink: /root/aerostack2_ws/install/as2_swarm_person_interfaces/include/as2_swarm_person_interfaces/as2_swarm_person_interfaces/msg/rosidl_typesupport_fastrtps_cpp__visibility_control.h
[2.710s] -- Up-to-date symlink: /root/aerostack2_ws/install/as2_swarm_person_interfaces/include/as2_swarm_person_interfaces/as2_swarm_person_interfaces/msg/detail/tracked_person__rosidl_typesupport_introspection_cpp.hpp
[2.710s] -- Up-to-date symlink: /root/aerostack2_ws/install/as2_swarm_person_interfaces/include/as2_swarm_person_interfaces/as2_swarm_person_interfaces/msg/detail/tracked_person_array__rosidl_typesupport_introspection_cpp.hpp
[2.710s] -- Up-to-date symlink: /root/aerostack2_ws/install/as2_swarm_person_interfaces/share/as2_swarm_person_interfaces/environment/pythonpath.sh
[2.712s] -- Up-to-date symlink: /root/aerostack2_ws/install/as2_swarm_person_interfaces/share/as2_swarm_person_interfaces/environment/pythonpath.dsv
[2.712s] -- Up-to-date symlink: /root/aerostack2_ws/install/as2_swarm_person_interfaces/local/lib/python3.10/dist-packages/as2_swarm_person_interfaces-0.0.0-py3.10.egg-info/PKG-INFO
[2.712s] -- Up-to-date symlink: /root/aerostack2_ws/install/as2_swarm_person_interfaces/local/lib/python3.10/dist-packages/as2_swarm_person_interfaces-0.0.0-py3.10.egg-info/SOURCES.txt
[2.712s] -- Up-to-date symlink: /root/aerostack2_ws/install/as2_swarm_person_interfaces/local/lib/python3.10/dist-packages/as2_swarm_person_interfaces-0.0.0-py3.10.egg-info/dependency_links.txt
[2.713s] -- Up-to-date symlink: /root/aerostack2_ws/install/as2_swarm_person_interfaces/local/lib/python3.10/dist-packages/as2_swarm_person_interfaces-0.0.0-py3.10.egg-info/top_level.txt
[2.715s] -- Up-to-date symlink: /root/aerostack2_ws/install/as2_swarm_person_interfaces/local/lib/python3.10/dist-packages/as2_swarm_person_interfaces/__init__.py
[2.715s] -- Up-to-date symlink: /root/aerostack2_ws/install/as2_swarm_person_interfaces/local/lib/python3.10/dist-packages/as2_swarm_person_interfaces/_as2_swarm_person_interfaces_s.ep.rosidl_typesupport_c.c
[2.715s] -- Up-to-date symlink: /root/aerostack2_ws/install/as2_swarm_person_interfaces/local/lib/python3.10/dist-packages/as2_swarm_person_interfaces/_as2_swarm_person_interfaces_s.ep.rosidl_typesupport_fastrtps_c.c
[2.715s] -- Up-to-date symlink: /root/aerostack2_ws/install/as2_swarm_person_interfaces/local/lib/python3.10/dist-packages/as2_swarm_person_interfaces/_as2_swarm_person_interfaces_s.ep.rosidl_typesupport_introspection_c.c
[2.720s] -- Up-to-date symlink: /root/aerostack2_ws/install/as2_swarm_person_interfaces/local/lib/python3.10/dist-packages/as2_swarm_person_interfaces/as2_swarm_person_interfaces_s__rosidl_typesupport_c.cpython-310-x86_64-linux-gnu.so
[2.720s] -- Up-to-date symlink: /root/aerostack2_ws/install/as2_swarm_person_interfaces/local/lib/python3.10/dist-packages/as2_swarm_person_interfaces/as2_swarm_person_interfaces_s__rosidl_typesupport_fastrtps_c.cpython-310-x86_64-linux-gnu.so
[2.720s] -- Up-to-date symlink: /root/aerostack2_ws/install/as2_swarm_person_interfaces/local/lib/python3.10/dist-packages/as2_swarm_person_interfaces/as2_swarm_person_interfaces_s__rosidl_typesupport_introspection_c.cpython-310-x86_64-linux-gnu.so
[2.720s] -- Up-to-date symlink: /root/aerostack2_ws/install/as2_swarm_person_interfaces/local/lib/python3.10/dist-packages/as2_swarm_person_interfaces/libas2_swarm_person_interfaces__rosidl_generator_py.so
[2.720s] -- Up-to-date symlink: /root/aerostack2_ws/install/as2_swarm_person_interfaces/local/lib/python3.10/dist-packages/as2_swarm_person_interfaces/msg/__init__.py
[2.720s] -- Up-to-date symlink: /root/aerostack2_ws/install/as2_swarm_person_interfaces/local/lib/python3.10/dist-packages/as2_swarm_person_interfaces/msg/_tracked_person.py
[2.720s] -- Up-to-date symlink: /root/aerostack2_ws/install/as2_swarm_person_interfaces/local/lib/python3.10/dist-packages/as2_swarm_person_interfaces/msg/_tracked_person_array.py
[2.720s] -- Up-to-date symlink: /root/aerostack2_ws/install/as2_swarm_person_interfaces/local/lib/python3.10/dist-packages/as2_swarm_person_interfaces/msg/_tracked_person_array_s.c
[2.727s] -- Up-to-date symlink: /root/aerostack2_ws/install/as2_swarm_person_interfaces/local/lib/python3.10/dist-packages/as2_swarm_person_interfaces/msg/_tracked_person_s.c
[2.727s] -- Up-to-date symlink: /root/aerostack2_ws/install/as2_swarm_person_interfaces/local/lib/python3.10/dist-packages/as2_swarm_person_interfaces/as2_swarm_person_interfaces_s__rosidl_typesupport_fastrtps_c.cpython-310-x86_64-linux-gnu.so
[2.727s] -- Up-to-date symlink: /root/aerostack2_ws/install/as2_swarm_person_interfaces/local/lib/python3.10/dist-packages/as2_swarm_person_interfaces/as2_swarm_person_interfaces_s__rosidl_typesupport_introspection_c.cpython-310-x86_64-linux-gnu.so
[2.727s] -- Up-to-date symlink: /root/aerostack2_ws/install/as2_swarm_person_interfaces/local/lib/python3.10/dist-packages/as2_swarm_person_interfaces/as2_swarm_person_interfaces_s__rosidl_typesupport_c.cpython-310-x86_64-linux-gnu.so
[2.727s] -- Up-to-date symlink: /root/aerostack2_ws/install/as2_swarm_person_interfaces/share/as2_swarm_person_interfaces/msg/TrackedPerson.idl
[2.727s] -- Up-to-date symlink: /root/aerostack2_ws/install/as2_swarm_person_interfaces/share/as2_swarm_person_interfaces/msg/TrackedPersonArray.idl
[2.728s] -- Up-to-date symlink: /root/aerostack2_ws/install/as2_swarm_person_interfaces/share/as2_swarm_person_interfaces/msg/TrackedPerson.msg
[2.728s] -- Up-to-date symlink: /root/aerostack2_ws/install/as2_swarm_person_interfaces/share/as2_swarm_person_interfaces/msg/TrackedPersonArray.msg
[2.729s] -- Up-to-date symlink: /root/aerostack2_ws/install/as2_swarm_person_interfaces/share/ament_index/resource_index/package_run_dependencies/as2_swarm_person_interfaces
[2.730s] -- Up-to-date symlink: /root/aerostack2_ws/install/as2_swarm_person_interfaces/share/ament_index/resource_index/parent_prefix_path/as2_swarm_person_interfaces
[2.730s] -- Up-to-date symlink: /root/aerostack2_ws/install/as2_swarm_person_interfaces/share/as2_swarm_person_interfaces/environment/ament_prefix_path.sh
[2.745s] -- Up-to-date symlink: /root/aerostack2_ws/install/as2_swarm_person_interfaces/share/as2_swarm_person_interfaces/environment/ament_prefix_path.dsv
[2.749s] -- Up-to-date symlink: /root/aerostack2_ws/install/as2_swarm_person_interfaces/share/as2_swarm_person_interfaces/environment/path.sh
[2.749s] -- Up-to-date symlink: /root/aerostack2_ws/install/as2_swarm_person_interfaces/share/as2_swarm_person_interfaces/environment/path.dsv
[2.749s] -- Up-to-date symlink: /root/aerostack2_ws/install/as2_swarm_person_interfaces/share/as2_swarm_person_interfaces/local_setup.bash
[2.749s] -- Up-to-date symlink: /root/aerostack2_ws/install/as2_swarm_person_interfaces/share/as2_swarm_person_interfaces/local_setup.sh
[2.750s] -- Up-to-date symlink: /root/aerostack2_ws/install/as2_swarm_person_interfaces/share/as2_swarm_person_interfaces/local_setup.zsh
[2.750s] -- Up-to-date symlink: /root/aerostack2_ws/install/as2_swarm_person_interfaces/share/as2_swarm_person_interfaces/local_setup.dsv
[2.750s] -- Symlinking: /root/aerostack2_ws/install/as2_swarm_person_interfaces/share/as2_swarm_person_interfaces/package.dsv
[2.775s] -- Up-to-date symlink: /root/aerostack2_ws/install/as2_swarm_person_interfaces/share/ament_index/resource_index/packages/as2_swarm_person_interfaces
[2.775s] -- Up-to-date symlink: /root/aerostack2_ws/install/as2_swarm_person_interfaces/share/as2_swarm_person_interfaces/cmake/rosidl_cmake-extras.cmake
[2.775s] -- Up-to-date symlink: /root/aerostack2_ws/install/as2_swarm_person_interfaces/share/as2_swarm_person_interfaces/cmake/ament_cmake_export_dependencies-extras.cmake
[2.776s] -- Up-to-date symlink: /root/aerostack2_ws/install/as2_swarm_person_interfaces/share/as2_swarm_person_interfaces/cmake/ament_cmake_export_include_directories-extras.cmake
[2.776s] -- Up-to-date symlink: /root/aerostack2_ws/install/as2_swarm_person_interfaces/share/as2_swarm_person_interfaces/cmake/ament_cmake_export_libraries-extras.cmake
[2.776s] -- Up-to-date symlink: /root/aerostack2_ws/install/as2_swarm_person_interfaces/share/as2_swarm_person_interfaces/cmake/ament_cmake_export_targets-extras.cmake
[2.776s] -- Up-to-date symlink: /root/aerostack2_ws/install/as2_swarm_person_interfaces/share/as2_swarm_person_interfaces/cmake/rosidl_cmake_export_typesupport_targets-extras.cmake
[2.777s] -- Up-to-date symlink: /root/aerostack2_ws/install/as2_swarm_person_interfaces/share/as2_swarm_person_interfaces/cmake/rosidl_cmake_export_typesupport_libraries-extras.cmake
[2.777s] -- Up-to-date symlink: /root/aerostack2_ws/install/as2_swarm_person_interfaces/share/as2_swarm_person_interfaces/cmake/as2_swarm_person_interfacesConfig.cmake
[2.777s] -- Up-to-date symlink: /root/aerostack2_ws/install/as2_swarm_person_interfaces/share/as2_swarm_person_interfaces/cmake/as2_swarm_person_interfacesConfig-version.cmake
[2.777s] -- Up-to-date symlink: /root/aerostack2_ws/install/as2_swarm_person_interfaces/share/as2_swarm_person_interfaces/package.xml
[2.778s] -- Up-to-date: /root/aerostack2_ws/install/as2_swarm_person_interfaces/lib/libas2_swarm_person_interfaces__rosidl_generator_c.so
[2.778s] -- Up-to-date: /root/aerostack2_ws/install/as2_swarm_person_interfaces/lib/libas2_swarm_person_interfaces__rosidl_typesupport_fastrtps_c.so
[2.780s] -- Up-to-date: /root/aerostack2_ws/install/as2_swarm_person_interfaces/lib/libas2_swarm_person_interfaces__rosidl_typesupport_introspection_c.so
[2.780s] -- Up-to-date: /root/aerostack2_ws/install/as2_swarm_person_interfaces/lib/libas2_swarm_person_interfaces__rosidl_typesupport_c.so
[2.780s] -- Up-to-date: /root/aerostack2_ws/install/as2_swarm_person_interfaces/lib/libas2_swarm_person_interfaces__rosidl_typesupport_fastrtps_cpp.so
[2.780s] -- Up-to-date: /root/aerostack2_ws/install/as2_swarm_person_interfaces/lib/libas2_swarm_person_interfaces__rosidl_typesupport_introspection_cpp.so
[2.780s] -- Up-to-date: /root/aerostack2_ws/install/as2_swarm_person_interfaces/lib/libas2_swarm_person_interfaces__rosidl_typesupport_cpp.so
[2.850s] Listing '/root/aerostack2_ws/install/as2_swarm_person_interfaces/local/lib/python3.10/dist-packages/as2_swarm_person_interfaces'...
[2.850s] Compiling '/root/aerostack2_ws/install/as2_swarm_person_interfaces/local/lib/python3.10/dist-packages/as2_swarm_person_interfaces/__init__.py'...
[2.850s] Listing '/root/aerostack2_ws/install/as2_swarm_person_interfaces/local/lib/python3.10/dist-packages/as2_swarm_person_interfaces/msg'...
[2.858s] -- Up-to-date: /root/aerostack2_ws/install/as2_swarm_person_interfaces/lib/libas2_swarm_person_interfaces__rosidl_generator_py.so
[2.858s] -- Up-to-date: /root/aerostack2_ws/install/as2_swarm_person_interfaces/share/as2_swarm_person_interfaces/cmake/export_as2_swarm_person_interfaces__rosidl_generator_cExport.cmake
[2.858s] -- Up-to-date: /root/aerostack2_ws/install/as2_swarm_person_interfaces/share/as2_swarm_person_interfaces/cmake/export_as2_swarm_person_interfaces__rosidl_generator_cExport-noconfig.cmake
[2.858s] -- Up-to-date: /root/aerostack2_ws/install/as2_swarm_person_interfaces/share/as2_swarm_person_interfaces/cmake/export_as2_swarm_person_interfaces__rosidl_typesupport_fastrtps_cExport.cmake
[2.858s] -- Up-to-date: /root/aerostack2_ws/install/as2_swarm_person_interfaces/share/as2_swarm_person_interfaces/cmake/export_as2_swarm_person_interfaces__rosidl_typesupport_fastrtps_cExport-noconfig.cmake
[2.858s] -- Up-to-date: /root/aerostack2_ws/install/as2_swarm_person_interfaces/share/as2_swarm_person_interfaces/cmake/as2_swarm_person_interfaces__rosidl_typesupport_introspection_cExport.cmake
[2.858s] -- Up-to-date: /root/aerostack2_ws/install/as2_swarm_person_interfaces/share/as2_swarm_person_interfaces/cmake/as2_swarm_person_interfaces__rosidl_typesupport_introspection_cExport-noconfig.cmake
[2.858s] -- Up-to-date: /root/aerostack2_ws/install/as2_swarm_person_interfaces/share/as2_swarm_person_interfaces/cmake/as2_swarm_person_interfaces__rosidl_typesupport_cExport.cmake
[2.858s] -- Up-to-date: /root/aerostack2_ws/install/as2_swarm_person_interfaces/share/as2_swarm_person_interfaces/cmake/as2_swarm_person_interfaces__rosidl_typesupport_cExport-noconfig.cmake
[2.858s] -- Up-to-date: /root/aerostack2_ws/install/as2_swarm_person_interfaces/share/as2_swarm_person_interfaces/cmake/export_as2_swarm_person_interfaces__rosidl_generator_cppExport.cmake
[2.858s] -- Up-to-date: /root/aerostack2_ws/install/as2_swarm_person_interfaces/share/as2_swarm_person_interfaces/cmake/export_as2_swarm_person_interfaces__rosidl_typesupport_fastrtps_cppExport.cmake
[2.858s] -- Up-to-date: /root/aerostack2_ws/install/as2_swarm_person_interfaces/share/as2_swarm_person_interfaces/cmake/export_as2_swarm_person_interfaces__rosidl_typesupport_fastrtps_cppExport-noconfig.cmake
[2.859s] -- Up-to-date: /root/aerostack2_ws/install/as2_swarm_person_interfaces/share/as2_swarm_person_interfaces/cmake/as2_swarm_person_interfaces__rosidl_typesupport_introspection_cppExport.cmake
[2.859s] -- Up-to-date: /root/aerostack2_ws/install/as2_swarm_person_interfaces/share/as2_swarm_person_interfaces/cmake/as2_swarm_person_interfaces__rosidl_typesupport_introspection_cppExport-noconfig.cmake
[2.859s] -- Up-to-date: /root/aerostack2_ws/install/as2_swarm_person_interfaces/share/as2_swarm_person_interfaces/cmake/as2_swarm_person_interfaces__rosidl_typesupport_cppExport.cmake
[2.859s] -- Up-to-date: /root/aerostack2_ws/install/as2_swarm_person_interfaces/share/as2_swarm_person_interfaces/cmake/as2_swarm_person_interfaces__rosidl_typesupport_cppExport-noconfig.cmake
[2.859s] -- Up-to-date: /root/aerostack2_ws/install/as2_swarm_person_interfaces/share/as2_swarm_person_interfaces/cmake/export_as2_swarm_person_interfaces__rosidl_generator_pyExport.cmake
[2.859s] -- Up-to-date: /root/aerostack2_ws/install/as2_swarm_person_interfaces/share/as2_swarm_person_interfaces/cmake/export_as2_swarm_person_interfaces__rosidl_generator_pyExport-noconfig.cmake
[2.862s] Invoked command in '/root/aerostack2_ws/build/as2_swarm_person_interfaces' returned '0': CMAKE_PREFIX_PATH=${CMAKE_PREFIX_PATH}:/root/aerostack2_ws/install/rmf_demos_tasks:/root/aerostack2_ws/install/rmf_demos_panel:/root/aerostack2_ws/install/rmf_demos_fleet_adapter:/root/aerostack2_ws/install/rmf_demos_dashboard_resources:/root/aerostack2_ws/install/rmf_demos_bridges:/root/aerostack2_ws/install/rmf_demos_assets:/root/aerostack2_ws/install/as2_visualization:/root/aerostack2_ws/install/as2_swarm_perception:/root/aerostack2_ws/install/as2_swarm_fusion_ci:/root/aerostack2_ws/install/as2_swarm_ekf:/root/aerostack2_ws/install/as2_keyboard_teleoperation:/root/aerostack2_ws/install/as2_python_api:/root/aerostack2_ws/install/as2_project_bringup:/root/aerostack2_ws/install/as2_perception:/root/aerostack2_ws/install/as2_groundray_perception:/opt/ros/humble /usr/bin/cmake --install /root/aerostack2_ws/build/as2_swarm_person_interfaces
