[4.229s] Invoking command in '/root/aerostack2_ws/src/aerostack2/as2_perception': PYTHONPATH=/root/aerostack2_ws/build/as2_perception/prefix_override:/usr/lib/python3/dist-packages/colcon_core/task/python/colcon_distutils_commands:/root/aerostack2_ws/install/as2_perception/lib/python3.10/site-packages:${PYTHONPATH} /usr/bin/python3 -W ignore:setup.py install is deprecated -W ignore:easy_install command is deprecated setup.py egg_info --egg-base ../../../build/as2_perception build --build-base /root/aerostack2_ws/build/as2_perception/build install --record /root/aerostack2_ws/build/as2_perception/install.log --single-version-externally-managed install_data
[5.047s] running egg_info
[5.053s] writing ../../../build/as2_perception/as2_perception.egg-info/PKG-INFO
[5.055s] writing dependency_links to ../../../build/as2_perception/as2_perception.egg-info/dependency_links.txt
[5.059s] writing entry points to ../../../build/as2_perception/as2_perception.egg-info/entry_points.txt
[5.060s] writing requirements to ../../../build/as2_perception/as2_perception.egg-info/requires.txt
[5.061s] writing top-level names to ../../../build/as2_perception/as2_perception.egg-info/top_level.txt
[5.080s] reading manifest file '../../../build/as2_perception/as2_perception.egg-info/SOURCES.txt'
[5.098s] writing manifest file '../../../build/as2_perception/as2_perception.egg-info/SOURCES.txt'
[5.098s] running build
[5.110s] running build_py
[5.111s] running install
[5.111s] running install_lib
[5.125s] running install_data
[5.125s] running install_egg_info
[5.137s] removing '/root/aerostack2_ws/install/as2_perception/lib/python3.10/site-packages/as2_perception-0.0.0-py3.10.egg-info' (and everything under it)
[5.138s] Copying ../../../build/as2_perception/as2_perception.egg-info to /root/aerostack2_ws/install/as2_perception/lib/python3.10/site-packages/as2_perception-0.0.0-py3.10.egg-info
[5.145s] running install_scripts
[5.183s] Installing person_detector_node script to /root/aerostack2_ws/install/as2_perception/lib/as2_perception
[5.184s] writing list of installed files to '/root/aerostack2_ws/build/as2_perception/install.log'
[5.226s] Invoked command in '/root/aerostack2_ws/src/aerostack2/as2_perception' returned '0': PYTHONPATH=/root/aerostack2_ws/build/as2_perception/prefix_override:/usr/lib/python3/dist-packages/colcon_core/task/python/colcon_distutils_commands:/root/aerostack2_ws/install/as2_perception/lib/python3.10/site-packages:${PYTHONPATH} /usr/bin/python3 -W ignore:setup.py install is deprecated -W ignore:easy_install command is deprecated setup.py egg_info --egg-base ../../../build/as2_perception build --build-base /root/aerostack2_ws/build/as2_perception/build install --record /root/aerostack2_ws/build/as2_perception/install.log --single-version-externally-managed install_data
