[2.276s] Invoking command in '/root/aerostack2_ws/src/aerostack2/as2_groundray_perception': PYTHONPATH=/root/aerostack2_ws/build/as2_groundray_perception/prefix_override:/usr/lib/python3/dist-packages/colcon_core/task/python/colcon_distutils_commands:/root/aerostack2_ws/install/as2_groundray_perception/lib/python3.10/site-packages:${PYTHONPATH} /usr/bin/python3 -W ignore:setup.py install is deprecated -W ignore:easy_install command is deprecated setup.py egg_info --egg-base ../../../build/as2_groundray_perception build --build-base /root/aerostack2_ws/build/as2_groundray_perception/build install --record /root/aerostack2_ws/build/as2_groundray_perception/install.log --single-version-externally-managed install_data
[2.752s] running egg_info
[2.752s] creating ../../../build/as2_groundray_perception/as2_groundray_perception.egg-info
[2.752s] writing ../../../build/as2_groundray_perception/as2_groundray_perception.egg-info/PKG-INFO
[2.752s] writing dependency_links to ../../../build/as2_groundray_perception/as2_groundray_perception.egg-info/dependency_links.txt
[2.752s] writing entry points to ../../../build/as2_groundray_perception/as2_groundray_perception.egg-info/entry_points.txt
[2.752s] writing requirements to ../../../build/as2_groundray_perception/as2_groundray_perception.egg-info/requires.txt
[2.752s] writing top-level names to ../../../build/as2_groundray_perception/as2_groundray_perception.egg-info/top_level.txt
[2.752s] writing manifest file '../../../build/as2_groundray_perception/as2_groundray_perception.egg-info/SOURCES.txt'
[2.759s] reading manifest file '../../../build/as2_groundray_perception/as2_groundray_perception.egg-info/SOURCES.txt'
[2.759s] writing manifest file '../../../build/as2_groundray_perception/as2_groundray_perception.egg-info/SOURCES.txt'
[2.759s] running build
[2.760s] running build_py
[2.760s] creating /root/aerostack2_ws/build/as2_groundray_perception/build
[2.760s] creating /root/aerostack2_ws/build/as2_groundray_perception/build/lib
[2.760s] creating /root/aerostack2_ws/build/as2_groundray_perception/build/lib/as2_groundray_perception
[2.760s] copying as2_groundray_perception/__init__.py -> /root/aerostack2_ws/build/as2_groundray_perception/build/lib/as2_groundray_perception
[2.761s] copying as2_groundray_perception/ray_to_ground_node.py -> /root/aerostack2_ws/build/as2_groundray_perception/build/lib/as2_groundray_perception
[2.761s] running install
[2.761s] running install_lib
[2.762s] creating /root/aerostack2_ws/install/as2_groundray_perception/lib/python3.10/site-packages/as2_groundray_perception
[2.762s] copying /root/aerostack2_ws/build/as2_groundray_perception/build/lib/as2_groundray_perception/__init__.py -> /root/aerostack2_ws/install/as2_groundray_perception/lib/python3.10/site-packages/as2_groundray_perception
[2.762s] copying /root/aerostack2_ws/build/as2_groundray_perception/build/lib/as2_groundray_perception/ray_to_ground_node.py -> /root/aerostack2_ws/install/as2_groundray_perception/lib/python3.10/site-packages/as2_groundray_perception
[2.763s] byte-compiling /root/aerostack2_ws/install/as2_groundray_perception/lib/python3.10/site-packages/as2_groundray_perception/__init__.py to __init__.cpython-310.pyc
[2.765s] byte-compiling /root/aerostack2_ws/install/as2_groundray_perception/lib/python3.10/site-packages/as2_groundray_perception/ray_to_ground_node.py to ray_to_ground_node.cpython-310.pyc
[2.766s] running install_data
[2.766s] creating /root/aerostack2_ws/install/as2_groundray_perception/share/ament_index
[2.771s] creating /root/aerostack2_ws/install/as2_groundray_perception/share/ament_index/resource_index
[2.772s] creating /root/aerostack2_ws/install/as2_groundray_perception/share/ament_index/resource_index/packages
[2.772s] copying resource/as2_groundray_perception -> /root/aerostack2_ws/install/as2_groundray_perception/share/ament_index/resource_index/packages
[2.772s] copying package.xml -> /root/aerostack2_ws/install/as2_groundray_perception/share/as2_groundray_perception
[2.772s] creating /root/aerostack2_ws/install/as2_groundray_perception/share/as2_groundray_perception/launch
[2.772s] copying launch/ray_to_ground_multi.launch.py -> /root/aerostack2_ws/install/as2_groundray_perception/share/as2_groundray_perception/launch
[2.772s] running install_egg_info
[2.775s] Copying ../../../build/as2_groundray_perception/as2_groundray_perception.egg-info to /root/aerostack2_ws/install/as2_groundray_perception/lib/python3.10/site-packages/as2_groundray_perception-0.0.0-py3.10.egg-info
[2.775s] running install_scripts
[2.810s] Installing ray_to_ground_node script to /root/aerostack2_ws/install/as2_groundray_perception/lib/as2_groundray_perception
[2.810s] writing list of installed files to '/root/aerostack2_ws/build/as2_groundray_perception/install.log'
[2.875s] Invoked command in '/root/aerostack2_ws/src/aerostack2/as2_groundray_perception' returned '0': PYTHONPATH=/root/aerostack2_ws/build/as2_groundray_perception/prefix_override:/usr/lib/python3/dist-packages/colcon_core/task/python/colcon_distutils_commands:/root/aerostack2_ws/install/as2_groundray_perception/lib/python3.10/site-packages:${PYTHONPATH} /usr/bin/python3 -W ignore:setup.py install is deprecated -W ignore:easy_install command is deprecated setup.py egg_info --egg-base ../../../build/as2_groundray_perception build --build-base /root/aerostack2_ws/build/as2_groundray_perception/build install --record /root/aerostack2_ws/build/as2_groundray_perception/install.log --single-version-externally-managed install_data
