[0.495s] Invoking command in '/root/aerostack2_ws/build/as2_swarm_person_interfaces': CMAKE_PREFIX_PATH=${CMAKE_PREFIX_PATH}:/root/aerostack2_ws/install/rmf_demos_tasks:/root/aerostack2_ws/install/rmf_demos_panel:/root/aerostack2_ws/install/rmf_demos_fleet_adapter:/root/aerostack2_ws/install/rmf_demos_dashboard_resources:/root/aerostack2_ws/install/rmf_demos_bridges:/root/aerostack2_ws/install/rmf_demos_assets:/root/aerostack2_ws/install/as2_visualization:/root/aerostack2_ws/install/as2_swarm_perception:/root/aerostack2_ws/install/as2_swarm_fusion_ci:/root/aerostack2_ws/install/as2_swarm_ekf:/root/aerostack2_ws/install/as2_keyboard_teleoperation:/root/aerostack2_ws/install/as2_python_api:/root/aerostack2_ws/install/as2_project_bringup:/root/aerostack2_ws/install/as2_perception:/root/aerostack2_ws/install/as2_groundray_perception:/opt/ros/humble /usr/bin/cmake --build /root/aerostack2_ws/build/as2_swarm_person_interfaces -- -j8 -l8
[7.129s] [  2%] Built target as2_swarm_person_interfaces__cpp
[7.129s] [  2%] Built target ament_cmake_python_symlink_as2_swarm_person_interfaces
[7.129s] [ 12%] Built target as2_swarm_person_interfaces__rosidl_typesupport_introspection_cpp
[7.129s] running egg_info
[7.129s] writing as2_swarm_person_interfaces.egg-info/PKG-INFO
[7.129s] writing dependency_links to as2_swarm_person_interfaces.egg-info/dependency_links.txt
[7.129s] writing top-level names to as2_swarm_person_interfaces.egg-info/top_level.txt
[7.129s] reading manifest file 'as2_swarm_person_interfaces.egg-info/SOURCES.txt'
[7.129s] writing manifest file 'as2_swarm_person_interfaces.egg-info/SOURCES.txt'
[7.130s] [ 12%] Built target ament_cmake_python_build_as2_swarm_person_interfaces_egg
[7.130s] [ 23%] Built target as2_swarm_person_interfaces__rosidl_typesupport_fastrtps_cpp
[7.130s] [ 33%] Built target as2_swarm_person_interfaces__rosidl_typesupport_cpp
[7.130s] [ 43%] Built target as2_swarm_person_interfaces__rosidl_generator_c
[7.130s] [ 53%] Built target as2_swarm_person_interfaces__rosidl_typesupport_fastrtps_c
[7.130s] [ 64%] Built target as2_swarm_person_interfaces__rosidl_typesupport_c
[7.130s] [ 74%] Built target as2_swarm_person_interfaces__rosidl_typesupport_introspection_c
[7.130s] [ 74%] Built target as2_swarm_person_interfaces
[7.130s] [ 76%] Built target as2_swarm_person_interfaces__py
[7.130s] [ 84%] Built target as2_swarm_person_interfaces__rosidl_generator_py
[7.130s] [ 89%] Built target as2_swarm_person_interfaces__rosidl_typesupport_fastrtps_c__pyext
[7.149s] [ 94%] Built target as2_swarm_person_interfaces__rosidl_typesupport_c__pyext
[7.149s] [100%] Built target as2_swarm_person_interfaces__rosidl_typesupport_introspection_c__pyext
[7.675s] Invoked command in '/root/aerostack2_ws/build/as2_swarm_person_interfaces' returned '0': CMAKE_PREFIX_PATH=${CMAKE_PREFIX_PATH}:/root/aerostack2_ws/install/rmf_demos_tasks:/root/aerostack2_ws/install/rmf_demos_panel:/root/aerostack2_ws/install/rmf_demos_fleet_adapter:/root/aerostack2_ws/install/rmf_demos_dashboard_resources:/root/aerostack2_ws/install/rmf_demos_bridges:/root/aerostack2_ws/install/rmf_demos_assets:/root/aerostack2_ws/install/as2_visualization:/root/aerostack2_ws/install/as2_swarm_perception:/root/aerostack2_ws/install/as2_swarm_fusion_ci:/root/aerostack2_ws/install/as2_swarm_ekf:/root/aerostack2_ws/install/as2_keyboard_teleoperation:/root/aerostack2_ws/install/as2_python_api:/root/aerostack2_ws/install/as2_project_bringup:/root/aerostack2_ws/install/as2_perception:/root/aerostack2_ws/install/as2_groundray_perception:/opt/ros/humble /usr/bin/cmake --build /root/aerostack2_ws/build/as2_swarm_person_interfaces -- -j8 -l8
[7.689s] Invoking command in '/root/aerostack2_ws/build/as2_swarm_person_interfaces': CMAKE_PREFIX_PATH=${CMAKE_PREFIX_PATH}:/root/aerostack2_ws/install/rmf_demos_tasks:/root/aerostack2_ws/install/rmf_demos_panel:/root/aerostack2_ws/install/rmf_demos_fleet_adapter:/root/aerostack2_ws/install/rmf_demos_dashboard_resources:/root/aerostack2_ws/install/rmf_demos_bridges:/root/aerostack2_ws/install/rmf_demos_assets:/root/aerostack2_ws/install/as2_visualization:/root/aerostack2_ws/install/as2_swarm_perception:/root/aerostack2_ws/install/as2_swarm_fusion_ci:/root/aerostack2_ws/install/as2_swarm_ekf:/root/aerostack2_ws/install/as2_keyboard_teleoperation:/root/aerostack2_ws/install/as2_python_api:/root/aerostack2_ws/install/as2_project_bringup:/root/aerostack2_ws/install/as2_perception:/root/aerostack2_ws/install/as2_groundray_perception:/opt/ros/humble /usr/bin/cmake --install /root/aerostack2_ws/build/as2_swarm_person_interfaces
[7.833s] -- Install configuration: ""
[7.834s] -- Execute custom install script
[7.834s] -- Up-to-date symlink: /root/aerostack2_ws/install/as2_swarm_person_interfaces/share/ament_index/resource_index/rosidl_interfaces/as2_swarm_person_interfaces
[7.834s] -- Up-to-date symlink: /root/aerostack2_ws/install/as2_swarm_person_interfaces/include/as2_swarm_person_interfaces/as2_swarm_person_interfaces/msg/detail/tracked_person__functions.h
[7.834s] -- Up-to-date symlink: /root/aerostack2_ws/install/as2_swarm_person_interfaces/include/as2_swarm_person_interfaces/as2_swarm_person_interfaces/msg/detail/tracked_person__struct.h
[7.834s] -- Up-to-date symlink: /root/aerostack2_ws/install/as2_swarm_person_interfaces/include/as2_swarm_person_interfaces/as2_swarm_person_interfaces/msg/detail/tracked_person__type_support.h
[7.834s] -- Up-to-date symlink: /root/aerostack2_ws/install/as2_swarm_person_interfaces/include/as2_swarm_person_interfaces/as2_swarm_person_interfaces/msg/detail/tracked_person_array__functions.h
[7.834s] -- Up-to-date symlink: /root/aerostack2_ws/install/as2_swarm_person_interfaces/include/as2_swarm_person_interfaces/as2_swarm_person_interfaces/msg/detail/tracked_person_array__struct.h
[7.835s] -- Up-to-date symlink: /root/aerostack2_ws/install/as2_swarm_person_interfaces/include/as2_swarm_person_interfaces/as2_swarm_person_interfaces/msg/detail/tracked_person_array__type_support.h
[7.835s] -- Up-to-date symlink: /root/aerostack2_ws/install/as2_swarm_person_interfaces/include/as2_swarm_person_interfaces/as2_swarm_person_interfaces/msg/rosidl_generator_c__visibility_control.h
[7.835s] -- Up-to-date symlink: /root/aerostack2_ws/install/as2_swarm_person_interfaces/include/as2_swarm_person_interfaces/as2_swarm_person_interfaces/msg/tracked_person.h
[7.835s] -- Up-to-date symlink: /root/aerostack2_ws/install/as2_swarm_person_interfaces/include/as2_swarm_person_interfaces/as2_swarm_person_interfaces/msg/tracked_person_array.h
[7.850s] -- Up-to-date symlink: /root/aerostack2_ws/install/as2_swarm_person_interfaces/share/as2_swarm_person_interfaces/environment/library_path.sh
[7.850s] -- Up-to-date symlink: /root/aerostack2_ws/install/as2_swarm_person_interfaces/share/as2_swarm_person_interfaces/environment/library_path.dsv
[7.850s] -- Up-to-date symlink: /root/aerostack2_ws/install/as2_swarm_person_interfaces/include/as2_swarm_person_interfaces/as2_swarm_person_interfaces/msg/detail/tracked_person__rosidl_typesupport_fastrtps_c.h
[7.850s] -- Up-to-date symlink: /root/aerostack2_ws/install/as2_swarm_person_interfaces/include/as2_swarm_person_interfaces/as2_swarm_person_interfaces/msg/detail/tracked_person_array__rosidl_typesupport_fastrtps_c.h
[7.853s] -- Up-to-date symlink: /root/aerostack2_ws/install/as2_swarm_person_interfaces/include/as2_swarm_person_interfaces/as2_swarm_person_interfaces/msg/rosidl_typesupport_fastrtps_c__visibility_control.h
[7.853s] -- Up-to-date symlink: /root/aerostack2_ws/install/as2_swarm_person_interfaces/include/as2_swarm_person_interfaces/as2_swarm_person_interfaces/msg/detail/tracked_person__rosidl_typesupport_introspection_c.h
[7.853s] -- Up-to-date symlink: /root/aerostack2_ws/install/as2_swarm_person_interfaces/include/as2_swarm_person_interfaces/as2_swarm_person_interfaces/msg/detail/tracked_person_array__rosidl_typesupport_introspection_c.h
[7.853s] -- Up-to-date symlink: /root/aerostack2_ws/install/as2_swarm_person_interfaces/include/as2_swarm_person_interfaces/as2_swarm_person_interfaces/msg/rosidl_typesupport_introspection_c__visibility_control.h
[7.853s] -- Up-to-date symlink: /root/aerostack2_ws/install/as2_swarm_person_interfaces/include/as2_swarm_person_interfaces/as2_swarm_person_interfaces/msg/detail/tracked_person__builder.hpp
[7.853s] -- Up-to-date symlink: /root/aerostack2_ws/install/as2_swarm_person_interfaces/include/as2_swarm_person_interfaces/as2_swarm_person_interfaces/msg/detail/tracked_person__struct.hpp
[7.853s] -- Up-to-date symlink: /root/aerostack2_ws/install/as2_swarm_person_interfaces/include/as2_swarm_person_interfaces/as2_swarm_person_interfaces/msg/detail/tracked_person__traits.hpp
[7.853s] -- Up-to-date symlink: /root/aerostack2_ws/install/as2_swarm_person_interfaces/include/as2_swarm_person_interfaces/as2_swarm_person_interfaces/msg/detail/tracked_person__type_support.hpp
[7.873s] -- Up-to-date symlink: /root/aerostack2_ws/install/as2_swarm_person_interfaces/include/as2_swarm_person_interfaces/as2_swarm_person_interfaces/msg/detail/tracked_person_array__builder.hpp
[7.873s] -- Up-to-date symlink: /root/aerostack2_ws/install/as2_swarm_person_interfaces/include/as2_swarm_person_interfaces/as2_swarm_person_interfaces/msg/detail/tracked_person_array__struct.hpp
[7.873s] -- Up-to-date symlink: /root/aerostack2_ws/install/as2_swarm_person_interfaces/include/as2_swarm_person_interfaces/as2_swarm_person_interfaces/msg/detail/tracked_person_array__traits.hpp
[7.873s] -- Up-to-date symlink: /root/aerostack2_ws/install/as2_swarm_person_interfaces/include/as2_swarm_person_interfaces/as2_swarm_person_interfaces/msg/detail/tracked_person_array__type_support.hpp
[7.873s] -- Up-to-date symlink: /root/aerostack2_ws/install/as2_swarm_person_interfaces/include/as2_swarm_person_interfaces/as2_swarm_person_interfaces/msg/rosidl_generator_cpp__visibility_control.hpp
[7.890s] -- Up-to-date symlink: /root/aerostack2_ws/install/as2_swarm_person_interfaces/include/as2_swarm_person_interfaces/as2_swarm_person_interfaces/msg/tracked_person.hpp
[7.890s] -- Up-to-date symlink: /root/aerostack2_ws/install/as2_swarm_person_interfaces/include/as2_swarm_person_interfaces/as2_swarm_person_interfaces/msg/tracked_person_array.hpp
[7.890s] -- Up-to-date symlink: /root/aerostack2_ws/install/as2_swarm_person_interfaces/include/as2_swarm_person_interfaces/as2_swarm_person_interfaces/msg/detail/tracked_person__rosidl_typesupport_fastrtps_cpp.hpp
[7.890s] -- Up-to-date symlink: /root/aerostack2_ws/install/as2_swarm_person_interfaces/include/as2_swarm_person_interfaces/as2_swarm_person_interfaces/msg/detail/tracked_person_array__rosidl_typesupport_fastrtps_cpp.hpp
[7.891s] -- Up-to-date symlink: /root/aerostack2_ws/install/as2_swarm_person_interfaces/include/as2_swarm_person_interfaces/as2_swarm_person_interfaces/msg/rosidl_typesupport_fastrtps_cpp__visibility_control.h
[7.891s] -- Up-to-date symlink: /root/aerostack2_ws/install/as2_swarm_person_interfaces/include/as2_swarm_person_interfaces/as2_swarm_person_interfaces/msg/detail/tracked_person__rosidl_typesupport_introspection_cpp.hpp
[7.891s] -- Up-to-date symlink: /root/aerostack2_ws/install/as2_swarm_person_interfaces/include/as2_swarm_person_interfaces/as2_swarm_person_interfaces/msg/detail/tracked_person_array__rosidl_typesupport_introspection_cpp.hpp
[7.891s] -- Up-to-date symlink: /root/aerostack2_ws/install/as2_swarm_person_interfaces/share/as2_swarm_person_interfaces/environment/pythonpath.sh
[7.891s] -- Up-to-date symlink: /root/aerostack2_ws/install/as2_swarm_person_interfaces/share/as2_swarm_person_interfaces/environment/pythonpath.dsv
[7.891s] -- Up-to-date symlink: /root/aerostack2_ws/install/as2_swarm_person_interfaces/local/lib/python3.10/dist-packages/as2_swarm_person_interfaces-0.0.0-py3.10.egg-info/PKG-INFO
[7.960s] -- Up-to-date symlink: /root/aerostack2_ws/install/as2_swarm_person_interfaces/local/lib/python3.10/dist-packages/as2_swarm_person_interfaces-0.0.0-py3.10.egg-info/SOURCES.txt
[7.960s] -- Up-to-date symlink: /root/aerostack2_ws/install/as2_swarm_person_interfaces/local/lib/python3.10/dist-packages/as2_swarm_person_interfaces-0.0.0-py3.10.egg-info/dependency_links.txt
[7.960s] -- Up-to-date symlink: /root/aerostack2_ws/install/as2_swarm_person_interfaces/local/lib/python3.10/dist-packages/as2_swarm_person_interfaces-0.0.0-py3.10.egg-info/top_level.txt
[7.960s] -- Up-to-date symlink: /root/aerostack2_ws/install/as2_swarm_person_interfaces/local/lib/python3.10/dist-packages/as2_swarm_person_interfaces/__init__.py
[7.960s] -- Up-to-date symlink: /root/aerostack2_ws/install/as2_swarm_person_interfaces/local/lib/python3.10/dist-packages/as2_swarm_person_interfaces/_as2_swarm_person_interfaces_s.ep.rosidl_typesupport_c.c
[7.961s] -- Up-to-date symlink: /root/aerostack2_ws/install/as2_swarm_person_interfaces/local/lib/python3.10/dist-packages/as2_swarm_person_interfaces/_as2_swarm_person_interfaces_s.ep.rosidl_typesupport_fastrtps_c.c
[7.961s] -- Up-to-date symlink: /root/aerostack2_ws/install/as2_swarm_person_interfaces/local/lib/python3.10/dist-packages/as2_swarm_person_interfaces/_as2_swarm_person_interfaces_s.ep.rosidl_typesupport_introspection_c.c
[7.961s] -- Up-to-date symlink: /root/aerostack2_ws/install/as2_swarm_person_interfaces/local/lib/python3.10/dist-packages/as2_swarm_person_interfaces/as2_swarm_person_interfaces_s__rosidl_typesupport_c.cpython-310-x86_64-linux-gnu.so
[7.961s] -- Up-to-date symlink: /root/aerostack2_ws/install/as2_swarm_person_interfaces/local/lib/python3.10/dist-packages/as2_swarm_person_interfaces/as2_swarm_person_interfaces_s__rosidl_typesupport_fastrtps_c.cpython-310-x86_64-linux-gnu.so
[7.961s] -- Up-to-date symlink: /root/aerostack2_ws/install/as2_swarm_person_interfaces/local/lib/python3.10/dist-packages/as2_swarm_person_interfaces/as2_swarm_person_interfaces_s__rosidl_typesupport_introspection_c.cpython-310-x86_64-linux-gnu.so
[8.003s] -- Up-to-date symlink: /root/aerostack2_ws/install/as2_swarm_person_interfaces/local/lib/python3.10/dist-packages/as2_swarm_person_interfaces/libas2_swarm_person_interfaces__rosidl_generator_py.so
[8.003s] -- Up-to-date symlink: /root/aerostack2_ws/install/as2_swarm_person_interfaces/local/lib/python3.10/dist-packages/as2_swarm_person_interfaces/msg/__init__.py
[8.003s] -- Up-to-date symlink: /root/aerostack2_ws/install/as2_swarm_person_interfaces/local/lib/python3.10/dist-packages/as2_swarm_person_interfaces/msg/_tracked_person.py
[8.003s] -- Up-to-date symlink: /root/aerostack2_ws/install/as2_swarm_person_interfaces/local/lib/python3.10/dist-packages/as2_swarm_person_interfaces/msg/_tracked_person_array.py
[8.003s] -- Up-to-date symlink: /root/aerostack2_ws/install/as2_swarm_person_interfaces/local/lib/python3.10/dist-packages/as2_swarm_person_interfaces/msg/_tracked_person_array_s.c
[8.003s] -- Up-to-date symlink: /root/aerostack2_ws/install/as2_swarm_person_interfaces/local/lib/python3.10/dist-packages/as2_swarm_person_interfaces/msg/_tracked_person_s.c
[8.007s] -- Up-to-date symlink: /root/aerostack2_ws/install/as2_swarm_person_interfaces/local/lib/python3.10/dist-packages/as2_swarm_person_interfaces/as2_swarm_person_interfaces_s__rosidl_typesupport_fastrtps_c.cpython-310-x86_64-linux-gnu.so
[8.007s] -- Up-to-date symlink: /root/aerostack2_ws/install/as2_swarm_person_interfaces/local/lib/python3.10/dist-packages/as2_swarm_person_interfaces/as2_swarm_person_interfaces_s__rosidl_typesupport_introspection_c.cpython-310-x86_64-linux-gnu.so
[8.008s] -- Up-to-date symlink: /root/aerostack2_ws/install/as2_swarm_person_interfaces/local/lib/python3.10/dist-packages/as2_swarm_person_interfaces/as2_swarm_person_interfaces_s__rosidl_typesupport_c.cpython-310-x86_64-linux-gnu.so
[8.008s] -- Up-to-date symlink: /root/aerostack2_ws/install/as2_swarm_person_interfaces/share/as2_swarm_person_interfaces/msg/TrackedPerson.idl
[8.008s] -- Up-to-date symlink: /root/aerostack2_ws/install/as2_swarm_person_interfaces/share/as2_swarm_person_interfaces/msg/TrackedPersonArray.idl
[8.008s] -- Up-to-date symlink: /root/aerostack2_ws/install/as2_swarm_person_interfaces/share/as2_swarm_person_interfaces/msg/TrackedPerson.msg
[8.008s] -- Up-to-date symlink: /root/aerostack2_ws/install/as2_swarm_person_interfaces/share/as2_swarm_person_interfaces/msg/TrackedPersonArray.msg
[8.008s] -- Up-to-date symlink: /root/aerostack2_ws/install/as2_swarm_person_interfaces/share/ament_index/resource_index/package_run_dependencies/as2_swarm_person_interfaces
[8.008s] -- Up-to-date symlink: /root/aerostack2_ws/install/as2_swarm_person_interfaces/share/ament_index/resource_index/parent_prefix_path/as2_swarm_person_interfaces
[8.008s] -- Up-to-date symlink: /root/aerostack2_ws/install/as2_swarm_person_interfaces/share/as2_swarm_person_interfaces/environment/ament_prefix_path.sh
[8.046s] -- Up-to-date symlink: /root/aerostack2_ws/install/as2_swarm_person_interfaces/share/as2_swarm_person_interfaces/environment/ament_prefix_path.dsv
[8.046s] -- Up-to-date symlink: /root/aerostack2_ws/install/as2_swarm_person_interfaces/share/as2_swarm_person_interfaces/environment/path.sh
[8.047s] -- Up-to-date symlink: /root/aerostack2_ws/install/as2_swarm_person_interfaces/share/as2_swarm_person_interfaces/environment/path.dsv
[8.047s] -- Up-to-date symlink: /root/aerostack2_ws/install/as2_swarm_person_interfaces/share/as2_swarm_person_interfaces/local_setup.bash
[8.047s] -- Up-to-date symlink: /root/aerostack2_ws/install/as2_swarm_person_interfaces/share/as2_swarm_person_interfaces/local_setup.sh
[8.047s] -- Up-to-date symlink: /root/aerostack2_ws/install/as2_swarm_person_interfaces/share/as2_swarm_person_interfaces/local_setup.zsh
[8.047s] -- Up-to-date symlink: /root/aerostack2_ws/install/as2_swarm_person_interfaces/share/as2_swarm_person_interfaces/local_setup.dsv
[8.047s] -- Symlinking: /root/aerostack2_ws/install/as2_swarm_person_interfaces/share/as2_swarm_person_interfaces/package.dsv
[8.206s] -- Up-to-date symlink: /root/aerostack2_ws/install/as2_swarm_person_interfaces/share/ament_index/resource_index/packages/as2_swarm_person_interfaces
[8.206s] -- Up-to-date symlink: /root/aerostack2_ws/install/as2_swarm_person_interfaces/share/as2_swarm_person_interfaces/cmake/rosidl_cmake-extras.cmake
[8.235s] -- Up-to-date symlink: /root/aerostack2_ws/install/as2_swarm_person_interfaces/share/as2_swarm_person_interfaces/cmake/ament_cmake_export_dependencies-extras.cmake
[8.243s] -- Up-to-date symlink: /root/aerostack2_ws/install/as2_swarm_person_interfaces/share/as2_swarm_person_interfaces/cmake/ament_cmake_export_include_directories-extras.cmake
[8.260s] -- Up-to-date symlink: /root/aerostack2_ws/install/as2_swarm_person_interfaces/share/as2_swarm_person_interfaces/cmake/ament_cmake_export_libraries-extras.cmake
[8.260s] -- Up-to-date symlink: /root/aerostack2_ws/install/as2_swarm_person_interfaces/share/as2_swarm_person_interfaces/cmake/ament_cmake_export_targets-extras.cmake
[8.260s] -- Up-to-date symlink: /root/aerostack2_ws/install/as2_swarm_person_interfaces/share/as2_swarm_person_interfaces/cmake/rosidl_cmake_export_typesupport_targets-extras.cmake
[8.260s] -- Up-to-date symlink: /root/aerostack2_ws/install/as2_swarm_person_interfaces/share/as2_swarm_person_interfaces/cmake/rosidl_cmake_export_typesupport_libraries-extras.cmake
[8.262s] -- Up-to-date symlink: /root/aerostack2_ws/install/as2_swarm_person_interfaces/share/as2_swarm_person_interfaces/cmake/as2_swarm_person_interfacesConfig.cmake
[8.262s] -- Up-to-date symlink: /root/aerostack2_ws/install/as2_swarm_person_interfaces/share/as2_swarm_person_interfaces/cmake/as2_swarm_person_interfacesConfig-version.cmake
[8.262s] -- Up-to-date symlink: /root/aerostack2_ws/install/as2_swarm_person_interfaces/share/as2_swarm_person_interfaces/package.xml
[8.262s] -- Up-to-date: /root/aerostack2_ws/install/as2_swarm_person_interfaces/lib/libas2_swarm_person_interfaces__rosidl_generator_c.so
[8.262s] -- Up-to-date: /root/aerostack2_ws/install/as2_swarm_person_interfaces/lib/libas2_swarm_person_interfaces__rosidl_typesupport_fastrtps_c.so
[8.262s] -- Up-to-date: /root/aerostack2_ws/install/as2_swarm_person_interfaces/lib/libas2_swarm_person_interfaces__rosidl_typesupport_introspection_c.so
[8.262s] -- Up-to-date: /root/aerostack2_ws/install/as2_swarm_person_interfaces/lib/libas2_swarm_person_interfaces__rosidl_typesupport_c.so
[8.262s] -- Up-to-date: /root/aerostack2_ws/install/as2_swarm_person_interfaces/lib/libas2_swarm_person_interfaces__rosidl_typesupport_fastrtps_cpp.so
[8.263s] -- Up-to-date: /root/aerostack2_ws/install/as2_swarm_person_interfaces/lib/libas2_swarm_person_interfaces__rosidl_typesupport_introspection_cpp.so
[8.263s] -- Up-to-date: /root/aerostack2_ws/install/as2_swarm_person_interfaces/lib/libas2_swarm_person_interfaces__rosidl_typesupport_cpp.so
[8.935s] Listing '/root/aerostack2_ws/install/as2_swarm_person_interfaces/local/lib/python3.10/dist-packages/as2_swarm_person_interfaces'...
[8.935s] Listing '/root/aerostack2_ws/install/as2_swarm_person_interfaces/local/lib/python3.10/dist-packages/as2_swarm_person_interfaces/msg'...
[9.057s] -- Up-to-date: /root/aerostack2_ws/install/as2_swarm_person_interfaces/lib/libas2_swarm_person_interfaces__rosidl_generator_py.so
[9.059s] -- Up-to-date: /root/aerostack2_ws/install/as2_swarm_person_interfaces/share/as2_swarm_person_interfaces/cmake/export_as2_swarm_person_interfaces__rosidl_generator_cExport.cmake
[9.059s] -- Up-to-date: /root/aerostack2_ws/install/as2_swarm_person_interfaces/share/as2_swarm_person_interfaces/cmake/export_as2_swarm_person_interfaces__rosidl_generator_cExport-noconfig.cmake
[9.061s] -- Up-to-date: /root/aerostack2_ws/install/as2_swarm_person_interfaces/share/as2_swarm_person_interfaces/cmake/export_as2_swarm_person_interfaces__rosidl_typesupport_fastrtps_cExport.cmake
[9.061s] -- Up-to-date: /root/aerostack2_ws/install/as2_swarm_person_interfaces/share/as2_swarm_person_interfaces/cmake/export_as2_swarm_person_interfaces__rosidl_typesupport_fastrtps_cExport-noconfig.cmake
[9.061s] -- Up-to-date: /root/aerostack2_ws/install/as2_swarm_person_interfaces/share/as2_swarm_person_interfaces/cmake/as2_swarm_person_interfaces__rosidl_typesupport_introspection_cExport.cmake
[9.061s] -- Up-to-date: /root/aerostack2_ws/install/as2_swarm_person_interfaces/share/as2_swarm_person_interfaces/cmake/as2_swarm_person_interfaces__rosidl_typesupport_introspection_cExport-noconfig.cmake
[9.089s] -- Up-to-date: /root/aerostack2_ws/install/as2_swarm_person_interfaces/share/as2_swarm_person_interfaces/cmake/as2_swarm_person_interfaces__rosidl_typesupport_cExport.cmake
[9.089s] -- Up-to-date: /root/aerostack2_ws/install/as2_swarm_person_interfaces/share/as2_swarm_person_interfaces/cmake/as2_swarm_person_interfaces__rosidl_typesupport_cExport-noconfig.cmake
[9.089s] -- Up-to-date: /root/aerostack2_ws/install/as2_swarm_person_interfaces/share/as2_swarm_person_interfaces/cmake/export_as2_swarm_person_interfaces__rosidl_generator_cppExport.cmake
[9.089s] -- Up-to-date: /root/aerostack2_ws/install/as2_swarm_person_interfaces/share/as2_swarm_person_interfaces/cmake/export_as2_swarm_person_interfaces__rosidl_typesupport_fastrtps_cppExport.cmake
[9.090s] -- Up-to-date: /root/aerostack2_ws/install/as2_swarm_person_interfaces/share/as2_swarm_person_interfaces/cmake/export_as2_swarm_person_interfaces__rosidl_typesupport_fastrtps_cppExport-noconfig.cmake
[9.090s] -- Up-to-date: /root/aerostack2_ws/install/as2_swarm_person_interfaces/share/as2_swarm_person_interfaces/cmake/as2_swarm_person_interfaces__rosidl_typesupport_introspection_cppExport.cmake
[9.090s] -- Up-to-date: /root/aerostack2_ws/install/as2_swarm_person_interfaces/share/as2_swarm_person_interfaces/cmake/as2_swarm_person_interfaces__rosidl_typesupport_introspection_cppExport-noconfig.cmake
[9.090s] -- Up-to-date: /root/aerostack2_ws/install/as2_swarm_person_interfaces/share/as2_swarm_person_interfaces/cmake/as2_swarm_person_interfaces__rosidl_typesupport_cppExport.cmake
[9.091s] -- Up-to-date: /root/aerostack2_ws/install/as2_swarm_person_interfaces/share/as2_swarm_person_interfaces/cmake/as2_swarm_person_interfaces__rosidl_typesupport_cppExport-noconfig.cmake
[9.091s] -- Up-to-date: /root/aerostack2_ws/install/as2_swarm_person_interfaces/share/as2_swarm_person_interfaces/cmake/export_as2_swarm_person_interfaces__rosidl_generator_pyExport.cmake
[9.091s] -- Up-to-date: /root/aerostack2_ws/install/as2_swarm_person_interfaces/share/as2_swarm_person_interfaces/cmake/export_as2_swarm_person_interfaces__rosidl_generator_pyExport-noconfig.cmake
[9.961s] Invoked command in '/root/aerostack2_ws/build/as2_swarm_person_interfaces' returned '0': CMAKE_PREFIX_PATH=${CMAKE_PREFIX_PATH}:/root/aerostack2_ws/install/rmf_demos_tasks:/root/aerostack2_ws/install/rmf_demos_panel:/root/aerostack2_ws/install/rmf_demos_fleet_adapter:/root/aerostack2_ws/install/rmf_demos_dashboard_resources:/root/aerostack2_ws/install/rmf_demos_bridges:/root/aerostack2_ws/install/rmf_demos_assets:/root/aerostack2_ws/install/as2_visualization:/root/aerostack2_ws/install/as2_swarm_perception:/root/aerostack2_ws/install/as2_swarm_fusion_ci:/root/aerostack2_ws/install/as2_swarm_ekf:/root/aerostack2_ws/install/as2_keyboard_teleoperation:/root/aerostack2_ws/install/as2_python_api:/root/aerostack2_ws/install/as2_project_bringup:/root/aerostack2_ws/install/as2_perception:/root/aerostack2_ws/install/as2_groundray_perception:/opt/ros/humble /usr/bin/cmake --install /root/aerostack2_ws/build/as2_swarm_person_interfaces
