[0.523s] Invoking command in '/root/aerostack2_ws/src/aerostack2/as2_user_interfaces/as2_keyboard_teleoperation': AMENT_PREFIX_PATH=/root/aerostack2_ws/install/as2_python_api:/root/aerostack2_ws/install/as2_motion_reference_handlers:/root/aerostack2_ws/install/as2_core:/root/aerostack2_ws/install/as2_msgs:${AMENT_PREFIX_PATH} AS2_MODULES_PATH=/root/aerostack2_ws/install/as2_python_api/share/as2_python_api/modules CMAKE_PREFIX_PATH=/root/aerostack2_ws/install/as2_motion_reference_handlers:/root/aerostack2_ws/install/as2_core:/root/aerostack2_ws/install/as2_msgs LD_LIBRARY_PATH=/root/aerostack2_ws/install/as2_python_api/lib:/root/aerostack2_ws/install/as2_motion_reference_handlers/lib:/root/aerostack2_ws/install/as2_core/lib:/root/aerostack2_ws/install/as2_msgs/lib:${LD_LIBRARY_PATH} PYTHONPATH=/root/aerostack2_ws/build/as2_keyboard_teleoperation/prefix_override:/usr/lib/python3/dist-packages/colcon_core/task/python/colcon_distutils_commands:/root/aerostack2_ws/install/as2_keyboard_teleoperation/lib/python3.10/site-packages:/root/aerostack2_ws/install/as2_python_api/lib/python3.10/site-packages:/root/aerostack2_ws/install/as2_motion_reference_handlers/local/lib/python3.10/dist-packages:/root/aerostack2_ws/install/as2_core/local/lib/python3.10/dist-packages:/root/aerostack2_ws/install/as2_msgs/local/lib/python3.10/dist-packages:${PYTHONPATH} /usr/bin/python3 -W ignore:setup.py install is deprecated -W ignore:easy_install command is deprecated setup.py egg_info --egg-base ../../../../build/as2_keyboard_teleoperation build --build-base /root/aerostack2_ws/build/as2_keyboard_teleoperation/build install --record /root/aerostack2_ws/build/as2_keyboard_teleoperation/install.log --single-version-externally-managed install_data
[0.704s] running egg_info
[0.705s] creating ../../../../build/as2_keyboard_teleoperation/as2_keyboard_teleoperation.egg-info
[0.705s] writing ../../../../build/as2_keyboard_teleoperation/as2_keyboard_teleoperation.egg-info/PKG-INFO
[0.705s] writing dependency_links to ../../../../build/as2_keyboard_teleoperation/as2_keyboard_teleoperation.egg-info/dependency_links.txt
[0.705s] writing requirements to ../../../../build/as2_keyboard_teleoperation/as2_keyboard_teleoperation.egg-info/requires.txt
[0.705s] writing top-level names to ../../../../build/as2_keyboard_teleoperation/as2_keyboard_teleoperation.egg-info/top_level.txt
[0.705s] writing manifest file '../../../../build/as2_keyboard_teleoperation/as2_keyboard_teleoperation.egg-info/SOURCES.txt'
[0.706s] reading manifest file '../../../../build/as2_keyboard_teleoperation/as2_keyboard_teleoperation.egg-info/SOURCES.txt'
[0.707s] writing manifest file '../../../../build/as2_keyboard_teleoperation/as2_keyboard_teleoperation.egg-info/SOURCES.txt'
[0.707s] running build
[0.707s] running build_py
[0.707s] creating /root/aerostack2_ws/build/as2_keyboard_teleoperation/build
[0.707s] creating /root/aerostack2_ws/build/as2_keyboard_teleoperation/build/lib
[0.707s] creating /root/aerostack2_ws/build/as2_keyboard_teleoperation/build/lib/as2_keyboard_teleoperation
[0.707s] copying as2_keyboard_teleoperation/drone_manager.py -> /root/aerostack2_ws/build/as2_keyboard_teleoperation/build/lib/as2_keyboard_teleoperation
[0.710s] copying as2_keyboard_teleoperation/main_window.py -> /root/aerostack2_ws/build/as2_keyboard_teleoperation/build/lib/as2_keyboard_teleoperation
[0.711s] copying as2_keyboard_teleoperation/config_values.py -> /root/aerostack2_ws/build/as2_keyboard_teleoperation/build/lib/as2_keyboard_teleoperation
[0.711s] copying as2_keyboard_teleoperation/settings_window.py -> /root/aerostack2_ws/build/as2_keyboard_teleoperation/build/lib/as2_keyboard_teleoperation
[0.711s] copying as2_keyboard_teleoperation/__init__.py -> /root/aerostack2_ws/build/as2_keyboard_teleoperation/build/lib/as2_keyboard_teleoperation
[0.712s] copying as2_keyboard_teleoperation/keyboard_teleoperation.py -> /root/aerostack2_ws/build/as2_keyboard_teleoperation/build/lib/as2_keyboard_teleoperation
[0.712s] copying as2_keyboard_teleoperation/localization_window.py -> /root/aerostack2_ws/build/as2_keyboard_teleoperation/build/lib/as2_keyboard_teleoperation
[0.712s] running install
[0.712s] running install_lib
[0.713s] creating /root/aerostack2_ws/install/as2_keyboard_teleoperation/lib/python3.10/site-packages/as2_keyboard_teleoperation
[0.713s] copying /root/aerostack2_ws/build/as2_keyboard_teleoperation/build/lib/as2_keyboard_teleoperation/drone_manager.py -> /root/aerostack2_ws/install/as2_keyboard_teleoperation/lib/python3.10/site-packages/as2_keyboard_teleoperation
[0.713s] copying /root/aerostack2_ws/build/as2_keyboard_teleoperation/build/lib/as2_keyboard_teleoperation/main_window.py -> /root/aerostack2_ws/install/as2_keyboard_teleoperation/lib/python3.10/site-packages/as2_keyboard_teleoperation
[0.713s] copying /root/aerostack2_ws/build/as2_keyboard_teleoperation/build/lib/as2_keyboard_teleoperation/config_values.py -> /root/aerostack2_ws/install/as2_keyboard_teleoperation/lib/python3.10/site-packages/as2_keyboard_teleoperation
[0.713s] copying /root/aerostack2_ws/build/as2_keyboard_teleoperation/build/lib/as2_keyboard_teleoperation/settings_window.py -> /root/aerostack2_ws/install/as2_keyboard_teleoperation/lib/python3.10/site-packages/as2_keyboard_teleoperation
[0.713s] copying /root/aerostack2_ws/build/as2_keyboard_teleoperation/build/lib/as2_keyboard_teleoperation/__init__.py -> /root/aerostack2_ws/install/as2_keyboard_teleoperation/lib/python3.10/site-packages/as2_keyboard_teleoperation
[0.713s] copying /root/aerostack2_ws/build/as2_keyboard_teleoperation/build/lib/as2_keyboard_teleoperation/keyboard_teleoperation.py -> /root/aerostack2_ws/install/as2_keyboard_teleoperation/lib/python3.10/site-packages/as2_keyboard_teleoperation
[0.713s] copying /root/aerostack2_ws/build/as2_keyboard_teleoperation/build/lib/as2_keyboard_teleoperation/localization_window.py -> /root/aerostack2_ws/install/as2_keyboard_teleoperation/lib/python3.10/site-packages/as2_keyboard_teleoperation
[0.714s] byte-compiling /root/aerostack2_ws/install/as2_keyboard_teleoperation/lib/python3.10/site-packages/as2_keyboard_teleoperation/drone_manager.py to drone_manager.cpython-310.pyc
[0.716s] byte-compiling /root/aerostack2_ws/install/as2_keyboard_teleoperation/lib/python3.10/site-packages/as2_keyboard_teleoperation/main_window.py to main_window.cpython-310.pyc
[0.718s] byte-compiling /root/aerostack2_ws/install/as2_keyboard_teleoperation/lib/python3.10/site-packages/as2_keyboard_teleoperation/config_values.py to config_values.cpython-310.pyc
[0.719s] byte-compiling /root/aerostack2_ws/install/as2_keyboard_teleoperation/lib/python3.10/site-packages/as2_keyboard_teleoperation/settings_window.py to settings_window.cpython-310.pyc
[0.719s] byte-compiling /root/aerostack2_ws/install/as2_keyboard_teleoperation/lib/python3.10/site-packages/as2_keyboard_teleoperation/__init__.py to __init__.cpython-310.pyc
[0.720s] byte-compiling /root/aerostack2_ws/install/as2_keyboard_teleoperation/lib/python3.10/site-packages/as2_keyboard_teleoperation/keyboard_teleoperation.py to keyboard_teleoperation.cpython-310.pyc
[0.721s] byte-compiling /root/aerostack2_ws/install/as2_keyboard_teleoperation/lib/python3.10/site-packages/as2_keyboard_teleoperation/localization_window.py to localization_window.cpython-310.pyc
[0.721s] running install_data
[0.721s] creating /root/aerostack2_ws/install/as2_keyboard_teleoperation/share/ament_index
[0.721s] creating /root/aerostack2_ws/install/as2_keyboard_teleoperation/share/ament_index/resource_index
[0.721s] creating /root/aerostack2_ws/install/as2_keyboard_teleoperation/share/ament_index/resource_index/packages
[0.721s] copying resource/as2_keyboard_teleoperation -> /root/aerostack2_ws/install/as2_keyboard_teleoperation/share/ament_index/resource_index/packages
[0.722s] copying package.xml -> /root/aerostack2_ws/install/as2_keyboard_teleoperation/share/as2_keyboard_teleoperation
[0.722s] creating /root/aerostack2_ws/install/as2_keyboard_teleoperation/share/as2_keyboard_teleoperation/launch
[0.722s] copying launch/as2_keyboard_teleoperation_launch.py -> /root/aerostack2_ws/install/as2_keyboard_teleoperation/share/as2_keyboard_teleoperation/launch
[0.722s] copying as2_keyboard_teleoperation/keyboard_teleoperation.py -> /root/aerostack2_ws/install/as2_keyboard_teleoperation/share/as2_keyboard_teleoperation
[0.722s] copying as2_keyboard_teleoperation/drone_manager.py -> /root/aerostack2_ws/install/as2_keyboard_teleoperation/share/as2_keyboard_teleoperation
[0.722s] copying as2_keyboard_teleoperation/main_window.py -> /root/aerostack2_ws/install/as2_keyboard_teleoperation/share/as2_keyboard_teleoperation
[0.722s] copying as2_keyboard_teleoperation/settings_window.py -> /root/aerostack2_ws/install/as2_keyboard_teleoperation/share/as2_keyboard_teleoperation
[0.722s] copying as2_keyboard_teleoperation/localization_window.py -> /root/aerostack2_ws/install/as2_keyboard_teleoperation/share/as2_keyboard_teleoperation
[0.722s] copying as2_keyboard_teleoperation/config_values.py -> /root/aerostack2_ws/install/as2_keyboard_teleoperation/share/as2_keyboard_teleoperation
[0.722s] creating /root/aerostack2_ws/install/as2_keyboard_teleoperation/share/as2_keyboard_teleoperation/config
[0.722s] copying config/teleop_values_config.yaml -> /root/aerostack2_ws/install/as2_keyboard_teleoperation/share/as2_keyboard_teleoperation/config
[0.722s] running install_egg_info
[0.724s] Copying ../../../../build/as2_keyboard_teleoperation/as2_keyboard_teleoperation.egg-info to /root/aerostack2_ws/install/as2_keyboard_teleoperation/lib/python3.10/site-packages/as2_keyboard_teleoperation-1.1.3-py3.10.egg-info
[0.724s] running install_scripts
[0.739s] writing list of installed files to '/root/aerostack2_ws/build/as2_keyboard_teleoperation/install.log'
[0.755s] Invoked command in '/root/aerostack2_ws/src/aerostack2/as2_user_interfaces/as2_keyboard_teleoperation' returned '0': AMENT_PREFIX_PATH=/root/aerostack2_ws/install/as2_python_api:/root/aerostack2_ws/install/as2_motion_reference_handlers:/root/aerostack2_ws/install/as2_core:/root/aerostack2_ws/install/as2_msgs:${AMENT_PREFIX_PATH} AS2_MODULES_PATH=/root/aerostack2_ws/install/as2_python_api/share/as2_python_api/modules CMAKE_PREFIX_PATH=/root/aerostack2_ws/install/as2_motion_reference_handlers:/root/aerostack2_ws/install/as2_core:/root/aerostack2_ws/install/as2_msgs LD_LIBRARY_PATH=/root/aerostack2_ws/install/as2_python_api/lib:/root/aerostack2_ws/install/as2_motion_reference_handlers/lib:/root/aerostack2_ws/install/as2_core/lib:/root/aerostack2_ws/install/as2_msgs/lib:${LD_LIBRARY_PATH} PYTHONPATH=/root/aerostack2_ws/build/as2_keyboard_teleoperation/prefix_override:/usr/lib/python3/dist-packages/colcon_core/task/python/colcon_distutils_commands:/root/aerostack2_ws/install/as2_keyboard_teleoperation/lib/python3.10/site-packages:/root/aerostack2_ws/install/as2_python_api/lib/python3.10/site-packages:/root/aerostack2_ws/install/as2_motion_reference_handlers/local/lib/python3.10/dist-packages:/root/aerostack2_ws/install/as2_core/local/lib/python3.10/dist-packages:/root/aerostack2_ws/install/as2_msgs/local/lib/python3.10/dist-packages:${PYTHONPATH} /usr/bin/python3 -W ignore:setup.py install is deprecated -W ignore:easy_install command is deprecated setup.py egg_info --egg-base ../../../../build/as2_keyboard_teleoperation build --build-base /root/aerostack2_ws/build/as2_keyboard_teleoperation/build install --record /root/aerostack2_ws/build/as2_keyboard_teleoperation/install.log --single-version-externally-managed install_data
