[4.055s] Invoking command in '/root/aerostack2_ws/src/aerostack2/as2_swarm_ci_fusion_people': AMENT_PREFIX_PATH=/root/aerostack2_ws/install/as2_swarm_person_interfaces:${AMENT_PREFIX_PATH} CMAKE_PREFIX_PATH=/root/aerostack2_ws/install/as2_swarm_person_interfaces:${CMAKE_PREFIX_PATH} LD_LIBRARY_PATH=/root/aerostack2_ws/install/as2_swarm_person_interfaces/lib:${LD_LIBRARY_PATH} PYTHONPATH=/root/aerostack2_ws/build/as2_swarm_ci_fusion_people/prefix_override:/usr/lib/python3/dist-packages/colcon_core/task/python/colcon_distutils_commands:/root/aerostack2_ws/install/as2_swarm_ci_fusion_people/lib/python3.10/site-packages:/root/aerostack2_ws/install/as2_swarm_person_interfaces/local/lib/python3.10/dist-packages:${PYTHONPATH} /usr/bin/python3 -W ignore:setup.py install is deprecated -W ignore:easy_install command is deprecated setup.py egg_info --egg-base ../../../build/as2_swarm_ci_fusion_people build --build-base /root/aerostack2_ws/build/as2_swarm_ci_fusion_people/build install --record /root/aerostack2_ws/build/as2_swarm_ci_fusion_people/install.log --single-version-externally-managed install_data
[4.555s] running egg_info
[4.555s] writing ../../../build/as2_swarm_ci_fusion_people/as2_swarm_ci_fusion_people.egg-info/PKG-INFO
[4.555s] writing dependency_links to ../../../build/as2_swarm_ci_fusion_people/as2_swarm_ci_fusion_people.egg-info/dependency_links.txt
[4.555s] writing entry points to ../../../build/as2_swarm_ci_fusion_people/as2_swarm_ci_fusion_people.egg-info/entry_points.txt
[4.555s] writing requirements to ../../../build/as2_swarm_ci_fusion_people/as2_swarm_ci_fusion_people.egg-info/requires.txt
[4.556s] writing top-level names to ../../../build/as2_swarm_ci_fusion_people/as2_swarm_ci_fusion_people.egg-info/top_level.txt
[4.571s] reading manifest file '../../../build/as2_swarm_ci_fusion_people/as2_swarm_ci_fusion_people.egg-info/SOURCES.txt'
[4.574s] writing manifest file '../../../build/as2_swarm_ci_fusion_people/as2_swarm_ci_fusion_people.egg-info/SOURCES.txt'
[4.574s] running build
[4.574s] running build_py
[4.574s] copying as2_swarm_ci_fusion_people/swarm_ci_fusion_people_node.py -> /root/aerostack2_ws/build/as2_swarm_ci_fusion_people/build/lib/as2_swarm_ci_fusion_people
[4.574s] running install
[4.574s] running install_lib
[4.575s] copying /root/aerostack2_ws/build/as2_swarm_ci_fusion_people/build/lib/as2_swarm_ci_fusion_people/swarm_ci_fusion_people_node.py -> /root/aerostack2_ws/install/as2_swarm_ci_fusion_people/lib/python3.10/site-packages/as2_swarm_ci_fusion_people
[4.575s] byte-compiling /root/aerostack2_ws/install/as2_swarm_ci_fusion_people/lib/python3.10/site-packages/as2_swarm_ci_fusion_people/swarm_ci_fusion_people_node.py to swarm_ci_fusion_people_node.cpython-310.pyc
[4.575s] running install_data
[4.575s] running install_egg_info
[4.575s] removing '/root/aerostack2_ws/install/as2_swarm_ci_fusion_people/lib/python3.10/site-packages/as2_swarm_ci_fusion_people-0.0.0-py3.10.egg-info' (and everything under it)
[4.641s] Copying ../../../build/as2_swarm_ci_fusion_people/as2_swarm_ci_fusion_people.egg-info to /root/aerostack2_ws/install/as2_swarm_ci_fusion_people/lib/python3.10/site-packages/as2_swarm_ci_fusion_people-0.0.0-py3.10.egg-info
[4.641s] running install_scripts
[4.641s] Installing swarm_ci_fusion_people_node script to /root/aerostack2_ws/install/as2_swarm_ci_fusion_people/lib/as2_swarm_ci_fusion_people
[4.641s] writing list of installed files to '/root/aerostack2_ws/build/as2_swarm_ci_fusion_people/install.log'
[4.683s] Invoked command in '/root/aerostack2_ws/src/aerostack2/as2_swarm_ci_fusion_people' returned '0': AMENT_PREFIX_PATH=/root/aerostack2_ws/install/as2_swarm_person_interfaces:${AMENT_PREFIX_PATH} CMAKE_PREFIX_PATH=/root/aerostack2_ws/install/as2_swarm_person_interfaces:${CMAKE_PREFIX_PATH} LD_LIBRARY_PATH=/root/aerostack2_ws/install/as2_swarm_person_interfaces/lib:${LD_LIBRARY_PATH} PYTHONPATH=/root/aerostack2_ws/build/as2_swarm_ci_fusion_people/prefix_override:/usr/lib/python3/dist-packages/colcon_core/task/python/colcon_distutils_commands:/root/aerostack2_ws/install/as2_swarm_ci_fusion_people/lib/python3.10/site-packages:/root/aerostack2_ws/install/as2_swarm_person_interfaces/local/lib/python3.10/dist-packages:${PYTHONPATH} /usr/bin/python3 -W ignore:setup.py install is deprecated -W ignore:easy_install command is deprecated setup.py egg_info --egg-base ../../../build/as2_swarm_ci_fusion_people build --build-base /root/aerostack2_ws/build/as2_swarm_ci_fusion_people/build install --record /root/aerostack2_ws/build/as2_swarm_ci_fusion_people/install.log --single-version-externally-managed install_data
