[0.512s] Invoking command in '/root/aerostack2_ws/src/aerostack2/as2_swarm_fusion_ci': PYTHONPATH=/root/aerostack2_ws/build/as2_swarm_fusion_ci/prefix_override:/usr/lib/python3/dist-packages/colcon_core/task/python/colcon_distutils_commands:/root/aerostack2_ws/install/as2_swarm_fusion_ci/lib/python3.10/site-packages:${PYTHONPATH} /usr/bin/python3 -W ignore:setup.py install is deprecated -W ignore:easy_install command is deprecated setup.py egg_info --egg-base ../../../build/as2_swarm_fusion_ci build --build-base /root/aerostack2_ws/build/as2_swarm_fusion_ci/build install --record /root/aerostack2_ws/build/as2_swarm_fusion_ci/install.log --single-version-externally-managed install_data
[0.676s] running egg_info
[0.677s] creating ../../../build/as2_swarm_fusion_ci/as2_swarm_fusion_ci.egg-info
[0.677s] writing ../../../build/as2_swarm_fusion_ci/as2_swarm_fusion_ci.egg-info/PKG-INFO
[0.677s] writing dependency_links to ../../../build/as2_swarm_fusion_ci/as2_swarm_fusion_ci.egg-info/dependency_links.txt
[0.677s] writing entry points to ../../../build/as2_swarm_fusion_ci/as2_swarm_fusion_ci.egg-info/entry_points.txt
[0.677s] writing requirements to ../../../build/as2_swarm_fusion_ci/as2_swarm_fusion_ci.egg-info/requires.txt
[0.677s] writing top-level names to ../../../build/as2_swarm_fusion_ci/as2_swarm_fusion_ci.egg-info/top_level.txt
[0.677s] writing manifest file '../../../build/as2_swarm_fusion_ci/as2_swarm_fusion_ci.egg-info/SOURCES.txt'
[0.678s] reading manifest file '../../../build/as2_swarm_fusion_ci/as2_swarm_fusion_ci.egg-info/SOURCES.txt'
[0.679s] writing manifest file '../../../build/as2_swarm_fusion_ci/as2_swarm_fusion_ci.egg-info/SOURCES.txt'
[0.679s] running build
[0.679s] running build_py
[0.679s] creating /root/aerostack2_ws/build/as2_swarm_fusion_ci/build
[0.679s] creating /root/aerostack2_ws/build/as2_swarm_fusion_ci/build/lib
[0.679s] creating /root/aerostack2_ws/build/as2_swarm_fusion_ci/build/lib/as2_swarm_fusion_ci
[0.679s] copying as2_swarm_fusion_ci/__init__.py -> /root/aerostack2_ws/build/as2_swarm_fusion_ci/build/lib/as2_swarm_fusion_ci
[0.679s] copying as2_swarm_fusion_ci/swarm_ci_fusion_node.py -> /root/aerostack2_ws/build/as2_swarm_fusion_ci/build/lib/as2_swarm_fusion_ci
[0.679s] running install
[0.679s] running install_lib
[0.680s] creating /root/aerostack2_ws/install/as2_swarm_fusion_ci/lib/python3.10/site-packages/as2_swarm_fusion_ci
[0.680s] copying /root/aerostack2_ws/build/as2_swarm_fusion_ci/build/lib/as2_swarm_fusion_ci/__init__.py -> /root/aerostack2_ws/install/as2_swarm_fusion_ci/lib/python3.10/site-packages/as2_swarm_fusion_ci
[0.680s] copying /root/aerostack2_ws/build/as2_swarm_fusion_ci/build/lib/as2_swarm_fusion_ci/swarm_ci_fusion_node.py -> /root/aerostack2_ws/install/as2_swarm_fusion_ci/lib/python3.10/site-packages/as2_swarm_fusion_ci
[0.681s] byte-compiling /root/aerostack2_ws/install/as2_swarm_fusion_ci/lib/python3.10/site-packages/as2_swarm_fusion_ci/__init__.py to __init__.cpython-310.pyc
[0.681s] byte-compiling /root/aerostack2_ws/install/as2_swarm_fusion_ci/lib/python3.10/site-packages/as2_swarm_fusion_ci/swarm_ci_fusion_node.py to swarm_ci_fusion_node.cpython-310.pyc
[0.682s] running install_data
[0.682s] creating /root/aerostack2_ws/install/as2_swarm_fusion_ci/share/ament_index
[0.682s] creating /root/aerostack2_ws/install/as2_swarm_fusion_ci/share/ament_index/resource_index
[0.682s] creating /root/aerostack2_ws/install/as2_swarm_fusion_ci/share/ament_index/resource_index/packages
[0.682s] copying resource/as2_swarm_fusion_ci -> /root/aerostack2_ws/install/as2_swarm_fusion_ci/share/ament_index/resource_index/packages
[0.682s] copying package.xml -> /root/aerostack2_ws/install/as2_swarm_fusion_ci/share/as2_swarm_fusion_ci
[0.682s] creating /root/aerostack2_ws/install/as2_swarm_fusion_ci/share/as2_swarm_fusion_ci/launch
[0.682s] copying launch/swarm_ci_fusion.launch.py -> /root/aerostack2_ws/install/as2_swarm_fusion_ci/share/as2_swarm_fusion_ci/launch
[0.682s] running install_egg_info
[0.683s] Copying ../../../build/as2_swarm_fusion_ci/as2_swarm_fusion_ci.egg-info to /root/aerostack2_ws/install/as2_swarm_fusion_ci/lib/python3.10/site-packages/as2_swarm_fusion_ci-0.0.1-py3.10.egg-info
[0.684s] running install_scripts
[0.697s] Installing swarm_ci_fusion_node script to /root/aerostack2_ws/install/as2_swarm_fusion_ci/lib/as2_swarm_fusion_ci
[0.697s] writing list of installed files to '/root/aerostack2_ws/build/as2_swarm_fusion_ci/install.log'
[0.713s] Invoked command in '/root/aerostack2_ws/src/aerostack2/as2_swarm_fusion_ci' returned '0': PYTHONPATH=/root/aerostack2_ws/build/as2_swarm_fusion_ci/prefix_override:/usr/lib/python3/dist-packages/colcon_core/task/python/colcon_distutils_commands:/root/aerostack2_ws/install/as2_swarm_fusion_ci/lib/python3.10/site-packages:${PYTHONPATH} /usr/bin/python3 -W ignore:setup.py install is deprecated -W ignore:easy_install command is deprecated setup.py egg_info --egg-base ../../../build/as2_swarm_fusion_ci build --build-base /root/aerostack2_ws/build/as2_swarm_fusion_ci/build install --record /root/aerostack2_ws/build/as2_swarm_fusion_ci/install.log --single-version-externally-managed install_data
