[2.659s] Invoking command in '/root/aerostack2_ws/src/aerostack2/as2_swarm_ekf': PYTHONPATH=/root/aerostack2_ws/build/as2_swarm_ekf/prefix_override:/usr/lib/python3/dist-packages/colcon_core/task/python/colcon_distutils_commands:/root/aerostack2_ws/install/as2_swarm_ekf/lib/python3.10/site-packages:${PYTHONPATH} /usr/bin/python3 -W ignore:setup.py install is deprecated -W ignore:easy_install command is deprecated setup.py egg_info --egg-base ../../../build/as2_swarm_ekf build --build-base /root/aerostack2_ws/build/as2_swarm_ekf/build install --record /root/aerostack2_ws/build/as2_swarm_ekf/install.log --single-version-externally-managed install_data
[3.215s] running egg_info
[3.215s] writing ../../../build/as2_swarm_ekf/as2_swarm_ekf.egg-info/PKG-INFO
[3.215s] writing dependency_links to ../../../build/as2_swarm_ekf/as2_swarm_ekf.egg-info/dependency_links.txt
[3.215s] writing entry points to ../../../build/as2_swarm_ekf/as2_swarm_ekf.egg-info/entry_points.txt
[3.215s] writing requirements to ../../../build/as2_swarm_ekf/as2_swarm_ekf.egg-info/requires.txt
[3.215s] writing top-level names to ../../../build/as2_swarm_ekf/as2_swarm_ekf.egg-info/top_level.txt
[3.216s] reading manifest file '../../../build/as2_swarm_ekf/as2_swarm_ekf.egg-info/SOURCES.txt'
[3.221s] writing manifest file '../../../build/as2_swarm_ekf/as2_swarm_ekf.egg-info/SOURCES.txt'
[3.222s] running build
[3.222s] running build_py
[3.222s] running install
[3.222s] running install_lib
[3.223s] running install_data
[3.228s] running install_egg_info
[3.230s] removing '/root/aerostack2_ws/install/as2_swarm_ekf/lib/python3.10/site-packages/as2_swarm_ekf-0.0.1-py3.10.egg-info' (and everything under it)
[3.232s] Copying ../../../build/as2_swarm_ekf/as2_swarm_ekf.egg-info to /root/aerostack2_ws/install/as2_swarm_ekf/lib/python3.10/site-packages/as2_swarm_ekf-0.0.1-py3.10.egg-info
[3.234s] running install_scripts
[3.282s] Installing distributed_ekf_node script to /root/aerostack2_ws/install/as2_swarm_ekf/lib/as2_swarm_ekf
[3.282s] writing list of installed files to '/root/aerostack2_ws/build/as2_swarm_ekf/install.log'
[3.365s] Invoked command in '/root/aerostack2_ws/src/aerostack2/as2_swarm_ekf' returned '0': PYTHONPATH=/root/aerostack2_ws/build/as2_swarm_ekf/prefix_override:/usr/lib/python3/dist-packages/colcon_core/task/python/colcon_distutils_commands:/root/aerostack2_ws/install/as2_swarm_ekf/lib/python3.10/site-packages:${PYTHONPATH} /usr/bin/python3 -W ignore:setup.py install is deprecated -W ignore:easy_install command is deprecated setup.py egg_info --egg-base ../../../build/as2_swarm_ekf build --build-base /root/aerostack2_ws/build/as2_swarm_ekf/build install --record /root/aerostack2_ws/build/as2_swarm_ekf/install.log --single-version-externally-managed install_data
