[9.895s] Invoking command in '/root/aerostack2_ws/src/aerostack2/as2_groundray_perception': PYTHONPATH=/root/aerostack2_ws/build/as2_groundray_perception/prefix_override:/usr/lib/python3/dist-packages/colcon_core/task/python/colcon_distutils_commands:/root/aerostack2_ws/install/as2_groundray_perception/lib/python3.10/site-packages:${PYTHONPATH} /usr/bin/python3 -W ignore:setup.py install is deprecated -W ignore:easy_install command is deprecated setup.py egg_info --egg-base ../../../build/as2_groundray_perception build --build-base /root/aerostack2_ws/build/as2_groundray_perception/build install --record /root/aerostack2_ws/build/as2_groundray_perception/install.log --single-version-externally-managed install_data
[11.761s] running egg_info
[11.762s] writing ../../../build/as2_groundray_perception/as2_groundray_perception.egg-info/PKG-INFO
[11.763s] writing dependency_links to ../../../build/as2_groundray_perception/as2_groundray_perception.egg-info/dependency_links.txt
[11.763s] writing entry points to ../../../build/as2_groundray_perception/as2_groundray_perception.egg-info/entry_points.txt
[11.764s] writing requirements to ../../../build/as2_groundray_perception/as2_groundray_perception.egg-info/requires.txt
[11.765s] writing top-level names to ../../../build/as2_groundray_perception/as2_groundray_perception.egg-info/top_level.txt
[11.769s] reading manifest file '../../../build/as2_groundray_perception/as2_groundray_perception.egg-info/SOURCES.txt'
[11.769s] writing manifest file '../../../build/as2_groundray_perception/as2_groundray_perception.egg-info/SOURCES.txt'
[11.771s] running build
[11.771s] running build_py
[11.771s] copying as2_groundray_perception/ray_to_ground_node.py -> /root/aerostack2_ws/build/as2_groundray_perception/build/lib/as2_groundray_perception
[11.774s] running install
[11.775s] running install_lib
[11.777s] copying /root/aerostack2_ws/build/as2_groundray_perception/build/lib/as2_groundray_perception/ray_to_ground_node.py -> /root/aerostack2_ws/install/as2_groundray_perception/lib/python3.10/site-packages/as2_groundray_perception
[11.777s] byte-compiling /root/aerostack2_ws/install/as2_groundray_perception/lib/python3.10/site-packages/as2_groundray_perception/ray_to_ground_node.py to ray_to_ground_node.cpython-310.pyc
[11.783s] running install_data
[11.784s] running install_egg_info
[11.789s] removing '/root/aerostack2_ws/install/as2_groundray_perception/lib/python3.10/site-packages/as2_groundray_perception-0.0.0-py3.10.egg-info' (and everything under it)
[11.791s] Copying ../../../build/as2_groundray_perception/as2_groundray_perception.egg-info to /root/aerostack2_ws/install/as2_groundray_perception/lib/python3.10/site-packages/as2_groundray_perception-0.0.0-py3.10.egg-info
[11.797s] running install_scripts
[11.846s] Installing ray_to_ground_node script to /root/aerostack2_ws/install/as2_groundray_perception/lib/as2_groundray_perception
[11.848s] writing list of installed files to '/root/aerostack2_ws/build/as2_groundray_perception/install.log'
[11.955s] Invoked command in '/root/aerostack2_ws/src/aerostack2/as2_groundray_perception' returned '0': PYTHONPATH=/root/aerostack2_ws/build/as2_groundray_perception/prefix_override:/usr/lib/python3/dist-packages/colcon_core/task/python/colcon_distutils_commands:/root/aerostack2_ws/install/as2_groundray_perception/lib/python3.10/site-packages:${PYTHONPATH} /usr/bin/python3 -W ignore:setup.py install is deprecated -W ignore:easy_install command is deprecated setup.py egg_info --egg-base ../../../build/as2_groundray_perception build --build-base /root/aerostack2_ws/build/as2_groundray_perception/build install --record /root/aerostack2_ws/build/as2_groundray_perception/install.log --single-version-externally-managed install_data
