[8.574s] Invoking command in '/root/aerostack2_ws/src/aerostack2/as2_swarm_perception': PYTHONPATH=/root/aerostack2_ws/build/as2_swarm_perception/prefix_override:/usr/lib/python3/dist-packages/colcon_core/task/python/colcon_distutils_commands:/root/aerostack2_ws/install/as2_swarm_perception/lib/python3.10/site-packages:${PYTHONPATH} /usr/bin/python3 -W ignore:setup.py install is deprecated -W ignore:easy_install command is deprecated setup.py egg_info --egg-base ../../../build/as2_swarm_perception build --build-base /root/aerostack2_ws/build/as2_swarm_perception/build install --record /root/aerostack2_ws/build/as2_swarm_perception/install.log --single-version-externally-managed install_data
[10.006s] running egg_info
[10.006s] writing ../../../build/as2_swarm_perception/as2_swarm_perception.egg-info/PKG-INFO
[10.012s] writing dependency_links to ../../../build/as2_swarm_perception/as2_swarm_perception.egg-info/dependency_links.txt
[10.013s] writing entry points to ../../../build/as2_swarm_perception/as2_swarm_perception.egg-info/entry_points.txt
[10.014s] writing requirements to ../../../build/as2_swarm_perception/as2_swarm_perception.egg-info/requires.txt
[10.015s] writing top-level names to ../../../build/as2_swarm_perception/as2_swarm_perception.egg-info/top_level.txt
[10.033s] reading manifest file '../../../build/as2_swarm_perception/as2_swarm_perception.egg-info/SOURCES.txt'
[10.046s] writing manifest file '../../../build/as2_swarm_perception/as2_swarm_perception.egg-info/SOURCES.txt'
[10.046s] running build
[10.047s] running build_py
[10.058s] running install
[10.058s] running install_lib
[10.104s] running install_data
[10.104s] running install_egg_info
[10.113s] removing '/root/aerostack2_ws/install/as2_swarm_perception/lib/python3.10/site-packages/as2_swarm_perception-0.0.0-py3.10.egg-info' (and everything under it)
[10.114s] Copying ../../../build/as2_swarm_perception/as2_swarm_perception.egg-info to /root/aerostack2_ws/install/as2_swarm_perception/lib/python3.10/site-packages/as2_swarm_perception-0.0.0-py3.10.egg-info
[10.121s] running install_scripts
[10.304s] Installing bbox_to_world_node script to /root/aerostack2_ws/install/as2_swarm_perception/lib/as2_swarm_perception
[10.305s] writing list of installed files to '/root/aerostack2_ws/build/as2_swarm_perception/install.log'
[10.503s] Invoked command in '/root/aerostack2_ws/src/aerostack2/as2_swarm_perception' returned '0': PYTHONPATH=/root/aerostack2_ws/build/as2_swarm_perception/prefix_override:/usr/lib/python3/dist-packages/colcon_core/task/python/colcon_distutils_commands:/root/aerostack2_ws/install/as2_swarm_perception/lib/python3.10/site-packages:${PYTHONPATH} /usr/bin/python3 -W ignore:setup.py install is deprecated -W ignore:easy_install command is deprecated setup.py egg_info --egg-base ../../../build/as2_swarm_perception build --build-base /root/aerostack2_ws/build/as2_swarm_perception/build install --record /root/aerostack2_ws/build/as2_swarm_perception/install.log --single-version-externally-managed install_data
