running egg_info
writing ../../../build/as2_swarm_fusion_ci/as2_swarm_fusion_ci.egg-info/PKG-INFO
writing dependency_links to ../../../build/as2_swarm_fusion_ci/as2_swarm_fusion_ci.egg-info/dependency_links.txt
writing entry points to ../../../build/as2_swarm_fusion_ci/as2_swarm_fusion_ci.egg-info/entry_points.txt
writing requirements to ../../../build/as2_swarm_fusion_ci/as2_swarm_fusion_ci.egg-info/requires.txt
writing top-level names to ../../../build/as2_swarm_fusion_ci/as2_swarm_fusion_ci.egg-info/top_level.txt
reading manifest file '../../../build/as2_swarm_fusion_ci/as2_swarm_fusion_ci.egg-info/SOURCES.txt'
writing manifest file '../../../build/as2_swarm_fusion_ci/as2_swarm_fusion_ci.egg-info/SOURCES.txt'
running build
running build_py
copying as2_swarm_fusion_ci/swarm_ci_fusion_node.py -> /root/aerostack2_ws/build/as2_swarm_fusion_ci/build/lib/as2_swarm_fusion_ci
running install
running install_lib
copying /root/aerostack2_ws/build/as2_swarm_fusion_ci/build/lib/as2_swarm_fusion_ci/swarm_ci_fusion_node.py -> /root/aerostack2_ws/install/as2_swarm_fusion_ci/lib/python3.10/site-packages/as2_swarm_fusion_ci
byte-compiling /root/aerostack2_ws/install/as2_swarm_fusion_ci/lib/python3.10/site-packages/as2_swarm_fusion_ci/swarm_ci_fusion_node.py to swarm_ci_fusion_node.cpython-310.pyc
running install_data
copying launch/swarm_ci_fusion.launch.py -> /root/aerostack2_ws/install/as2_swarm_fusion_ci/share/as2_swarm_fusion_ci/launch
running install_egg_info
removing '/root/aerostack2_ws/install/as2_swarm_fusion_ci/lib/python3.10/site-packages/as2_swarm_fusion_ci-0.0.1-py3.10.egg-info' (and everything under it)
Copying ../../../build/as2_swarm_fusion_ci/as2_swarm_fusion_ci.egg-info to /root/aerostack2_ws/install/as2_swarm_fusion_ci/lib/python3.10/site-packages/as2_swarm_fusion_ci-0.0.1-py3.10.egg-info
running install_scripts
Installing swarm_ci_fusion_node script to /root/aerostack2_ws/install/as2_swarm_fusion_ci/lib/as2_swarm_fusion_ci
writing list of installed files to '/root/aerostack2_ws/build/as2_swarm_fusion_ci/install.log'
