[9.560s] Invoking command in '/root/aerostack2_ws/src/aerostack2/as2_swarm_fusion_ci': PYTHONPATH=/root/aerostack2_ws/build/as2_swarm_fusion_ci/prefix_override:/usr/lib/python3/dist-packages/colcon_core/task/python/colcon_distutils_commands:/root/aerostack2_ws/install/as2_swarm_fusion_ci/lib/python3.10/site-packages:${PYTHONPATH} /usr/bin/python3 -W ignore:setup.py install is deprecated -W ignore:easy_install command is deprecated setup.py egg_info --egg-base ../../../build/as2_swarm_fusion_ci build --build-base /root/aerostack2_ws/build/as2_swarm_fusion_ci/build install --record /root/aerostack2_ws/build/as2_swarm_fusion_ci/install.log --single-version-externally-managed install_data
[11.497s] running egg_info
[11.498s] writing ../../../build/as2_swarm_fusion_ci/as2_swarm_fusion_ci.egg-info/PKG-INFO
[11.507s] writing dependency_links to ../../../build/as2_swarm_fusion_ci/as2_swarm_fusion_ci.egg-info/dependency_links.txt
[11.507s] writing entry points to ../../../build/as2_swarm_fusion_ci/as2_swarm_fusion_ci.egg-info/entry_points.txt
[11.507s] writing requirements to ../../../build/as2_swarm_fusion_ci/as2_swarm_fusion_ci.egg-info/requires.txt
[11.536s] writing top-level names to ../../../build/as2_swarm_fusion_ci/as2_swarm_fusion_ci.egg-info/top_level.txt
[11.599s] reading manifest file '../../../build/as2_swarm_fusion_ci/as2_swarm_fusion_ci.egg-info/SOURCES.txt'
[11.600s] writing manifest file '../../../build/as2_swarm_fusion_ci/as2_swarm_fusion_ci.egg-info/SOURCES.txt'
[11.600s] running build
[11.600s] running build_py
[11.629s] copying as2_swarm_fusion_ci/swarm_ci_fusion_node.py -> /root/aerostack2_ws/build/as2_swarm_fusion_ci/build/lib/as2_swarm_fusion_ci
[11.629s] running install
[11.636s] running install_lib
[11.650s] copying /root/aerostack2_ws/build/as2_swarm_fusion_ci/build/lib/as2_swarm_fusion_ci/swarm_ci_fusion_node.py -> /root/aerostack2_ws/install/as2_swarm_fusion_ci/lib/python3.10/site-packages/as2_swarm_fusion_ci
[11.661s] byte-compiling /root/aerostack2_ws/install/as2_swarm_fusion_ci/lib/python3.10/site-packages/as2_swarm_fusion_ci/swarm_ci_fusion_node.py to swarm_ci_fusion_node.cpython-310.pyc
[11.708s] running install_data
[11.709s] copying launch/swarm_ci_fusion.launch.py -> /root/aerostack2_ws/install/as2_swarm_fusion_ci/share/as2_swarm_fusion_ci/launch
[11.711s] running install_egg_info
[11.746s] removing '/root/aerostack2_ws/install/as2_swarm_fusion_ci/lib/python3.10/site-packages/as2_swarm_fusion_ci-0.0.1-py3.10.egg-info' (and everything under it)
[11.746s] Copying ../../../build/as2_swarm_fusion_ci/as2_swarm_fusion_ci.egg-info to /root/aerostack2_ws/install/as2_swarm_fusion_ci/lib/python3.10/site-packages/as2_swarm_fusion_ci-0.0.1-py3.10.egg-info
[11.815s] running install_scripts
[11.924s] Installing swarm_ci_fusion_node script to /root/aerostack2_ws/install/as2_swarm_fusion_ci/lib/as2_swarm_fusion_ci
[11.926s] writing list of installed files to '/root/aerostack2_ws/build/as2_swarm_fusion_ci/install.log'
[12.017s] Invoked command in '/root/aerostack2_ws/src/aerostack2/as2_swarm_fusion_ci' returned '0': PYTHONPATH=/root/aerostack2_ws/build/as2_swarm_fusion_ci/prefix_override:/usr/lib/python3/dist-packages/colcon_core/task/python/colcon_distutils_commands:/root/aerostack2_ws/install/as2_swarm_fusion_ci/lib/python3.10/site-packages:${PYTHONPATH} /usr/bin/python3 -W ignore:setup.py install is deprecated -W ignore:easy_install command is deprecated setup.py egg_info --egg-base ../../../build/as2_swarm_fusion_ci build --build-base /root/aerostack2_ws/build/as2_swarm_fusion_ci/build install --record /root/aerostack2_ws/build/as2_swarm_fusion_ci/install.log --single-version-externally-managed install_data
