running egg_info
creating ../../../../build/rmf_demos_tasks/rmf_demos_tasks.egg-info
writing ../../../../build/rmf_demos_tasks/rmf_demos_tasks.egg-info/PKG-INFO
writing dependency_links to ../../../../build/rmf_demos_tasks/rmf_demos_tasks.egg-info/dependency_links.txt
writing entry points to ../../../../build/rmf_demos_tasks/rmf_demos_tasks.egg-info/entry_points.txt
writing requirements to ../../../../build/rmf_demos_tasks/rmf_demos_tasks.egg-info/requires.txt
writing top-level names to ../../../../build/rmf_demos_tasks/rmf_demos_tasks.egg-info/top_level.txt
writing manifest file '../../../../build/rmf_demos_tasks/rmf_demos_tasks.egg-info/SOURCES.txt'
reading manifest file '../../../../build/rmf_demos_tasks/rmf_demos_tasks.egg-info/SOURCES.txt'
writing manifest file '../../../../build/rmf_demos_tasks/rmf_demos_tasks.egg-info/SOURCES.txt'
running build
running build_py
creating /root/aerostack2_ws/build/rmf_demos_tasks/build
creating /root/aerostack2_ws/build/rmf_demos_tasks/build/lib
creating /root/aerostack2_ws/build/rmf_demos_tasks/build/lib/rmf_demos_tasks
copying rmf_demos_tasks/__init__.py -> /root/aerostack2_ws/build/rmf_demos_tasks/build/lib/rmf_demos_tasks
copying rmf_demos_tasks/dispatch_loop.py -> /root/aerostack2_ws/build/rmf_demos_tasks/build/lib/rmf_demos_tasks
copying rmf_demos_tasks/dispatch_teleop.py -> /root/aerostack2_ws/build/rmf_demos_tasks/build/lib/rmf_demos_tasks
copying rmf_demos_tasks/dispatch_action.py -> /root/aerostack2_ws/build/rmf_demos_tasks/build/lib/rmf_demos_tasks
copying rmf_demos_tasks/mock_docker.py -> /root/aerostack2_ws/build/rmf_demos_tasks/build/lib/rmf_demos_tasks
copying rmf_demos_tasks/request_lift.py -> /root/aerostack2_ws/build/rmf_demos_tasks/build/lib/rmf_demos_tasks
copying rmf_demos_tasks/dispatch_delivery.py -> /root/aerostack2_ws/build/rmf_demos_tasks/build/lib/rmf_demos_tasks
copying rmf_demos_tasks/dispatch_patrol.py -> /root/aerostack2_ws/build/rmf_demos_tasks/build/lib/rmf_demos_tasks
copying rmf_demos_tasks/dispatch_go_to_place.py -> /root/aerostack2_ws/build/rmf_demos_tasks/build/lib/rmf_demos_tasks
copying rmf_demos_tasks/request_loop.py -> /root/aerostack2_ws/build/rmf_demos_tasks/build/lib/rmf_demos_tasks
copying rmf_demos_tasks/dispatch_clean.py -> /root/aerostack2_ws/build/rmf_demos_tasks/build/lib/rmf_demos_tasks
copying rmf_demos_tasks/cancel_task.py -> /root/aerostack2_ws/build/rmf_demos_tasks/build/lib/rmf_demos_tasks
copying rmf_demos_tasks/teleop_robot.py -> /root/aerostack2_ws/build/rmf_demos_tasks/build/lib/rmf_demos_tasks
running install
running install_lib
creating /root/aerostack2_ws/install/rmf_demos_tasks/lib/python3.10/site-packages/rmf_demos_tasks
copying /root/aerostack2_ws/build/rmf_demos_tasks/build/lib/rmf_demos_tasks/__init__.py -> /root/aerostack2_ws/install/rmf_demos_tasks/lib/python3.10/site-packages/rmf_demos_tasks
copying /root/aerostack2_ws/build/rmf_demos_tasks/build/lib/rmf_demos_tasks/dispatch_loop.py -> /root/aerostack2_ws/install/rmf_demos_tasks/lib/python3.10/site-packages/rmf_demos_tasks
copying /root/aerostack2_ws/build/rmf_demos_tasks/build/lib/rmf_demos_tasks/dispatch_teleop.py -> /root/aerostack2_ws/install/rmf_demos_tasks/lib/python3.10/site-packages/rmf_demos_tasks
copying /root/aerostack2_ws/build/rmf_demos_tasks/build/lib/rmf_demos_tasks/dispatch_action.py -> /root/aerostack2_ws/install/rmf_demos_tasks/lib/python3.10/site-packages/rmf_demos_tasks
copying /root/aerostack2_ws/build/rmf_demos_tasks/build/lib/rmf_demos_tasks/mock_docker.py -> /root/aerostack2_ws/install/rmf_demos_tasks/lib/python3.10/site-packages/rmf_demos_tasks
copying /root/aerostack2_ws/build/rmf_demos_tasks/build/lib/rmf_demos_tasks/request_lift.py -> /root/aerostack2_ws/install/rmf_demos_tasks/lib/python3.10/site-packages/rmf_demos_tasks
copying /root/aerostack2_ws/build/rmf_demos_tasks/build/lib/rmf_demos_tasks/dispatch_delivery.py -> /root/aerostack2_ws/install/rmf_demos_tasks/lib/python3.10/site-packages/rmf_demos_tasks
copying /root/aerostack2_ws/build/rmf_demos_tasks/build/lib/rmf_demos_tasks/dispatch_patrol.py -> /root/aerostack2_ws/install/rmf_demos_tasks/lib/python3.10/site-packages/rmf_demos_tasks
copying /root/aerostack2_ws/build/rmf_demos_tasks/build/lib/rmf_demos_tasks/dispatch_go_to_place.py -> /root/aerostack2_ws/install/rmf_demos_tasks/lib/python3.10/site-packages/rmf_demos_tasks
copying /root/aerostack2_ws/build/rmf_demos_tasks/build/lib/rmf_demos_tasks/request_loop.py -> /root/aerostack2_ws/install/rmf_demos_tasks/lib/python3.10/site-packages/rmf_demos_tasks
copying /root/aerostack2_ws/build/rmf_demos_tasks/build/lib/rmf_demos_tasks/dispatch_clean.py -> /root/aerostack2_ws/install/rmf_demos_tasks/lib/python3.10/site-packages/rmf_demos_tasks
copying /root/aerostack2_ws/build/rmf_demos_tasks/build/lib/rmf_demos_tasks/cancel_task.py -> /root/aerostack2_ws/install/rmf_demos_tasks/lib/python3.10/site-packages/rmf_demos_tasks
copying /root/aerostack2_ws/build/rmf_demos_tasks/build/lib/rmf_demos_tasks/teleop_robot.py -> /root/aerostack2_ws/install/rmf_demos_tasks/lib/python3.10/site-packages/rmf_demos_tasks
byte-compiling /root/aerostack2_ws/install/rmf_demos_tasks/lib/python3.10/site-packages/rmf_demos_tasks/__init__.py to __init__.cpython-310.pyc
byte-compiling /root/aerostack2_ws/install/rmf_demos_tasks/lib/python3.10/site-packages/rmf_demos_tasks/dispatch_loop.py to dispatch_loop.cpython-310.pyc
byte-compiling /root/aerostack2_ws/install/rmf_demos_tasks/lib/python3.10/site-packages/rmf_demos_tasks/dispatch_teleop.py to dispatch_teleop.cpython-310.pyc
byte-compiling /root/aerostack2_ws/install/rmf_demos_tasks/lib/python3.10/site-packages/rmf_demos_tasks/dispatch_action.py to dispatch_action.cpython-310.pyc
byte-compiling /root/aerostack2_ws/install/rmf_demos_tasks/lib/python3.10/site-packages/rmf_demos_tasks/mock_docker.py to mock_docker.cpython-310.pyc
byte-compiling /root/aerostack2_ws/install/rmf_demos_tasks/lib/python3.10/site-packages/rmf_demos_tasks/request_lift.py to request_lift.cpython-310.pyc
byte-compiling /root/aerostack2_ws/install/rmf_demos_tasks/lib/python3.10/site-packages/rmf_demos_tasks/dispatch_delivery.py to dispatch_delivery.cpython-310.pyc
byte-compiling /root/aerostack2_ws/install/rmf_demos_tasks/lib/python3.10/site-packages/rmf_demos_tasks/dispatch_patrol.py to dispatch_patrol.cpython-310.pyc
byte-compiling /root/aerostack2_ws/install/rmf_demos_tasks/lib/python3.10/site-packages/rmf_demos_tasks/dispatch_go_to_place.py to dispatch_go_to_place.cpython-310.pyc
byte-compiling /root/aerostack2_ws/install/rmf_demos_tasks/lib/python3.10/site-packages/rmf_demos_tasks/request_loop.py to request_loop.cpython-310.pyc
byte-compiling /root/aerostack2_ws/install/rmf_demos_tasks/lib/python3.10/site-packages/rmf_demos_tasks/dispatch_clean.py to dispatch_clean.cpython-310.pyc
byte-compiling /root/aerostack2_ws/install/rmf_demos_tasks/lib/python3.10/site-packages/rmf_demos_tasks/cancel_task.py to cancel_task.cpython-310.pyc
byte-compiling /root/aerostack2_ws/install/rmf_demos_tasks/lib/python3.10/site-packages/rmf_demos_tasks/teleop_robot.py to teleop_robot.cpython-310.pyc
running install_data
creating /root/aerostack2_ws/install/rmf_demos_tasks/share/ament_index
creating /root/aerostack2_ws/install/rmf_demos_tasks/share/ament_index/resource_index
creating /root/aerostack2_ws/install/rmf_demos_tasks/share/ament_index/resource_index/packages
copying resource/rmf_demos_tasks -> /root/aerostack2_ws/install/rmf_demos_tasks/share/ament_index/resource_index/packages
copying package.xml -> /root/aerostack2_ws/install/rmf_demos_tasks/share/rmf_demos_tasks
copying rmf_demos_tasks/airport_docker_config.yaml -> /root/aerostack2_ws/install/rmf_demos_tasks/share/rmf_demos_tasks
copying rmf_demos_tasks/hotel_cleaner_config.yaml -> /root/aerostack2_ws/install/rmf_demos_tasks/share/rmf_demos_tasks
running install_egg_info
Copying ../../../../build/rmf_demos_tasks/rmf_demos_tasks.egg-info to /root/aerostack2_ws/install/rmf_demos_tasks/lib/python3.10/site-packages/rmf_demos_tasks-2.0.4-py3.10.egg-info
running install_scripts
Installing cancel_task script to /root/aerostack2_ws/install/rmf_demos_tasks/lib/rmf_demos_tasks
Installing dispatch_action script to /root/aerostack2_ws/install/rmf_demos_tasks/lib/rmf_demos_tasks
Installing dispatch_clean script to /root/aerostack2_ws/install/rmf_demos_tasks/lib/rmf_demos_tasks
Installing dispatch_delivery script to /root/aerostack2_ws/install/rmf_demos_tasks/lib/rmf_demos_tasks
Installing dispatch_go_to_place script to /root/aerostack2_ws/install/rmf_demos_tasks/lib/rmf_demos_tasks
Installing dispatch_loop script to /root/aerostack2_ws/install/rmf_demos_tasks/lib/rmf_demos_tasks
Installing dispatch_patrol script to /root/aerostack2_ws/install/rmf_demos_tasks/lib/rmf_demos_tasks
Installing mock_docker script to /root/aerostack2_ws/install/rmf_demos_tasks/lib/rmf_demos_tasks
Installing request_lift script to /root/aerostack2_ws/install/rmf_demos_tasks/lib/rmf_demos_tasks
Installing request_loop script to /root/aerostack2_ws/install/rmf_demos_tasks/lib/rmf_demos_tasks
Installing teleop_robot script to /root/aerostack2_ws/install/rmf_demos_tasks/lib/rmf_demos_tasks
writing list of installed files to '/root/aerostack2_ws/build/rmf_demos_tasks/install.log'
