[3.219s] Invoking command in '/root/aerostack2_ws/src/aerostack2/rmf_demos/rmf_demos_tasks': PYTHONPATH=/root/aerostack2_ws/build/rmf_demos_tasks/prefix_override:/usr/lib/python3/dist-packages/colcon_core/task/python/colcon_distutils_commands:/root/aerostack2_ws/install/rmf_demos_tasks/lib/python3.10/site-packages:${PYTHONPATH} /usr/bin/python3 -W ignore:setup.py install is deprecated -W ignore:easy_install command is deprecated setup.py egg_info --egg-base ../../../../build/rmf_demos_tasks build --build-base /root/aerostack2_ws/build/rmf_demos_tasks/build install --record /root/aerostack2_ws/build/rmf_demos_tasks/install.log --single-version-externally-managed install_data
[4.054s] running egg_info
[4.143s] creating ../../../../build/rmf_demos_tasks/rmf_demos_tasks.egg-info
[4.168s] writing ../../../../build/rmf_demos_tasks/rmf_demos_tasks.egg-info/PKG-INFO
[4.192s] writing dependency_links to ../../../../build/rmf_demos_tasks/rmf_demos_tasks.egg-info/dependency_links.txt
[4.230s] writing entry points to ../../../../build/rmf_demos_tasks/rmf_demos_tasks.egg-info/entry_points.txt
[4.232s] writing requirements to ../../../../build/rmf_demos_tasks/rmf_demos_tasks.egg-info/requires.txt
[4.253s] writing top-level names to ../../../../build/rmf_demos_tasks/rmf_demos_tasks.egg-info/top_level.txt
[4.312s] writing manifest file '../../../../build/rmf_demos_tasks/rmf_demos_tasks.egg-info/SOURCES.txt'
[4.466s] reading manifest file '../../../../build/rmf_demos_tasks/rmf_demos_tasks.egg-info/SOURCES.txt'
[4.514s] writing manifest file '../../../../build/rmf_demos_tasks/rmf_demos_tasks.egg-info/SOURCES.txt'
[4.535s] running build
[4.549s] running build_py
[4.550s] creating /root/aerostack2_ws/build/rmf_demos_tasks/build
[4.578s] creating /root/aerostack2_ws/build/rmf_demos_tasks/build/lib
[4.609s] creating /root/aerostack2_ws/build/rmf_demos_tasks/build/lib/rmf_demos_tasks
[4.612s] copying rmf_demos_tasks/__init__.py -> /root/aerostack2_ws/build/rmf_demos_tasks/build/lib/rmf_demos_tasks
[4.630s] copying rmf_demos_tasks/dispatch_loop.py -> /root/aerostack2_ws/build/rmf_demos_tasks/build/lib/rmf_demos_tasks
[4.638s] copying rmf_demos_tasks/dispatch_teleop.py -> /root/aerostack2_ws/build/rmf_demos_tasks/build/lib/rmf_demos_tasks
[4.640s] copying rmf_demos_tasks/dispatch_action.py -> /root/aerostack2_ws/build/rmf_demos_tasks/build/lib/rmf_demos_tasks
[4.663s] copying rmf_demos_tasks/mock_docker.py -> /root/aerostack2_ws/build/rmf_demos_tasks/build/lib/rmf_demos_tasks
[4.665s] copying rmf_demos_tasks/request_lift.py -> /root/aerostack2_ws/build/rmf_demos_tasks/build/lib/rmf_demos_tasks
[4.679s] copying rmf_demos_tasks/dispatch_delivery.py -> /root/aerostack2_ws/build/rmf_demos_tasks/build/lib/rmf_demos_tasks
[4.712s] copying rmf_demos_tasks/dispatch_patrol.py -> /root/aerostack2_ws/build/rmf_demos_tasks/build/lib/rmf_demos_tasks
[4.719s] copying rmf_demos_tasks/dispatch_go_to_place.py -> /root/aerostack2_ws/build/rmf_demos_tasks/build/lib/rmf_demos_tasks
[4.742s] copying rmf_demos_tasks/request_loop.py -> /root/aerostack2_ws/build/rmf_demos_tasks/build/lib/rmf_demos_tasks
[4.751s] copying rmf_demos_tasks/dispatch_clean.py -> /root/aerostack2_ws/build/rmf_demos_tasks/build/lib/rmf_demos_tasks
[4.757s] copying rmf_demos_tasks/cancel_task.py -> /root/aerostack2_ws/build/rmf_demos_tasks/build/lib/rmf_demos_tasks
[4.759s] copying rmf_demos_tasks/teleop_robot.py -> /root/aerostack2_ws/build/rmf_demos_tasks/build/lib/rmf_demos_tasks
[4.765s] running install
[4.778s] running install_lib
[4.795s] creating /root/aerostack2_ws/install/rmf_demos_tasks/lib/python3.10/site-packages/rmf_demos_tasks
[4.822s] copying /root/aerostack2_ws/build/rmf_demos_tasks/build/lib/rmf_demos_tasks/__init__.py -> /root/aerostack2_ws/install/rmf_demos_tasks/lib/python3.10/site-packages/rmf_demos_tasks
[4.830s] copying /root/aerostack2_ws/build/rmf_demos_tasks/build/lib/rmf_demos_tasks/dispatch_loop.py -> /root/aerostack2_ws/install/rmf_demos_tasks/lib/python3.10/site-packages/rmf_demos_tasks
[4.861s] copying /root/aerostack2_ws/build/rmf_demos_tasks/build/lib/rmf_demos_tasks/dispatch_teleop.py -> /root/aerostack2_ws/install/rmf_demos_tasks/lib/python3.10/site-packages/rmf_demos_tasks
[4.881s] copying /root/aerostack2_ws/build/rmf_demos_tasks/build/lib/rmf_demos_tasks/dispatch_action.py -> /root/aerostack2_ws/install/rmf_demos_tasks/lib/python3.10/site-packages/rmf_demos_tasks
[4.883s] copying /root/aerostack2_ws/build/rmf_demos_tasks/build/lib/rmf_demos_tasks/mock_docker.py -> /root/aerostack2_ws/install/rmf_demos_tasks/lib/python3.10/site-packages/rmf_demos_tasks
[4.942s] copying /root/aerostack2_ws/build/rmf_demos_tasks/build/lib/rmf_demos_tasks/request_lift.py -> /root/aerostack2_ws/install/rmf_demos_tasks/lib/python3.10/site-packages/rmf_demos_tasks
[4.983s] copying /root/aerostack2_ws/build/rmf_demos_tasks/build/lib/rmf_demos_tasks/dispatch_delivery.py -> /root/aerostack2_ws/install/rmf_demos_tasks/lib/python3.10/site-packages/rmf_demos_tasks
[5.043s] copying /root/aerostack2_ws/build/rmf_demos_tasks/build/lib/rmf_demos_tasks/dispatch_patrol.py -> /root/aerostack2_ws/install/rmf_demos_tasks/lib/python3.10/site-packages/rmf_demos_tasks
[5.124s] copying /root/aerostack2_ws/build/rmf_demos_tasks/build/lib/rmf_demos_tasks/dispatch_go_to_place.py -> /root/aerostack2_ws/install/rmf_demos_tasks/lib/python3.10/site-packages/rmf_demos_tasks
[5.152s] copying /root/aerostack2_ws/build/rmf_demos_tasks/build/lib/rmf_demos_tasks/request_loop.py -> /root/aerostack2_ws/install/rmf_demos_tasks/lib/python3.10/site-packages/rmf_demos_tasks
[5.245s] copying /root/aerostack2_ws/build/rmf_demos_tasks/build/lib/rmf_demos_tasks/dispatch_clean.py -> /root/aerostack2_ws/install/rmf_demos_tasks/lib/python3.10/site-packages/rmf_demos_tasks
[5.247s] copying /root/aerostack2_ws/build/rmf_demos_tasks/build/lib/rmf_demos_tasks/cancel_task.py -> /root/aerostack2_ws/install/rmf_demos_tasks/lib/python3.10/site-packages/rmf_demos_tasks
[5.282s] copying /root/aerostack2_ws/build/rmf_demos_tasks/build/lib/rmf_demos_tasks/teleop_robot.py -> /root/aerostack2_ws/install/rmf_demos_tasks/lib/python3.10/site-packages/rmf_demos_tasks
[5.284s] byte-compiling /root/aerostack2_ws/install/rmf_demos_tasks/lib/python3.10/site-packages/rmf_demos_tasks/__init__.py to __init__.cpython-310.pyc
[5.288s] byte-compiling /root/aerostack2_ws/install/rmf_demos_tasks/lib/python3.10/site-packages/rmf_demos_tasks/dispatch_loop.py to dispatch_loop.cpython-310.pyc
[5.308s] byte-compiling /root/aerostack2_ws/install/rmf_demos_tasks/lib/python3.10/site-packages/rmf_demos_tasks/dispatch_teleop.py to dispatch_teleop.cpython-310.pyc
[5.361s] byte-compiling /root/aerostack2_ws/install/rmf_demos_tasks/lib/python3.10/site-packages/rmf_demos_tasks/dispatch_action.py to dispatch_action.cpython-310.pyc
[5.392s] byte-compiling /root/aerostack2_ws/install/rmf_demos_tasks/lib/python3.10/site-packages/rmf_demos_tasks/mock_docker.py to mock_docker.cpython-310.pyc
[5.403s] byte-compiling /root/aerostack2_ws/install/rmf_demos_tasks/lib/python3.10/site-packages/rmf_demos_tasks/request_lift.py to request_lift.cpython-310.pyc
[5.484s] byte-compiling /root/aerostack2_ws/install/rmf_demos_tasks/lib/python3.10/site-packages/rmf_demos_tasks/dispatch_delivery.py to dispatch_delivery.cpython-310.pyc
[5.586s] byte-compiling /root/aerostack2_ws/install/rmf_demos_tasks/lib/python3.10/site-packages/rmf_demos_tasks/dispatch_patrol.py to dispatch_patrol.cpython-310.pyc
[5.608s] byte-compiling /root/aerostack2_ws/install/rmf_demos_tasks/lib/python3.10/site-packages/rmf_demos_tasks/dispatch_go_to_place.py to dispatch_go_to_place.cpython-310.pyc
[5.632s] byte-compiling /root/aerostack2_ws/install/rmf_demos_tasks/lib/python3.10/site-packages/rmf_demos_tasks/request_loop.py to request_loop.cpython-310.pyc
[5.646s] byte-compiling /root/aerostack2_ws/install/rmf_demos_tasks/lib/python3.10/site-packages/rmf_demos_tasks/dispatch_clean.py to dispatch_clean.cpython-310.pyc
[5.665s] byte-compiling /root/aerostack2_ws/install/rmf_demos_tasks/lib/python3.10/site-packages/rmf_demos_tasks/cancel_task.py to cancel_task.cpython-310.pyc
[5.678s] byte-compiling /root/aerostack2_ws/install/rmf_demos_tasks/lib/python3.10/site-packages/rmf_demos_tasks/teleop_robot.py to teleop_robot.cpython-310.pyc
[5.705s] running install_data
[5.724s] creating /root/aerostack2_ws/install/rmf_demos_tasks/share/ament_index
[5.726s] creating /root/aerostack2_ws/install/rmf_demos_tasks/share/ament_index/resource_index
[5.728s] creating /root/aerostack2_ws/install/rmf_demos_tasks/share/ament_index/resource_index/packages
[5.729s] copying resource/rmf_demos_tasks -> /root/aerostack2_ws/install/rmf_demos_tasks/share/ament_index/resource_index/packages
[5.740s] copying package.xml -> /root/aerostack2_ws/install/rmf_demos_tasks/share/rmf_demos_tasks
[5.741s] copying rmf_demos_tasks/airport_docker_config.yaml -> /root/aerostack2_ws/install/rmf_demos_tasks/share/rmf_demos_tasks
[5.743s] copying rmf_demos_tasks/hotel_cleaner_config.yaml -> /root/aerostack2_ws/install/rmf_demos_tasks/share/rmf_demos_tasks
[5.760s] running install_egg_info
[5.763s] Copying ../../../../build/rmf_demos_tasks/rmf_demos_tasks.egg-info to /root/aerostack2_ws/install/rmf_demos_tasks/lib/python3.10/site-packages/rmf_demos_tasks-2.0.4-py3.10.egg-info
[5.795s] running install_scripts
[5.819s] Installing cancel_task script to /root/aerostack2_ws/install/rmf_demos_tasks/lib/rmf_demos_tasks
[5.820s] Installing dispatch_action script to /root/aerostack2_ws/install/rmf_demos_tasks/lib/rmf_demos_tasks
[5.820s] Installing dispatch_clean script to /root/aerostack2_ws/install/rmf_demos_tasks/lib/rmf_demos_tasks
[5.820s] Installing dispatch_delivery script to /root/aerostack2_ws/install/rmf_demos_tasks/lib/rmf_demos_tasks
[5.820s] Installing dispatch_go_to_place script to /root/aerostack2_ws/install/rmf_demos_tasks/lib/rmf_demos_tasks
[5.820s] Installing dispatch_loop script to /root/aerostack2_ws/install/rmf_demos_tasks/lib/rmf_demos_tasks
[5.822s] Installing dispatch_patrol script to /root/aerostack2_ws/install/rmf_demos_tasks/lib/rmf_demos_tasks
[5.822s] Installing mock_docker script to /root/aerostack2_ws/install/rmf_demos_tasks/lib/rmf_demos_tasks
[5.822s] Installing request_lift script to /root/aerostack2_ws/install/rmf_demos_tasks/lib/rmf_demos_tasks
[5.825s] Installing request_loop script to /root/aerostack2_ws/install/rmf_demos_tasks/lib/rmf_demos_tasks
[5.825s] Installing teleop_robot script to /root/aerostack2_ws/install/rmf_demos_tasks/lib/rmf_demos_tasks
[5.825s] writing list of installed files to '/root/aerostack2_ws/build/rmf_demos_tasks/install.log'
[5.892s] Invoked command in '/root/aerostack2_ws/src/aerostack2/rmf_demos/rmf_demos_tasks' returned '0': PYTHONPATH=/root/aerostack2_ws/build/rmf_demos_tasks/prefix_override:/usr/lib/python3/dist-packages/colcon_core/task/python/colcon_distutils_commands:/root/aerostack2_ws/install/rmf_demos_tasks/lib/python3.10/site-packages:${PYTHONPATH} /usr/bin/python3 -W ignore:setup.py install is deprecated -W ignore:easy_install command is deprecated setup.py egg_info --egg-base ../../../../build/rmf_demos_tasks build --build-base /root/aerostack2_ws/build/rmf_demos_tasks/build install --record /root/aerostack2_ws/build/rmf_demos_tasks/install.log --single-version-externally-managed install_data
