[0.008s] Invoking command in '/root/aerostack2_ws/build/as2_behaviors_platform': AMENT_PREFIX_PATH=/root/aerostack2_ws/install/as2_behavior:/root/aerostack2_ws/install/as2_core:/root/aerostack2_ws/install/as2_msgs:${AMENT_PREFIX_PATH} CMAKE_PREFIX_PATH=/root/aerostack2_ws/install/as2_behavior:/root/aerostack2_ws/install/as2_core:/root/aerostack2_ws/install/as2_msgs:/opt/ros/humble LD_LIBRARY_PATH=/root/aerostack2_ws/install/as2_behavior/lib:/root/aerostack2_ws/install/as2_core/lib:/root/aerostack2_ws/install/as2_msgs/lib:${LD_LIBRARY_PATH} PYTHONPATH=/root/aerostack2_ws/install/as2_core/local/lib/python3.10/dist-packages:/root/aerostack2_ws/install/as2_msgs/local/lib/python3.10/dist-packages:${PYTHONPATH} /usr/bin/cmake /root/aerostack2_ws/src/aerostack2/as2_behaviors/as2_behaviors_platform -DCMAKE_INSTALL_PREFIX=/root/aerostack2_ws/install/as2_behaviors_platform
[0.045s] -- The C compiler identification is GNU 11.4.0
[0.082s] -- The CXX compiler identification is GNU 11.4.0
[0.086s] -- Detecting C compiler ABI info
[0.132s] -- Detecting C compiler ABI info - done
[0.137s] -- Check for working C compiler: /usr/bin/cc - skipped
[0.137s] -- Detecting C compile features
[0.138s] -- Detecting C compile features - done
[0.140s] -- Detecting CXX compiler ABI info
[0.192s] -- Detecting CXX compiler ABI info - done
[0.197s] -- Check for working CXX compiler: /usr/bin/c++ - skipped
[0.197s] -- Detecting CXX compile features
[0.198s] -- Detecting CXX compile features - done
[0.200s] -- Found ament_cmake: 1.3.12 (/opt/ros/humble/share/ament_cmake/cmake)
[0.313s] -- Found Python3: /usr/bin/python3 (found version "3.10.12") found components: Interpreter 
[0.381s] -- Found rclcpp: 16.0.15 (/opt/ros/humble/share/rclcpp/cmake)
[0.412s] -- Found rosidl_generator_c: 3.1.7 (/opt/ros/humble/share/rosidl_generator_c/cmake)
[0.416s] -- Found rosidl_adapter: 3.1.7 (/opt/ros/humble/share/rosidl_adapter/cmake)
[0.422s] -- Found rosidl_generator_cpp: 3.1.7 (/opt/ros/humble/share/rosidl_generator_cpp/cmake)
[0.431s] -- Using all available rosidl_typesupport_c: rosidl_typesupport_fastrtps_c;rosidl_typesupport_introspection_c
[0.443s] -- Using all available rosidl_typesupport_cpp: rosidl_typesupport_fastrtps_cpp;rosidl_typesupport_introspection_cpp
[0.475s] -- Found rmw_implementation_cmake: 6.1.2 (/opt/ros/humble/share/rmw_implementation_cmake/cmake)
[0.477s] -- Found rmw_fastrtps_cpp: 6.2.9 (/opt/ros/humble/share/rmw_fastrtps_cpp/cmake)
[0.539s] -- Found OpenSSL: /usr/lib/x86_64-linux-gnu/libcrypto.so (found version "3.0.2")  
[0.562s] -- Found FastRTPS: /opt/ros/humble/include  
[0.596s] -- Using RMW implementation 'rmw_fastrtps_cpp' as default
[0.603s] -- Looking for pthread.h
[0.649s] -- Looking for pthread.h - found
[0.649s] -- Performing Test CMAKE_HAVE_LIBC_PTHREAD
[0.697s] -- Performing Test CMAKE_HAVE_LIBC_PTHREAD - Success
[0.698s] -- Found Threads: TRUE  
[0.734s] -- Found rclcpp_action: 16.0.15 (/opt/ros/humble/share/rclcpp_action/cmake)
[0.761s] -- Found as2_behavior: 1.1.3 (/root/aerostack2_ws/install/as2_behavior/share/as2_behavior/cmake)
[0.763s] -- Found std_srvs: 4.9.0 (/opt/ros/humble/share/std_srvs/cmake)
[0.769s] -- Found as2_core: 1.1.3 (/root/aerostack2_ws/install/as2_core/share/as2_core/cmake)
[0.772s] -- Created yaml-cpp::yaml-cpp alias from yaml-cpp target
[0.773s] -- Created GeographicLib::GeographicLib target from legacy variables
[0.867s] -- Found eigen3_cmake_module: 0.1.1 (/opt/ros/humble/share/eigen3_cmake_module/cmake)
[0.868s] -- Found Eigen3: TRUE (found version "3.4.0") 
[0.868s] -- Ensuring Eigen3 include directory is part of orocos-kdl CMake target
[0.975s] -- Found ament_lint_auto: 0.12.14 (/opt/ros/humble/share/ament_lint_auto/cmake)
[1.045s] -- Found gtest sources under '/opt/ros/humble/src/gtest_vendor': C++ tests using 'Google Test' will be built
[1.051s] -- Added test 'copyright' to check source files copyright and LICENSE
[1.052s] -- Added test 'cppcheck' to perform static code analysis on C / C++ code
[1.052s] -- Configured cppcheck include dirs: /root/aerostack2_ws/src/aerostack2/as2_behaviors/as2_behaviors_platform/include;/root/aerostack2_ws/src/aerostack2/as2_behaviors/as2_behaviors_platform/include/as2_behaviors_platform
[1.052s] -- Configured cppcheck exclude dirs and/or files: 
[1.053s] -- Added test 'cpplint' to check C / C++ code against the Google style
[1.053s] -- Configured cpplint exclude dirs and/or files: 
[1.054s] -- Added test 'flake8' to check Python code syntax and style conventions
[1.054s] -- Added test 'lint_cmake' to check CMake code style
[1.054s] -- Added test 'pep257' to check Python code against some of the docstring style conventions in PEP 257
[1.056s] -- Added test 'uncrustify' to check C / C++ code style
[1.056s] -- Configured uncrustify additional arguments: 
[1.056s] -- Added test 'xmllint' to check XML markup files
[1.057s] -- Configuring done
[1.085s] -- Generating done
[1.095s] -- Build files have been written to: /root/aerostack2_ws/build/as2_behaviors_platform
[1.104s] Invoked command in '/root/aerostack2_ws/build/as2_behaviors_platform' returned '0': AMENT_PREFIX_PATH=/root/aerostack2_ws/install/as2_behavior:/root/aerostack2_ws/install/as2_core:/root/aerostack2_ws/install/as2_msgs:${AMENT_PREFIX_PATH} CMAKE_PREFIX_PATH=/root/aerostack2_ws/install/as2_behavior:/root/aerostack2_ws/install/as2_core:/root/aerostack2_ws/install/as2_msgs:/opt/ros/humble LD_LIBRARY_PATH=/root/aerostack2_ws/install/as2_behavior/lib:/root/aerostack2_ws/install/as2_core/lib:/root/aerostack2_ws/install/as2_msgs/lib:${LD_LIBRARY_PATH} PYTHONPATH=/root/aerostack2_ws/install/as2_core/local/lib/python3.10/dist-packages:/root/aerostack2_ws/install/as2_msgs/local/lib/python3.10/dist-packages:${PYTHONPATH} /usr/bin/cmake /root/aerostack2_ws/src/aerostack2/as2_behaviors/as2_behaviors_platform -DCMAKE_INSTALL_PREFIX=/root/aerostack2_ws/install/as2_behaviors_platform
[1.105s] Invoking command in '/root/aerostack2_ws/build/as2_behaviors_platform': AMENT_PREFIX_PATH=/root/aerostack2_ws/install/as2_behavior:/root/aerostack2_ws/install/as2_core:/root/aerostack2_ws/install/as2_msgs:${AMENT_PREFIX_PATH} CMAKE_PREFIX_PATH=/root/aerostack2_ws/install/as2_behavior:/root/aerostack2_ws/install/as2_core:/root/aerostack2_ws/install/as2_msgs:/opt/ros/humble LD_LIBRARY_PATH=/root/aerostack2_ws/install/as2_behavior/lib:/root/aerostack2_ws/install/as2_core/lib:/root/aerostack2_ws/install/as2_msgs/lib:${LD_LIBRARY_PATH} PYTHONPATH=/root/aerostack2_ws/install/as2_core/local/lib/python3.10/dist-packages:/root/aerostack2_ws/install/as2_msgs/local/lib/python3.10/dist-packages:${PYTHONPATH} /usr/bin/cmake --build /root/aerostack2_ws/build/as2_behaviors_platform -- -j8 -l8
[1.146s] [ 15%] [32mBuilding CXX object CMakeFiles/offboard_behavior.dir/src/set_offboard_mode_behavior_main.cpp.o[0m
[1.146s] [ 23%] [32mBuilding CXX object CMakeFiles/arm_behavior.dir/src/set_arming_state_behavior_main.cpp.o[0m
[1.147s] [ 15%] [32mBuilding CXX object gtest/CMakeFiles/gtest_main.dir/src/gtest_main.cc.o[0m
[1.147s] [ 30%] [32mBuilding CXX object CMakeFiles/as2_behaviors_platform.dir/src/set_offboard_mode_behavior_main.cpp.o[0m
[1.147s] [ 38%] [32mBuilding CXX object gtest/CMakeFiles/gtest.dir/src/gtest-all.cc.o[0m
[1.147s] [ 46%] [32mBuilding CXX object CMakeFiles/as2_behaviors_platform.dir/src/set_arming_state_behavior_main.cpp.o[0m
[2.253s] [ 53%] [32m[1mLinking CXX static library libgtest_main.a[0m
[2.288s] [ 53%] Built target gtest_main
[5.152s] [ 61%] [32m[1mLinking CXX static library libgtest.a[0m
[5.231s] [ 61%] Built target gtest
[8.919s] [ 69%] [32m[1mLinking CXX executable offboard_behavior[0m
[9.076s] [ 76%] [32m[1mLinking CXX executable arm_behavior[0m
[9.345s] [ 76%] Built target offboard_behavior
[9.502s] [ 76%] Built target arm_behavior
[9.841s] [ 84%] [32m[1mLinking CXX static library libas2_behaviors_platform.a[0m
[10.022s] [ 84%] Built target as2_behaviors_platform
[10.042s] [ 92%] [32mBuilding CXX object tests/CMakeFiles/as2_behaviors_platform_as2_behaviors_platform_gtest.dir/as2_behaviors_platform_gtest.cpp.o[0m
[17.799s] [100%] [32m[1mLinking CXX executable as2_behaviors_platform_as2_behaviors_platform_gtest[0m
[18.200s] [100%] Built target as2_behaviors_platform_as2_behaviors_platform_gtest
[18.208s] Invoked command in '/root/aerostack2_ws/build/as2_behaviors_platform' returned '0': AMENT_PREFIX_PATH=/root/aerostack2_ws/install/as2_behavior:/root/aerostack2_ws/install/as2_core:/root/aerostack2_ws/install/as2_msgs:${AMENT_PREFIX_PATH} CMAKE_PREFIX_PATH=/root/aerostack2_ws/install/as2_behavior:/root/aerostack2_ws/install/as2_core:/root/aerostack2_ws/install/as2_msgs:/opt/ros/humble LD_LIBRARY_PATH=/root/aerostack2_ws/install/as2_behavior/lib:/root/aerostack2_ws/install/as2_core/lib:/root/aerostack2_ws/install/as2_msgs/lib:${LD_LIBRARY_PATH} PYTHONPATH=/root/aerostack2_ws/install/as2_core/local/lib/python3.10/dist-packages:/root/aerostack2_ws/install/as2_msgs/local/lib/python3.10/dist-packages:${PYTHONPATH} /usr/bin/cmake --build /root/aerostack2_ws/build/as2_behaviors_platform -- -j8 -l8
[18.209s] Invoking command in '/root/aerostack2_ws/build/as2_behaviors_platform': AMENT_PREFIX_PATH=/root/aerostack2_ws/install/as2_behavior:/root/aerostack2_ws/install/as2_core:/root/aerostack2_ws/install/as2_msgs:${AMENT_PREFIX_PATH} CMAKE_PREFIX_PATH=/root/aerostack2_ws/install/as2_behavior:/root/aerostack2_ws/install/as2_core:/root/aerostack2_ws/install/as2_msgs:/opt/ros/humble LD_LIBRARY_PATH=/root/aerostack2_ws/install/as2_behavior/lib:/root/aerostack2_ws/install/as2_core/lib:/root/aerostack2_ws/install/as2_msgs/lib:${LD_LIBRARY_PATH} PYTHONPATH=/root/aerostack2_ws/install/as2_core/local/lib/python3.10/dist-packages:/root/aerostack2_ws/install/as2_msgs/local/lib/python3.10/dist-packages:${PYTHONPATH} /usr/bin/cmake --install /root/aerostack2_ws/build/as2_behaviors_platform
[18.213s] -- Install configuration: ""
[18.213s] -- Installing: /root/aerostack2_ws/install/as2_behaviors_platform/lib/as2_behaviors_platform/arm_behavior
[18.215s] -- Set runtime path of "/root/aerostack2_ws/install/as2_behaviors_platform/lib/as2_behaviors_platform/arm_behavior" to ""
[18.215s] -- Installing: /root/aerostack2_ws/install/as2_behaviors_platform/lib/as2_behaviors_platform/offboard_behavior
[18.216s] -- Set runtime path of "/root/aerostack2_ws/install/as2_behaviors_platform/lib/as2_behaviors_platform/offboard_behavior" to ""
[18.216s] -- Installing: /root/aerostack2_ws/install/as2_behaviors_platform/lib/libas2_behaviors_platform.a
[18.224s] -- Installing: /root/aerostack2_ws/install/as2_behaviors_platform/share/as2_behaviors_platform/launch
[18.224s] -- Installing: /root/aerostack2_ws/install/as2_behaviors_platform/share/as2_behaviors_platform/launch/as2_platform_behaviors_launch.py
[18.225s] -- Installing: /root/aerostack2_ws/install/as2_behaviors_platform/share/as2_behaviors_platform/launch/test.launch.py
[18.225s] -- Installing: /root/aerostack2_ws/install/as2_behaviors_platform/share/ament_index/resource_index/package_run_dependencies/as2_behaviors_platform
[18.225s] -- Installing: /root/aerostack2_ws/install/as2_behaviors_platform/share/ament_index/resource_index/parent_prefix_path/as2_behaviors_platform
[18.225s] -- Installing: /root/aerostack2_ws/install/as2_behaviors_platform/share/as2_behaviors_platform/environment/ament_prefix_path.sh
[18.225s] -- Installing: /root/aerostack2_ws/install/as2_behaviors_platform/share/as2_behaviors_platform/environment/ament_prefix_path.dsv
[18.225s] -- Installing: /root/aerostack2_ws/install/as2_behaviors_platform/share/as2_behaviors_platform/environment/path.sh
[18.225s] -- Installing: /root/aerostack2_ws/install/as2_behaviors_platform/share/as2_behaviors_platform/environment/path.dsv
[18.225s] -- Installing: /root/aerostack2_ws/install/as2_behaviors_platform/share/as2_behaviors_platform/local_setup.bash
[18.225s] -- Installing: /root/aerostack2_ws/install/as2_behaviors_platform/share/as2_behaviors_platform/local_setup.sh
[18.226s] -- Installing: /root/aerostack2_ws/install/as2_behaviors_platform/share/as2_behaviors_platform/local_setup.zsh
[18.226s] -- Installing: /root/aerostack2_ws/install/as2_behaviors_platform/share/as2_behaviors_platform/local_setup.dsv
[18.226s] -- Installing: /root/aerostack2_ws/install/as2_behaviors_platform/share/as2_behaviors_platform/package.dsv
[18.226s] -- Installing: /root/aerostack2_ws/install/as2_behaviors_platform/share/ament_index/resource_index/packages/as2_behaviors_platform
[18.226s] -- Installing: /root/aerostack2_ws/install/as2_behaviors_platform/share/as2_behaviors_platform/cmake/as2_behaviors_platformConfig.cmake
[18.226s] -- Installing: /root/aerostack2_ws/install/as2_behaviors_platform/share/as2_behaviors_platform/cmake/as2_behaviors_platformConfig-version.cmake
[18.226s] -- Installing: /root/aerostack2_ws/install/as2_behaviors_platform/share/as2_behaviors_platform/package.xml
[18.228s] Invoked command in '/root/aerostack2_ws/build/as2_behaviors_platform' returned '0': AMENT_PREFIX_PATH=/root/aerostack2_ws/install/as2_behavior:/root/aerostack2_ws/install/as2_core:/root/aerostack2_ws/install/as2_msgs:${AMENT_PREFIX_PATH} CMAKE_PREFIX_PATH=/root/aerostack2_ws/install/as2_behavior:/root/aerostack2_ws/install/as2_core:/root/aerostack2_ws/install/as2_msgs:/opt/ros/humble LD_LIBRARY_PATH=/root/aerostack2_ws/install/as2_behavior/lib:/root/aerostack2_ws/install/as2_core/lib:/root/aerostack2_ws/install/as2_msgs/lib:${LD_LIBRARY_PATH} PYTHONPATH=/root/aerostack2_ws/install/as2_core/local/lib/python3.10/dist-packages:/root/aerostack2_ws/install/as2_msgs/local/lib/python3.10/dist-packages:${PYTHONPATH} /usr/bin/cmake --install /root/aerostack2_ws/build/as2_behaviors_platform
