[8.673s] Invoking command in '/root/aerostack2_ws/src/aerostack2/as2_swarm_ekf': PYTHONPATH=/root/aerostack2_ws/build/as2_swarm_ekf/prefix_override:/usr/lib/python3/dist-packages/colcon_core/task/python/colcon_distutils_commands:/root/aerostack2_ws/install/as2_swarm_ekf/lib/python3.10/site-packages:${PYTHONPATH} /usr/bin/python3 -W ignore:setup.py install is deprecated -W ignore:easy_install command is deprecated setup.py egg_info --egg-base ../../../build/as2_swarm_ekf build --build-base /root/aerostack2_ws/build/as2_swarm_ekf/build install --record /root/aerostack2_ws/build/as2_swarm_ekf/install.log --single-version-externally-managed install_data
[11.347s] running egg_info
[11.374s] writing ../../../build/as2_swarm_ekf/as2_swarm_ekf.egg-info/PKG-INFO
[11.375s] writing dependency_links to ../../../build/as2_swarm_ekf/as2_swarm_ekf.egg-info/dependency_links.txt
[11.375s] writing entry points to ../../../build/as2_swarm_ekf/as2_swarm_ekf.egg-info/entry_points.txt
[11.375s] writing requirements to ../../../build/as2_swarm_ekf/as2_swarm_ekf.egg-info/requires.txt
[11.380s] writing top-level names to ../../../build/as2_swarm_ekf/as2_swarm_ekf.egg-info/top_level.txt
[11.408s] reading manifest file '../../../build/as2_swarm_ekf/as2_swarm_ekf.egg-info/SOURCES.txt'
[11.409s] writing manifest file '../../../build/as2_swarm_ekf/as2_swarm_ekf.egg-info/SOURCES.txt'
[11.410s] running build
[11.412s] running build_py
[11.421s] running install
[11.424s] running install_lib
[11.425s] running install_data
[11.426s] running install_egg_info
[11.464s] removing '/root/aerostack2_ws/install/as2_swarm_ekf/lib/python3.10/site-packages/as2_swarm_ekf-0.0.1-py3.10.egg-info' (and everything under it)
[11.482s] Copying ../../../build/as2_swarm_ekf/as2_swarm_ekf.egg-info to /root/aerostack2_ws/install/as2_swarm_ekf/lib/python3.10/site-packages/as2_swarm_ekf-0.0.1-py3.10.egg-info
[11.482s] running install_scripts
[11.715s] Installing distributed_ekf_node script to /root/aerostack2_ws/install/as2_swarm_ekf/lib/as2_swarm_ekf
[11.739s] writing list of installed files to '/root/aerostack2_ws/build/as2_swarm_ekf/install.log'
[12.187s] Invoked command in '/root/aerostack2_ws/src/aerostack2/as2_swarm_ekf' returned '0': PYTHONPATH=/root/aerostack2_ws/build/as2_swarm_ekf/prefix_override:/usr/lib/python3/dist-packages/colcon_core/task/python/colcon_distutils_commands:/root/aerostack2_ws/install/as2_swarm_ekf/lib/python3.10/site-packages:${PYTHONPATH} /usr/bin/python3 -W ignore:setup.py install is deprecated -W ignore:easy_install command is deprecated setup.py egg_info --egg-base ../../../build/as2_swarm_ekf build --build-base /root/aerostack2_ws/build/as2_swarm_ekf/build install --record /root/aerostack2_ws/build/as2_swarm_ekf/install.log --single-version-externally-managed install_data
