[0.180s] Invoking command in '/root/aerostack2_ws/build/as2_behaviors_trajectory_generation': CMAKE_PREFIX_PATH=/root/aerostack2_ws/install/as2_motion_reference_handlers:/root/aerostack2_ws/install/as2_behavior:/root/aerostack2_ws/install/as2_core:/root/aerostack2_ws/install/as2_msgs:/root/aerostack2_ws/install/aerostack2:/root/aerostack2_ws/install/as2_usb_camera_interface:/root/aerostack2_ws/install/as2_state_estimator:/root/aerostack2_ws/install/as2_rviz_plugins:/root/aerostack2_ws/install/as2_realsense_interface:/root/aerostack2_ws/install/as2_platform_multirotor_simulator:/root/aerostack2_ws/install/as2_platform_gazebo:/root/aerostack2_ws/install/as2_motion_controller:/root/aerostack2_ws/install/as2_behaviors_trajectory_generation:/root/aerostack2_ws/install/as2_behaviors_swarm_flocking:/root/aerostack2_ws/install/as2_behaviors_motion:/root/aerostack2_ws/install/as2_map_server:/root/aerostack2_ws/install/as2_geozones:/root/aerostack2_ws/install/as2_gazebo_assets:/root/aerostack2_ws/install/as2_external_object_to_tf:/root/aerostack2_ws/install/as2_behaviors_platform:/root/aerostack2_ws/install/as2_behaviors_perception:/root/aerostack2_ws/install/as2_behaviors_path_planning:/root/aerostack2_ws/install/as2_behavior_tree:/root/aerostack2_ws/install/as2_alphanumeric_viewer:/root/aerostack2_ws/install/as2_cli:/root/aerostack2_ws/install/as2_visualization:/root/aerostack2_ws/install/as2_keyboard_teleoperation:/root/aerostack2_ws/install/as2_python_api:/root/aerostack2_ws/install/as2_perception:/opt/ros/humble LD_LIBRARY_PATH=/root/aerostack2_ws/install/as2_behavior/lib:/root/aerostack2_ws/install/as2_core/lib:/root/aerostack2_ws/install/as2_msgs/lib:/root/aerostack2_ws/install/as2_state_estimator/lib:/root/aerostack2_ws/install/as2_python_api/lib:/root/aerostack2_ws/install/as2_motion_controller/lib:/root/aerostack2_ws/install/as2_behaviors_trajectory_generation/lib:/root/aerostack2_ws/install/as2_behaviors_swarm_flocking/lib:/root/aerostack2_ws/install/as2_behaviors_motion/lib:/root/aerostack2_ws/install/as2_motion_reference_handlers/lib:/root/aerostack2_ws/install/as2_map_server/lib:/root/aerostack2_ws/install/as2_gazebo_assets/lib:/root/aerostack2_ws/install/as2_behaviors_perception/lib:/root/aerostack2_ws/install/as2_behaviors_path_planning/lib:/root/aerostack2_ws/install/as2_behavior_tree/lib:/opt/ros/humble/opt/rviz_ogre_vendor/lib:/opt/ros/humble/lib/x86_64-linux-gnu:/opt/ros/humble/lib /usr/bin/cmake --build /root/aerostack2_ws/build/as2_behaviors_trajectory_generation -- -j8 -l8
[0.488s] [  7%] Built target glogbase
[0.492s] [  8%] Built target generate-cpp
[0.493s] [  9%] Built target generate-fortran
[0.498s] [ 10%] Built target gtest_main
[0.508s] [ 12%] Built target gtest
[0.557s] [ 13%] Built target glogtest
[0.568s] [ 14%] Built target glog
[0.702s] [ 59%] Built target nlopt
[0.717s] [ 61%] Built target stl_logging_unittest
[0.721s] [ 63%] Built target logging_unittest
[0.734s] [ 65%] Built target symbolize_unittest
[0.745s] [ 67%] Built target stacktrace_unittest
[0.749s] [ 69%] Built target demangle_unittest
[0.754s] [ 71%] Built target signalhandler_unittest
[0.757s] [ 73%] Built target utilities_unittest
[0.778s] [ 75%] Built target cleanup_immediately_unittest
[0.793s] [ 77%] Built target cleanup_with_absolute_prefix_unittest
[0.800s] [ 79%] Built target cleanup_with_relative_prefix_unittest
[0.839s] [ 90%] Built target mav_trajectory_generation
[0.881s] [ 93%] Built target dynamic_trajectory_generator
[0.891s] [ 95%] Built target test_polynomial
[0.963s] [ 97%] Built target trajectory_generator_component
[0.973s] [ 99%] Built target generate_polynomial_trajectory_behavior_node
[1.022s] [100%] Built target as2_behaviors_trajectory_generation_generate_polynomial_trajectory_behavior_gtest
[2.193s] Invoked command in '/root/aerostack2_ws/build/as2_behaviors_trajectory_generation' returned '0': CMAKE_PREFIX_PATH=/root/aerostack2_ws/install/as2_motion_reference_handlers:/root/aerostack2_ws/install/as2_behavior:/root/aerostack2_ws/install/as2_core:/root/aerostack2_ws/install/as2_msgs:/root/aerostack2_ws/install/aerostack2:/root/aerostack2_ws/install/as2_usb_camera_interface:/root/aerostack2_ws/install/as2_state_estimator:/root/aerostack2_ws/install/as2_rviz_plugins:/root/aerostack2_ws/install/as2_realsense_interface:/root/aerostack2_ws/install/as2_platform_multirotor_simulator:/root/aerostack2_ws/install/as2_platform_gazebo:/root/aerostack2_ws/install/as2_motion_controller:/root/aerostack2_ws/install/as2_behaviors_trajectory_generation:/root/aerostack2_ws/install/as2_behaviors_swarm_flocking:/root/aerostack2_ws/install/as2_behaviors_motion:/root/aerostack2_ws/install/as2_map_server:/root/aerostack2_ws/install/as2_geozones:/root/aerostack2_ws/install/as2_gazebo_assets:/root/aerostack2_ws/install/as2_external_object_to_tf:/root/aerostack2_ws/install/as2_behaviors_platform:/root/aerostack2_ws/install/as2_behaviors_perception:/root/aerostack2_ws/install/as2_behaviors_path_planning:/root/aerostack2_ws/install/as2_behavior_tree:/root/aerostack2_ws/install/as2_alphanumeric_viewer:/root/aerostack2_ws/install/as2_cli:/root/aerostack2_ws/install/as2_visualization:/root/aerostack2_ws/install/as2_keyboard_teleoperation:/root/aerostack2_ws/install/as2_python_api:/root/aerostack2_ws/install/as2_perception:/opt/ros/humble LD_LIBRARY_PATH=/root/aerostack2_ws/install/as2_behavior/lib:/root/aerostack2_ws/install/as2_core/lib:/root/aerostack2_ws/install/as2_msgs/lib:/root/aerostack2_ws/install/as2_state_estimator/lib:/root/aerostack2_ws/install/as2_python_api/lib:/root/aerostack2_ws/install/as2_motion_controller/lib:/root/aerostack2_ws/install/as2_behaviors_trajectory_generation/lib:/root/aerostack2_ws/install/as2_behaviors_swarm_flocking/lib:/root/aerostack2_ws/install/as2_behaviors_motion/lib:/root/aerostack2_ws/install/as2_motion_reference_handlers/lib:/root/aerostack2_ws/install/as2_map_server/lib:/root/aerostack2_ws/install/as2_gazebo_assets/lib:/root/aerostack2_ws/install/as2_behaviors_perception/lib:/root/aerostack2_ws/install/as2_behaviors_path_planning/lib:/root/aerostack2_ws/install/as2_behavior_tree/lib:/opt/ros/humble/opt/rviz_ogre_vendor/lib:/opt/ros/humble/lib/x86_64-linux-gnu:/opt/ros/humble/lib /usr/bin/cmake --build /root/aerostack2_ws/build/as2_behaviors_trajectory_generation -- -j8 -l8
[2.210s] Invoking command in '/root/aerostack2_ws/build/as2_behaviors_trajectory_generation': CMAKE_PREFIX_PATH=/root/aerostack2_ws/install/as2_motion_reference_handlers:/root/aerostack2_ws/install/as2_behavior:/root/aerostack2_ws/install/as2_core:/root/aerostack2_ws/install/as2_msgs:/root/aerostack2_ws/install/aerostack2:/root/aerostack2_ws/install/as2_usb_camera_interface:/root/aerostack2_ws/install/as2_state_estimator:/root/aerostack2_ws/install/as2_rviz_plugins:/root/aerostack2_ws/install/as2_realsense_interface:/root/aerostack2_ws/install/as2_platform_multirotor_simulator:/root/aerostack2_ws/install/as2_platform_gazebo:/root/aerostack2_ws/install/as2_motion_controller:/root/aerostack2_ws/install/as2_behaviors_trajectory_generation:/root/aerostack2_ws/install/as2_behaviors_swarm_flocking:/root/aerostack2_ws/install/as2_behaviors_motion:/root/aerostack2_ws/install/as2_map_server:/root/aerostack2_ws/install/as2_geozones:/root/aerostack2_ws/install/as2_gazebo_assets:/root/aerostack2_ws/install/as2_external_object_to_tf:/root/aerostack2_ws/install/as2_behaviors_platform:/root/aerostack2_ws/install/as2_behaviors_perception:/root/aerostack2_ws/install/as2_behaviors_path_planning:/root/aerostack2_ws/install/as2_behavior_tree:/root/aerostack2_ws/install/as2_alphanumeric_viewer:/root/aerostack2_ws/install/as2_cli:/root/aerostack2_ws/install/as2_visualization:/root/aerostack2_ws/install/as2_keyboard_teleoperation:/root/aerostack2_ws/install/as2_python_api:/root/aerostack2_ws/install/as2_perception:/opt/ros/humble LD_LIBRARY_PATH=/root/aerostack2_ws/install/as2_behavior/lib:/root/aerostack2_ws/install/as2_core/lib:/root/aerostack2_ws/install/as2_msgs/lib:/root/aerostack2_ws/install/as2_state_estimator/lib:/root/aerostack2_ws/install/as2_python_api/lib:/root/aerostack2_ws/install/as2_motion_controller/lib:/root/aerostack2_ws/install/as2_behaviors_trajectory_generation/lib:/root/aerostack2_ws/install/as2_behaviors_swarm_flocking/lib:/root/aerostack2_ws/install/as2_behaviors_motion/lib:/root/aerostack2_ws/install/as2_motion_reference_handlers/lib:/root/aerostack2_ws/install/as2_map_server/lib:/root/aerostack2_ws/install/as2_gazebo_assets/lib:/root/aerostack2_ws/install/as2_behaviors_perception/lib:/root/aerostack2_ws/install/as2_behaviors_path_planning/lib:/root/aerostack2_ws/install/as2_behavior_tree/lib:/opt/ros/humble/opt/rviz_ogre_vendor/lib:/opt/ros/humble/lib/x86_64-linux-gnu:/opt/ros/humble/lib /usr/bin/cmake --install /root/aerostack2_ws/build/as2_behaviors_trajectory_generation
[2.782s] -- Install configuration: "Release"
[2.782s] -- Up-to-date: /root/aerostack2_ws/install/as2_behaviors_trajectory_generation/share/ament_index/resource_index/package_run_dependencies/as2_behaviors_trajectory_generation
[2.782s] -- Up-to-date: /root/aerostack2_ws/install/as2_behaviors_trajectory_generation/share/ament_index/resource_index/parent_prefix_path/as2_behaviors_trajectory_generation
[2.782s] -- Up-to-date: /root/aerostack2_ws/install/as2_behaviors_trajectory_generation/share/as2_behaviors_trajectory_generation/environment/ament_prefix_path.sh
[2.782s] -- Up-to-date: /root/aerostack2_ws/install/as2_behaviors_trajectory_generation/share/as2_behaviors_trajectory_generation/environment/ament_prefix_path.dsv
[2.782s] -- Up-to-date: /root/aerostack2_ws/install/as2_behaviors_trajectory_generation/share/as2_behaviors_trajectory_generation/environment/path.sh
[2.782s] -- Up-to-date: /root/aerostack2_ws/install/as2_behaviors_trajectory_generation/share/as2_behaviors_trajectory_generation/environment/path.dsv
[2.784s] -- Up-to-date: /root/aerostack2_ws/install/as2_behaviors_trajectory_generation/share/as2_behaviors_trajectory_generation/local_setup.bash
[2.785s] -- Up-to-date: /root/aerostack2_ws/install/as2_behaviors_trajectory_generation/share/as2_behaviors_trajectory_generation/local_setup.sh
[2.785s] -- Up-to-date: /root/aerostack2_ws/install/as2_behaviors_trajectory_generation/share/as2_behaviors_trajectory_generation/local_setup.zsh
[2.785s] -- Up-to-date: /root/aerostack2_ws/install/as2_behaviors_trajectory_generation/share/as2_behaviors_trajectory_generation/local_setup.dsv
[2.785s] -- Installing: /root/aerostack2_ws/install/as2_behaviors_trajectory_generation/share/as2_behaviors_trajectory_generation/package.dsv
[2.785s] -- Up-to-date: /root/aerostack2_ws/install/as2_behaviors_trajectory_generation/share/ament_index/resource_index/packages/as2_behaviors_trajectory_generation
[2.785s] -- Up-to-date: /root/aerostack2_ws/install/as2_behaviors_trajectory_generation/share/ament_index/resource_index/rclcpp_components/as2_behaviors_trajectory_generation
[2.785s] -- Up-to-date: /root/aerostack2_ws/install/as2_behaviors_trajectory_generation/share/as2_behaviors_trajectory_generation/cmake/ament_cmake_export_dependencies-extras.cmake
[2.786s] -- Up-to-date: /root/aerostack2_ws/install/as2_behaviors_trajectory_generation/share/as2_behaviors_trajectory_generation/cmake/as2_behaviors_trajectory_generationConfig.cmake
[2.786s] -- Up-to-date: /root/aerostack2_ws/install/as2_behaviors_trajectory_generation/share/as2_behaviors_trajectory_generation/cmake/as2_behaviors_trajectory_generationConfig-version.cmake
[2.786s] -- Up-to-date: /root/aerostack2_ws/install/as2_behaviors_trajectory_generation/share/as2_behaviors_trajectory_generation/package.xml
[2.786s] -- Up-to-date: /root/aerostack2_ws/install/as2_behaviors_trajectory_generation/lib/libtrajectory_generator_component.so
[2.786s] -- Up-to-date: /root/aerostack2_ws/install/as2_behaviors_trajectory_generation/lib/libdynamic_trajectory_generator.so
[2.787s] -- Up-to-date: /root/aerostack2_ws/install/as2_behaviors_trajectory_generation/lib/libmav_trajectory_generation.so
[2.787s] -- Up-to-date: /root/aerostack2_ws/install/as2_behaviors_trajectory_generation/share/as2_behaviors_trajectory_generation/launch
[2.787s] -- Up-to-date: /root/aerostack2_ws/install/as2_behaviors_trajectory_generation/share/as2_behaviors_trajectory_generation/launch/composable_generate_polynomial_trajectory_behavior.launch.py
[2.787s] -- Up-to-date: /root/aerostack2_ws/install/as2_behaviors_trajectory_generation/share/as2_behaviors_trajectory_generation/launch/generate_polynomial_trajectory_behavior_launch.py
[2.788s] -- Up-to-date: /root/aerostack2_ws/install/as2_behaviors_trajectory_generation/share/as2_behaviors_trajectory_generation/generate_polynomial_trajectory_behavior/config
[2.788s] -- Up-to-date: /root/aerostack2_ws/install/as2_behaviors_trajectory_generation/share/as2_behaviors_trajectory_generation/generate_polynomial_trajectory_behavior/config/config_default.yaml
[2.788s] -- Up-to-date: /root/aerostack2_ws/install/as2_behaviors_trajectory_generation/lib/as2_behaviors_trajectory_generation/generate_polynomial_trajectory_behavior_node
[2.788s] -- Up-to-date: /root/aerostack2_ws/install/as2_behaviors_trajectory_generation/lib/libglog.so.0.6.0
[2.788s] -- Up-to-date: /root/aerostack2_ws/install/as2_behaviors_trajectory_generation/lib/libglog.so.1
[2.788s] -- Up-to-date: /root/aerostack2_ws/install/as2_behaviors_trajectory_generation/lib/libglog.so
[2.788s] -- Up-to-date: /root/aerostack2_ws/install/as2_behaviors_trajectory_generation/include/glog/export.h
[2.788s] -- Up-to-date: /root/aerostack2_ws/install/as2_behaviors_trajectory_generation/include/glog/logging.h
[2.788s] -- Up-to-date: /root/aerostack2_ws/install/as2_behaviors_trajectory_generation/include/glog/raw_logging.h
[2.788s] -- Up-to-date: /root/aerostack2_ws/install/as2_behaviors_trajectory_generation/include/glog/stl_logging.h
[2.788s] -- Up-to-date: /root/aerostack2_ws/install/as2_behaviors_trajectory_generation/include/glog/vlog_is_on.h
[2.788s] -- Up-to-date: /root/aerostack2_ws/install/as2_behaviors_trajectory_generation/include/glog/log_severity.h
[2.788s] -- Up-to-date: /root/aerostack2_ws/install/as2_behaviors_trajectory_generation/include/glog/platform.h
[2.788s] -- Up-to-date: /root/aerostack2_ws/install/as2_behaviors_trajectory_generation/lib/pkgconfig/libglog.pc
[2.789s] -- Up-to-date: /root/aerostack2_ws/install/as2_behaviors_trajectory_generation/lib/cmake/glog/glog-modules.cmake
[2.789s] -- Up-to-date: /root/aerostack2_ws/install/as2_behaviors_trajectory_generation/lib/cmake/glog/glog-config.cmake
[2.789s] -- Up-to-date: /root/aerostack2_ws/install/as2_behaviors_trajectory_generation/lib/cmake/glog/glog-config-version.cmake
[2.793s] -- Up-to-date: /root/aerostack2_ws/install/as2_behaviors_trajectory_generation/lib/cmake/glog/glog-targets.cmake
[2.793s] -- Up-to-date: /root/aerostack2_ws/install/as2_behaviors_trajectory_generation/lib/cmake/glog/glog-targets-release.cmake
[2.793s] -- Up-to-date: /root/aerostack2_ws/install/as2_behaviors_trajectory_generation/lib/pkgconfig/nlopt.pc
[2.794s] -- Up-to-date: /root/aerostack2_ws/install/as2_behaviors_trajectory_generation/include/nlopt.h
[2.794s] -- Up-to-date: /root/aerostack2_ws/install/as2_behaviors_trajectory_generation/include/nlopt.hpp
[2.794s] -- Up-to-date: /root/aerostack2_ws/install/as2_behaviors_trajectory_generation/include/nlopt.f
[2.794s] -- Up-to-date: /root/aerostack2_ws/install/as2_behaviors_trajectory_generation/lib/libnlopt.so.0.11.1
[2.794s] -- Up-to-date: /root/aerostack2_ws/install/as2_behaviors_trajectory_generation/lib/libnlopt.so.0
[2.794s] -- Up-to-date: /root/aerostack2_ws/install/as2_behaviors_trajectory_generation/lib/libnlopt.so
[2.805s] -- Up-to-date: /root/aerostack2_ws/install/as2_behaviors_trajectory_generation/lib/cmake/nlopt/NLoptLibraryDepends.cmake
[2.805s] -- Up-to-date: /root/aerostack2_ws/install/as2_behaviors_trajectory_generation/lib/cmake/nlopt/NLoptLibraryDepends-release.cmake
[2.805s] -- Up-to-date: /root/aerostack2_ws/install/as2_behaviors_trajectory_generation/lib/cmake/nlopt/NLoptConfig.cmake
[2.805s] -- Up-to-date: /root/aerostack2_ws/install/as2_behaviors_trajectory_generation/lib/cmake/nlopt/NLoptConfigVersion.cmake
[2.805s] -- Up-to-date: /root/aerostack2_ws/install/as2_behaviors_trajectory_generation/share/man/man3/nlopt.3
[2.806s] -- Up-to-date: /root/aerostack2_ws/install/as2_behaviors_trajectory_generation/share/man/man3/nlopt_minimize.3
[2.806s] -- Up-to-date: /root/aerostack2_ws/install/as2_behaviors_trajectory_generation/share/man/man3/nlopt_minimize_constrained.3
[2.947s] Invoked command in '/root/aerostack2_ws/build/as2_behaviors_trajectory_generation' returned '0': CMAKE_PREFIX_PATH=/root/aerostack2_ws/install/as2_motion_reference_handlers:/root/aerostack2_ws/install/as2_behavior:/root/aerostack2_ws/install/as2_core:/root/aerostack2_ws/install/as2_msgs:/root/aerostack2_ws/install/aerostack2:/root/aerostack2_ws/install/as2_usb_camera_interface:/root/aerostack2_ws/install/as2_state_estimator:/root/aerostack2_ws/install/as2_rviz_plugins:/root/aerostack2_ws/install/as2_realsense_interface:/root/aerostack2_ws/install/as2_platform_multirotor_simulator:/root/aerostack2_ws/install/as2_platform_gazebo:/root/aerostack2_ws/install/as2_motion_controller:/root/aerostack2_ws/install/as2_behaviors_trajectory_generation:/root/aerostack2_ws/install/as2_behaviors_swarm_flocking:/root/aerostack2_ws/install/as2_behaviors_motion:/root/aerostack2_ws/install/as2_map_server:/root/aerostack2_ws/install/as2_geozones:/root/aerostack2_ws/install/as2_gazebo_assets:/root/aerostack2_ws/install/as2_external_object_to_tf:/root/aerostack2_ws/install/as2_behaviors_platform:/root/aerostack2_ws/install/as2_behaviors_perception:/root/aerostack2_ws/install/as2_behaviors_path_planning:/root/aerostack2_ws/install/as2_behavior_tree:/root/aerostack2_ws/install/as2_alphanumeric_viewer:/root/aerostack2_ws/install/as2_cli:/root/aerostack2_ws/install/as2_visualization:/root/aerostack2_ws/install/as2_keyboard_teleoperation:/root/aerostack2_ws/install/as2_python_api:/root/aerostack2_ws/install/as2_perception:/opt/ros/humble LD_LIBRARY_PATH=/root/aerostack2_ws/install/as2_behavior/lib:/root/aerostack2_ws/install/as2_core/lib:/root/aerostack2_ws/install/as2_msgs/lib:/root/aerostack2_ws/install/as2_state_estimator/lib:/root/aerostack2_ws/install/as2_python_api/lib:/root/aerostack2_ws/install/as2_motion_controller/lib:/root/aerostack2_ws/install/as2_behaviors_trajectory_generation/lib:/root/aerostack2_ws/install/as2_behaviors_swarm_flocking/lib:/root/aerostack2_ws/install/as2_behaviors_motion/lib:/root/aerostack2_ws/install/as2_motion_reference_handlers/lib:/root/aerostack2_ws/install/as2_map_server/lib:/root/aerostack2_ws/install/as2_gazebo_assets/lib:/root/aerostack2_ws/install/as2_behaviors_perception/lib:/root/aerostack2_ws/install/as2_behaviors_path_planning/lib:/root/aerostack2_ws/install/as2_behavior_tree/lib:/opt/ros/humble/opt/rviz_ogre_vendor/lib:/opt/ros/humble/lib/x86_64-linux-gnu:/opt/ros/humble/lib /usr/bin/cmake --install /root/aerostack2_ws/build/as2_behaviors_trajectory_generation
