[3.339s] Invoking command in '/root/aerostack2_ws/src/aerostack2/as2_swarm_ekf_people': CMAKE_PREFIX_PATH=/root/aerostack2_ws/install/as2_swarm_person_interfaces:/root/aerostack2_ws/install/rmf_demos_gz_classic:/root/aerostack2_ws/install/rmf_demos_gz:/root/aerostack2_ws/install/rmf_demos:/root/aerostack2_ws/install/rmf_demos_maps:/root/aerostack2_ws/install/aerostack2:/root/aerostack2_ws/install/as2_usb_camera_interface:/root/aerostack2_ws/install/as2_state_estimator:/root/aerostack2_ws/install/as2_rviz_plugins:/root/aerostack2_ws/install/as2_realsense_interface:/root/aerostack2_ws/install/as2_platform_multirotor_simulator:/root/aerostack2_ws/install/as2_platform_gazebo:/root/aerostack2_ws/install/as2_motion_controller:/root/aerostack2_ws/install/as2_behaviors_trajectory_generation:/root/aerostack2_ws/install/as2_behaviors_swarm_flocking:/root/aerostack2_ws/install/as2_behaviors_motion:/root/aerostack2_ws/install/as2_motion_reference_handlers:/root/aerostack2_ws/install/as2_map_server:/root/aerostack2_ws/install/as2_geozones:/root/aerostack2_ws/install/as2_gazebo_assets:/root/aerostack2_ws/install/as2_external_object_to_tf:/root/aerostack2_ws/install/as2_behaviors_platform:/root/aerostack2_ws/install/as2_behaviors_perception:/root/aerostack2_ws/install/as2_behaviors_path_planning:/root/aerostack2_ws/install/as2_behavior_tree:/root/aerostack2_ws/install/as2_behavior:/root/aerostack2_ws/install/as2_alphanumeric_viewer:/root/aerostack2_ws/install/as2_core:/root/aerostack2_ws/install/as2_msgs:/root/aerostack2_ws/install/as2_cli PYTHONPATH=/root/aerostack2_ws/build/as2_swarm_ekf_people/prefix_override:/usr/lib/python3/dist-packages/colcon_core/task/python/colcon_distutils_commands:/root/aerostack2_ws/install/as2_swarm_ekf_people/lib/python3.10/site-packages:${PYTHONPATH} /usr/bin/python3 -W ignore:setup.py install is deprecated -W ignore:easy_install command is deprecated setup.py egg_info --egg-base ../../../build/as2_swarm_ekf_people build --build-base /root/aerostack2_ws/build/as2_swarm_ekf_people/build install --record /root/aerostack2_ws/build/as2_swarm_ekf_people/install.log --single-version-externally-managed install_data
[4.841s] running egg_info
[4.841s] writing ../../../build/as2_swarm_ekf_people/as2_swarm_ekf_people.egg-info/PKG-INFO
[4.842s] writing dependency_links to ../../../build/as2_swarm_ekf_people/as2_swarm_ekf_people.egg-info/dependency_links.txt
[4.842s] writing entry points to ../../../build/as2_swarm_ekf_people/as2_swarm_ekf_people.egg-info/entry_points.txt
[4.842s] writing requirements to ../../../build/as2_swarm_ekf_people/as2_swarm_ekf_people.egg-info/requires.txt
[4.842s] writing top-level names to ../../../build/as2_swarm_ekf_people/as2_swarm_ekf_people.egg-info/top_level.txt
[4.844s] reading manifest file '../../../build/as2_swarm_ekf_people/as2_swarm_ekf_people.egg-info/SOURCES.txt'
[4.845s] writing manifest file '../../../build/as2_swarm_ekf_people/as2_swarm_ekf_people.egg-info/SOURCES.txt'
[4.845s] running build
[4.845s] running build_py
[4.846s] running install
[4.846s] running install_lib
[4.849s] running install_data
[4.850s] running install_egg_info
[4.857s] removing '/root/aerostack2_ws/install/as2_swarm_ekf_people/lib/python3.10/site-packages/as2_swarm_ekf_people-0.0.0-py3.10.egg-info' (and everything under it)
[4.857s] Copying ../../../build/as2_swarm_ekf_people/as2_swarm_ekf_people.egg-info to /root/aerostack2_ws/install/as2_swarm_ekf_people/lib/python3.10/site-packages/as2_swarm_ekf_people-0.0.0-py3.10.egg-info
[4.858s] running install_scripts
[4.890s] Installing distributed_ekf_people_node script to /root/aerostack2_ws/install/as2_swarm_ekf_people/lib/as2_swarm_ekf_people
[4.891s] writing list of installed files to '/root/aerostack2_ws/build/as2_swarm_ekf_people/install.log'
[4.944s] Invoked command in '/root/aerostack2_ws/src/aerostack2/as2_swarm_ekf_people' returned '0': CMAKE_PREFIX_PATH=/root/aerostack2_ws/install/as2_swarm_person_interfaces:/root/aerostack2_ws/install/rmf_demos_gz_classic:/root/aerostack2_ws/install/rmf_demos_gz:/root/aerostack2_ws/install/rmf_demos:/root/aerostack2_ws/install/rmf_demos_maps:/root/aerostack2_ws/install/aerostack2:/root/aerostack2_ws/install/as2_usb_camera_interface:/root/aerostack2_ws/install/as2_state_estimator:/root/aerostack2_ws/install/as2_rviz_plugins:/root/aerostack2_ws/install/as2_realsense_interface:/root/aerostack2_ws/install/as2_platform_multirotor_simulator:/root/aerostack2_ws/install/as2_platform_gazebo:/root/aerostack2_ws/install/as2_motion_controller:/root/aerostack2_ws/install/as2_behaviors_trajectory_generation:/root/aerostack2_ws/install/as2_behaviors_swarm_flocking:/root/aerostack2_ws/install/as2_behaviors_motion:/root/aerostack2_ws/install/as2_motion_reference_handlers:/root/aerostack2_ws/install/as2_map_server:/root/aerostack2_ws/install/as2_geozones:/root/aerostack2_ws/install/as2_gazebo_assets:/root/aerostack2_ws/install/as2_external_object_to_tf:/root/aerostack2_ws/install/as2_behaviors_platform:/root/aerostack2_ws/install/as2_behaviors_perception:/root/aerostack2_ws/install/as2_behaviors_path_planning:/root/aerostack2_ws/install/as2_behavior_tree:/root/aerostack2_ws/install/as2_behavior:/root/aerostack2_ws/install/as2_alphanumeric_viewer:/root/aerostack2_ws/install/as2_core:/root/aerostack2_ws/install/as2_msgs:/root/aerostack2_ws/install/as2_cli PYTHONPATH=/root/aerostack2_ws/build/as2_swarm_ekf_people/prefix_override:/usr/lib/python3/dist-packages/colcon_core/task/python/colcon_distutils_commands:/root/aerostack2_ws/install/as2_swarm_ekf_people/lib/python3.10/site-packages:${PYTHONPATH} /usr/bin/python3 -W ignore:setup.py install is deprecated -W ignore:easy_install command is deprecated setup.py egg_info --egg-base ../../../build/as2_swarm_ekf_people build --build-base /root/aerostack2_ws/build/as2_swarm_ekf_people/build install --record /root/aerostack2_ws/build/as2_swarm_ekf_people/install.log --single-version-externally-managed install_data
