[0.012s] Invoking command in '/root/aerostack2_ws/build/as2_swarm_person_interfaces': CMAKE_PREFIX_PATH=${CMAKE_PREFIX_PATH}:/root/aerostack2_ws/install/rmf_demos_tasks:/root/aerostack2_ws/install/rmf_demos_panel:/root/aerostack2_ws/install/rmf_demos_fleet_adapter:/root/aerostack2_ws/install/rmf_demos_dashboard_resources:/root/aerostack2_ws/install/rmf_demos_bridges:/root/aerostack2_ws/install/rmf_demos_assets:/root/aerostack2_ws/install/as2_visualization:/root/aerostack2_ws/install/as2_swarm_perception:/root/aerostack2_ws/install/as2_swarm_fusion_ci:/root/aerostack2_ws/install/as2_swarm_ekf:/root/aerostack2_ws/install/as2_keyboard_teleoperation:/root/aerostack2_ws/install/as2_python_api:/root/aerostack2_ws/install/as2_project_bringup:/root/aerostack2_ws/install/as2_perception:/root/aerostack2_ws/install/as2_groundray_perception:/opt/ros/humble /usr/bin/cmake /root/aerostack2_ws/src/aerostack2/as2_swarm_person_interfaces -DAMENT_CMAKE_SYMLINK_INSTALL=1 -DCMAKE_INSTALL_PREFIX=/root/aerostack2_ws/install/as2_swarm_person_interfaces
[0.128s] -- The C compiler identification is GNU 11.4.0
[0.204s] -- The CXX compiler identification is GNU 11.4.0
[0.212s] -- Detecting C compiler ABI info
[0.275s] -- Detecting C compiler ABI info - done
[0.280s] -- Check for working C compiler: /usr/bin/cc - skipped
[0.281s] -- Detecting C compile features
[0.281s] -- Detecting C compile features - done
[0.285s] -- Detecting CXX compiler ABI info
[0.353s] -- Detecting CXX compiler ABI info - done
[0.358s] -- Check for working CXX compiler: /usr/bin/c++ - skipped
[0.358s] -- Detecting CXX compile features
[0.358s] -- Detecting CXX compile features - done
[0.371s] -- Found ament_cmake: 1.3.12 (/opt/ros/humble/share/ament_cmake/cmake)
[0.514s] -- Found Python3: /usr/bin/python3 (found version "3.10.12") found components: Interpreter 
[0.578s] -- Override CMake install command with custom implementation using symlinks instead of copying resources
[0.651s] -- Found rosidl_default_generators: 1.2.0 (/opt/ros/humble/share/rosidl_default_generators/cmake)
[0.662s] -- Using all available rosidl_typesupport_c: rosidl_typesupport_fastrtps_c;rosidl_typesupport_introspection_c
[0.678s] -- Found rosidl_adapter: 3.1.7 (/opt/ros/humble/share/rosidl_adapter/cmake)
[0.751s] -- Using all available rosidl_typesupport_cpp: rosidl_typesupport_fastrtps_cpp;rosidl_typesupport_introspection_cpp
[0.805s] -- Found std_msgs: 4.9.0 (/opt/ros/humble/share/std_msgs/cmake)
[0.844s] -- Found geometry_msgs: 4.9.0 (/opt/ros/humble/share/geometry_msgs/cmake)
[1.088s] -- Found ament_cmake_ros: 0.10.0 (/opt/ros/humble/share/ament_cmake_ros/cmake)
[1.299s] -- Using all available rosidl_typesupport_c: rosidl_typesupport_fastrtps_c;rosidl_typesupport_introspection_c
[1.563s] -- Using all available rosidl_typesupport_cpp: rosidl_typesupport_fastrtps_cpp;rosidl_typesupport_introspection_cpp
[1.584s] -- Found PythonInterp: /usr/bin/python3 (found suitable version "3.10.12", minimum required is "3.6") 
[1.588s] -- Found python_cmake_module: 0.10.0 (/opt/ros/humble/share/python_cmake_module/cmake)
[1.615s] -- Found PythonLibs: /usr/lib/x86_64-linux-gnu/libpython3.10.so (found suitable version "3.10.12", minimum required is "3.5") 
[1.615s] -- Using PYTHON_EXECUTABLE: /usr/bin/python3
[1.615s] -- Using PYTHON_INCLUDE_DIRS: /usr/include/python3.10
[1.615s] -- Using PYTHON_LIBRARIES: /usr/lib/x86_64-linux-gnu/libpython3.10.so
[1.637s] -- Found PythonExtra: .so  
[1.717s] -- Configuring done
[1.741s] -- Generating done
[1.750s] -- Build files have been written to: /root/aerostack2_ws/build/as2_swarm_person_interfaces
[1.756s] Invoked command in '/root/aerostack2_ws/build/as2_swarm_person_interfaces' returned '0': CMAKE_PREFIX_PATH=${CMAKE_PREFIX_PATH}:/root/aerostack2_ws/install/rmf_demos_tasks:/root/aerostack2_ws/install/rmf_demos_panel:/root/aerostack2_ws/install/rmf_demos_fleet_adapter:/root/aerostack2_ws/install/rmf_demos_dashboard_resources:/root/aerostack2_ws/install/rmf_demos_bridges:/root/aerostack2_ws/install/rmf_demos_assets:/root/aerostack2_ws/install/as2_visualization:/root/aerostack2_ws/install/as2_swarm_perception:/root/aerostack2_ws/install/as2_swarm_fusion_ci:/root/aerostack2_ws/install/as2_swarm_ekf:/root/aerostack2_ws/install/as2_keyboard_teleoperation:/root/aerostack2_ws/install/as2_python_api:/root/aerostack2_ws/install/as2_project_bringup:/root/aerostack2_ws/install/as2_perception:/root/aerostack2_ws/install/as2_groundray_perception:/opt/ros/humble /usr/bin/cmake /root/aerostack2_ws/src/aerostack2/as2_swarm_person_interfaces -DAMENT_CMAKE_SYMLINK_INSTALL=1 -DCMAKE_INSTALL_PREFIX=/root/aerostack2_ws/install/as2_swarm_person_interfaces
[1.758s] Invoking command in '/root/aerostack2_ws/build/as2_swarm_person_interfaces': CMAKE_PREFIX_PATH=${CMAKE_PREFIX_PATH}:/root/aerostack2_ws/install/rmf_demos_tasks:/root/aerostack2_ws/install/rmf_demos_panel:/root/aerostack2_ws/install/rmf_demos_fleet_adapter:/root/aerostack2_ws/install/rmf_demos_dashboard_resources:/root/aerostack2_ws/install/rmf_demos_bridges:/root/aerostack2_ws/install/rmf_demos_assets:/root/aerostack2_ws/install/as2_visualization:/root/aerostack2_ws/install/as2_swarm_perception:/root/aerostack2_ws/install/as2_swarm_fusion_ci:/root/aerostack2_ws/install/as2_swarm_ekf:/root/aerostack2_ws/install/as2_keyboard_teleoperation:/root/aerostack2_ws/install/as2_python_api:/root/aerostack2_ws/install/as2_project_bringup:/root/aerostack2_ws/install/as2_perception:/root/aerostack2_ws/install/as2_groundray_perception:/opt/ros/humble /usr/bin/cmake --build /root/aerostack2_ws/build/as2_swarm_person_interfaces -- -j8 -l8
[1.792s] [  2%] [34m[1mGenerating C code for ROS interfaces[0m
[1.802s] [  5%] [34m[1mGenerating C++ code for ROS interfaces[0m
[1.809s] [  5%] Built target ament_cmake_python_symlink_as2_swarm_person_interfaces
[2.059s] running egg_info
[2.060s] creating as2_swarm_person_interfaces.egg-info
[2.060s] writing as2_swarm_person_interfaces.egg-info/PKG-INFO
[2.060s] writing dependency_links to as2_swarm_person_interfaces.egg-info/dependency_links.txt
[2.061s] writing top-level names to as2_swarm_person_interfaces.egg-info/top_level.txt
[2.062s] writing manifest file 'as2_swarm_person_interfaces.egg-info/SOURCES.txt'
[2.067s] reading manifest file 'as2_swarm_person_interfaces.egg-info/SOURCES.txt'
[2.071s] writing manifest file 'as2_swarm_person_interfaces.egg-info/SOURCES.txt'
[2.090s] [  7%] [32mBuilding C object CMakeFiles/as2_swarm_person_interfaces__rosidl_generator_c.dir/rosidl_generator_c/as2_swarm_person_interfaces/msg/detail/tracked_person__functions.c.o[0m
[2.091s] [ 10%] [32mBuilding C object CMakeFiles/as2_swarm_person_interfaces__rosidl_generator_c.dir/rosidl_generator_c/as2_swarm_person_interfaces/msg/detail/tracked_person_array__functions.c.o[0m
[2.091s] [ 10%] Built target as2_swarm_person_interfaces__cpp
[2.104s] [ 10%] Built target ament_cmake_python_build_as2_swarm_person_interfaces_egg
[2.104s] [ 12%] [34m[1mGenerating C++ type support dispatch for ROS interfaces[0m
[2.104s] [ 15%] [34m[1mGenerating C++ type support for eProsima Fast-RTPS[0m
[2.106s] [ 17%] [34m[1mGenerating C++ introspection for ROS interfaces[0m
[2.163s] [ 20%] [32m[1mLinking C shared library libas2_swarm_person_interfaces__rosidl_generator_c.so[0m
[2.201s] [ 20%] Built target as2_swarm_person_interfaces__rosidl_generator_c
[2.212s] [ 23%] [34m[1mGenerating C type support for eProsima Fast-RTPS[0m
[2.218s] [ 28%] [34m[1mGenerating C type support dispatch for ROS interfaces[0m
[2.218s] [ 28%] [34m[1mGenerating C introspection for ROS interfaces[0m
[2.388s] [ 30%] [32mBuilding CXX object CMakeFiles/as2_swarm_person_interfaces__rosidl_typesupport_cpp.dir/rosidl_typesupport_cpp/as2_swarm_person_interfaces/msg/tracked_person__type_support.cpp.o[0m
[2.389s] [ 33%] [32mBuilding CXX object CMakeFiles/as2_swarm_person_interfaces__rosidl_typesupport_cpp.dir/rosidl_typesupport_cpp/as2_swarm_person_interfaces/msg/tracked_person_array__type_support.cpp.o[0m
[2.455s] [ 35%] [32mBuilding CXX object CMakeFiles/as2_swarm_person_interfaces__rosidl_typesupport_introspection_cpp.dir/rosidl_typesupport_introspection_cpp/as2_swarm_person_interfaces/msg/detail/tracked_person_array__type_support.cpp.o[0m
[2.461s] [ 38%] [32mBuilding CXX object CMakeFiles/as2_swarm_person_interfaces__rosidl_typesupport_introspection_cpp.dir/rosidl_typesupport_introspection_cpp/as2_swarm_person_interfaces/msg/detail/tracked_person__type_support.cpp.o[0m
[2.531s] [ 41%] [32mBuilding CXX object CMakeFiles/as2_swarm_person_interfaces__rosidl_typesupport_fastrtps_cpp.dir/rosidl_typesupport_fastrtps_cpp/as2_swarm_person_interfaces/msg/detail/dds_fastrtps/tracked_person__type_support.cpp.o[0m
[2.624s] [ 43%] [32mBuilding CXX object CMakeFiles/as2_swarm_person_interfaces__rosidl_typesupport_c.dir/rosidl_typesupport_c/as2_swarm_person_interfaces/msg/tracked_person__type_support.cpp.o[0m
[2.648s] [ 46%] [32mBuilding C object CMakeFiles/as2_swarm_person_interfaces__rosidl_typesupport_introspection_c.dir/rosidl_typesupport_introspection_c/as2_swarm_person_interfaces/msg/detail/tracked_person__type_support.c.o[0m
[2.676s] [ 48%] [32mBuilding CXX object CMakeFiles/as2_swarm_person_interfaces__rosidl_typesupport_fastrtps_c.dir/rosidl_typesupport_fastrtps_c/as2_swarm_person_interfaces/msg/detail/tracked_person__type_support_c.cpp.o[0m
[2.677s] [ 51%] [32mBuilding CXX object CMakeFiles/as2_swarm_person_interfaces__rosidl_typesupport_c.dir/rosidl_typesupport_c/as2_swarm_person_interfaces/msg/tracked_person_array__type_support.cpp.o[0m
[2.712s] [ 53%] [32mBuilding C object CMakeFiles/as2_swarm_person_interfaces__rosidl_typesupport_introspection_c.dir/rosidl_typesupport_introspection_c/as2_swarm_person_interfaces/msg/detail/tracked_person_array__type_support.c.o[0m
[2.750s] [ 56%] [32m[1mLinking CXX shared library libas2_swarm_person_interfaces__rosidl_typesupport_c.so[0m
[2.778s] [ 58%] [32m[1mLinking C shared library libas2_swarm_person_interfaces__rosidl_typesupport_introspection_c.so[0m
[2.817s] [ 58%] Built target as2_swarm_person_interfaces__rosidl_typesupport_c
[2.819s] [ 61%] [32mBuilding CXX object CMakeFiles/as2_swarm_person_interfaces__rosidl_typesupport_fastrtps_c.dir/rosidl_typesupport_fastrtps_c/as2_swarm_person_interfaces/msg/detail/tracked_person_array__type_support_c.cpp.o[0m
[2.837s] [ 64%] [32mBuilding CXX object CMakeFiles/as2_swarm_person_interfaces__rosidl_typesupport_fastrtps_cpp.dir/rosidl_typesupport_fastrtps_cpp/as2_swarm_person_interfaces/msg/detail/dds_fastrtps/tracked_person_array__type_support.cpp.o[0m
[2.842s] [ 64%] Built target as2_swarm_person_interfaces__rosidl_typesupport_introspection_c
[2.872s] [ 66%] [32m[1mLinking CXX shared library libas2_swarm_person_interfaces__rosidl_typesupport_cpp.so[0m
[2.990s] [ 66%] Built target as2_swarm_person_interfaces__rosidl_typesupport_cpp
[3.090s] [ 69%] [32m[1mLinking CXX shared library libas2_swarm_person_interfaces__rosidl_typesupport_introspection_cpp.so[0m
[3.169s] [ 69%] Built target as2_swarm_person_interfaces__rosidl_typesupport_introspection_cpp
[3.193s] [ 71%] [32m[1mLinking CXX shared library libas2_swarm_person_interfaces__rosidl_typesupport_fastrtps_c.so[0m
[3.260s] [ 71%] Built target as2_swarm_person_interfaces__rosidl_typesupport_fastrtps_c
[3.317s] [ 74%] [32m[1mLinking CXX shared library libas2_swarm_person_interfaces__rosidl_typesupport_fastrtps_cpp.so[0m
[3.377s] [ 74%] Built target as2_swarm_person_interfaces__rosidl_typesupport_fastrtps_cpp
[3.396s] [ 74%] Built target as2_swarm_person_interfaces
[3.415s] [ 76%] [34m[1mGenerating Python code for ROS interfaces[0m
[3.706s] [ 76%] Built target as2_swarm_person_interfaces__py
[3.723s] [ 79%] [32mBuilding C object CMakeFiles/as2_swarm_person_interfaces__rosidl_generator_py.dir/rosidl_generator_py/as2_swarm_person_interfaces/msg/_tracked_person_s.c.o[0m
[3.723s] [ 82%] [32mBuilding C object CMakeFiles/as2_swarm_person_interfaces__rosidl_generator_py.dir/rosidl_generator_py/as2_swarm_person_interfaces/msg/_tracked_person_array_s.c.o[0m
[3.816s] [ 84%] [32m[1mLinking C shared library rosidl_generator_py/as2_swarm_person_interfaces/libas2_swarm_person_interfaces__rosidl_generator_py.so[0m
[3.852s] [ 84%] Built target as2_swarm_person_interfaces__rosidl_generator_py
[3.870s] [ 92%] [32mBuilding C object CMakeFiles/as2_swarm_person_interfaces__rosidl_typesupport_introspection_c__pyext.dir/rosidl_generator_py/as2_swarm_person_interfaces/_as2_swarm_person_interfaces_s.ep.rosidl_typesupport_introspection_c.c.o[0m
[3.870s] [ 92%] [32mBuilding C object CMakeFiles/as2_swarm_person_interfaces__rosidl_typesupport_c__pyext.dir/rosidl_generator_py/as2_swarm_person_interfaces/_as2_swarm_person_interfaces_s.ep.rosidl_typesupport_c.c.o[0m
[3.870s] [ 92%] [32mBuilding C object CMakeFiles/as2_swarm_person_interfaces__rosidl_typesupport_fastrtps_c__pyext.dir/rosidl_generator_py/as2_swarm_person_interfaces/_as2_swarm_person_interfaces_s.ep.rosidl_typesupport_fastrtps_c.c.o[0m
[3.953s] [ 97%] [32m[1mLinking C shared library rosidl_generator_py/as2_swarm_person_interfaces/as2_swarm_person_interfaces_s__rosidl_typesupport_fastrtps_c.cpython-310-x86_64-linux-gnu.so[0m
[3.954s] [ 97%] [32m[1mLinking C shared library rosidl_generator_py/as2_swarm_person_interfaces/as2_swarm_person_interfaces_s__rosidl_typesupport_introspection_c.cpython-310-x86_64-linux-gnu.so[0m
[3.955s] [100%] [32m[1mLinking C shared library rosidl_generator_py/as2_swarm_person_interfaces/as2_swarm_person_interfaces_s__rosidl_typesupport_c.cpython-310-x86_64-linux-gnu.so[0m
[3.986s] [100%] Built target as2_swarm_person_interfaces__rosidl_typesupport_c__pyext
[3.986s] [100%] Built target as2_swarm_person_interfaces__rosidl_typesupport_fastrtps_c__pyext
[3.986s] [100%] Built target as2_swarm_person_interfaces__rosidl_typesupport_introspection_c__pyext
[3.996s] Invoked command in '/root/aerostack2_ws/build/as2_swarm_person_interfaces' returned '0': CMAKE_PREFIX_PATH=${CMAKE_PREFIX_PATH}:/root/aerostack2_ws/install/rmf_demos_tasks:/root/aerostack2_ws/install/rmf_demos_panel:/root/aerostack2_ws/install/rmf_demos_fleet_adapter:/root/aerostack2_ws/install/rmf_demos_dashboard_resources:/root/aerostack2_ws/install/rmf_demos_bridges:/root/aerostack2_ws/install/rmf_demos_assets:/root/aerostack2_ws/install/as2_visualization:/root/aerostack2_ws/install/as2_swarm_perception:/root/aerostack2_ws/install/as2_swarm_fusion_ci:/root/aerostack2_ws/install/as2_swarm_ekf:/root/aerostack2_ws/install/as2_keyboard_teleoperation:/root/aerostack2_ws/install/as2_python_api:/root/aerostack2_ws/install/as2_project_bringup:/root/aerostack2_ws/install/as2_perception:/root/aerostack2_ws/install/as2_groundray_perception:/opt/ros/humble /usr/bin/cmake --build /root/aerostack2_ws/build/as2_swarm_person_interfaces -- -j8 -l8
[4.004s] Invoking command in '/root/aerostack2_ws/build/as2_swarm_person_interfaces': CMAKE_PREFIX_PATH=${CMAKE_PREFIX_PATH}:/root/aerostack2_ws/install/rmf_demos_tasks:/root/aerostack2_ws/install/rmf_demos_panel:/root/aerostack2_ws/install/rmf_demos_fleet_adapter:/root/aerostack2_ws/install/rmf_demos_dashboard_resources:/root/aerostack2_ws/install/rmf_demos_bridges:/root/aerostack2_ws/install/rmf_demos_assets:/root/aerostack2_ws/install/as2_visualization:/root/aerostack2_ws/install/as2_swarm_perception:/root/aerostack2_ws/install/as2_swarm_fusion_ci:/root/aerostack2_ws/install/as2_swarm_ekf:/root/aerostack2_ws/install/as2_keyboard_teleoperation:/root/aerostack2_ws/install/as2_python_api:/root/aerostack2_ws/install/as2_project_bringup:/root/aerostack2_ws/install/as2_perception:/root/aerostack2_ws/install/as2_groundray_perception:/opt/ros/humble /usr/bin/cmake --install /root/aerostack2_ws/build/as2_swarm_person_interfaces
[4.011s] -- Install configuration: ""
[4.011s] -- Execute custom install script
[4.011s] -- Symlinking: /root/aerostack2_ws/install/as2_swarm_person_interfaces/share/ament_index/resource_index/rosidl_interfaces/as2_swarm_person_interfaces
[4.019s] -- Symlinking: /root/aerostack2_ws/install/as2_swarm_person_interfaces/include/as2_swarm_person_interfaces/as2_swarm_person_interfaces/msg/detail/tracked_person__functions.h
[4.026s] -- Symlinking: /root/aerostack2_ws/install/as2_swarm_person_interfaces/include/as2_swarm_person_interfaces/as2_swarm_person_interfaces/msg/detail/tracked_person__struct.h
[4.033s] -- Symlinking: /root/aerostack2_ws/install/as2_swarm_person_interfaces/include/as2_swarm_person_interfaces/as2_swarm_person_interfaces/msg/detail/tracked_person__type_support.h
[4.040s] -- Symlinking: /root/aerostack2_ws/install/as2_swarm_person_interfaces/include/as2_swarm_person_interfaces/as2_swarm_person_interfaces/msg/detail/tracked_person_array__functions.h
[4.047s] -- Symlinking: /root/aerostack2_ws/install/as2_swarm_person_interfaces/include/as2_swarm_person_interfaces/as2_swarm_person_interfaces/msg/detail/tracked_person_array__struct.h
[4.056s] -- Symlinking: /root/aerostack2_ws/install/as2_swarm_person_interfaces/include/as2_swarm_person_interfaces/as2_swarm_person_interfaces/msg/detail/tracked_person_array__type_support.h
[4.062s] -- Symlinking: /root/aerostack2_ws/install/as2_swarm_person_interfaces/include/as2_swarm_person_interfaces/as2_swarm_person_interfaces/msg/rosidl_generator_c__visibility_control.h
[4.070s] -- Symlinking: /root/aerostack2_ws/install/as2_swarm_person_interfaces/include/as2_swarm_person_interfaces/as2_swarm_person_interfaces/msg/tracked_person.h
[4.076s] -- Symlinking: /root/aerostack2_ws/install/as2_swarm_person_interfaces/include/as2_swarm_person_interfaces/as2_swarm_person_interfaces/msg/tracked_person_array.h
[4.083s] -- Symlinking: /root/aerostack2_ws/install/as2_swarm_person_interfaces/share/as2_swarm_person_interfaces/environment/library_path.sh
[4.089s] -- Symlinking: /root/aerostack2_ws/install/as2_swarm_person_interfaces/share/as2_swarm_person_interfaces/environment/library_path.dsv
[4.096s] -- Symlinking: /root/aerostack2_ws/install/as2_swarm_person_interfaces/include/as2_swarm_person_interfaces/as2_swarm_person_interfaces/msg/detail/tracked_person__rosidl_typesupport_fastrtps_c.h
[4.103s] -- Symlinking: /root/aerostack2_ws/install/as2_swarm_person_interfaces/include/as2_swarm_person_interfaces/as2_swarm_person_interfaces/msg/detail/tracked_person_array__rosidl_typesupport_fastrtps_c.h
[4.109s] -- Symlinking: /root/aerostack2_ws/install/as2_swarm_person_interfaces/include/as2_swarm_person_interfaces/as2_swarm_person_interfaces/msg/rosidl_typesupport_fastrtps_c__visibility_control.h
[4.116s] -- Symlinking: /root/aerostack2_ws/install/as2_swarm_person_interfaces/include/as2_swarm_person_interfaces/as2_swarm_person_interfaces/msg/detail/tracked_person__rosidl_typesupport_introspection_c.h
[4.122s] -- Symlinking: /root/aerostack2_ws/install/as2_swarm_person_interfaces/include/as2_swarm_person_interfaces/as2_swarm_person_interfaces/msg/detail/tracked_person_array__rosidl_typesupport_introspection_c.h
[4.129s] -- Symlinking: /root/aerostack2_ws/install/as2_swarm_person_interfaces/include/as2_swarm_person_interfaces/as2_swarm_person_interfaces/msg/rosidl_typesupport_introspection_c__visibility_control.h
[4.137s] -- Symlinking: /root/aerostack2_ws/install/as2_swarm_person_interfaces/include/as2_swarm_person_interfaces/as2_swarm_person_interfaces/msg/detail/tracked_person__builder.hpp
[4.144s] -- Symlinking: /root/aerostack2_ws/install/as2_swarm_person_interfaces/include/as2_swarm_person_interfaces/as2_swarm_person_interfaces/msg/detail/tracked_person__struct.hpp
[4.152s] -- Symlinking: /root/aerostack2_ws/install/as2_swarm_person_interfaces/include/as2_swarm_person_interfaces/as2_swarm_person_interfaces/msg/detail/tracked_person__traits.hpp
[4.159s] -- Symlinking: /root/aerostack2_ws/install/as2_swarm_person_interfaces/include/as2_swarm_person_interfaces/as2_swarm_person_interfaces/msg/detail/tracked_person__type_support.hpp
[4.166s] -- Symlinking: /root/aerostack2_ws/install/as2_swarm_person_interfaces/include/as2_swarm_person_interfaces/as2_swarm_person_interfaces/msg/detail/tracked_person_array__builder.hpp
[4.173s] -- Symlinking: /root/aerostack2_ws/install/as2_swarm_person_interfaces/include/as2_swarm_person_interfaces/as2_swarm_person_interfaces/msg/detail/tracked_person_array__struct.hpp
[4.178s] -- Symlinking: /root/aerostack2_ws/install/as2_swarm_person_interfaces/include/as2_swarm_person_interfaces/as2_swarm_person_interfaces/msg/detail/tracked_person_array__traits.hpp
[4.186s] -- Symlinking: /root/aerostack2_ws/install/as2_swarm_person_interfaces/include/as2_swarm_person_interfaces/as2_swarm_person_interfaces/msg/detail/tracked_person_array__type_support.hpp
[4.192s] -- Symlinking: /root/aerostack2_ws/install/as2_swarm_person_interfaces/include/as2_swarm_person_interfaces/as2_swarm_person_interfaces/msg/rosidl_generator_cpp__visibility_control.hpp
[4.199s] -- Symlinking: /root/aerostack2_ws/install/as2_swarm_person_interfaces/include/as2_swarm_person_interfaces/as2_swarm_person_interfaces/msg/tracked_person.hpp
[4.205s] -- Symlinking: /root/aerostack2_ws/install/as2_swarm_person_interfaces/include/as2_swarm_person_interfaces/as2_swarm_person_interfaces/msg/tracked_person_array.hpp
[4.212s] -- Symlinking: /root/aerostack2_ws/install/as2_swarm_person_interfaces/include/as2_swarm_person_interfaces/as2_swarm_person_interfaces/msg/detail/tracked_person__rosidl_typesupport_fastrtps_cpp.hpp
[4.219s] -- Symlinking: /root/aerostack2_ws/install/as2_swarm_person_interfaces/include/as2_swarm_person_interfaces/as2_swarm_person_interfaces/msg/detail/tracked_person_array__rosidl_typesupport_fastrtps_cpp.hpp
[4.225s] -- Symlinking: /root/aerostack2_ws/install/as2_swarm_person_interfaces/include/as2_swarm_person_interfaces/as2_swarm_person_interfaces/msg/rosidl_typesupport_fastrtps_cpp__visibility_control.h
[4.232s] -- Symlinking: /root/aerostack2_ws/install/as2_swarm_person_interfaces/include/as2_swarm_person_interfaces/as2_swarm_person_interfaces/msg/detail/tracked_person__rosidl_typesupport_introspection_cpp.hpp
[4.239s] -- Symlinking: /root/aerostack2_ws/install/as2_swarm_person_interfaces/include/as2_swarm_person_interfaces/as2_swarm_person_interfaces/msg/detail/tracked_person_array__rosidl_typesupport_introspection_cpp.hpp
[4.245s] -- Symlinking: /root/aerostack2_ws/install/as2_swarm_person_interfaces/share/as2_swarm_person_interfaces/environment/pythonpath.sh
[4.254s] -- Symlinking: /root/aerostack2_ws/install/as2_swarm_person_interfaces/share/as2_swarm_person_interfaces/environment/pythonpath.dsv
[4.260s] -- Symlinking: /root/aerostack2_ws/install/as2_swarm_person_interfaces/local/lib/python3.10/dist-packages/as2_swarm_person_interfaces-0.0.0-py3.10.egg-info/PKG-INFO
[4.268s] -- Symlinking: /root/aerostack2_ws/install/as2_swarm_person_interfaces/local/lib/python3.10/dist-packages/as2_swarm_person_interfaces-0.0.0-py3.10.egg-info/SOURCES.txt
[4.274s] -- Symlinking: /root/aerostack2_ws/install/as2_swarm_person_interfaces/local/lib/python3.10/dist-packages/as2_swarm_person_interfaces-0.0.0-py3.10.egg-info/dependency_links.txt
[4.280s] -- Symlinking: /root/aerostack2_ws/install/as2_swarm_person_interfaces/local/lib/python3.10/dist-packages/as2_swarm_person_interfaces-0.0.0-py3.10.egg-info/top_level.txt
[4.288s] -- Symlinking: /root/aerostack2_ws/install/as2_swarm_person_interfaces/local/lib/python3.10/dist-packages/as2_swarm_person_interfaces/__init__.py
[4.294s] -- Symlinking: /root/aerostack2_ws/install/as2_swarm_person_interfaces/local/lib/python3.10/dist-packages/as2_swarm_person_interfaces/_as2_swarm_person_interfaces_s.ep.rosidl_typesupport_c.c
[4.304s] -- Symlinking: /root/aerostack2_ws/install/as2_swarm_person_interfaces/local/lib/python3.10/dist-packages/as2_swarm_person_interfaces/_as2_swarm_person_interfaces_s.ep.rosidl_typesupport_fastrtps_c.c
[4.310s] -- Symlinking: /root/aerostack2_ws/install/as2_swarm_person_interfaces/local/lib/python3.10/dist-packages/as2_swarm_person_interfaces/_as2_swarm_person_interfaces_s.ep.rosidl_typesupport_introspection_c.c
[4.318s] -- Symlinking: /root/aerostack2_ws/install/as2_swarm_person_interfaces/local/lib/python3.10/dist-packages/as2_swarm_person_interfaces/as2_swarm_person_interfaces_s__rosidl_typesupport_c.cpython-310-x86_64-linux-gnu.so
[4.324s] -- Symlinking: /root/aerostack2_ws/install/as2_swarm_person_interfaces/local/lib/python3.10/dist-packages/as2_swarm_person_interfaces/as2_swarm_person_interfaces_s__rosidl_typesupport_fastrtps_c.cpython-310-x86_64-linux-gnu.so
[4.330s] -- Symlinking: /root/aerostack2_ws/install/as2_swarm_person_interfaces/local/lib/python3.10/dist-packages/as2_swarm_person_interfaces/as2_swarm_person_interfaces_s__rosidl_typesupport_introspection_c.cpython-310-x86_64-linux-gnu.so
[4.338s] -- Symlinking: /root/aerostack2_ws/install/as2_swarm_person_interfaces/local/lib/python3.10/dist-packages/as2_swarm_person_interfaces/libas2_swarm_person_interfaces__rosidl_generator_py.so
[4.345s] -- Symlinking: /root/aerostack2_ws/install/as2_swarm_person_interfaces/local/lib/python3.10/dist-packages/as2_swarm_person_interfaces/msg/__init__.py
[4.354s] -- Symlinking: /root/aerostack2_ws/install/as2_swarm_person_interfaces/local/lib/python3.10/dist-packages/as2_swarm_person_interfaces/msg/_tracked_person.py
[4.360s] -- Symlinking: /root/aerostack2_ws/install/as2_swarm_person_interfaces/local/lib/python3.10/dist-packages/as2_swarm_person_interfaces/msg/_tracked_person_array.py
[4.368s] -- Symlinking: /root/aerostack2_ws/install/as2_swarm_person_interfaces/local/lib/python3.10/dist-packages/as2_swarm_person_interfaces/msg/_tracked_person_array_s.c
[4.374s] -- Symlinking: /root/aerostack2_ws/install/as2_swarm_person_interfaces/local/lib/python3.10/dist-packages/as2_swarm_person_interfaces/msg/_tracked_person_s.c
[4.381s] -- Up-to-date symlink: /root/aerostack2_ws/install/as2_swarm_person_interfaces/local/lib/python3.10/dist-packages/as2_swarm_person_interfaces/as2_swarm_person_interfaces_s__rosidl_typesupport_fastrtps_c.cpython-310-x86_64-linux-gnu.so
[4.381s] -- Up-to-date symlink: /root/aerostack2_ws/install/as2_swarm_person_interfaces/local/lib/python3.10/dist-packages/as2_swarm_person_interfaces/as2_swarm_person_interfaces_s__rosidl_typesupport_introspection_c.cpython-310-x86_64-linux-gnu.so
[4.381s] -- Up-to-date symlink: /root/aerostack2_ws/install/as2_swarm_person_interfaces/local/lib/python3.10/dist-packages/as2_swarm_person_interfaces/as2_swarm_person_interfaces_s__rosidl_typesupport_c.cpython-310-x86_64-linux-gnu.so
[4.381s] -- Symlinking: /root/aerostack2_ws/install/as2_swarm_person_interfaces/share/as2_swarm_person_interfaces/msg/TrackedPerson.idl
[4.389s] -- Symlinking: /root/aerostack2_ws/install/as2_swarm_person_interfaces/share/as2_swarm_person_interfaces/msg/TrackedPersonArray.idl
[4.395s] -- Symlinking: /root/aerostack2_ws/install/as2_swarm_person_interfaces/share/as2_swarm_person_interfaces/msg/TrackedPerson.msg
[4.402s] -- Symlinking: /root/aerostack2_ws/install/as2_swarm_person_interfaces/share/as2_swarm_person_interfaces/msg/TrackedPersonArray.msg
[4.408s] -- Symlinking: /root/aerostack2_ws/install/as2_swarm_person_interfaces/share/ament_index/resource_index/package_run_dependencies/as2_swarm_person_interfaces
[4.415s] -- Symlinking: /root/aerostack2_ws/install/as2_swarm_person_interfaces/share/ament_index/resource_index/parent_prefix_path/as2_swarm_person_interfaces
[4.422s] -- Symlinking: /root/aerostack2_ws/install/as2_swarm_person_interfaces/share/as2_swarm_person_interfaces/environment/ament_prefix_path.sh
[4.428s] -- Symlinking: /root/aerostack2_ws/install/as2_swarm_person_interfaces/share/as2_swarm_person_interfaces/environment/ament_prefix_path.dsv
[4.436s] -- Symlinking: /root/aerostack2_ws/install/as2_swarm_person_interfaces/share/as2_swarm_person_interfaces/environment/path.sh
[4.442s] -- Symlinking: /root/aerostack2_ws/install/as2_swarm_person_interfaces/share/as2_swarm_person_interfaces/environment/path.dsv
[4.450s] -- Symlinking: /root/aerostack2_ws/install/as2_swarm_person_interfaces/share/as2_swarm_person_interfaces/local_setup.bash
[4.458s] -- Symlinking: /root/aerostack2_ws/install/as2_swarm_person_interfaces/share/as2_swarm_person_interfaces/local_setup.sh
[4.465s] -- Symlinking: /root/aerostack2_ws/install/as2_swarm_person_interfaces/share/as2_swarm_person_interfaces/local_setup.zsh
[4.472s] -- Symlinking: /root/aerostack2_ws/install/as2_swarm_person_interfaces/share/as2_swarm_person_interfaces/local_setup.dsv
[4.478s] -- Symlinking: /root/aerostack2_ws/install/as2_swarm_person_interfaces/share/as2_swarm_person_interfaces/package.dsv
[4.486s] -- Symlinking: /root/aerostack2_ws/install/as2_swarm_person_interfaces/share/ament_index/resource_index/packages/as2_swarm_person_interfaces
[4.492s] -- Symlinking: /root/aerostack2_ws/install/as2_swarm_person_interfaces/share/as2_swarm_person_interfaces/cmake/rosidl_cmake-extras.cmake
[4.499s] -- Symlinking: /root/aerostack2_ws/install/as2_swarm_person_interfaces/share/as2_swarm_person_interfaces/cmake/ament_cmake_export_dependencies-extras.cmake
[4.506s] -- Symlinking: /root/aerostack2_ws/install/as2_swarm_person_interfaces/share/as2_swarm_person_interfaces/cmake/ament_cmake_export_include_directories-extras.cmake
[4.512s] -- Symlinking: /root/aerostack2_ws/install/as2_swarm_person_interfaces/share/as2_swarm_person_interfaces/cmake/ament_cmake_export_libraries-extras.cmake
[4.519s] -- Symlinking: /root/aerostack2_ws/install/as2_swarm_person_interfaces/share/as2_swarm_person_interfaces/cmake/ament_cmake_export_targets-extras.cmake
[4.526s] -- Symlinking: /root/aerostack2_ws/install/as2_swarm_person_interfaces/share/as2_swarm_person_interfaces/cmake/rosidl_cmake_export_typesupport_targets-extras.cmake
[4.533s] -- Symlinking: /root/aerostack2_ws/install/as2_swarm_person_interfaces/share/as2_swarm_person_interfaces/cmake/rosidl_cmake_export_typesupport_libraries-extras.cmake
[4.541s] -- Symlinking: /root/aerostack2_ws/install/as2_swarm_person_interfaces/share/as2_swarm_person_interfaces/cmake/as2_swarm_person_interfacesConfig.cmake
[4.550s] -- Symlinking: /root/aerostack2_ws/install/as2_swarm_person_interfaces/share/as2_swarm_person_interfaces/cmake/as2_swarm_person_interfacesConfig-version.cmake
[4.558s] -- Symlinking: /root/aerostack2_ws/install/as2_swarm_person_interfaces/share/as2_swarm_person_interfaces/package.xml
[4.564s] -- Installing: /root/aerostack2_ws/install/as2_swarm_person_interfaces/lib/libas2_swarm_person_interfaces__rosidl_generator_c.so
[4.565s] -- Set runtime path of "/root/aerostack2_ws/install/as2_swarm_person_interfaces/lib/libas2_swarm_person_interfaces__rosidl_generator_c.so" to ""
[4.565s] -- Installing: /root/aerostack2_ws/install/as2_swarm_person_interfaces/lib/libas2_swarm_person_interfaces__rosidl_typesupport_fastrtps_c.so
[4.565s] -- Set runtime path of "/root/aerostack2_ws/install/as2_swarm_person_interfaces/lib/libas2_swarm_person_interfaces__rosidl_typesupport_fastrtps_c.so" to ""
[4.565s] -- Installing: /root/aerostack2_ws/install/as2_swarm_person_interfaces/lib/libas2_swarm_person_interfaces__rosidl_typesupport_introspection_c.so
[4.565s] -- Set runtime path of "/root/aerostack2_ws/install/as2_swarm_person_interfaces/lib/libas2_swarm_person_interfaces__rosidl_typesupport_introspection_c.so" to ""
[4.565s] -- Installing: /root/aerostack2_ws/install/as2_swarm_person_interfaces/lib/libas2_swarm_person_interfaces__rosidl_typesupport_c.so
[4.566s] -- Set runtime path of "/root/aerostack2_ws/install/as2_swarm_person_interfaces/lib/libas2_swarm_person_interfaces__rosidl_typesupport_c.so" to ""
[4.566s] -- Installing: /root/aerostack2_ws/install/as2_swarm_person_interfaces/lib/libas2_swarm_person_interfaces__rosidl_typesupport_fastrtps_cpp.so
[4.566s] -- Set runtime path of "/root/aerostack2_ws/install/as2_swarm_person_interfaces/lib/libas2_swarm_person_interfaces__rosidl_typesupport_fastrtps_cpp.so" to ""
[4.566s] -- Installing: /root/aerostack2_ws/install/as2_swarm_person_interfaces/lib/libas2_swarm_person_interfaces__rosidl_typesupport_introspection_cpp.so
[4.566s] -- Set runtime path of "/root/aerostack2_ws/install/as2_swarm_person_interfaces/lib/libas2_swarm_person_interfaces__rosidl_typesupport_introspection_cpp.so" to ""
[4.566s] -- Installing: /root/aerostack2_ws/install/as2_swarm_person_interfaces/lib/libas2_swarm_person_interfaces__rosidl_typesupport_cpp.so
[4.566s] -- Set runtime path of "/root/aerostack2_ws/install/as2_swarm_person_interfaces/lib/libas2_swarm_person_interfaces__rosidl_typesupport_cpp.so" to ""
[4.601s] Listing '/root/aerostack2_ws/install/as2_swarm_person_interfaces/local/lib/python3.10/dist-packages/as2_swarm_person_interfaces'...
[4.601s] Compiling '/root/aerostack2_ws/install/as2_swarm_person_interfaces/local/lib/python3.10/dist-packages/as2_swarm_person_interfaces/__init__.py'...
[4.601s] Listing '/root/aerostack2_ws/install/as2_swarm_person_interfaces/local/lib/python3.10/dist-packages/as2_swarm_person_interfaces/msg'...
[4.601s] Compiling '/root/aerostack2_ws/install/as2_swarm_person_interfaces/local/lib/python3.10/dist-packages/as2_swarm_person_interfaces/msg/__init__.py'...
[4.601s] Compiling '/root/aerostack2_ws/install/as2_swarm_person_interfaces/local/lib/python3.10/dist-packages/as2_swarm_person_interfaces/msg/_tracked_person.py'...
[4.601s] Compiling '/root/aerostack2_ws/install/as2_swarm_person_interfaces/local/lib/python3.10/dist-packages/as2_swarm_person_interfaces/msg/_tracked_person_array.py'...
[4.605s] -- Installing: /root/aerostack2_ws/install/as2_swarm_person_interfaces/lib/libas2_swarm_person_interfaces__rosidl_generator_py.so
[4.605s] -- Set runtime path of "/root/aerostack2_ws/install/as2_swarm_person_interfaces/lib/libas2_swarm_person_interfaces__rosidl_generator_py.so" to ""
[4.605s] -- Installing: /root/aerostack2_ws/install/as2_swarm_person_interfaces/share/as2_swarm_person_interfaces/cmake/export_as2_swarm_person_interfaces__rosidl_generator_cExport.cmake
[4.605s] -- Installing: /root/aerostack2_ws/install/as2_swarm_person_interfaces/share/as2_swarm_person_interfaces/cmake/export_as2_swarm_person_interfaces__rosidl_generator_cExport-noconfig.cmake
[4.605s] -- Installing: /root/aerostack2_ws/install/as2_swarm_person_interfaces/share/as2_swarm_person_interfaces/cmake/export_as2_swarm_person_interfaces__rosidl_typesupport_fastrtps_cExport.cmake
[4.605s] -- Installing: /root/aerostack2_ws/install/as2_swarm_person_interfaces/share/as2_swarm_person_interfaces/cmake/export_as2_swarm_person_interfaces__rosidl_typesupport_fastrtps_cExport-noconfig.cmake
[4.605s] -- Installing: /root/aerostack2_ws/install/as2_swarm_person_interfaces/share/as2_swarm_person_interfaces/cmake/as2_swarm_person_interfaces__rosidl_typesupport_introspection_cExport.cmake
[4.605s] -- Installing: /root/aerostack2_ws/install/as2_swarm_person_interfaces/share/as2_swarm_person_interfaces/cmake/as2_swarm_person_interfaces__rosidl_typesupport_introspection_cExport-noconfig.cmake
[4.605s] -- Installing: /root/aerostack2_ws/install/as2_swarm_person_interfaces/share/as2_swarm_person_interfaces/cmake/as2_swarm_person_interfaces__rosidl_typesupport_cExport.cmake
[4.606s] -- Installing: /root/aerostack2_ws/install/as2_swarm_person_interfaces/share/as2_swarm_person_interfaces/cmake/as2_swarm_person_interfaces__rosidl_typesupport_cExport-noconfig.cmake
[4.606s] -- Installing: /root/aerostack2_ws/install/as2_swarm_person_interfaces/share/as2_swarm_person_interfaces/cmake/export_as2_swarm_person_interfaces__rosidl_generator_cppExport.cmake
[4.606s] -- Installing: /root/aerostack2_ws/install/as2_swarm_person_interfaces/share/as2_swarm_person_interfaces/cmake/export_as2_swarm_person_interfaces__rosidl_typesupport_fastrtps_cppExport.cmake
[4.606s] -- Installing: /root/aerostack2_ws/install/as2_swarm_person_interfaces/share/as2_swarm_person_interfaces/cmake/export_as2_swarm_person_interfaces__rosidl_typesupport_fastrtps_cppExport-noconfig.cmake
[4.606s] -- Installing: /root/aerostack2_ws/install/as2_swarm_person_interfaces/share/as2_swarm_person_interfaces/cmake/as2_swarm_person_interfaces__rosidl_typesupport_introspection_cppExport.cmake
[4.606s] -- Installing: /root/aerostack2_ws/install/as2_swarm_person_interfaces/share/as2_swarm_person_interfaces/cmake/as2_swarm_person_interfaces__rosidl_typesupport_introspection_cppExport-noconfig.cmake
[4.606s] -- Installing: /root/aerostack2_ws/install/as2_swarm_person_interfaces/share/as2_swarm_person_interfaces/cmake/as2_swarm_person_interfaces__rosidl_typesupport_cppExport.cmake
[4.606s] -- Installing: /root/aerostack2_ws/install/as2_swarm_person_interfaces/share/as2_swarm_person_interfaces/cmake/as2_swarm_person_interfaces__rosidl_typesupport_cppExport-noconfig.cmake
[4.606s] -- Installing: /root/aerostack2_ws/install/as2_swarm_person_interfaces/share/as2_swarm_person_interfaces/cmake/export_as2_swarm_person_interfaces__rosidl_generator_pyExport.cmake
[4.606s] -- Installing: /root/aerostack2_ws/install/as2_swarm_person_interfaces/share/as2_swarm_person_interfaces/cmake/export_as2_swarm_person_interfaces__rosidl_generator_pyExport-noconfig.cmake
[4.608s] Invoked command in '/root/aerostack2_ws/build/as2_swarm_person_interfaces' returned '0': CMAKE_PREFIX_PATH=${CMAKE_PREFIX_PATH}:/root/aerostack2_ws/install/rmf_demos_tasks:/root/aerostack2_ws/install/rmf_demos_panel:/root/aerostack2_ws/install/rmf_demos_fleet_adapter:/root/aerostack2_ws/install/rmf_demos_dashboard_resources:/root/aerostack2_ws/install/rmf_demos_bridges:/root/aerostack2_ws/install/rmf_demos_assets:/root/aerostack2_ws/install/as2_visualization:/root/aerostack2_ws/install/as2_swarm_perception:/root/aerostack2_ws/install/as2_swarm_fusion_ci:/root/aerostack2_ws/install/as2_swarm_ekf:/root/aerostack2_ws/install/as2_keyboard_teleoperation:/root/aerostack2_ws/install/as2_python_api:/root/aerostack2_ws/install/as2_project_bringup:/root/aerostack2_ws/install/as2_perception:/root/aerostack2_ws/install/as2_groundray_perception:/opt/ros/humble /usr/bin/cmake --install /root/aerostack2_ws/build/as2_swarm_person_interfaces
