[0.009s] Invoking command in '/root/aerostack2_ws/build/as2_core': CMAKE_PREFIX_PATH=/root/aerostack2_ws/install/as2_msgs:/root/aerostack2_ws/install/aerostack2:/root/aerostack2_ws/install/as2_usb_camera_interface:/root/aerostack2_ws/install/as2_state_estimator:/root/aerostack2_ws/install/as2_rviz_plugins:/root/aerostack2_ws/install/as2_platform_multirotor_simulator:/root/aerostack2_ws/install/as2_platform_gazebo:/root/aerostack2_ws/install/as2_motion_controller:/root/aerostack2_ws/install/as2_behaviors_trajectory_generation:/root/aerostack2_ws/install/as2_behaviors_swarm_flocking:/root/aerostack2_ws/install/as2_behaviors_motion:/root/aerostack2_ws/install/as2_motion_reference_handlers:/root/aerostack2_ws/install/as2_map_server:/root/aerostack2_ws/install/as2_geozones:/root/aerostack2_ws/install/as2_gazebo_assets:/root/aerostack2_ws/install/as2_external_object_to_tf:/root/aerostack2_ws/install/as2_behaviors_platform:/root/aerostack2_ws/install/as2_behaviors_perception:/root/aerostack2_ws/install/as2_behaviors_path_planning:/root/aerostack2_ws/install/as2_behavior_tree:/root/aerostack2_ws/install/as2_behavior:/root/aerostack2_ws/install/as2_alphanumeric_viewer:/root/aerostack2_ws/install/as2_core:/root/aerostack2_ws/install/as2_cli:/root/aerostack2_ws/src/aerostack2/install/as2_realsense_interface:/root/aerostack2_ws/src/aerostack2/install/as2_motion_reference_handlers:/root/aerostack2_ws/src/aerostack2/install/as2_map_server:/root/aerostack2_ws/src/aerostack2/install/as2_geozones:/root/aerostack2_ws/src/aerostack2/install/as2_external_object_to_tf:/root/aerostack2_ws/src/aerostack2/install/as2_behavior_tree:/root/aerostack2_ws/src/aerostack2/install/as2_behavior:/root/aerostack2_ws/src/aerostack2/install/as2_alphanumeric_viewer:/root/aerostack2_ws/src/aerostack2/install/as2_core:/root/aerostack2_ws/src/aerostack2/install/as2_msgs:/root/aerostack2_ws/install/as2_visualization:/root/aerostack2_ws/install/as2_realsense_interface:/root/aerostack2_ws/install/as2_keyboard_teleoperation:/root/aerostack2_ws/install/as2_python_api:/root/aerostack2_ws/install/as2_perception:/root/aerostack2_ws/src/aerostack2/install/as2_python_api:/root/aerostack2_ws/src/aerostack2/install/as2_cli:/opt/ros/humble LD_LIBRARY_PATH=/root/aerostack2_ws/install/as2_msgs/lib:/root/aerostack2_ws/install/as2_state_estimator/lib:/root/aerostack2_ws/install/as2_python_api/lib:/root/aerostack2_ws/install/as2_motion_controller/lib:/root/aerostack2_ws/install/as2_behaviors_trajectory_generation/lib:/root/aerostack2_ws/install/as2_behaviors_swarm_flocking/lib:/root/aerostack2_ws/install/as2_behaviors_motion/lib:/root/aerostack2_ws/install/as2_motion_reference_handlers/lib:/root/aerostack2_ws/install/as2_map_server/lib:/root/aerostack2_ws/install/as2_gazebo_assets/lib:/root/aerostack2_ws/install/as2_behaviors_perception/lib:/root/aerostack2_ws/install/as2_behaviors_path_planning/lib:/root/aerostack2_ws/install/as2_behavior_tree/lib:/root/aerostack2_ws/install/as2_behavior/lib:/root/aerostack2_ws/install/as2_core/lib:/root/aerostack2_ws/src/aerostack2/install/as2_python_api/lib:/root/aerostack2_ws/src/aerostack2/install/as2_motion_reference_handlers/lib:/root/aerostack2_ws/src/aerostack2/install/as2_map_server/lib:/root/aerostack2_ws/src/aerostack2/install/as2_behavior_tree/lib:/root/aerostack2_ws/src/aerostack2/install/as2_behavior/lib:/root/aerostack2_ws/src/aerostack2/install/as2_core/lib:/root/aerostack2_ws/src/aerostack2/install/as2_msgs/lib:/opt/ros/humble/opt/rviz_ogre_vendor/lib:/opt/ros/humble/lib/x86_64-linux-gnu:/opt/ros/humble/lib /usr/bin/cmake /root/aerostack2_ws/src/aerostack2/as2_core -DCMAKE_INSTALL_PREFIX=/root/aerostack2_ws/install/as2_core
[0.050s] -- The C compiler identification is GNU 11.4.0
[0.086s] -- The CXX compiler identification is GNU 11.4.0
[0.090s] -- Detecting C compiler ABI info
[0.138s] -- Detecting C compiler ABI info - done
[0.142s] -- Check for working C compiler: /usr/bin/cc - skipped
[0.142s] -- Detecting C compile features
[0.142s] -- Detecting C compile features - done
[0.144s] -- Detecting CXX compiler ABI info
[0.199s] -- Detecting CXX compiler ABI info - done
[0.204s] -- Check for working CXX compiler: /usr/bin/c++ - skipped
[0.204s] -- Detecting CXX compile features
[0.204s] -- Detecting CXX compile features - done
[0.204s] -- Detected ROS_DISTRO: humble
[0.207s] -- Found ament_cmake: 1.3.12 (/opt/ros/humble/share/ament_cmake/cmake)
[0.316s] -- Found Python3: /usr/bin/python3 (found version "3.10.12") found components: Interpreter 
[0.405s] -- Found rclcpp: 16.0.15 (/opt/ros/humble/share/rclcpp/cmake)
[0.448s] -- Found rosidl_generator_c: 3.1.7 (/opt/ros/humble/share/rosidl_generator_c/cmake)
[0.453s] -- Found rosidl_adapter: 3.1.7 (/opt/ros/humble/share/rosidl_adapter/cmake)
[0.461s] -- Found rosidl_generator_cpp: 3.1.7 (/opt/ros/humble/share/rosidl_generator_cpp/cmake)
[0.472s] -- Using all available rosidl_typesupport_c: rosidl_typesupport_fastrtps_c;rosidl_typesupport_introspection_c
[0.487s] -- Using all available rosidl_typesupport_cpp: rosidl_typesupport_fastrtps_cpp;rosidl_typesupport_introspection_cpp
[0.536s] -- Found rmw_implementation_cmake: 6.1.2 (/opt/ros/humble/share/rmw_implementation_cmake/cmake)
[0.541s] -- Found rmw_fastrtps_cpp: 6.2.9 (/opt/ros/humble/share/rmw_fastrtps_cpp/cmake)
[0.636s] -- Found OpenSSL: /usr/lib/x86_64-linux-gnu/libcrypto.so (found version "3.0.2")  
[0.660s] -- Found FastRTPS: /opt/ros/humble/include  
[0.701s] -- Using RMW implementation 'rmw_fastrtps_cpp' as default
[0.716s] -- Looking for pthread.h
[0.858s] -- Looking for pthread.h - found
[0.858s] -- Performing Test CMAKE_HAVE_LIBC_PTHREAD
[0.949s] -- Performing Test CMAKE_HAVE_LIBC_PTHREAD - Success
[0.950s] -- Found Threads: TRUE  
[1.082s] -- Found nav_msgs: 4.9.0 (/opt/ros/humble/share/nav_msgs/cmake)
[1.105s] -- Found sensor_msgs: 4.9.0 (/opt/ros/humble/share/sensor_msgs/cmake)
[1.116s] -- Found as2_msgs: 1.1.3 (/root/aerostack2_ws/install/as2_msgs/share/as2_msgs/cmake)
[1.171s] -- Found std_srvs: 4.9.0 (/opt/ros/humble/share/std_srvs/cmake)
[1.182s] -- Found tf2_geometry_msgs: 0.25.16 (/opt/ros/humble/share/tf2_geometry_msgs/cmake)
[1.199s] -- Found eigen3_cmake_module: 0.1.1 (/opt/ros/humble/share/eigen3_cmake_module/cmake)
[1.200s] -- Found Eigen3: TRUE (found version "3.4.0") 
[1.200s] -- Ensuring Eigen3 include directory is part of orocos-kdl CMake target
[1.279s] -- Found rclcpp_lifecycle: 16.0.15 (/opt/ros/humble/share/rclcpp_lifecycle/cmake)
[1.301s] -- Found image_transport: 3.1.12 (/opt/ros/humble/share/image_transport/cmake)
[1.324s] -- Found cv_bridge: 3.2.1 (/opt/ros/humble/share/cv_bridge/cmake)
[1.337s] -- Created yaml-cpp::yaml-cpp alias from yaml-cpp target
[1.339s] -- Created GeographicLib::GeographicLib target from legacy variables
[1.484s] -- Found Python3: /usr/bin/python3 (found version "3.10.12") found components: Interpreter Development Development.Module Development.Embed 
[1.519s] -- Performing Test HAS_FLTO
[1.986s] -- Performing Test HAS_FLTO - Success
[1.987s] -- Found pybind11: /usr/include (found version "2.9.1")
[2.123s] -- Found ament_lint_auto: 0.12.14 (/opt/ros/humble/share/ament_lint_auto/cmake)
[2.297s] -- Found gtest sources under '/opt/ros/humble/src/gtest_vendor': C++ tests using 'Google Test' will be built
[2.365s] -- Added test 'copyright' to check source files copyright and LICENSE
[2.368s] -- Added test 'cppcheck' to perform static code analysis on C / C++ code
[2.369s] -- Configured cppcheck include dirs: $<BUILD_INTERFACE:/root/aerostack2_ws/src/aerostack2/as2_core/include>;/root/aerostack2_ws/src/aerostack2/as2_core/include/as2_core;/root/aerostack2_ws/src/aerostack2/as2_core/include
[2.369s] -- Configured cppcheck exclude dirs and/or files: 
[2.372s] -- Added test 'cpplint' to check C / C++ code against the Google style
[2.372s] -- Configured cpplint exclude dirs and/or files: 
[2.373s] -- Added test 'flake8' to check Python code syntax and style conventions
[2.374s] -- Added test 'lint_cmake' to check CMake code style
[2.375s] -- Added test 'pep257' to check Python code against some of the docstring style conventions in PEP 257
[2.378s] -- Added test 'uncrustify' to check C / C++ code style
[2.378s] -- Configured uncrustify additional arguments: 
[2.379s] -- Added test 'xmllint' to check XML markup files
[2.381s] -- Configuring done
[2.421s] -- Generating done
[2.438s] -- Build files have been written to: /root/aerostack2_ws/build/as2_core
[2.448s] Invoked command in '/root/aerostack2_ws/build/as2_core' returned '0': CMAKE_PREFIX_PATH=/root/aerostack2_ws/install/as2_msgs:/root/aerostack2_ws/install/aerostack2:/root/aerostack2_ws/install/as2_usb_camera_interface:/root/aerostack2_ws/install/as2_state_estimator:/root/aerostack2_ws/install/as2_rviz_plugins:/root/aerostack2_ws/install/as2_platform_multirotor_simulator:/root/aerostack2_ws/install/as2_platform_gazebo:/root/aerostack2_ws/install/as2_motion_controller:/root/aerostack2_ws/install/as2_behaviors_trajectory_generation:/root/aerostack2_ws/install/as2_behaviors_swarm_flocking:/root/aerostack2_ws/install/as2_behaviors_motion:/root/aerostack2_ws/install/as2_motion_reference_handlers:/root/aerostack2_ws/install/as2_map_server:/root/aerostack2_ws/install/as2_geozones:/root/aerostack2_ws/install/as2_gazebo_assets:/root/aerostack2_ws/install/as2_external_object_to_tf:/root/aerostack2_ws/install/as2_behaviors_platform:/root/aerostack2_ws/install/as2_behaviors_perception:/root/aerostack2_ws/install/as2_behaviors_path_planning:/root/aerostack2_ws/install/as2_behavior_tree:/root/aerostack2_ws/install/as2_behavior:/root/aerostack2_ws/install/as2_alphanumeric_viewer:/root/aerostack2_ws/install/as2_core:/root/aerostack2_ws/install/as2_cli:/root/aerostack2_ws/src/aerostack2/install/as2_realsense_interface:/root/aerostack2_ws/src/aerostack2/install/as2_motion_reference_handlers:/root/aerostack2_ws/src/aerostack2/install/as2_map_server:/root/aerostack2_ws/src/aerostack2/install/as2_geozones:/root/aerostack2_ws/src/aerostack2/install/as2_external_object_to_tf:/root/aerostack2_ws/src/aerostack2/install/as2_behavior_tree:/root/aerostack2_ws/src/aerostack2/install/as2_behavior:/root/aerostack2_ws/src/aerostack2/install/as2_alphanumeric_viewer:/root/aerostack2_ws/src/aerostack2/install/as2_core:/root/aerostack2_ws/src/aerostack2/install/as2_msgs:/root/aerostack2_ws/install/as2_visualization:/root/aerostack2_ws/install/as2_realsense_interface:/root/aerostack2_ws/install/as2_keyboard_teleoperation:/root/aerostack2_ws/install/as2_python_api:/root/aerostack2_ws/install/as2_perception:/root/aerostack2_ws/src/aerostack2/install/as2_python_api:/root/aerostack2_ws/src/aerostack2/install/as2_cli:/opt/ros/humble LD_LIBRARY_PATH=/root/aerostack2_ws/install/as2_msgs/lib:/root/aerostack2_ws/install/as2_state_estimator/lib:/root/aerostack2_ws/install/as2_python_api/lib:/root/aerostack2_ws/install/as2_motion_controller/lib:/root/aerostack2_ws/install/as2_behaviors_trajectory_generation/lib:/root/aerostack2_ws/install/as2_behaviors_swarm_flocking/lib:/root/aerostack2_ws/install/as2_behaviors_motion/lib:/root/aerostack2_ws/install/as2_motion_reference_handlers/lib:/root/aerostack2_ws/install/as2_map_server/lib:/root/aerostack2_ws/install/as2_gazebo_assets/lib:/root/aerostack2_ws/install/as2_behaviors_perception/lib:/root/aerostack2_ws/install/as2_behaviors_path_planning/lib:/root/aerostack2_ws/install/as2_behavior_tree/lib:/root/aerostack2_ws/install/as2_behavior/lib:/root/aerostack2_ws/install/as2_core/lib:/root/aerostack2_ws/src/aerostack2/install/as2_python_api/lib:/root/aerostack2_ws/src/aerostack2/install/as2_motion_reference_handlers/lib:/root/aerostack2_ws/src/aerostack2/install/as2_map_server/lib:/root/aerostack2_ws/src/aerostack2/install/as2_behavior_tree/lib:/root/aerostack2_ws/src/aerostack2/install/as2_behavior/lib:/root/aerostack2_ws/src/aerostack2/install/as2_core/lib:/root/aerostack2_ws/src/aerostack2/install/as2_msgs/lib:/opt/ros/humble/opt/rviz_ogre_vendor/lib:/opt/ros/humble/lib/x86_64-linux-gnu:/opt/ros/humble/lib /usr/bin/cmake /root/aerostack2_ws/src/aerostack2/as2_core -DCMAKE_INSTALL_PREFIX=/root/aerostack2_ws/install/as2_core
[2.449s] Invoking command in '/root/aerostack2_ws/build/as2_core': CMAKE_PREFIX_PATH=/root/aerostack2_ws/install/as2_msgs:/root/aerostack2_ws/install/aerostack2:/root/aerostack2_ws/install/as2_usb_camera_interface:/root/aerostack2_ws/install/as2_state_estimator:/root/aerostack2_ws/install/as2_rviz_plugins:/root/aerostack2_ws/install/as2_platform_multirotor_simulator:/root/aerostack2_ws/install/as2_platform_gazebo:/root/aerostack2_ws/install/as2_motion_controller:/root/aerostack2_ws/install/as2_behaviors_trajectory_generation:/root/aerostack2_ws/install/as2_behaviors_swarm_flocking:/root/aerostack2_ws/install/as2_behaviors_motion:/root/aerostack2_ws/install/as2_motion_reference_handlers:/root/aerostack2_ws/install/as2_map_server:/root/aerostack2_ws/install/as2_geozones:/root/aerostack2_ws/install/as2_gazebo_assets:/root/aerostack2_ws/install/as2_external_object_to_tf:/root/aerostack2_ws/install/as2_behaviors_platform:/root/aerostack2_ws/install/as2_behaviors_perception:/root/aerostack2_ws/install/as2_behaviors_path_planning:/root/aerostack2_ws/install/as2_behavior_tree:/root/aerostack2_ws/install/as2_behavior:/root/aerostack2_ws/install/as2_alphanumeric_viewer:/root/aerostack2_ws/install/as2_core:/root/aerostack2_ws/install/as2_cli:/root/aerostack2_ws/src/aerostack2/install/as2_realsense_interface:/root/aerostack2_ws/src/aerostack2/install/as2_motion_reference_handlers:/root/aerostack2_ws/src/aerostack2/install/as2_map_server:/root/aerostack2_ws/src/aerostack2/install/as2_geozones:/root/aerostack2_ws/src/aerostack2/install/as2_external_object_to_tf:/root/aerostack2_ws/src/aerostack2/install/as2_behavior_tree:/root/aerostack2_ws/src/aerostack2/install/as2_behavior:/root/aerostack2_ws/src/aerostack2/install/as2_alphanumeric_viewer:/root/aerostack2_ws/src/aerostack2/install/as2_core:/root/aerostack2_ws/src/aerostack2/install/as2_msgs:/root/aerostack2_ws/install/as2_visualization:/root/aerostack2_ws/install/as2_realsense_interface:/root/aerostack2_ws/install/as2_keyboard_teleoperation:/root/aerostack2_ws/install/as2_python_api:/root/aerostack2_ws/install/as2_perception:/root/aerostack2_ws/src/aerostack2/install/as2_python_api:/root/aerostack2_ws/src/aerostack2/install/as2_cli:/opt/ros/humble LD_LIBRARY_PATH=/root/aerostack2_ws/install/as2_msgs/lib:/root/aerostack2_ws/install/as2_state_estimator/lib:/root/aerostack2_ws/install/as2_python_api/lib:/root/aerostack2_ws/install/as2_motion_controller/lib:/root/aerostack2_ws/install/as2_behaviors_trajectory_generation/lib:/root/aerostack2_ws/install/as2_behaviors_swarm_flocking/lib:/root/aerostack2_ws/install/as2_behaviors_motion/lib:/root/aerostack2_ws/install/as2_motion_reference_handlers/lib:/root/aerostack2_ws/install/as2_map_server/lib:/root/aerostack2_ws/install/as2_gazebo_assets/lib:/root/aerostack2_ws/install/as2_behaviors_perception/lib:/root/aerostack2_ws/install/as2_behaviors_path_planning/lib:/root/aerostack2_ws/install/as2_behavior_tree/lib:/root/aerostack2_ws/install/as2_behavior/lib:/root/aerostack2_ws/install/as2_core/lib:/root/aerostack2_ws/src/aerostack2/install/as2_python_api/lib:/root/aerostack2_ws/src/aerostack2/install/as2_motion_reference_handlers/lib:/root/aerostack2_ws/src/aerostack2/install/as2_map_server/lib:/root/aerostack2_ws/src/aerostack2/install/as2_behavior_tree/lib:/root/aerostack2_ws/src/aerostack2/install/as2_behavior/lib:/root/aerostack2_ws/src/aerostack2/install/as2_core/lib:/root/aerostack2_ws/src/aerostack2/install/as2_msgs/lib:/opt/ros/humble/opt/rviz_ogre_vendor/lib:/opt/ros/humble/lib/x86_64-linux-gnu:/opt/ros/humble/lib /usr/bin/cmake --build /root/aerostack2_ws/build/as2_core -- -j8 -l8
[2.496s] [  6%] [32mBuilding CXX object CMakeFiles/as2_core.dir/src/platform_state_machine.cpp.o[0m
[2.496s] [ 12%] [32mBuilding CXX object CMakeFiles/as2_core.dir/src/aerial_platform.cpp.o[0m
[2.496s] [ 12%] [32mBuilding CXX object CMakeFiles/as2_core.dir/src/node.cpp.o[0m
[2.496s] [ 12%] [32mBuilding CXX object gtest/CMakeFiles/gtest_main.dir/src/gtest_main.cc.o[0m
[2.496s] [ 16%] [32mBuilding CXX object CMakeFiles/as2_core.dir/src/sensor.cpp.o[0m
[2.499s] [ 22%] [32mBuilding CXX object gtest/CMakeFiles/gtest.dir/src/gtest-all.cc.o[0m
[2.499s] [ 22%] [32mBuilding CXX object CMakeFiles/as2_names.dir/src/_as2_core_pybind11.cpp.o[0m
[2.506s] [ 22%] Built target ament_cmake_python_copy_as2_core
[2.513s] [ 25%] [32mBuilding CXX object CMakeFiles/as2_core.dir/src/rate.cpp.o[0m
[3.490s] [ 29%] [32mBuilding CXX object CMakeFiles/as2_core.dir/src/core_functions.cpp.o[0m
[3.876s] [ 32%] [32m[1mLinking CXX static library libgtest_main.a[0m
[4.163s] [ 32%] Built target gtest_main
[4.564s] running egg_info
[4.565s] creating as2_core.egg-info
[4.565s] writing as2_core.egg-info/PKG-INFO
[4.565s] writing dependency_links to as2_core.egg-info/dependency_links.txt
[4.565s] writing top-level names to as2_core.egg-info/top_level.txt
[4.566s] writing manifest file 'as2_core.egg-info/SOURCES.txt'
[4.569s] reading manifest file 'as2_core.egg-info/SOURCES.txt'
[4.570s] writing manifest file 'as2_core.egg-info/SOURCES.txt'
[4.628s] [ 32%] Built target ament_cmake_python_build_as2_core_egg
[4.653s] [ 35%] [32mBuilding CXX object CMakeFiles/as2_core.dir/src/utils/control_mode_utils.cpp.o[0m
[7.194s] [ 38%] [32mBuilding CXX object CMakeFiles/as2_core.dir/src/utils/tf_utils.cpp.o[0m
[7.709s] [ 41%] [32mBuilding CXX object CMakeFiles/as2_core.dir/src/utils/yaml_utils.cpp.o[0m
[8.485s] [ 45%] [32mBuilding CXX object CMakeFiles/as2_core.dir/src/utils/frame_utils.cpp.o[0m
[9.272s] [ 48%] [32mBuilding CXX object CMakeFiles/as2_core.dir/src/utils/gps_utils.cpp.o[0m
[9.909s] [ 51%] [32m[1mLinking CXX shared module as2_names.cpython-310-x86_64-linux-gnu.so[0m
[10.135s] lto-wrapper: warning: using serial compilation of 2 LTRANS jobs
[12.418s] [ 51%] Built target as2_names
[13.724s] [ 54%] [32m[1mLinking CXX static library libgtest.a[0m
[13.771s] [ 54%] Built target gtest
[28.550s] [ 58%] [32m[1mLinking CXX static library libas2_core.a[0m
[28.610s] [ 58%] Built target as2_core
[28.631s] [ 61%] [32mBuilding CXX object tests/CMakeFiles/tf2_namespace_test.dir/tf2_namespace_test.cpp.o[0m
[28.632s] [ 64%] [32mBuilding CXX object tests/CMakeFiles/platform_state_machine_test.dir/platform_state_machine_test.cpp.o[0m
[28.634s] [ 67%] [32mBuilding CXX object tests/CMakeFiles/sensor_test.dir/sensor_test.cpp.o[0m
[28.634s] [ 74%] [32mBuilding CXX object tests/CMakeFiles/frame_test.dir/frame_test.cpp.o[0m
[28.634s] [ 74%] [32mBuilding CXX object CMakeFiles/mocks.dir/tests/mocks/aerial_platform/mock_aerial_platform.cpp.o[0m
[28.635s] [ 77%] [32mBuilding CXX object tests/CMakeFiles/tf_utils_gtest.dir/tf_utils_gtest.cpp.o[0m
[28.635s] [ 80%] [32mBuilding CXX object CMakeFiles/mocks.dir/tests/mocks/executor_thread_util/executor_thread_util.cpp.o[0m
[34.270s] [ 83%] [32m[1mLinking CXX executable platform_state_machine_test[0m
[34.582s] [ 83%] Built target platform_state_machine_test
[34.870s] [ 87%] [32m[1mLinking CXX executable tf2_namespace_test[0m
[34.885s] [ 90%] [32m[1mLinking CXX executable frame_test[0m
[35.113s] [ 90%] Built target tf2_namespace_test
[35.148s] [ 90%] Built target frame_test
[37.651s] [ 93%] [32m[1mLinking CXX executable tf_utils_gtest[0m
[37.857s] [ 93%] Built target tf_utils_gtest
[40.372s] [ 96%] [32m[1mLinking CXX executable sensor_test[0m
[40.824s] [ 96%] Built target sensor_test
[56.255s] [100%] [32m[1mLinking CXX shared library libmocks.so[0m
[56.452s] [100%] Built target mocks
[56.460s] Invoked command in '/root/aerostack2_ws/build/as2_core' returned '0': CMAKE_PREFIX_PATH=/root/aerostack2_ws/install/as2_msgs:/root/aerostack2_ws/install/aerostack2:/root/aerostack2_ws/install/as2_usb_camera_interface:/root/aerostack2_ws/install/as2_state_estimator:/root/aerostack2_ws/install/as2_rviz_plugins:/root/aerostack2_ws/install/as2_platform_multirotor_simulator:/root/aerostack2_ws/install/as2_platform_gazebo:/root/aerostack2_ws/install/as2_motion_controller:/root/aerostack2_ws/install/as2_behaviors_trajectory_generation:/root/aerostack2_ws/install/as2_behaviors_swarm_flocking:/root/aerostack2_ws/install/as2_behaviors_motion:/root/aerostack2_ws/install/as2_motion_reference_handlers:/root/aerostack2_ws/install/as2_map_server:/root/aerostack2_ws/install/as2_geozones:/root/aerostack2_ws/install/as2_gazebo_assets:/root/aerostack2_ws/install/as2_external_object_to_tf:/root/aerostack2_ws/install/as2_behaviors_platform:/root/aerostack2_ws/install/as2_behaviors_perception:/root/aerostack2_ws/install/as2_behaviors_path_planning:/root/aerostack2_ws/install/as2_behavior_tree:/root/aerostack2_ws/install/as2_behavior:/root/aerostack2_ws/install/as2_alphanumeric_viewer:/root/aerostack2_ws/install/as2_core:/root/aerostack2_ws/install/as2_cli:/root/aerostack2_ws/src/aerostack2/install/as2_realsense_interface:/root/aerostack2_ws/src/aerostack2/install/as2_motion_reference_handlers:/root/aerostack2_ws/src/aerostack2/install/as2_map_server:/root/aerostack2_ws/src/aerostack2/install/as2_geozones:/root/aerostack2_ws/src/aerostack2/install/as2_external_object_to_tf:/root/aerostack2_ws/src/aerostack2/install/as2_behavior_tree:/root/aerostack2_ws/src/aerostack2/install/as2_behavior:/root/aerostack2_ws/src/aerostack2/install/as2_alphanumeric_viewer:/root/aerostack2_ws/src/aerostack2/install/as2_core:/root/aerostack2_ws/src/aerostack2/install/as2_msgs:/root/aerostack2_ws/install/as2_visualization:/root/aerostack2_ws/install/as2_realsense_interface:/root/aerostack2_ws/install/as2_keyboard_teleoperation:/root/aerostack2_ws/install/as2_python_api:/root/aerostack2_ws/install/as2_perception:/root/aerostack2_ws/src/aerostack2/install/as2_python_api:/root/aerostack2_ws/src/aerostack2/install/as2_cli:/opt/ros/humble LD_LIBRARY_PATH=/root/aerostack2_ws/install/as2_msgs/lib:/root/aerostack2_ws/install/as2_state_estimator/lib:/root/aerostack2_ws/install/as2_python_api/lib:/root/aerostack2_ws/install/as2_motion_controller/lib:/root/aerostack2_ws/install/as2_behaviors_trajectory_generation/lib:/root/aerostack2_ws/install/as2_behaviors_swarm_flocking/lib:/root/aerostack2_ws/install/as2_behaviors_motion/lib:/root/aerostack2_ws/install/as2_motion_reference_handlers/lib:/root/aerostack2_ws/install/as2_map_server/lib:/root/aerostack2_ws/install/as2_gazebo_assets/lib:/root/aerostack2_ws/install/as2_behaviors_perception/lib:/root/aerostack2_ws/install/as2_behaviors_path_planning/lib:/root/aerostack2_ws/install/as2_behavior_tree/lib:/root/aerostack2_ws/install/as2_behavior/lib:/root/aerostack2_ws/install/as2_core/lib:/root/aerostack2_ws/src/aerostack2/install/as2_python_api/lib:/root/aerostack2_ws/src/aerostack2/install/as2_motion_reference_handlers/lib:/root/aerostack2_ws/src/aerostack2/install/as2_map_server/lib:/root/aerostack2_ws/src/aerostack2/install/as2_behavior_tree/lib:/root/aerostack2_ws/src/aerostack2/install/as2_behavior/lib:/root/aerostack2_ws/src/aerostack2/install/as2_core/lib:/root/aerostack2_ws/src/aerostack2/install/as2_msgs/lib:/opt/ros/humble/opt/rviz_ogre_vendor/lib:/opt/ros/humble/lib/x86_64-linux-gnu:/opt/ros/humble/lib /usr/bin/cmake --build /root/aerostack2_ws/build/as2_core -- -j8 -l8
[56.461s] Invoking command in '/root/aerostack2_ws/build/as2_core': CMAKE_PREFIX_PATH=/root/aerostack2_ws/install/as2_msgs:/root/aerostack2_ws/install/aerostack2:/root/aerostack2_ws/install/as2_usb_camera_interface:/root/aerostack2_ws/install/as2_state_estimator:/root/aerostack2_ws/install/as2_rviz_plugins:/root/aerostack2_ws/install/as2_platform_multirotor_simulator:/root/aerostack2_ws/install/as2_platform_gazebo:/root/aerostack2_ws/install/as2_motion_controller:/root/aerostack2_ws/install/as2_behaviors_trajectory_generation:/root/aerostack2_ws/install/as2_behaviors_swarm_flocking:/root/aerostack2_ws/install/as2_behaviors_motion:/root/aerostack2_ws/install/as2_motion_reference_handlers:/root/aerostack2_ws/install/as2_map_server:/root/aerostack2_ws/install/as2_geozones:/root/aerostack2_ws/install/as2_gazebo_assets:/root/aerostack2_ws/install/as2_external_object_to_tf:/root/aerostack2_ws/install/as2_behaviors_platform:/root/aerostack2_ws/install/as2_behaviors_perception:/root/aerostack2_ws/install/as2_behaviors_path_planning:/root/aerostack2_ws/install/as2_behavior_tree:/root/aerostack2_ws/install/as2_behavior:/root/aerostack2_ws/install/as2_alphanumeric_viewer:/root/aerostack2_ws/install/as2_core:/root/aerostack2_ws/install/as2_cli:/root/aerostack2_ws/src/aerostack2/install/as2_realsense_interface:/root/aerostack2_ws/src/aerostack2/install/as2_motion_reference_handlers:/root/aerostack2_ws/src/aerostack2/install/as2_map_server:/root/aerostack2_ws/src/aerostack2/install/as2_geozones:/root/aerostack2_ws/src/aerostack2/install/as2_external_object_to_tf:/root/aerostack2_ws/src/aerostack2/install/as2_behavior_tree:/root/aerostack2_ws/src/aerostack2/install/as2_behavior:/root/aerostack2_ws/src/aerostack2/install/as2_alphanumeric_viewer:/root/aerostack2_ws/src/aerostack2/install/as2_core:/root/aerostack2_ws/src/aerostack2/install/as2_msgs:/root/aerostack2_ws/install/as2_visualization:/root/aerostack2_ws/install/as2_realsense_interface:/root/aerostack2_ws/install/as2_keyboard_teleoperation:/root/aerostack2_ws/install/as2_python_api:/root/aerostack2_ws/install/as2_perception:/root/aerostack2_ws/src/aerostack2/install/as2_python_api:/root/aerostack2_ws/src/aerostack2/install/as2_cli:/opt/ros/humble LD_LIBRARY_PATH=/root/aerostack2_ws/install/as2_msgs/lib:/root/aerostack2_ws/install/as2_state_estimator/lib:/root/aerostack2_ws/install/as2_python_api/lib:/root/aerostack2_ws/install/as2_motion_controller/lib:/root/aerostack2_ws/install/as2_behaviors_trajectory_generation/lib:/root/aerostack2_ws/install/as2_behaviors_swarm_flocking/lib:/root/aerostack2_ws/install/as2_behaviors_motion/lib:/root/aerostack2_ws/install/as2_motion_reference_handlers/lib:/root/aerostack2_ws/install/as2_map_server/lib:/root/aerostack2_ws/install/as2_gazebo_assets/lib:/root/aerostack2_ws/install/as2_behaviors_perception/lib:/root/aerostack2_ws/install/as2_behaviors_path_planning/lib:/root/aerostack2_ws/install/as2_behavior_tree/lib:/root/aerostack2_ws/install/as2_behavior/lib:/root/aerostack2_ws/install/as2_core/lib:/root/aerostack2_ws/src/aerostack2/install/as2_python_api/lib:/root/aerostack2_ws/src/aerostack2/install/as2_motion_reference_handlers/lib:/root/aerostack2_ws/src/aerostack2/install/as2_map_server/lib:/root/aerostack2_ws/src/aerostack2/install/as2_behavior_tree/lib:/root/aerostack2_ws/src/aerostack2/install/as2_behavior/lib:/root/aerostack2_ws/src/aerostack2/install/as2_core/lib:/root/aerostack2_ws/src/aerostack2/install/as2_msgs/lib:/opt/ros/humble/opt/rviz_ogre_vendor/lib:/opt/ros/humble/lib/x86_64-linux-gnu:/opt/ros/humble/lib /usr/bin/cmake --install /root/aerostack2_ws/build/as2_core
[56.467s] -- Install configuration: "Release"
[56.467s] -- Installing: /root/aerostack2_ws/install/as2_core/share/as2_core/environment/pythonpath.sh
[56.467s] -- Installing: /root/aerostack2_ws/install/as2_core/share/as2_core/environment/pythonpath.dsv
[56.468s] -- Installing: /root/aerostack2_ws/install/as2_core/local/lib/python3.10/dist-packages/as2_core-1.1.3-py3.10.egg-info
[56.468s] -- Installing: /root/aerostack2_ws/install/as2_core/local/lib/python3.10/dist-packages/as2_core-1.1.3-py3.10.egg-info/SOURCES.txt
[56.468s] -- Installing: /root/aerostack2_ws/install/as2_core/local/lib/python3.10/dist-packages/as2_core-1.1.3-py3.10.egg-info/dependency_links.txt
[56.468s] -- Installing: /root/aerostack2_ws/install/as2_core/local/lib/python3.10/dist-packages/as2_core-1.1.3-py3.10.egg-info/PKG-INFO
[56.468s] -- Installing: /root/aerostack2_ws/install/as2_core/local/lib/python3.10/dist-packages/as2_core-1.1.3-py3.10.egg-info/top_level.txt
[56.468s] -- Installing: /root/aerostack2_ws/install/as2_core/local/lib/python3.10/dist-packages/as2_core
[56.468s] -- Installing: /root/aerostack2_ws/install/as2_core/local/lib/python3.10/dist-packages/as2_core/__init__.py
[56.468s] -- Installing: /root/aerostack2_ws/install/as2_core/local/lib/python3.10/dist-packages/as2_core/declare_launch_arguments_from_config_file.py
[56.468s] -- Installing: /root/aerostack2_ws/install/as2_core/local/lib/python3.10/dist-packages/as2_core/launch_plugin_utils.py
[56.468s] -- Installing: /root/aerostack2_ws/install/as2_core/local/lib/python3.10/dist-packages/as2_core/launch_configuration_from_config_file.py
[56.469s] -- Installing: /root/aerostack2_ws/install/as2_core/local/lib/python3.10/dist-packages/as2_core/launch_param_utils.py
[56.495s] Listing '/root/aerostack2_ws/install/as2_core/local/lib/python3.10/dist-packages/as2_core'...
[56.495s] Compiling '/root/aerostack2_ws/install/as2_core/local/lib/python3.10/dist-packages/as2_core/__init__.py'...
[56.495s] Compiling '/root/aerostack2_ws/install/as2_core/local/lib/python3.10/dist-packages/as2_core/declare_launch_arguments_from_config_file.py'...
[56.495s] Compiling '/root/aerostack2_ws/install/as2_core/local/lib/python3.10/dist-packages/as2_core/launch_configuration_from_config_file.py'...
[56.495s] Compiling '/root/aerostack2_ws/install/as2_core/local/lib/python3.10/dist-packages/as2_core/launch_param_utils.py'...
[56.495s] Compiling '/root/aerostack2_ws/install/as2_core/local/lib/python3.10/dist-packages/as2_core/launch_plugin_utils.py'...
[56.498s] -- Installing: /root/aerostack2_ws/install/as2_core/include/as2_core/mocks/
[56.498s] -- Installing: /root/aerostack2_ws/install/as2_core/include/as2_core/mocks//executor_thread_util
[56.498s] -- Installing: /root/aerostack2_ws/install/as2_core/include/as2_core/mocks//executor_thread_util/executor_thread_util.hpp
[56.498s] -- Installing: /root/aerostack2_ws/install/as2_core/include/as2_core/mocks//aerial_platform
[56.498s] -- Installing: /root/aerostack2_ws/install/as2_core/include/as2_core/mocks//aerial_platform/mock_aerial_platform.hpp
[56.498s] -- Installing: /root/aerostack2_ws/install/as2_core/share/as2_core/environment/library_path.sh
[56.498s] -- Installing: /root/aerostack2_ws/install/as2_core/share/as2_core/environment/library_path.dsv
[56.498s] -- Installing: /root/aerostack2_ws/install/as2_core/local/lib/python3.10/dist-packages/as2_core/as2_names.cpython-310-x86_64-linux-gnu.so
[56.498s] -- Set runtime path of "/root/aerostack2_ws/install/as2_core/local/lib/python3.10/dist-packages/as2_core/as2_names.cpython-310-x86_64-linux-gnu.so" to ""
[56.498s] -- Up-to-date: /root/aerostack2_ws/install/as2_core/include
[56.499s] -- Up-to-date: /root/aerostack2_ws/install/as2_core/include/as2_core
[56.499s] -- Installing: /root/aerostack2_ws/install/as2_core/include/as2_core/synchronous_service_client.hpp
[56.499s] -- Installing: /root/aerostack2_ws/install/as2_core/include/as2_core/custom
[56.499s] -- Installing: /root/aerostack2_ws/install/as2_core/include/as2_core/custom/tf2_geometry_msgs.hpp
[56.499s] -- Installing: /root/aerostack2_ws/install/as2_core/include/as2_core/custom/cv_bridge.hpp
[56.499s] -- Installing: /root/aerostack2_ws/install/as2_core/include/as2_core/custom/cv_bridge.hpp.in
[56.499s] -- Installing: /root/aerostack2_ws/install/as2_core/include/as2_core/custom/tf2_geometry_msgs.hpp.in
[56.499s] -- Installing: /root/aerostack2_ws/install/as2_core/include/as2_core/node.hpp
[56.499s] -- Installing: /root/aerostack2_ws/install/as2_core/include/as2_core/sensor.hpp
[56.499s] -- Installing: /root/aerostack2_ws/install/as2_core/include/as2_core/utils
[56.499s] -- Installing: /root/aerostack2_ws/install/as2_core/include/as2_core/utils/frame_utils.hpp
[56.499s] -- Installing: /root/aerostack2_ws/install/as2_core/include/as2_core/utils/yaml_utils.hpp
[56.499s] -- Installing: /root/aerostack2_ws/install/as2_core/include/as2_core/utils/gps_utils.hpp
[56.499s] -- Installing: /root/aerostack2_ws/install/as2_core/include/as2_core/utils/control_mode_utils.hpp
[56.499s] -- Installing: /root/aerostack2_ws/install/as2_core/include/as2_core/utils/tf_utils.hpp
[56.499s] -- Installing: /root/aerostack2_ws/install/as2_core/include/as2_core/rate.hpp
[56.499s] -- Installing: /root/aerostack2_ws/install/as2_core/include/as2_core/aerial_platform.hpp
[56.499s] -- Installing: /root/aerostack2_ws/install/as2_core/include/as2_core/as2_basic_behavior.hpp
[56.499s] -- Installing: /root/aerostack2_ws/install/as2_core/include/as2_core/platform_state_machine.hpp
[56.500s] -- Installing: /root/aerostack2_ws/install/as2_core/include/as2_core/core_functions.hpp
[56.500s] -- Installing: /root/aerostack2_ws/install/as2_core/include/as2_core/names
[56.500s] -- Installing: /root/aerostack2_ws/install/as2_core/include/as2_core/names/actions.hpp
[56.500s] -- Installing: /root/aerostack2_ws/install/as2_core/include/as2_core/names/topics.hpp
[56.500s] -- Installing: /root/aerostack2_ws/install/as2_core/include/as2_core/names/services.hpp
[56.500s] -- Installing: /root/aerostack2_ws/install/as2_core/lib/libas2_core.a
[56.504s] -- Installing: /root/aerostack2_ws/install/as2_core/lib/libmocks.so
[56.506s] -- Set runtime path of "/root/aerostack2_ws/install/as2_core/lib/libmocks.so" to ""
[56.506s] -- Installing: /root/aerostack2_ws/install/as2_core/share/ament_index/resource_index/package_run_dependencies/as2_core
[56.506s] -- Installing: /root/aerostack2_ws/install/as2_core/share/ament_index/resource_index/parent_prefix_path/as2_core
[56.507s] -- Installing: /root/aerostack2_ws/install/as2_core/share/as2_core/environment/ament_prefix_path.sh
[56.507s] -- Installing: /root/aerostack2_ws/install/as2_core/share/as2_core/environment/ament_prefix_path.dsv
[56.507s] -- Installing: /root/aerostack2_ws/install/as2_core/share/as2_core/environment/path.sh
[56.507s] -- Installing: /root/aerostack2_ws/install/as2_core/share/as2_core/environment/path.dsv
[56.507s] -- Installing: /root/aerostack2_ws/install/as2_core/share/as2_core/local_setup.bash
[56.507s] -- Installing: /root/aerostack2_ws/install/as2_core/share/as2_core/local_setup.sh
[56.507s] -- Installing: /root/aerostack2_ws/install/as2_core/share/as2_core/local_setup.zsh
[56.507s] -- Installing: /root/aerostack2_ws/install/as2_core/share/as2_core/local_setup.dsv
[56.507s] -- Installing: /root/aerostack2_ws/install/as2_core/share/as2_core/package.dsv
[56.507s] -- Installing: /root/aerostack2_ws/install/as2_core/share/ament_index/resource_index/packages/as2_core
[56.507s] -- Installing: /root/aerostack2_ws/install/as2_core/share/as2_core/cmake/export_as2_coreExport.cmake
[56.507s] -- Installing: /root/aerostack2_ws/install/as2_core/share/as2_core/cmake/export_as2_coreExport-release.cmake
[56.507s] -- Installing: /root/aerostack2_ws/install/as2_core/share/as2_core/cmake/yaml-cpp-extras.cmake
[56.508s] -- Installing: /root/aerostack2_ws/install/as2_core/share/as2_core/cmake/GeographicLib-extras.cmake
[56.508s] -- Installing: /root/aerostack2_ws/install/as2_core/share/as2_core/cmake/ament_cmake_export_targets-extras.cmake
[56.508s] -- Installing: /root/aerostack2_ws/install/as2_core/share/as2_core/cmake/ament_cmake_export_dependencies-extras.cmake
[56.508s] -- Installing: /root/aerostack2_ws/install/as2_core/share/as2_core/cmake/ament_cmake_export_include_directories-extras.cmake
[56.508s] -- Installing: /root/aerostack2_ws/install/as2_core/share/as2_core/cmake/ament_cmake_export_libraries-extras.cmake
[56.508s] -- Installing: /root/aerostack2_ws/install/as2_core/share/as2_core/cmake/as2_coreConfig.cmake
[56.508s] -- Installing: /root/aerostack2_ws/install/as2_core/share/as2_core/cmake/as2_coreConfig-version.cmake
[56.508s] -- Installing: /root/aerostack2_ws/install/as2_core/share/as2_core/package.xml
[56.510s] Invoked command in '/root/aerostack2_ws/build/as2_core' returned '0': CMAKE_PREFIX_PATH=/root/aerostack2_ws/install/as2_msgs:/root/aerostack2_ws/install/aerostack2:/root/aerostack2_ws/install/as2_usb_camera_interface:/root/aerostack2_ws/install/as2_state_estimator:/root/aerostack2_ws/install/as2_rviz_plugins:/root/aerostack2_ws/install/as2_platform_multirotor_simulator:/root/aerostack2_ws/install/as2_platform_gazebo:/root/aerostack2_ws/install/as2_motion_controller:/root/aerostack2_ws/install/as2_behaviors_trajectory_generation:/root/aerostack2_ws/install/as2_behaviors_swarm_flocking:/root/aerostack2_ws/install/as2_behaviors_motion:/root/aerostack2_ws/install/as2_motion_reference_handlers:/root/aerostack2_ws/install/as2_map_server:/root/aerostack2_ws/install/as2_geozones:/root/aerostack2_ws/install/as2_gazebo_assets:/root/aerostack2_ws/install/as2_external_object_to_tf:/root/aerostack2_ws/install/as2_behaviors_platform:/root/aerostack2_ws/install/as2_behaviors_perception:/root/aerostack2_ws/install/as2_behaviors_path_planning:/root/aerostack2_ws/install/as2_behavior_tree:/root/aerostack2_ws/install/as2_behavior:/root/aerostack2_ws/install/as2_alphanumeric_viewer:/root/aerostack2_ws/install/as2_core:/root/aerostack2_ws/install/as2_cli:/root/aerostack2_ws/src/aerostack2/install/as2_realsense_interface:/root/aerostack2_ws/src/aerostack2/install/as2_motion_reference_handlers:/root/aerostack2_ws/src/aerostack2/install/as2_map_server:/root/aerostack2_ws/src/aerostack2/install/as2_geozones:/root/aerostack2_ws/src/aerostack2/install/as2_external_object_to_tf:/root/aerostack2_ws/src/aerostack2/install/as2_behavior_tree:/root/aerostack2_ws/src/aerostack2/install/as2_behavior:/root/aerostack2_ws/src/aerostack2/install/as2_alphanumeric_viewer:/root/aerostack2_ws/src/aerostack2/install/as2_core:/root/aerostack2_ws/src/aerostack2/install/as2_msgs:/root/aerostack2_ws/install/as2_visualization:/root/aerostack2_ws/install/as2_realsense_interface:/root/aerostack2_ws/install/as2_keyboard_teleoperation:/root/aerostack2_ws/install/as2_python_api:/root/aerostack2_ws/install/as2_perception:/root/aerostack2_ws/src/aerostack2/install/as2_python_api:/root/aerostack2_ws/src/aerostack2/install/as2_cli:/opt/ros/humble LD_LIBRARY_PATH=/root/aerostack2_ws/install/as2_msgs/lib:/root/aerostack2_ws/install/as2_state_estimator/lib:/root/aerostack2_ws/install/as2_python_api/lib:/root/aerostack2_ws/install/as2_motion_controller/lib:/root/aerostack2_ws/install/as2_behaviors_trajectory_generation/lib:/root/aerostack2_ws/install/as2_behaviors_swarm_flocking/lib:/root/aerostack2_ws/install/as2_behaviors_motion/lib:/root/aerostack2_ws/install/as2_motion_reference_handlers/lib:/root/aerostack2_ws/install/as2_map_server/lib:/root/aerostack2_ws/install/as2_gazebo_assets/lib:/root/aerostack2_ws/install/as2_behaviors_perception/lib:/root/aerostack2_ws/install/as2_behaviors_path_planning/lib:/root/aerostack2_ws/install/as2_behavior_tree/lib:/root/aerostack2_ws/install/as2_behavior/lib:/root/aerostack2_ws/install/as2_core/lib:/root/aerostack2_ws/src/aerostack2/install/as2_python_api/lib:/root/aerostack2_ws/src/aerostack2/install/as2_motion_reference_handlers/lib:/root/aerostack2_ws/src/aerostack2/install/as2_map_server/lib:/root/aerostack2_ws/src/aerostack2/install/as2_behavior_tree/lib:/root/aerostack2_ws/src/aerostack2/install/as2_behavior/lib:/root/aerostack2_ws/src/aerostack2/install/as2_core/lib:/root/aerostack2_ws/src/aerostack2/install/as2_msgs/lib:/opt/ros/humble/opt/rviz_ogre_vendor/lib:/opt/ros/humble/lib/x86_64-linux-gnu:/opt/ros/humble/lib /usr/bin/cmake --install /root/aerostack2_ws/build/as2_core
