[0.007s] Invoking command in '/root/aerostack2_ws/build/as2_behavior_tree': AMENT_PREFIX_PATH=/root/aerostack2_ws/install/as2_core:/root/aerostack2_ws/install/as2_msgs:${AMENT_PREFIX_PATH} CMAKE_PREFIX_PATH=/root/aerostack2_ws/install/as2_core:/root/aerostack2_ws/install/as2_msgs:/opt/ros/humble LD_LIBRARY_PATH=/root/aerostack2_ws/install/as2_core/lib:/root/aerostack2_ws/install/as2_msgs/lib:${LD_LIBRARY_PATH} PYTHONPATH=/root/aerostack2_ws/install/as2_core/local/lib/python3.10/dist-packages:/root/aerostack2_ws/install/as2_msgs/local/lib/python3.10/dist-packages:${PYTHONPATH} /usr/bin/cmake --build /root/aerostack2_ws/build/as2_behavior_tree -- -j8 -l8
[0.039s] [35m[1mConsolidate compiler generated dependencies of target platform_emulator[0m
[0.039s] [35m[1mConsolidate compiler generated dependencies of target go_to_emulator[0m
[0.039s] [35m[1mConsolidate compiler generated dependencies of target takeoff_emulator[0m
[0.039s] [35m[1mConsolidate compiler generated dependencies of target land_emulator[0m
[0.039s] [35m[1mConsolidate compiler generated dependencies of target follow_path_emulator[0m
[0.054s] [35m[1mConsolidate compiler generated dependencies of target as2_behavior_tree[0m
[0.066s] [  6%] Built target platform_emulator
[0.067s] [ 12%] Built target go_to_emulator
[0.067s] [ 19%] Built target land_emulator
[0.067s] [ 25%] Built target follow_path_emulator
[0.067s] [ 32%] Built target takeoff_emulator
[0.092s] [ 80%] Built target as2_behavior_tree
[0.100s] [35m[1mConsolidate compiler generated dependencies of target as2_behavior_tree_port_test[0m
[0.100s] [35m[1mConsolidate compiler generated dependencies of target as2_behavior_tree_port_pose_test[0m
[0.100s] [35m[1mConsolidate compiler generated dependencies of target as2_behavior_tree_node[0m
[0.110s] [ 87%] Built target as2_behavior_tree_port_test
[0.111s] [ 93%] Built target as2_behavior_tree_port_pose_test
[0.115s] [100%] Built target as2_behavior_tree_node
[0.123s] Invoked command in '/root/aerostack2_ws/build/as2_behavior_tree' returned '0': AMENT_PREFIX_PATH=/root/aerostack2_ws/install/as2_core:/root/aerostack2_ws/install/as2_msgs:${AMENT_PREFIX_PATH} CMAKE_PREFIX_PATH=/root/aerostack2_ws/install/as2_core:/root/aerostack2_ws/install/as2_msgs:/opt/ros/humble LD_LIBRARY_PATH=/root/aerostack2_ws/install/as2_core/lib:/root/aerostack2_ws/install/as2_msgs/lib:${LD_LIBRARY_PATH} PYTHONPATH=/root/aerostack2_ws/install/as2_core/local/lib/python3.10/dist-packages:/root/aerostack2_ws/install/as2_msgs/local/lib/python3.10/dist-packages:${PYTHONPATH} /usr/bin/cmake --build /root/aerostack2_ws/build/as2_behavior_tree -- -j8 -l8
[0.123s] Invoking command in '/root/aerostack2_ws/build/as2_behavior_tree': AMENT_PREFIX_PATH=/root/aerostack2_ws/install/as2_core:/root/aerostack2_ws/install/as2_msgs:${AMENT_PREFIX_PATH} CMAKE_PREFIX_PATH=/root/aerostack2_ws/install/as2_core:/root/aerostack2_ws/install/as2_msgs:/opt/ros/humble LD_LIBRARY_PATH=/root/aerostack2_ws/install/as2_core/lib:/root/aerostack2_ws/install/as2_msgs/lib:${LD_LIBRARY_PATH} PYTHONPATH=/root/aerostack2_ws/install/as2_core/local/lib/python3.10/dist-packages:/root/aerostack2_ws/install/as2_msgs/local/lib/python3.10/dist-packages:${PYTHONPATH} /usr/bin/cmake --install /root/aerostack2_ws/build/as2_behavior_tree
[0.129s] -- Install configuration: "Release"
[0.129s] -- Up-to-date: /root/aerostack2_ws/install/as2_behavior_tree/include
[0.129s] -- Up-to-date: /root/aerostack2_ws/install/as2_behavior_tree/include/as2_behavior_tree
[0.129s] -- Up-to-date: /root/aerostack2_ws/install/as2_behavior_tree/include/as2_behavior_tree/decorator
[0.129s] -- Up-to-date: /root/aerostack2_ws/install/as2_behavior_tree/include/as2_behavior_tree/decorator/wait_for_alert.hpp
[0.129s] -- Up-to-date: /root/aerostack2_ws/install/as2_behavior_tree/include/as2_behavior_tree/decorator/wait_for_event.hpp
[0.129s] -- Up-to-date: /root/aerostack2_ws/install/as2_behavior_tree/include/as2_behavior_tree/bt_action_node.hpp
[0.129s] -- Up-to-date: /root/aerostack2_ws/install/as2_behavior_tree/include/as2_behavior_tree/bt_service_node.hpp
[0.129s] -- Up-to-date: /root/aerostack2_ws/install/as2_behavior_tree/include/as2_behavior_tree/action
[0.129s] -- Up-to-date: /root/aerostack2_ws/install/as2_behavior_tree/include/as2_behavior_tree/action/set_origin.hpp
[0.129s] -- Up-to-date: /root/aerostack2_ws/install/as2_behavior_tree/include/as2_behavior_tree/action/land_action.hpp
[0.129s] -- Up-to-date: /root/aerostack2_ws/install/as2_behavior_tree/include/as2_behavior_tree/action/arm_service.hpp
[0.129s] -- Up-to-date: /root/aerostack2_ws/install/as2_behavior_tree/include/as2_behavior_tree/action/go_to_action.hpp
[0.129s] -- Up-to-date: /root/aerostack2_ws/install/as2_behavior_tree/include/as2_behavior_tree/action/echo.hpp
[0.129s] -- Up-to-date: /root/aerostack2_ws/install/as2_behavior_tree/include/as2_behavior_tree/action/gps_to_cartesian.hpp
[0.129s] -- Up-to-date: /root/aerostack2_ws/install/as2_behavior_tree/include/as2_behavior_tree/action/get_origin.hpp
[0.129s] -- Up-to-date: /root/aerostack2_ws/install/as2_behavior_tree/include/as2_behavior_tree/action/go_to_gps_action.hpp
[0.129s] -- Up-to-date: /root/aerostack2_ws/install/as2_behavior_tree/include/as2_behavior_tree/action/follow_path.hpp
[0.130s] -- Up-to-date: /root/aerostack2_ws/install/as2_behavior_tree/include/as2_behavior_tree/action/takeoff_action.hpp
[0.130s] -- Up-to-date: /root/aerostack2_ws/install/as2_behavior_tree/include/as2_behavior_tree/action/offboard_service.hpp
[0.130s] -- Up-to-date: /root/aerostack2_ws/install/as2_behavior_tree/include/as2_behavior_tree/action/send_event.hpp
[0.130s] -- Up-to-date: /root/aerostack2_ws/install/as2_behavior_tree/include/as2_behavior_tree/condition
[0.130s] -- Up-to-date: /root/aerostack2_ws/install/as2_behavior_tree/include/as2_behavior_tree/condition/is_flying_condition.hpp
[0.130s] -- Up-to-date: /root/aerostack2_ws/install/as2_behavior_tree/include/as2_behavior_tree/port_specialization.hpp
[0.130s] -- Up-to-date: /root/aerostack2_ws/install/as2_behavior_tree/lib/as2_behavior_tree/as2_behavior_tree_node
[0.130s] -- Up-to-date: /root/aerostack2_ws/install/as2_behavior_tree/lib/libas2_behavior_tree.so
[0.130s] -- Up-to-date: /root/aerostack2_ws/install/as2_behavior_tree/share/as2_behavior_tree/launch
[0.130s] -- Up-to-date: /root/aerostack2_ws/install/as2_behavior_tree/share/as2_behavior_tree/launch/behavior_trees.launch.py
[0.130s] -- Up-to-date: /root/aerostack2_ws/install/as2_behavior_tree/share/as2_behavior_tree/resource
[0.130s] -- Up-to-date: /root/aerostack2_ws/install/as2_behavior_tree/share/as2_behavior_tree/resource/takeoff.xml
[0.130s] -- Up-to-date: /root/aerostack2_ws/install/as2_behavior_tree/share/as2_behavior_tree/resource/event_test.xml
[0.130s] -- Up-to-date: /root/aerostack2_ws/install/as2_behavior_tree/share/as2_behavior_tree/resource/test.xml
[0.130s] -- Up-to-date: /root/aerostack2_ws/install/as2_behavior_tree/share/as2_behavior_tree/resource/arm_test.xml
[0.130s] -- Up-to-date: /root/aerostack2_ws/install/as2_behavior_tree/share/as2_behavior_tree/resource/RTL_test_2.xml
[0.130s] -- Up-to-date: /root/aerostack2_ws/install/as2_behavior_tree/share/as2_behavior_tree/resource/follow_path_test.xml
[0.130s] -- Up-to-date: /root/aerostack2_ws/install/as2_behavior_tree/share/as2_behavior_tree/resource/actions.xml
[0.130s] -- Up-to-date: /root/aerostack2_ws/install/as2_behavior_tree/share/as2_behavior_tree/resource/basic_mission.xml
[0.130s] -- Up-to-date: /root/aerostack2_ws/install/as2_behavior_tree/share/as2_behavior_tree/resource/event_test_2.xml
[0.130s] -- Up-to-date: /root/aerostack2_ws/install/as2_behavior_tree/share/ament_index/resource_index/package_run_dependencies/as2_behavior_tree
[0.130s] -- Up-to-date: /root/aerostack2_ws/install/as2_behavior_tree/share/ament_index/resource_index/parent_prefix_path/as2_behavior_tree
[0.130s] -- Up-to-date: /root/aerostack2_ws/install/as2_behavior_tree/share/as2_behavior_tree/environment/ament_prefix_path.sh
[0.131s] -- Up-to-date: /root/aerostack2_ws/install/as2_behavior_tree/share/as2_behavior_tree/environment/ament_prefix_path.dsv
[0.131s] -- Up-to-date: /root/aerostack2_ws/install/as2_behavior_tree/share/as2_behavior_tree/environment/path.sh
[0.131s] -- Up-to-date: /root/aerostack2_ws/install/as2_behavior_tree/share/as2_behavior_tree/environment/path.dsv
[0.131s] -- Up-to-date: /root/aerostack2_ws/install/as2_behavior_tree/share/as2_behavior_tree/local_setup.bash
[0.131s] -- Up-to-date: /root/aerostack2_ws/install/as2_behavior_tree/share/as2_behavior_tree/local_setup.sh
[0.131s] -- Up-to-date: /root/aerostack2_ws/install/as2_behavior_tree/share/as2_behavior_tree/local_setup.zsh
[0.131s] -- Up-to-date: /root/aerostack2_ws/install/as2_behavior_tree/share/as2_behavior_tree/local_setup.dsv
[0.131s] -- Installing: /root/aerostack2_ws/install/as2_behavior_tree/share/as2_behavior_tree/package.dsv
[0.131s] -- Up-to-date: /root/aerostack2_ws/install/as2_behavior_tree/share/ament_index/resource_index/packages/as2_behavior_tree
[0.131s] -- Up-to-date: /root/aerostack2_ws/install/as2_behavior_tree/share/as2_behavior_tree/cmake/as2_behavior_treeConfig.cmake
[0.131s] -- Up-to-date: /root/aerostack2_ws/install/as2_behavior_tree/share/as2_behavior_tree/cmake/as2_behavior_treeConfig-version.cmake
[0.131s] -- Up-to-date: /root/aerostack2_ws/install/as2_behavior_tree/share/as2_behavior_tree/package.xml
[0.131s] -- Up-to-date: /root/aerostack2_ws/install/as2_behavior_tree/share/as2_behavior_tree/launch
[0.131s] -- Up-to-date: /root/aerostack2_ws/install/as2_behavior_tree/share/as2_behavior_tree/launch/all_emulator.launch.py
[0.131s] -- Up-to-date: /root/aerostack2_ws/install/as2_behavior_tree/share/as2_behavior_tree/launch/land_emulator.launch.py
[0.131s] -- Up-to-date: /root/aerostack2_ws/install/as2_behavior_tree/share/as2_behavior_tree/launch/takeoff_emulator.launch.py
[0.131s] -- Up-to-date: /root/aerostack2_ws/install/as2_behavior_tree/lib/as2_behavior_tree/platform_emulator
[0.131s] -- Up-to-date: /root/aerostack2_ws/install/as2_behavior_tree/lib/as2_behavior_tree/takeoff_emulator
[0.131s] -- Up-to-date: /root/aerostack2_ws/install/as2_behavior_tree/lib/as2_behavior_tree/land_emulator
[0.131s] -- Up-to-date: /root/aerostack2_ws/install/as2_behavior_tree/lib/as2_behavior_tree/go_to_emulator
[0.131s] -- Up-to-date: /root/aerostack2_ws/install/as2_behavior_tree/lib/as2_behavior_tree/follow_path_emulator
[0.133s] Invoked command in '/root/aerostack2_ws/build/as2_behavior_tree' returned '0': AMENT_PREFIX_PATH=/root/aerostack2_ws/install/as2_core:/root/aerostack2_ws/install/as2_msgs:${AMENT_PREFIX_PATH} CMAKE_PREFIX_PATH=/root/aerostack2_ws/install/as2_core:/root/aerostack2_ws/install/as2_msgs:/opt/ros/humble LD_LIBRARY_PATH=/root/aerostack2_ws/install/as2_core/lib:/root/aerostack2_ws/install/as2_msgs/lib:${LD_LIBRARY_PATH} PYTHONPATH=/root/aerostack2_ws/install/as2_core/local/lib/python3.10/dist-packages:/root/aerostack2_ws/install/as2_msgs/local/lib/python3.10/dist-packages:${PYTHONPATH} /usr/bin/cmake --install /root/aerostack2_ws/build/as2_behavior_tree
