[0.323s] Invoking command in '/root/aerostack2_ws/build/as2_cli': CMAKE_PREFIX_PATH=${CMAKE_PREFIX_PATH}:/root/aerostack2_ws/install/as2_swarm_fusion_ci:/root/aerostack2_ws/install/rmf_demos_tasks:/root/aerostack2_ws/install/rmf_demos_panel:/root/aerostack2_ws/install/rmf_demos_fleet_adapter:/root/aerostack2_ws/install/rmf_demos_dashboard_resources:/root/aerostack2_ws/install/rmf_demos_bridges:/root/aerostack2_ws/install/rmf_demos_assets:/root/aerostack2_ws/install/as2_visualization:/root/aerostack2_ws/install/as2_swarm_perception:/root/aerostack2_ws/install/as2_keyboard_teleoperation:/root/aerostack2_ws/install/as2_python_api:/root/aerostack2_ws/install/as2_project_bringup:/root/aerostack2_ws/install/as2_perception:/root/aerostack2_ws/install/as2_groundray_perception:/opt/ros/humble /usr/bin/cmake --build /root/aerostack2_ws/build/as2_cli -- -j8 -l8
[5.227s] Invoked command in '/root/aerostack2_ws/build/as2_cli' returned '0': CMAKE_PREFIX_PATH=${CMAKE_PREFIX_PATH}:/root/aerostack2_ws/install/as2_swarm_fusion_ci:/root/aerostack2_ws/install/rmf_demos_tasks:/root/aerostack2_ws/install/rmf_demos_panel:/root/aerostack2_ws/install/rmf_demos_fleet_adapter:/root/aerostack2_ws/install/rmf_demos_dashboard_resources:/root/aerostack2_ws/install/rmf_demos_bridges:/root/aerostack2_ws/install/rmf_demos_assets:/root/aerostack2_ws/install/as2_visualization:/root/aerostack2_ws/install/as2_swarm_perception:/root/aerostack2_ws/install/as2_keyboard_teleoperation:/root/aerostack2_ws/install/as2_python_api:/root/aerostack2_ws/install/as2_project_bringup:/root/aerostack2_ws/install/as2_perception:/root/aerostack2_ws/install/as2_groundray_perception:/opt/ros/humble /usr/bin/cmake --build /root/aerostack2_ws/build/as2_cli -- -j8 -l8
[5.322s] Invoking command in '/root/aerostack2_ws/build/as2_cli': CMAKE_PREFIX_PATH=${CMAKE_PREFIX_PATH}:/root/aerostack2_ws/install/as2_swarm_fusion_ci:/root/aerostack2_ws/install/rmf_demos_tasks:/root/aerostack2_ws/install/rmf_demos_panel:/root/aerostack2_ws/install/rmf_demos_fleet_adapter:/root/aerostack2_ws/install/rmf_demos_dashboard_resources:/root/aerostack2_ws/install/rmf_demos_bridges:/root/aerostack2_ws/install/rmf_demos_assets:/root/aerostack2_ws/install/as2_visualization:/root/aerostack2_ws/install/as2_swarm_perception:/root/aerostack2_ws/install/as2_keyboard_teleoperation:/root/aerostack2_ws/install/as2_python_api:/root/aerostack2_ws/install/as2_project_bringup:/root/aerostack2_ws/install/as2_perception:/root/aerostack2_ws/install/as2_groundray_perception:/opt/ros/humble /usr/bin/cmake --install /root/aerostack2_ws/build/as2_cli
[5.387s] -- Install configuration: ""
[5.388s] -- Up-to-date: /root/aerostack2_ws/install/as2_cli/share/ament_index/resource_index/package_run_dependencies/as2_cli
[5.388s] -- Up-to-date: /root/aerostack2_ws/install/as2_cli/share/ament_index/resource_index/parent_prefix_path/as2_cli
[5.389s] -- Up-to-date: /root/aerostack2_ws/install/as2_cli/share/as2_cli/environment/ament_prefix_path.sh
[5.397s] -- Up-to-date: /root/aerostack2_ws/install/as2_cli/share/as2_cli/environment/ament_prefix_path.dsv
[5.398s] -- Up-to-date: /root/aerostack2_ws/install/as2_cli/share/as2_cli/environment/path.sh
[5.399s] -- Up-to-date: /root/aerostack2_ws/install/as2_cli/share/as2_cli/environment/path.dsv
[5.400s] -- Up-to-date: /root/aerostack2_ws/install/as2_cli/share/as2_cli/local_setup.bash
[5.401s] -- Up-to-date: /root/aerostack2_ws/install/as2_cli/share/as2_cli/local_setup.sh
[5.401s] -- Up-to-date: /root/aerostack2_ws/install/as2_cli/share/as2_cli/local_setup.zsh
[5.402s] -- Up-to-date: /root/aerostack2_ws/install/as2_cli/share/as2_cli/local_setup.dsv
[5.402s] -- Installing: /root/aerostack2_ws/install/as2_cli/share/as2_cli/package.dsv
[5.402s] -- Up-to-date: /root/aerostack2_ws/install/as2_cli/share/ament_index/resource_index/packages/as2_cli
[5.402s] -- Up-to-date: /root/aerostack2_ws/install/as2_cli/share/as2_cli/cmake/as2_cliConfig.cmake
[5.402s] -- Up-to-date: /root/aerostack2_ws/install/as2_cli/share/as2_cli/cmake/as2_cliConfig-version.cmake
[5.402s] -- Up-to-date: /root/aerostack2_ws/install/as2_cli/share/as2_cli/package.xml
[5.429s] Invoked command in '/root/aerostack2_ws/build/as2_cli' returned '0': CMAKE_PREFIX_PATH=${CMAKE_PREFIX_PATH}:/root/aerostack2_ws/install/as2_swarm_fusion_ci:/root/aerostack2_ws/install/rmf_demos_tasks:/root/aerostack2_ws/install/rmf_demos_panel:/root/aerostack2_ws/install/rmf_demos_fleet_adapter:/root/aerostack2_ws/install/rmf_demos_dashboard_resources:/root/aerostack2_ws/install/rmf_demos_bridges:/root/aerostack2_ws/install/rmf_demos_assets:/root/aerostack2_ws/install/as2_visualization:/root/aerostack2_ws/install/as2_swarm_perception:/root/aerostack2_ws/install/as2_keyboard_teleoperation:/root/aerostack2_ws/install/as2_python_api:/root/aerostack2_ws/install/as2_project_bringup:/root/aerostack2_ws/install/as2_perception:/root/aerostack2_ws/install/as2_groundray_perception:/opt/ros/humble /usr/bin/cmake --install /root/aerostack2_ws/build/as2_cli
