[  3%] [32mBuilding CXX object tests/node_emulators/CMakeFiles/land_emulator.dir/src/land_emulator.cpp.o[0m
[  6%] [32mBuilding CXX object CMakeFiles/as2_behavior_tree.dir/plugins/action/takeoff_action.cpp.o[0m
[ 16%] [32mBuilding CXX object tests/node_emulators/CMakeFiles/follow_path_emulator.dir/src/follow_path_emulator.cpp.o[0m
[ 16%] [32mBuilding CXX object tests/node_emulators/CMakeFiles/takeoff_emulator.dir/src/takeoff_emulator.cpp.o[0m
[ 16%] [32mBuilding CXX object tests/node_emulators/CMakeFiles/go_to_emulator.dir/src/go_to_emulator.cpp.o[0m
[ 19%] [32mBuilding CXX object CMakeFiles/as2_behavior_tree.dir/plugins/action/arm_service.cpp.o[0m
[ 22%] [32mBuilding CXX object tests/node_emulators/CMakeFiles/platform_emulator.dir/src/platform_emulator.cpp.o[0m
[ 25%] [32mBuilding CXX object CMakeFiles/as2_behavior_tree.dir/plugins/action/offboard_service.cpp.o[0m
[ 29%] [32mBuilding CXX object CMakeFiles/as2_behavior_tree.dir/plugins/action/go_to_action.cpp.o[0m
[ 32%] [32mBuilding CXX object CMakeFiles/as2_behavior_tree.dir/plugins/action/land_action.cpp.o[0m
[ 35%] [32mBuilding CXX object CMakeFiles/as2_behavior_tree.dir/plugins/action/send_event.cpp.o[0m
[ 38%] [32m[1mLinking CXX executable platform_emulator[0m
[ 38%] Built target platform_emulator
[ 41%] [32mBuilding CXX object CMakeFiles/as2_behavior_tree.dir/plugins/action/echo.cpp.o[0m
[ 45%] [32m[1mLinking CXX executable takeoff_emulator[0m
[ 48%] [32m[1mLinking CXX executable go_to_emulator[0m
[ 48%] Built target takeoff_emulator
[ 51%] [32mBuilding CXX object CMakeFiles/as2_behavior_tree.dir/plugins/action/set_origin.cpp.o[0m
[ 54%] [32m[1mLinking CXX executable land_emulator[0m
[ 54%] Built target go_to_emulator
[ 58%] [32mBuilding CXX object CMakeFiles/as2_behavior_tree.dir/plugins/action/get_origin.cpp.o[0m
[ 58%] Built target land_emulator
[ 61%] [32mBuilding CXX object CMakeFiles/as2_behavior_tree.dir/plugins/action/gps_to_cartesian.cpp.o[0m
[ 64%] [32m[1mLinking CXX executable follow_path_emulator[0m
[ 64%] Built target follow_path_emulator
[ 67%] [32mBuilding CXX object CMakeFiles/as2_behavior_tree.dir/plugins/action/go_to_gps_action.cpp.o[0m
[ 70%] [32mBuilding CXX object CMakeFiles/as2_behavior_tree.dir/plugins/condition/is_flying_condition.cpp.o[0m
[ 74%] [32mBuilding CXX object CMakeFiles/as2_behavior_tree.dir/plugins/decorator/wait_for_event.cpp.o[0m
[ 77%] [32mBuilding CXX object CMakeFiles/as2_behavior_tree.dir/plugins/decorator/wait_for_alert.cpp.o[0m
[ 80%] [32m[1mLinking CXX shared library libas2_behavior_tree.so[0m
[ 80%] Built target as2_behavior_tree
[ 90%] [32mBuilding CXX object CMakeFiles/as2_behavior_tree_node.dir/src/as2_behavior_tree_node.cpp.o[0m
[ 90%] [32mBuilding CXX object tests/CMakeFiles/as2_behavior_tree_port_test.dir/port_test.cpp.o[0m
[ 90%] [32mBuilding CXX object tests/CMakeFiles/as2_behavior_tree_port_pose_test.dir/port_pose_test.cpp.o[0m
[ 93%] [32m[1mLinking CXX executable as2_behavior_tree_port_test[0m
[ 96%] [32m[1mLinking CXX executable as2_behavior_tree_port_pose_test[0m
[ 96%] Built target as2_behavior_tree_port_test
[ 96%] Built target as2_behavior_tree_port_pose_test
[100%] [32m[1mLinking CXX executable as2_behavior_tree_node[0m
[100%] Built target as2_behavior_tree_node
-- Install configuration: "Release"
-- Installing: /root/aerostack2_ws/install/as2_behavior_tree/include
-- Installing: /root/aerostack2_ws/install/as2_behavior_tree/include/as2_behavior_tree
-- Installing: /root/aerostack2_ws/install/as2_behavior_tree/include/as2_behavior_tree/decorator
-- Installing: /root/aerostack2_ws/install/as2_behavior_tree/include/as2_behavior_tree/decorator/wait_for_alert.hpp
-- Installing: /root/aerostack2_ws/install/as2_behavior_tree/include/as2_behavior_tree/decorator/wait_for_event.hpp
-- Installing: /root/aerostack2_ws/install/as2_behavior_tree/include/as2_behavior_tree/bt_action_node.hpp
-- Installing: /root/aerostack2_ws/install/as2_behavior_tree/include/as2_behavior_tree/bt_service_node.hpp
-- Installing: /root/aerostack2_ws/install/as2_behavior_tree/include/as2_behavior_tree/action
-- Installing: /root/aerostack2_ws/install/as2_behavior_tree/include/as2_behavior_tree/action/set_origin.hpp
-- Installing: /root/aerostack2_ws/install/as2_behavior_tree/include/as2_behavior_tree/action/land_action.hpp
-- Installing: /root/aerostack2_ws/install/as2_behavior_tree/include/as2_behavior_tree/action/arm_service.hpp
-- Installing: /root/aerostack2_ws/install/as2_behavior_tree/include/as2_behavior_tree/action/go_to_action.hpp
-- Installing: /root/aerostack2_ws/install/as2_behavior_tree/include/as2_behavior_tree/action/echo.hpp
-- Installing: /root/aerostack2_ws/install/as2_behavior_tree/include/as2_behavior_tree/action/gps_to_cartesian.hpp
-- Installing: /root/aerostack2_ws/install/as2_behavior_tree/include/as2_behavior_tree/action/get_origin.hpp
-- Installing: /root/aerostack2_ws/install/as2_behavior_tree/include/as2_behavior_tree/action/go_to_gps_action.hpp
-- Installing: /root/aerostack2_ws/install/as2_behavior_tree/include/as2_behavior_tree/action/follow_path.hpp
-- Installing: /root/aerostack2_ws/install/as2_behavior_tree/include/as2_behavior_tree/action/takeoff_action.hpp
-- Installing: /root/aerostack2_ws/install/as2_behavior_tree/include/as2_behavior_tree/action/offboard_service.hpp
-- Installing: /root/aerostack2_ws/install/as2_behavior_tree/include/as2_behavior_tree/action/send_event.hpp
-- Installing: /root/aerostack2_ws/install/as2_behavior_tree/include/as2_behavior_tree/condition
-- Installing: /root/aerostack2_ws/install/as2_behavior_tree/include/as2_behavior_tree/condition/is_flying_condition.hpp
-- Installing: /root/aerostack2_ws/install/as2_behavior_tree/include/as2_behavior_tree/port_specialization.hpp
-- Installing: /root/aerostack2_ws/install/as2_behavior_tree/lib/as2_behavior_tree/as2_behavior_tree_node
-- Set runtime path of "/root/aerostack2_ws/install/as2_behavior_tree/lib/as2_behavior_tree/as2_behavior_tree_node" to ""
-- Installing: /root/aerostack2_ws/install/as2_behavior_tree/lib/libas2_behavior_tree.so
-- Set runtime path of "/root/aerostack2_ws/install/as2_behavior_tree/lib/libas2_behavior_tree.so" to ""
-- Installing: /root/aerostack2_ws/install/as2_behavior_tree/share/as2_behavior_tree/launch
-- Installing: /root/aerostack2_ws/install/as2_behavior_tree/share/as2_behavior_tree/launch/behavior_trees.launch.py
-- Installing: /root/aerostack2_ws/install/as2_behavior_tree/share/as2_behavior_tree/resource
-- Installing: /root/aerostack2_ws/install/as2_behavior_tree/share/as2_behavior_tree/resource/takeoff.xml
-- Installing: /root/aerostack2_ws/install/as2_behavior_tree/share/as2_behavior_tree/resource/event_test.xml
-- Installing: /root/aerostack2_ws/install/as2_behavior_tree/share/as2_behavior_tree/resource/test.xml
-- Installing: /root/aerostack2_ws/install/as2_behavior_tree/share/as2_behavior_tree/resource/arm_test.xml
-- Installing: /root/aerostack2_ws/install/as2_behavior_tree/share/as2_behavior_tree/resource/RTL_test_2.xml
-- Installing: /root/aerostack2_ws/install/as2_behavior_tree/share/as2_behavior_tree/resource/follow_path_test.xml
-- Installing: /root/aerostack2_ws/install/as2_behavior_tree/share/as2_behavior_tree/resource/actions.xml
-- Installing: /root/aerostack2_ws/install/as2_behavior_tree/share/as2_behavior_tree/resource/basic_mission.xml
-- Installing: /root/aerostack2_ws/install/as2_behavior_tree/share/as2_behavior_tree/resource/event_test_2.xml
-- Installing: /root/aerostack2_ws/install/as2_behavior_tree/share/ament_index/resource_index/package_run_dependencies/as2_behavior_tree
-- Installing: /root/aerostack2_ws/install/as2_behavior_tree/share/ament_index/resource_index/parent_prefix_path/as2_behavior_tree
-- Installing: /root/aerostack2_ws/install/as2_behavior_tree/share/as2_behavior_tree/environment/ament_prefix_path.sh
-- Installing: /root/aerostack2_ws/install/as2_behavior_tree/share/as2_behavior_tree/environment/ament_prefix_path.dsv
-- Installing: /root/aerostack2_ws/install/as2_behavior_tree/share/as2_behavior_tree/environment/path.sh
-- Installing: /root/aerostack2_ws/install/as2_behavior_tree/share/as2_behavior_tree/environment/path.dsv
-- Installing: /root/aerostack2_ws/install/as2_behavior_tree/share/as2_behavior_tree/local_setup.bash
-- Installing: /root/aerostack2_ws/install/as2_behavior_tree/share/as2_behavior_tree/local_setup.sh
-- Installing: /root/aerostack2_ws/install/as2_behavior_tree/share/as2_behavior_tree/local_setup.zsh
-- Installing: /root/aerostack2_ws/install/as2_behavior_tree/share/as2_behavior_tree/local_setup.dsv
-- Installing: /root/aerostack2_ws/install/as2_behavior_tree/share/as2_behavior_tree/package.dsv
-- Installing: /root/aerostack2_ws/install/as2_behavior_tree/share/ament_index/resource_index/packages/as2_behavior_tree
-- Installing: /root/aerostack2_ws/install/as2_behavior_tree/share/as2_behavior_tree/cmake/as2_behavior_treeConfig.cmake
-- Installing: /root/aerostack2_ws/install/as2_behavior_tree/share/as2_behavior_tree/cmake/as2_behavior_treeConfig-version.cmake
-- Installing: /root/aerostack2_ws/install/as2_behavior_tree/share/as2_behavior_tree/package.xml
-- Up-to-date: /root/aerostack2_ws/install/as2_behavior_tree/share/as2_behavior_tree/launch
-- Installing: /root/aerostack2_ws/install/as2_behavior_tree/share/as2_behavior_tree/launch/all_emulator.launch.py
-- Installing: /root/aerostack2_ws/install/as2_behavior_tree/share/as2_behavior_tree/launch/land_emulator.launch.py
-- Installing: /root/aerostack2_ws/install/as2_behavior_tree/share/as2_behavior_tree/launch/takeoff_emulator.launch.py
-- Installing: /root/aerostack2_ws/install/as2_behavior_tree/lib/as2_behavior_tree/platform_emulator
-- Set runtime path of "/root/aerostack2_ws/install/as2_behavior_tree/lib/as2_behavior_tree/platform_emulator" to ""
-- Installing: /root/aerostack2_ws/install/as2_behavior_tree/lib/as2_behavior_tree/takeoff_emulator
-- Set runtime path of "/root/aerostack2_ws/install/as2_behavior_tree/lib/as2_behavior_tree/takeoff_emulator" to ""
-- Installing: /root/aerostack2_ws/install/as2_behavior_tree/lib/as2_behavior_tree/land_emulator
-- Set runtime path of "/root/aerostack2_ws/install/as2_behavior_tree/lib/as2_behavior_tree/land_emulator" to ""
-- Installing: /root/aerostack2_ws/install/as2_behavior_tree/lib/as2_behavior_tree/go_to_emulator
-- Set runtime path of "/root/aerostack2_ws/install/as2_behavior_tree/lib/as2_behavior_tree/go_to_emulator" to ""
-- Installing: /root/aerostack2_ws/install/as2_behavior_tree/lib/as2_behavior_tree/follow_path_emulator
-- Set runtime path of "/root/aerostack2_ws/install/as2_behavior_tree/lib/as2_behavior_tree/follow_path_emulator" to ""
