[0.639s] Invoking command in '/root/aerostack2_ws/src/aerostack2/as2_swarm_perception': PYTHONPATH=/root/aerostack2_ws/build/as2_swarm_perception/prefix_override:/usr/lib/python3/dist-packages/colcon_core/task/python/colcon_distutils_commands:/root/aerostack2_ws/install/as2_swarm_perception/lib/python3.10/site-packages:${PYTHONPATH} /usr/bin/python3 -W ignore:setup.py install is deprecated -W ignore:easy_install command is deprecated setup.py egg_info --egg-base ../../../build/as2_swarm_perception build --build-base /root/aerostack2_ws/build/as2_swarm_perception/build install --record /root/aerostack2_ws/build/as2_swarm_perception/install.log --single-version-externally-managed install_data
[0.821s] running egg_info
[0.821s] creating ../../../build/as2_swarm_perception/as2_swarm_perception.egg-info
[0.821s] writing ../../../build/as2_swarm_perception/as2_swarm_perception.egg-info/PKG-INFO
[0.821s] writing dependency_links to ../../../build/as2_swarm_perception/as2_swarm_perception.egg-info/dependency_links.txt
[0.822s] writing entry points to ../../../build/as2_swarm_perception/as2_swarm_perception.egg-info/entry_points.txt
[0.822s] writing requirements to ../../../build/as2_swarm_perception/as2_swarm_perception.egg-info/requires.txt
[0.822s] writing top-level names to ../../../build/as2_swarm_perception/as2_swarm_perception.egg-info/top_level.txt
[0.822s] writing manifest file '../../../build/as2_swarm_perception/as2_swarm_perception.egg-info/SOURCES.txt'
[0.823s] reading manifest file '../../../build/as2_swarm_perception/as2_swarm_perception.egg-info/SOURCES.txt'
[0.824s] writing manifest file '../../../build/as2_swarm_perception/as2_swarm_perception.egg-info/SOURCES.txt'
[0.824s] running build
[0.824s] running build_py
[0.824s] creating /root/aerostack2_ws/build/as2_swarm_perception/build
[0.825s] creating /root/aerostack2_ws/build/as2_swarm_perception/build/lib
[0.825s] creating /root/aerostack2_ws/build/as2_swarm_perception/build/lib/as2_swarm_perception
[0.825s] copying as2_swarm_perception/bbox_to_world_node.py -> /root/aerostack2_ws/build/as2_swarm_perception/build/lib/as2_swarm_perception
[0.825s] copying as2_swarm_perception/__init__.py -> /root/aerostack2_ws/build/as2_swarm_perception/build/lib/as2_swarm_perception
[0.825s] running install
[0.825s] running install_lib
[0.826s] creating /root/aerostack2_ws/install/as2_swarm_perception/lib/python3.10/site-packages/as2_swarm_perception
[0.826s] copying /root/aerostack2_ws/build/as2_swarm_perception/build/lib/as2_swarm_perception/bbox_to_world_node.py -> /root/aerostack2_ws/install/as2_swarm_perception/lib/python3.10/site-packages/as2_swarm_perception
[0.826s] copying /root/aerostack2_ws/build/as2_swarm_perception/build/lib/as2_swarm_perception/__init__.py -> /root/aerostack2_ws/install/as2_swarm_perception/lib/python3.10/site-packages/as2_swarm_perception
[0.827s] byte-compiling /root/aerostack2_ws/install/as2_swarm_perception/lib/python3.10/site-packages/as2_swarm_perception/bbox_to_world_node.py to bbox_to_world_node.cpython-310.pyc
[0.828s] byte-compiling /root/aerostack2_ws/install/as2_swarm_perception/lib/python3.10/site-packages/as2_swarm_perception/__init__.py to __init__.cpython-310.pyc
[0.829s] running install_data
[0.829s] creating /root/aerostack2_ws/install/as2_swarm_perception/share/ament_index
[0.829s] creating /root/aerostack2_ws/install/as2_swarm_perception/share/ament_index/resource_index
[0.829s] creating /root/aerostack2_ws/install/as2_swarm_perception/share/ament_index/resource_index/packages
[0.829s] copying resource/as2_swarm_perception -> /root/aerostack2_ws/install/as2_swarm_perception/share/ament_index/resource_index/packages
[0.829s] copying package.xml -> /root/aerostack2_ws/install/as2_swarm_perception/share/as2_swarm_perception
[0.829s] running install_egg_info
[0.831s] Copying ../../../build/as2_swarm_perception/as2_swarm_perception.egg-info to /root/aerostack2_ws/install/as2_swarm_perception/lib/python3.10/site-packages/as2_swarm_perception-0.0.0-py3.10.egg-info
[0.831s] running install_scripts
[0.848s] Installing bbox_to_world_node script to /root/aerostack2_ws/install/as2_swarm_perception/lib/as2_swarm_perception
[0.848s] writing list of installed files to '/root/aerostack2_ws/build/as2_swarm_perception/install.log'
[0.867s] Invoked command in '/root/aerostack2_ws/src/aerostack2/as2_swarm_perception' returned '0': PYTHONPATH=/root/aerostack2_ws/build/as2_swarm_perception/prefix_override:/usr/lib/python3/dist-packages/colcon_core/task/python/colcon_distutils_commands:/root/aerostack2_ws/install/as2_swarm_perception/lib/python3.10/site-packages:${PYTHONPATH} /usr/bin/python3 -W ignore:setup.py install is deprecated -W ignore:easy_install command is deprecated setup.py egg_info --egg-base ../../../build/as2_swarm_perception build --build-base /root/aerostack2_ws/build/as2_swarm_perception/build install --record /root/aerostack2_ws/build/as2_swarm_perception/install.log --single-version-externally-managed install_data
