[0.184s] Invoking command in '/root/aerostack2_ws/build/as2_motion_controller': CMAKE_PREFIX_PATH=/root/aerostack2_ws/install/as2_motion_reference_handlers:/root/aerostack2_ws/install/as2_core:/root/aerostack2_ws/install/as2_msgs:/root/aerostack2_ws/install/aerostack2:/root/aerostack2_ws/install/as2_usb_camera_interface:/root/aerostack2_ws/install/as2_state_estimator:/root/aerostack2_ws/install/as2_rviz_plugins:/root/aerostack2_ws/install/as2_realsense_interface:/root/aerostack2_ws/install/as2_platform_multirotor_simulator:/root/aerostack2_ws/install/as2_platform_gazebo:/root/aerostack2_ws/install/as2_motion_controller:/root/aerostack2_ws/install/as2_behaviors_trajectory_generation:/root/aerostack2_ws/install/as2_behaviors_swarm_flocking:/root/aerostack2_ws/install/as2_behaviors_motion:/root/aerostack2_ws/install/as2_map_server:/root/aerostack2_ws/install/as2_geozones:/root/aerostack2_ws/install/as2_gazebo_assets:/root/aerostack2_ws/install/as2_external_object_to_tf:/root/aerostack2_ws/install/as2_behaviors_platform:/root/aerostack2_ws/install/as2_behaviors_perception:/root/aerostack2_ws/install/as2_behaviors_path_planning:/root/aerostack2_ws/install/as2_behavior_tree:/root/aerostack2_ws/install/as2_behavior:/root/aerostack2_ws/install/as2_alphanumeric_viewer:/root/aerostack2_ws/install/as2_cli:/root/aerostack2_ws/install/as2_visualization:/root/aerostack2_ws/install/as2_keyboard_teleoperation:/root/aerostack2_ws/install/as2_python_api:/root/aerostack2_ws/install/as2_perception:/opt/ros/humble LD_LIBRARY_PATH=/root/aerostack2_ws/install/as2_core/lib:/root/aerostack2_ws/install/as2_msgs/lib:/root/aerostack2_ws/install/as2_state_estimator/lib:/root/aerostack2_ws/install/as2_python_api/lib:/root/aerostack2_ws/install/as2_motion_controller/lib:/root/aerostack2_ws/install/as2_behaviors_trajectory_generation/lib:/root/aerostack2_ws/install/as2_behaviors_swarm_flocking/lib:/root/aerostack2_ws/install/as2_behaviors_motion/lib:/root/aerostack2_ws/install/as2_motion_reference_handlers/lib:/root/aerostack2_ws/install/as2_map_server/lib:/root/aerostack2_ws/install/as2_gazebo_assets/lib:/root/aerostack2_ws/install/as2_behaviors_perception/lib:/root/aerostack2_ws/install/as2_behaviors_path_planning/lib:/root/aerostack2_ws/install/as2_behavior_tree/lib:/root/aerostack2_ws/install/as2_behavior/lib:/opt/ros/humble/opt/rviz_ogre_vendor/lib:/opt/ros/humble/lib/x86_64-linux-gnu:/opt/ros/humble/lib /usr/bin/cmake --build /root/aerostack2_ws/build/as2_motion_controller -- -j8 -l8
[0.524s] [ 10%] Built target as2_motion_controller
[0.538s] [ 17%] Built target gtest
[0.539s] [ 24%] Built target gtest_main
[0.539s] [ 27%] Built target as2_motion_controller_plugin_base
[0.556s] [ 31%] Built target pid_controller
[0.650s] [ 37%] Built target as2_motion_controller_find_mode_match_test
[0.685s] [ 44%] Built target pid_controller_pid_gtest
[0.698s] [ 51%] Built target pid_controller_pid_1d_gtest
[0.701s] [ 58%] Built target as2_motion_controller_as2_motion_controller_gtest
[0.710s] [ 65%] Built target as2_motion_controller_node
[0.716s] [ 72%] Built target pid_controller_saturate_output_gtest
[0.736s] [ 79%] Built target differential_flatness_controller
[0.741s] [ 86%] Built target pid_speed_controller
[0.841s] [ 93%] Built target as2_motion_controller_pid_speed_controller_gtest
[0.849s] [100%] Built target as2_motion_controller_differential_flatness_controller_gtest
[2.136s] Invoked command in '/root/aerostack2_ws/build/as2_motion_controller' returned '0': CMAKE_PREFIX_PATH=/root/aerostack2_ws/install/as2_motion_reference_handlers:/root/aerostack2_ws/install/as2_core:/root/aerostack2_ws/install/as2_msgs:/root/aerostack2_ws/install/aerostack2:/root/aerostack2_ws/install/as2_usb_camera_interface:/root/aerostack2_ws/install/as2_state_estimator:/root/aerostack2_ws/install/as2_rviz_plugins:/root/aerostack2_ws/install/as2_realsense_interface:/root/aerostack2_ws/install/as2_platform_multirotor_simulator:/root/aerostack2_ws/install/as2_platform_gazebo:/root/aerostack2_ws/install/as2_motion_controller:/root/aerostack2_ws/install/as2_behaviors_trajectory_generation:/root/aerostack2_ws/install/as2_behaviors_swarm_flocking:/root/aerostack2_ws/install/as2_behaviors_motion:/root/aerostack2_ws/install/as2_map_server:/root/aerostack2_ws/install/as2_geozones:/root/aerostack2_ws/install/as2_gazebo_assets:/root/aerostack2_ws/install/as2_external_object_to_tf:/root/aerostack2_ws/install/as2_behaviors_platform:/root/aerostack2_ws/install/as2_behaviors_perception:/root/aerostack2_ws/install/as2_behaviors_path_planning:/root/aerostack2_ws/install/as2_behavior_tree:/root/aerostack2_ws/install/as2_behavior:/root/aerostack2_ws/install/as2_alphanumeric_viewer:/root/aerostack2_ws/install/as2_cli:/root/aerostack2_ws/install/as2_visualization:/root/aerostack2_ws/install/as2_keyboard_teleoperation:/root/aerostack2_ws/install/as2_python_api:/root/aerostack2_ws/install/as2_perception:/opt/ros/humble LD_LIBRARY_PATH=/root/aerostack2_ws/install/as2_core/lib:/root/aerostack2_ws/install/as2_msgs/lib:/root/aerostack2_ws/install/as2_state_estimator/lib:/root/aerostack2_ws/install/as2_python_api/lib:/root/aerostack2_ws/install/as2_motion_controller/lib:/root/aerostack2_ws/install/as2_behaviors_trajectory_generation/lib:/root/aerostack2_ws/install/as2_behaviors_swarm_flocking/lib:/root/aerostack2_ws/install/as2_behaviors_motion/lib:/root/aerostack2_ws/install/as2_motion_reference_handlers/lib:/root/aerostack2_ws/install/as2_map_server/lib:/root/aerostack2_ws/install/as2_gazebo_assets/lib:/root/aerostack2_ws/install/as2_behaviors_perception/lib:/root/aerostack2_ws/install/as2_behaviors_path_planning/lib:/root/aerostack2_ws/install/as2_behavior_tree/lib:/root/aerostack2_ws/install/as2_behavior/lib:/opt/ros/humble/opt/rviz_ogre_vendor/lib:/opt/ros/humble/lib/x86_64-linux-gnu:/opt/ros/humble/lib /usr/bin/cmake --build /root/aerostack2_ws/build/as2_motion_controller -- -j8 -l8
[2.157s] Invoking command in '/root/aerostack2_ws/build/as2_motion_controller': CMAKE_PREFIX_PATH=/root/aerostack2_ws/install/as2_motion_reference_handlers:/root/aerostack2_ws/install/as2_core:/root/aerostack2_ws/install/as2_msgs:/root/aerostack2_ws/install/aerostack2:/root/aerostack2_ws/install/as2_usb_camera_interface:/root/aerostack2_ws/install/as2_state_estimator:/root/aerostack2_ws/install/as2_rviz_plugins:/root/aerostack2_ws/install/as2_realsense_interface:/root/aerostack2_ws/install/as2_platform_multirotor_simulator:/root/aerostack2_ws/install/as2_platform_gazebo:/root/aerostack2_ws/install/as2_motion_controller:/root/aerostack2_ws/install/as2_behaviors_trajectory_generation:/root/aerostack2_ws/install/as2_behaviors_swarm_flocking:/root/aerostack2_ws/install/as2_behaviors_motion:/root/aerostack2_ws/install/as2_map_server:/root/aerostack2_ws/install/as2_geozones:/root/aerostack2_ws/install/as2_gazebo_assets:/root/aerostack2_ws/install/as2_external_object_to_tf:/root/aerostack2_ws/install/as2_behaviors_platform:/root/aerostack2_ws/install/as2_behaviors_perception:/root/aerostack2_ws/install/as2_behaviors_path_planning:/root/aerostack2_ws/install/as2_behavior_tree:/root/aerostack2_ws/install/as2_behavior:/root/aerostack2_ws/install/as2_alphanumeric_viewer:/root/aerostack2_ws/install/as2_cli:/root/aerostack2_ws/install/as2_visualization:/root/aerostack2_ws/install/as2_keyboard_teleoperation:/root/aerostack2_ws/install/as2_python_api:/root/aerostack2_ws/install/as2_perception:/opt/ros/humble LD_LIBRARY_PATH=/root/aerostack2_ws/install/as2_core/lib:/root/aerostack2_ws/install/as2_msgs/lib:/root/aerostack2_ws/install/as2_state_estimator/lib:/root/aerostack2_ws/install/as2_python_api/lib:/root/aerostack2_ws/install/as2_motion_controller/lib:/root/aerostack2_ws/install/as2_behaviors_trajectory_generation/lib:/root/aerostack2_ws/install/as2_behaviors_swarm_flocking/lib:/root/aerostack2_ws/install/as2_behaviors_motion/lib:/root/aerostack2_ws/install/as2_motion_reference_handlers/lib:/root/aerostack2_ws/install/as2_map_server/lib:/root/aerostack2_ws/install/as2_gazebo_assets/lib:/root/aerostack2_ws/install/as2_behaviors_perception/lib:/root/aerostack2_ws/install/as2_behaviors_path_planning/lib:/root/aerostack2_ws/install/as2_behavior_tree/lib:/root/aerostack2_ws/install/as2_behavior/lib:/opt/ros/humble/opt/rviz_ogre_vendor/lib:/opt/ros/humble/lib/x86_64-linux-gnu:/opt/ros/humble/lib /usr/bin/cmake --install /root/aerostack2_ws/build/as2_motion_controller
[2.761s] -- Install configuration: "Release"
[2.762s] -- Up-to-date: /root/aerostack2_ws/install/as2_motion_controller/lib/libas2_motion_controller.so
[2.762s] -- Up-to-date: /root/aerostack2_ws/install/as2_motion_controller/lib/libas2_motion_controller_plugin_base.so
[2.762s] -- Up-to-date: /root/aerostack2_ws/install/as2_motion_controller/lib/as2_motion_controller/as2_motion_controller_node
[2.762s] -- Up-to-date: /root/aerostack2_ws/install/as2_motion_controller/include
[2.762s] -- Up-to-date: /root/aerostack2_ws/install/as2_motion_controller/include/as2_motion_controller
[2.762s] -- Up-to-date: /root/aerostack2_ws/install/as2_motion_controller/include/as2_motion_controller/controller_manager.hpp
[2.762s] -- Up-to-date: /root/aerostack2_ws/install/as2_motion_controller/include/as2_motion_controller/controller_base.hpp
[2.763s] -- Up-to-date: /root/aerostack2_ws/install/as2_motion_controller/include/as2_motion_controller/controller_handler.hpp
[2.763s] -- Up-to-date: /root/aerostack2_ws/install/as2_motion_controller/share/as2_motion_controller/environment/library_path.sh
[2.763s] -- Up-to-date: /root/aerostack2_ws/install/as2_motion_controller/share/as2_motion_controller/environment/library_path.dsv
[2.763s] -- Up-to-date: /root/aerostack2_ws/install/as2_motion_controller/share/as2_motion_controller/plugins.xml
[2.763s] -- Up-to-date: /root/aerostack2_ws/install/as2_motion_controller/share/as2_motion_controller/plugins/differential_flatness_controller/config
[2.763s] -- Up-to-date: /root/aerostack2_ws/install/as2_motion_controller/share/as2_motion_controller/plugins/differential_flatness_controller/config/available_modes.yaml
[2.763s] -- Up-to-date: /root/aerostack2_ws/install/as2_motion_controller/share/as2_motion_controller/plugins/differential_flatness_controller/config/controller_default.yaml
[2.763s] -- Up-to-date: /root/aerostack2_ws/install/as2_motion_controller/share/as2_motion_controller/plugins/pid_speed_controller/config
[2.763s] -- Up-to-date: /root/aerostack2_ws/install/as2_motion_controller/share/as2_motion_controller/plugins/pid_speed_controller/config/available_modes.yaml
[2.763s] -- Up-to-date: /root/aerostack2_ws/install/as2_motion_controller/share/as2_motion_controller/plugins/pid_speed_controller/config/controller_default.yaml
[2.763s] -- Up-to-date: /root/aerostack2_ws/install/as2_motion_controller/share/as2_motion_controller/launch
[2.764s] -- Up-to-date: /root/aerostack2_ws/install/as2_motion_controller/share/as2_motion_controller/launch/controller_launch.py
[2.764s] -- Up-to-date: /root/aerostack2_ws/install/as2_motion_controller/share/as2_motion_controller/launch/differential_flatness_controller.launch.py
[2.764s] -- Up-to-date: /root/aerostack2_ws/install/as2_motion_controller/share/as2_motion_controller/launch/pid_speed_controller.launch.py
[2.766s] -- Up-to-date: /root/aerostack2_ws/install/as2_motion_controller/share/as2_motion_controller/config
[2.767s] -- Up-to-date: /root/aerostack2_ws/install/as2_motion_controller/share/as2_motion_controller/config/motion_controller_default.yaml
[2.767s] -- Up-to-date: /root/aerostack2_ws/install/as2_motion_controller/share/ament_index/resource_index/package_run_dependencies/as2_motion_controller
[2.767s] -- Up-to-date: /root/aerostack2_ws/install/as2_motion_controller/share/ament_index/resource_index/parent_prefix_path/as2_motion_controller
[2.767s] -- Up-to-date: /root/aerostack2_ws/install/as2_motion_controller/share/as2_motion_controller/environment/ament_prefix_path.sh
[2.767s] -- Up-to-date: /root/aerostack2_ws/install/as2_motion_controller/share/as2_motion_controller/environment/ament_prefix_path.dsv
[2.767s] -- Up-to-date: /root/aerostack2_ws/install/as2_motion_controller/share/as2_motion_controller/environment/path.sh
[2.767s] -- Up-to-date: /root/aerostack2_ws/install/as2_motion_controller/share/as2_motion_controller/environment/path.dsv
[2.768s] -- Up-to-date: /root/aerostack2_ws/install/as2_motion_controller/share/as2_motion_controller/local_setup.bash
[2.768s] -- Up-to-date: /root/aerostack2_ws/install/as2_motion_controller/share/as2_motion_controller/local_setup.sh
[2.769s] -- Up-to-date: /root/aerostack2_ws/install/as2_motion_controller/share/as2_motion_controller/local_setup.zsh
[2.769s] -- Up-to-date: /root/aerostack2_ws/install/as2_motion_controller/share/as2_motion_controller/local_setup.dsv
[2.769s] -- Installing: /root/aerostack2_ws/install/as2_motion_controller/share/as2_motion_controller/package.dsv
[2.769s] -- Up-to-date: /root/aerostack2_ws/install/as2_motion_controller/share/ament_index/resource_index/packages/as2_motion_controller
[2.769s] -- Up-to-date: /root/aerostack2_ws/install/as2_motion_controller/share/ament_index/resource_index/as2_motion_controller__pluginlib__plugin/as2_motion_controller
[2.769s] -- Up-to-date: /root/aerostack2_ws/install/as2_motion_controller/share/as2_motion_controller/cmake/ament_cmake_export_include_directories-extras.cmake
[2.769s] -- Up-to-date: /root/aerostack2_ws/install/as2_motion_controller/share/as2_motion_controller/cmake/ament_cmake_export_libraries-extras.cmake
[2.769s] -- Up-to-date: /root/aerostack2_ws/install/as2_motion_controller/share/as2_motion_controller/cmake/as2_motion_controllerConfig.cmake
[2.769s] -- Up-to-date: /root/aerostack2_ws/install/as2_motion_controller/share/as2_motion_controller/cmake/as2_motion_controllerConfig-version.cmake
[2.769s] -- Up-to-date: /root/aerostack2_ws/install/as2_motion_controller/share/as2_motion_controller/package.xml
[2.769s] -- Up-to-date: /root/aerostack2_ws/install/as2_motion_controller/include
[2.773s] -- Up-to-date: /root/aerostack2_ws/install/as2_motion_controller/include/differential_flatness_controller
[2.773s] -- Up-to-date: /root/aerostack2_ws/install/as2_motion_controller/include/differential_flatness_controller/differential_flatness_controller.hpp
[2.773s] -- Up-to-date: /root/aerostack2_ws/install/as2_motion_controller/lib/libdifferential_flatness_controller.so
[2.774s] -- Up-to-date: /root/aerostack2_ws/install/as2_motion_controller/include
[2.774s] -- Up-to-date: /root/aerostack2_ws/install/as2_motion_controller/include/pid_speed_controller
[2.774s] -- Up-to-date: /root/aerostack2_ws/install/as2_motion_controller/include/pid_speed_controller/pid_speed_controller.hpp
[2.774s] -- Up-to-date: /root/aerostack2_ws/install/as2_motion_controller/lib/libpid_speed_controller.so
[2.913s] Invoked command in '/root/aerostack2_ws/build/as2_motion_controller' returned '0': CMAKE_PREFIX_PATH=/root/aerostack2_ws/install/as2_motion_reference_handlers:/root/aerostack2_ws/install/as2_core:/root/aerostack2_ws/install/as2_msgs:/root/aerostack2_ws/install/aerostack2:/root/aerostack2_ws/install/as2_usb_camera_interface:/root/aerostack2_ws/install/as2_state_estimator:/root/aerostack2_ws/install/as2_rviz_plugins:/root/aerostack2_ws/install/as2_realsense_interface:/root/aerostack2_ws/install/as2_platform_multirotor_simulator:/root/aerostack2_ws/install/as2_platform_gazebo:/root/aerostack2_ws/install/as2_motion_controller:/root/aerostack2_ws/install/as2_behaviors_trajectory_generation:/root/aerostack2_ws/install/as2_behaviors_swarm_flocking:/root/aerostack2_ws/install/as2_behaviors_motion:/root/aerostack2_ws/install/as2_map_server:/root/aerostack2_ws/install/as2_geozones:/root/aerostack2_ws/install/as2_gazebo_assets:/root/aerostack2_ws/install/as2_external_object_to_tf:/root/aerostack2_ws/install/as2_behaviors_platform:/root/aerostack2_ws/install/as2_behaviors_perception:/root/aerostack2_ws/install/as2_behaviors_path_planning:/root/aerostack2_ws/install/as2_behavior_tree:/root/aerostack2_ws/install/as2_behavior:/root/aerostack2_ws/install/as2_alphanumeric_viewer:/root/aerostack2_ws/install/as2_cli:/root/aerostack2_ws/install/as2_visualization:/root/aerostack2_ws/install/as2_keyboard_teleoperation:/root/aerostack2_ws/install/as2_python_api:/root/aerostack2_ws/install/as2_perception:/opt/ros/humble LD_LIBRARY_PATH=/root/aerostack2_ws/install/as2_core/lib:/root/aerostack2_ws/install/as2_msgs/lib:/root/aerostack2_ws/install/as2_state_estimator/lib:/root/aerostack2_ws/install/as2_python_api/lib:/root/aerostack2_ws/install/as2_motion_controller/lib:/root/aerostack2_ws/install/as2_behaviors_trajectory_generation/lib:/root/aerostack2_ws/install/as2_behaviors_swarm_flocking/lib:/root/aerostack2_ws/install/as2_behaviors_motion/lib:/root/aerostack2_ws/install/as2_motion_reference_handlers/lib:/root/aerostack2_ws/install/as2_map_server/lib:/root/aerostack2_ws/install/as2_gazebo_assets/lib:/root/aerostack2_ws/install/as2_behaviors_perception/lib:/root/aerostack2_ws/install/as2_behaviors_path_planning/lib:/root/aerostack2_ws/install/as2_behavior_tree/lib:/root/aerostack2_ws/install/as2_behavior/lib:/opt/ros/humble/opt/rviz_ogre_vendor/lib:/opt/ros/humble/lib/x86_64-linux-gnu:/opt/ros/humble/lib /usr/bin/cmake --install /root/aerostack2_ws/build/as2_motion_controller
