[0.242s] Invoking command in '/root/aerostack2_ws/build/gazebo_models': /usr/bin/cmake /root/aerostack2_ws/src/aerostack2/gazebo_models -DCMAKE_INSTALL_PREFIX=/root/aerostack2_ws/install/gazebo_models
[0.250s] [0mCMake Deprecation Warning at CMakeLists.txt:1 (cmake_minimum_required):
[0.250s]   Compatibility with CMake < 2.8.12 will be removed from a future version of
[0.250s]   CMake.
[0.250s] 
[0.250s]   Update the VERSION argument <min> value or use a ...<max> suffix to tell
[0.250s]   CMake that the project does not need compatibility with older versions.
[0.250s] 
[0.250s] [0m
[0.286s] -- The C compiler identification is GNU 11.4.0
[0.333s] -- The CXX compiler identification is GNU 11.4.0
[0.339s] -- Detecting C compiler ABI info
[0.426s] -- Detecting C compiler ABI info - done
[0.426s] -- Check for working C compiler: /usr/bin/cc - skipped
[0.426s] -- Detecting C compile features
[0.426s] -- Detecting C compile features - done
[0.426s] -- Detecting CXX compiler ABI info
[0.495s] -- Detecting CXX compiler ABI info - done
[0.502s] -- Check for working CXX compiler: /usr/bin/c++ - skipped
[0.502s] -- Detecting CXX compile features
[0.502s] -- Detecting CXX compile features - done
[0.548s] -- Install path: /root/aerostack2_ws/install/gazebo_models/models
[0.558s] -- Configuring done
[0.665s] -- Generating done
[0.695s] -- Build files have been written to: /root/aerostack2_ws/build/gazebo_models
[0.699s] Invoked command in '/root/aerostack2_ws/build/gazebo_models' returned '0': /usr/bin/cmake /root/aerostack2_ws/src/aerostack2/gazebo_models -DCMAKE_INSTALL_PREFIX=/root/aerostack2_ws/install/gazebo_models
[0.700s] Invoking command in '/root/aerostack2_ws/build/gazebo_models': /usr/bin/cmake --build /root/aerostack2_ws/build/gazebo_models -- -j8 -l8
[0.759s] tar: Removing leading `../' from member names
[0.759s] tar: ../apartment: Cannot stat: No such file or directory
[0.764s] tar: Removing leading `../' from member names
[0.764s] tar: ../apollo15_landing_site_1000x1000: Cannot stat: No such file or directory
[0.764s] tar: tar: Removing leading `../' from member names
[0.764s] tar: ../ambulance: Cannot statRemoving leading `../' from member names
[0.764s] : No such file or directory
[0.764s] tar: Exiting with failure status due to previous errors
[0.764s] gmake[2]: *** [CMakeFiles/apartment.dir/build.make:71: CMakeFiles/apartment] Error 2
[0.764s] gmake[1]: *** [CMakeFiles/Makefile2:619: CMakeFiles/apartment.dir/all] Error 2
[0.764s] gmake[1]: *** Waiting for unfinished jobs....
[0.764s] tar: Removing leading `../' from member names
[0.764s] tar: ../arrow_red: Cannot stat: No such file or directory
[0.764s] tar: tar: ../asus_xtion_pro_camera: Cannot stat: No such file or directory
[0.765s] Removing leading `../' from member names
[0.765s] tar: ../arm_part: Cannot stat: No such file or directory
[0.765s] tar: Exiting with failure status due to previous errors
[0.765s] gmake[2]: *** [CMakeFiles/arrow_red.dir/build.make:71: CMakeFiles/arrow_red] Error 2
[0.765s] gmake[1]: *** [CMakeFiles/Makefile2:697: CMakeFiles/arrow_red.dir/all] Error 2
[0.765s] tar: Removing leading `../' from member names
[0.765s] tar: ../ball_bearing: Cannot stat: No such file or directory
[0.766s] tar: Exiting with failure status due to previous errors
[0.766s] gmake[2]: *** [CMakeFiles/ambulance.dir/build.make:71: CMakeFiles/ambulance] Error 2
[0.766s] tar: Exiting with failure status due to previous errors
[0.766s] gmake[1]: *** [CMakeFiles/Makefile2:593: CMakeFiles/ambulance.dir/all] Error 2
[0.766s] gmake[2]: *** [CMakeFiles/apollo15_landing_site_1000x1000.dir/build.make:71: CMakeFiles/apollo15_landing_site_1000x1000] Error 2
[0.767s] tar: Exiting with failure status due to previous errors
[0.767s] gmake[1]: *** [CMakeFiles/Makefile2:645: CMakeFiles/apollo15_landing_site_1000x1000.dir/all] Error 2
[0.767s] gmake[2]: *** [CMakeFiles/asus_xtion_pro_camera.dir/build.make:71: CMakeFiles/asus_xtion_pro_camera] Error 2
[0.767s] gmake[1]: *** [CMakeFiles/Makefile2:749: CMakeFiles/asus_xtion_pro_camera.dir/all] Error 2
[0.767s] tar: Exiting with failure status due to previous errors
[0.767s] gmake[2]: *** [CMakeFiles/arm_part.dir/build.make:71: CMakeFiles/arm_part] Error 2
[0.767s] gmake[1]: *** [CMakeFiles/Makefile2:671: CMakeFiles/arm_part.dir/all] Error 2
[0.768s] tar: Exiting with failure status due to previous errors
[0.769s] gmake[2]: *** [CMakeFiles/ball_bearing.dir/build.make:71: CMakeFiles/ball_bearing] Error 2
[0.769s] gmake[1]: *** [CMakeFiles/Makefile2:775: CMakeFiles/ball_bearing.dir/all] Error 2
[0.771s] tar: Removing leading `../' from member names
[0.772s] tar: ../asphalt_plane: Cannot stat: No such file or directory
[0.773s] tar: Exiting with failure status due to previous errors
[0.774s] gmake[2]: *** [CMakeFiles/asphalt_plane.dir/build.make:71: CMakeFiles/asphalt_plane] Error 2
[0.774s] gmake[1]: *** [CMakeFiles/Makefile2:723: CMakeFiles/asphalt_plane.dir/all] Error 2
[0.774s] gmake: *** [Makefile:156: all] Error 2
[0.775s] Invoked command in '/root/aerostack2_ws/build/gazebo_models' returned '2': /usr/bin/cmake --build /root/aerostack2_ws/build/gazebo_models -- -j8 -l8
