[0.010s] Invoking command in '/root/aerostack2_ws/build/as2_state_estimator': AMENT_PREFIX_PATH=/root/aerostack2_ws/install/as2_core:/root/aerostack2_ws/install/as2_msgs:${AMENT_PREFIX_PATH} CMAKE_PREFIX_PATH=/root/aerostack2_ws/install/as2_core:/root/aerostack2_ws/install/as2_msgs:/opt/ros/humble LD_LIBRARY_PATH=/root/aerostack2_ws/install/as2_core/lib:/root/aerostack2_ws/install/as2_msgs/lib:${LD_LIBRARY_PATH} PYTHONPATH=/root/aerostack2_ws/install/as2_core/local/lib/python3.10/dist-packages:/root/aerostack2_ws/install/as2_msgs/local/lib/python3.10/dist-packages:${PYTHONPATH} /usr/bin/cmake --build /root/aerostack2_ws/build/as2_state_estimator -- -j8 -l8
[0.045s] [35m[1mConsolidate compiler generated dependencies of target gtest_main[0m
[0.045s] [35m[1mConsolidate compiler generated dependencies of target gtest[0m
[0.046s] [35m[1mConsolidate compiler generated dependencies of target as2_state_estimator[0m
[0.054s] [  8%] Built target gtest_main
[0.055s] [ 17%] Built target gtest
[0.055s] [ 21%] Built target as2_state_estimator_plugin_base
[0.065s] [ 30%] Built target as2_state_estimator
[0.075s] [35m[1mConsolidate compiler generated dependencies of target as2_state_estimator_node[0m
[0.075s] [35m[1mConsolidate compiler generated dependencies of target ground_truth[0m
[0.076s] [35m[1mConsolidate compiler generated dependencies of target raw_odometry[0m
[0.076s] [35m[1mConsolidate compiler generated dependencies of target mocap_pose[0m
[0.077s] [35m[1mConsolidate compiler generated dependencies of target ground_truth_odometry_fuse[0m
[0.077s] [35m[1mConsolidate compiler generated dependencies of target as2_state_estimator_as2_state_estimator_gtest[0m
[0.096s] [ 47%] Built target ground_truth
[0.096s] [ 47%] Built target raw_odometry
[0.096s] [ 56%] Built target mocap_pose
[0.099s] [ 65%] Built target as2_state_estimator_node
[0.101s] [ 73%] Built target as2_state_estimator_as2_state_estimator_gtest
[0.102s] [ 82%] Built target ground_truth_odometry_fuse
[0.108s] [35m[1mConsolidate compiler generated dependencies of target as2_state_estimator_mocap_gtest[0m
[0.113s] [35m[1mConsolidate compiler generated dependencies of target as2_state_estimator_ground_truth_odometry_fuse_gtest[0m
[0.124s] [ 91%] Built target as2_state_estimator_mocap_gtest
[0.128s] [100%] Built target as2_state_estimator_ground_truth_odometry_fuse_gtest
[0.136s] Invoked command in '/root/aerostack2_ws/build/as2_state_estimator' returned '0': AMENT_PREFIX_PATH=/root/aerostack2_ws/install/as2_core:/root/aerostack2_ws/install/as2_msgs:${AMENT_PREFIX_PATH} CMAKE_PREFIX_PATH=/root/aerostack2_ws/install/as2_core:/root/aerostack2_ws/install/as2_msgs:/opt/ros/humble LD_LIBRARY_PATH=/root/aerostack2_ws/install/as2_core/lib:/root/aerostack2_ws/install/as2_msgs/lib:${LD_LIBRARY_PATH} PYTHONPATH=/root/aerostack2_ws/install/as2_core/local/lib/python3.10/dist-packages:/root/aerostack2_ws/install/as2_msgs/local/lib/python3.10/dist-packages:${PYTHONPATH} /usr/bin/cmake --build /root/aerostack2_ws/build/as2_state_estimator -- -j8 -l8
[0.138s] Invoking command in '/root/aerostack2_ws/build/as2_state_estimator': AMENT_PREFIX_PATH=/root/aerostack2_ws/install/as2_core:/root/aerostack2_ws/install/as2_msgs:${AMENT_PREFIX_PATH} CMAKE_PREFIX_PATH=/root/aerostack2_ws/install/as2_core:/root/aerostack2_ws/install/as2_msgs:/opt/ros/humble LD_LIBRARY_PATH=/root/aerostack2_ws/install/as2_core/lib:/root/aerostack2_ws/install/as2_msgs/lib:${LD_LIBRARY_PATH} PYTHONPATH=/root/aerostack2_ws/install/as2_core/local/lib/python3.10/dist-packages:/root/aerostack2_ws/install/as2_msgs/local/lib/python3.10/dist-packages:${PYTHONPATH} /usr/bin/cmake --install /root/aerostack2_ws/build/as2_state_estimator
[0.142s] -- Install configuration: "Release"
[0.143s] -- Up-to-date: /root/aerostack2_ws/install/as2_state_estimator/lib/libas2_state_estimator.so
[0.143s] -- Up-to-date: /root/aerostack2_ws/install/as2_state_estimator/lib/libas2_state_estimator_plugin_base.so
[0.144s] -- Up-to-date: /root/aerostack2_ws/install/as2_state_estimator/lib/as2_state_estimator/as2_state_estimator_node
[0.144s] -- Up-to-date: /root/aerostack2_ws/install/as2_state_estimator/include
[0.144s] -- Up-to-date: /root/aerostack2_ws/install/as2_state_estimator/include/as2_state_estimator
[0.144s] -- Up-to-date: /root/aerostack2_ws/install/as2_state_estimator/include/as2_state_estimator/as2_state_estimator.hpp
[0.144s] -- Up-to-date: /root/aerostack2_ws/install/as2_state_estimator/include/as2_state_estimator/plugin_base.hpp
[0.144s] -- Up-to-date: /root/aerostack2_ws/install/as2_state_estimator/share/as2_state_estimator/plugins.xml
[0.144s] -- Up-to-date: /root/aerostack2_ws/install/as2_state_estimator/share/as2_state_estimator/plugins/raw_odometry/config
[0.144s] -- Up-to-date: /root/aerostack2_ws/install/as2_state_estimator/share/as2_state_estimator/plugins/raw_odometry/config/plugin_default.yaml
[0.144s] -- Up-to-date: /root/aerostack2_ws/install/as2_state_estimator/share/as2_state_estimator/plugins/ground_truth/config
[0.144s] -- Up-to-date: /root/aerostack2_ws/install/as2_state_estimator/share/as2_state_estimator/plugins/ground_truth/config/plugin_default.yaml
[0.144s] -- Up-to-date: /root/aerostack2_ws/install/as2_state_estimator/share/as2_state_estimator/plugins/mocap_pose/config
[0.144s] -- Up-to-date: /root/aerostack2_ws/install/as2_state_estimator/share/as2_state_estimator/plugins/mocap_pose/config/plugin_default.yaml
[0.144s] -- Up-to-date: /root/aerostack2_ws/install/as2_state_estimator/share/as2_state_estimator/plugins/ground_truth_odometry_fuse/config
[0.144s] -- Up-to-date: /root/aerostack2_ws/install/as2_state_estimator/share/as2_state_estimator/plugins/ground_truth_odometry_fuse/config/plugin_default.yaml
[0.144s] -- Up-to-date: /root/aerostack2_ws/install/as2_state_estimator/share/as2_state_estimator/launch
[0.145s] -- Up-to-date: /root/aerostack2_ws/install/as2_state_estimator/share/as2_state_estimator/launch/mocap_pose_state_estimator.launch.py
[0.145s] -- Up-to-date: /root/aerostack2_ws/install/as2_state_estimator/share/as2_state_estimator/launch/ground_truth_odometry_fuse_state_estimator.launch.py
[0.145s] -- Up-to-date: /root/aerostack2_ws/install/as2_state_estimator/share/as2_state_estimator/launch/ground_truth_state_estimator.launch.py
[0.145s] -- Up-to-date: /root/aerostack2_ws/install/as2_state_estimator/share/as2_state_estimator/launch/raw_odometry_state_estimator.launch.py
[0.145s] -- Up-to-date: /root/aerostack2_ws/install/as2_state_estimator/share/as2_state_estimator/launch/state_estimator_launch.py
[0.145s] -- Up-to-date: /root/aerostack2_ws/install/as2_state_estimator/share/as2_state_estimator/config
[0.145s] -- Up-to-date: /root/aerostack2_ws/install/as2_state_estimator/share/as2_state_estimator/config/state_estimator_default.yaml
[0.145s] -- Up-to-date: /root/aerostack2_ws/install/as2_state_estimator/share/ament_index/resource_index/package_run_dependencies/as2_state_estimator
[0.145s] -- Up-to-date: /root/aerostack2_ws/install/as2_state_estimator/share/ament_index/resource_index/parent_prefix_path/as2_state_estimator
[0.145s] -- Up-to-date: /root/aerostack2_ws/install/as2_state_estimator/share/as2_state_estimator/environment/ament_prefix_path.sh
[0.145s] -- Up-to-date: /root/aerostack2_ws/install/as2_state_estimator/share/as2_state_estimator/environment/ament_prefix_path.dsv
[0.145s] -- Up-to-date: /root/aerostack2_ws/install/as2_state_estimator/share/as2_state_estimator/environment/path.sh
[0.145s] -- Up-to-date: /root/aerostack2_ws/install/as2_state_estimator/share/as2_state_estimator/environment/path.dsv
[0.145s] -- Up-to-date: /root/aerostack2_ws/install/as2_state_estimator/share/as2_state_estimator/local_setup.bash
[0.145s] -- Up-to-date: /root/aerostack2_ws/install/as2_state_estimator/share/as2_state_estimator/local_setup.sh
[0.145s] -- Up-to-date: /root/aerostack2_ws/install/as2_state_estimator/share/as2_state_estimator/local_setup.zsh
[0.145s] -- Up-to-date: /root/aerostack2_ws/install/as2_state_estimator/share/as2_state_estimator/local_setup.dsv
[0.145s] -- Installing: /root/aerostack2_ws/install/as2_state_estimator/share/as2_state_estimator/package.dsv
[0.145s] -- Up-to-date: /root/aerostack2_ws/install/as2_state_estimator/share/ament_index/resource_index/packages/as2_state_estimator
[0.145s] -- Up-to-date: /root/aerostack2_ws/install/as2_state_estimator/share/ament_index/resource_index/as2_state_estimator__pluginlib__plugin/as2_state_estimator
[0.145s] -- Up-to-date: /root/aerostack2_ws/install/as2_state_estimator/share/as2_state_estimator/cmake/as2_state_estimatorConfig.cmake
[0.145s] -- Up-to-date: /root/aerostack2_ws/install/as2_state_estimator/share/as2_state_estimator/cmake/as2_state_estimatorConfig-version.cmake
[0.145s] -- Up-to-date: /root/aerostack2_ws/install/as2_state_estimator/share/as2_state_estimator/package.xml
[0.145s] -- Up-to-date: /root/aerostack2_ws/install/as2_state_estimator/include
[0.146s] -- Up-to-date: /root/aerostack2_ws/install/as2_state_estimator/include/raw_odometry.hpp
[0.146s] -- Up-to-date: /root/aerostack2_ws/install/as2_state_estimator/share/as2_state_estimator/environment/library_path.sh
[0.146s] -- Up-to-date: /root/aerostack2_ws/install/as2_state_estimator/share/as2_state_estimator/environment/library_path.dsv
[0.146s] -- Up-to-date: /root/aerostack2_ws/install/as2_state_estimator/lib/libraw_odometry.so
[0.146s] -- Up-to-date: /root/aerostack2_ws/install/as2_state_estimator/include
[0.146s] -- Up-to-date: /root/aerostack2_ws/install/as2_state_estimator/include/ground_truth.hpp
[0.146s] -- Up-to-date: /root/aerostack2_ws/install/as2_state_estimator/share/as2_state_estimator/environment/library_path.sh
[0.146s] -- Up-to-date: /root/aerostack2_ws/install/as2_state_estimator/share/as2_state_estimator/environment/library_path.dsv
[0.147s] -- Up-to-date: /root/aerostack2_ws/install/as2_state_estimator/lib/libground_truth.so
[0.147s] -- Up-to-date: /root/aerostack2_ws/install/as2_state_estimator/include
[0.147s] -- Up-to-date: /root/aerostack2_ws/install/as2_state_estimator/include/mocap_pose.hpp
[0.147s] -- Up-to-date: /root/aerostack2_ws/install/as2_state_estimator/share/as2_state_estimator/environment/library_path.sh
[0.147s] -- Up-to-date: /root/aerostack2_ws/install/as2_state_estimator/share/as2_state_estimator/environment/library_path.dsv
[0.148s] -- Up-to-date: /root/aerostack2_ws/install/as2_state_estimator/lib/libmocap_pose.so
[0.148s] -- Up-to-date: /root/aerostack2_ws/install/as2_state_estimator/include
[0.148s] -- Up-to-date: /root/aerostack2_ws/install/as2_state_estimator/include/ground_truth_odometry_fuse.hpp
[0.148s] -- Up-to-date: /root/aerostack2_ws/install/as2_state_estimator/share/as2_state_estimator/environment/library_path.sh
[0.148s] -- Up-to-date: /root/aerostack2_ws/install/as2_state_estimator/share/as2_state_estimator/environment/library_path.dsv
[0.149s] -- Up-to-date: /root/aerostack2_ws/install/as2_state_estimator/lib/libground_truth_odometry_fuse.so
[0.151s] Invoked command in '/root/aerostack2_ws/build/as2_state_estimator' returned '0': AMENT_PREFIX_PATH=/root/aerostack2_ws/install/as2_core:/root/aerostack2_ws/install/as2_msgs:${AMENT_PREFIX_PATH} CMAKE_PREFIX_PATH=/root/aerostack2_ws/install/as2_core:/root/aerostack2_ws/install/as2_msgs:/opt/ros/humble LD_LIBRARY_PATH=/root/aerostack2_ws/install/as2_core/lib:/root/aerostack2_ws/install/as2_msgs/lib:${LD_LIBRARY_PATH} PYTHONPATH=/root/aerostack2_ws/install/as2_core/local/lib/python3.10/dist-packages:/root/aerostack2_ws/install/as2_msgs/local/lib/python3.10/dist-packages:${PYTHONPATH} /usr/bin/cmake --install /root/aerostack2_ws/build/as2_state_estimator
