Traceback (most recent call last):
  File "/root/aerostack2_ws/build/as2_core/ament_cmake_python/as2_core/setup.py", line 1, in <module>
    from setuptools import find_packages
  File "/usr/lib/python3/dist-packages/setuptools/__init__.py", line 16, in <module>
    import setuptools.version
  File "/usr/lib/python3/dist-packages/setuptools/version.py", line 1, in <module>
    import pkg_resources
  File "/usr/lib/python3/dist-packages/pkg_resources/__init__.py", line 77, in <module>
    __import__('pkg_resources.extern.packaging.specifiers')
  File "/usr/lib/python3/dist-packages/pkg_resources/_vendor/packaging/specifiers.py", line 317, in <module>
    class Specifier(_IndividualSpecifier):
  File "/usr/lib/python3/dist-packages/pkg_resources/_vendor/packaging/specifiers.py", line 412, in Specifier
    _regex = re.compile(r"^\s*" + _regex_str + r"\s*$", re.VERBOSE | re.IGNORECASE)
  File "/usr/lib/python3.10/re.py", line 251, in compile
    return _compile(pattern, flags)
  File "/usr/lib/python3.10/re.py", line 303, in _compile
    p = sre_compile.compile(pattern, flags)
  File "/usr/lib/python3.10/sre_compile.py", line 792, in compile
    code = _code(p, flags)
  File "/usr/lib/python3.10/sre_compile.py", line 631, in _code
    _compile(code, p.data, flags)
  File "/usr/lib/python3.10/sre_compile.py", line 184, in _compile
    _compile(code, p, _combine_flags(flags, add_flags, del_flags))
  File "/usr/lib/python3.10/sre_compile.py", line 225, in _compile
    _compile(code, av, flags)
  File "/usr/lib/python3.10/sre_compile.py", line 172, in _compile
    _compile(code, av[2], flags)
  File "/usr/lib/python3.10/sre_compile.py", line 225, in _compile
    _compile(code, av, flags)
  File "/usr/lib/python3.10/sre_compile.py", line 184, in _compile
    _compile(code, p, _combine_flags(flags, add_flags, del_flags))
  File "/usr/lib/python3.10/sre_compile.py", line 225, in _compile
    _compile(code, av, flags)
  File "/usr/lib/python3.10/sre_compile.py", line 123, in _compile
    emit(OP_UNICODE_IGNORE[op])
KeyboardInterrupt
gmake[2]: *** [CMakeFiles/ament_cmake_python_build_as2_core_egg.dir/build.make:70: CMakeFiles/ament_cmake_python_build_as2_core_egg] Interrupt
gmake[1]: *** [CMakeFiles/Makefile2:213: CMakeFiles/ament_cmake_python_build_as2_core_egg.dir/all] Interrupt
gmake: *** [Makefile:146: all] Interrupt
