[0.060s] Invoking command in '/root/aerostack2_ws/build/as2_core': CMAKE_PREFIX_PATH=/root/aerostack2_ws/install/as2_msgs:/root/aerostack2_ws/install/rmf_demos_gz_classic:/root/aerostack2_ws/install/rmf_demos_gz:/root/aerostack2_ws/install/rmf_demos:/root/aerostack2_ws/install/rmf_demos_maps:/root/aerostack2_ws/install/aerostack2:/root/aerostack2_ws/install/as2_usb_camera_interface:/root/aerostack2_ws/install/as2_state_estimator:/root/aerostack2_ws/install/as2_rviz_plugins:/root/aerostack2_ws/install/as2_realsense_interface:/root/aerostack2_ws/install/as2_platform_multirotor_simulator:/root/aerostack2_ws/install/as2_platform_gazebo:/root/aerostack2_ws/install/as2_motion_controller:/root/aerostack2_ws/install/as2_behaviors_trajectory_generation:/root/aerostack2_ws/install/as2_behaviors_swarm_flocking:/root/aerostack2_ws/install/as2_behaviors_motion:/root/aerostack2_ws/install/as2_motion_reference_handlers:/root/aerostack2_ws/install/as2_map_server:/root/aerostack2_ws/install/as2_geozones:/root/aerostack2_ws/install/as2_gazebo_assets:/root/aerostack2_ws/install/as2_external_object_to_tf:/root/aerostack2_ws/install/as2_behaviors_platform:/root/aerostack2_ws/install/as2_behaviors_perception:/root/aerostack2_ws/install/as2_behaviors_path_planning:/root/aerostack2_ws/install/as2_behavior_tree:/root/aerostack2_ws/install/as2_behavior:/root/aerostack2_ws/install/as2_alphanumeric_viewer:/root/aerostack2_ws/install/as2_core:/root/aerostack2_ws/install/as2_cli:/root/aerostack2_ws/install/as2_swarm_fusion_ci:/root/aerostack2_ws/install/rmf_demos_tasks:/root/aerostack2_ws/install/rmf_demos_panel:/root/aerostack2_ws/install/rmf_demos_fleet_adapter:/root/aerostack2_ws/install/rmf_demos_dashboard_resources:/root/aerostack2_ws/install/rmf_demos_bridges:/root/aerostack2_ws/install/rmf_demos_assets:/root/aerostack2_ws/install/as2_visualization:/root/aerostack2_ws/install/as2_swarm_perception:/root/aerostack2_ws/install/as2_keyboard_teleoperation:/root/aerostack2_ws/install/as2_python_api:/root/aerostack2_ws/install/as2_project_bringup:/root/aerostack2_ws/install/as2_perception:/root/aerostack2_ws/install/as2_groundray_perception:/opt/ros/humble LD_LIBRARY_PATH=/root/aerostack2_ws/install/as2_msgs/lib:/root/aerostack2_ws/install/as2_state_estimator/lib:/root/aerostack2_ws/install/as2_python_api/lib:/root/aerostack2_ws/install/as2_motion_controller/lib:/root/aerostack2_ws/install/as2_behaviors_trajectory_generation/lib:/root/aerostack2_ws/install/as2_behaviors_swarm_flocking/lib:/root/aerostack2_ws/install/as2_behaviors_motion/lib:/root/aerostack2_ws/install/as2_motion_reference_handlers/lib:/root/aerostack2_ws/install/as2_map_server/lib:/root/aerostack2_ws/install/as2_gazebo_assets/lib:/root/aerostack2_ws/install/as2_behaviors_perception/lib:/root/aerostack2_ws/install/as2_behaviors_path_planning/lib:/root/aerostack2_ws/install/as2_behavior_tree/lib:/root/aerostack2_ws/install/as2_behavior/lib:/root/aerostack2_ws/install/as2_core/lib:/opt/ros/humble/opt/rviz_ogre_vendor/lib:/opt/ros/humble/lib/x86_64-linux-gnu:/opt/ros/humble/lib /usr/bin/cmake --build /root/aerostack2_ws/build/as2_core -- -j8 -l8
[0.247s] [  0%] Built target ament_cmake_python_copy_as2_core
[0.302s] [  6%] Built target gtest
[0.477s] Traceback (most recent call last):
[0.477s]   File "/root/aerostack2_ws/build/as2_core/ament_cmake_python/as2_core/setup.py", line 1, in <module>
[0.477s]     from setuptools import find_packages
[0.477s]   File "/usr/lib/python3/dist-packages/setuptools/__init__.py", line 16, in <module>
[0.479s]     import setuptools.version
[0.479s]   File "/usr/lib/python3/dist-packages/setuptools/version.py", line 1, in <module>
[0.480s]     import pkg_resources
[0.480s]   File "/usr/lib/python3/dist-packages/pkg_resources/__init__.py", line 77, in <module>
[0.480s]     __import__('pkg_resources.extern.packaging.specifiers')
[0.480s]   File "/usr/lib/python3/dist-packages/pkg_resources/_vendor/packaging/specifiers.py", line 317, in <module>
[0.481s]     class Specifier(_IndividualSpecifier):
[0.481s]   File "/usr/lib/python3/dist-packages/pkg_resources/_vendor/packaging/specifiers.py", line 412, in Specifier
[0.483s]     _regex = re.compile(r"^\s*" + _regex_str + r"\s*$", re.VERBOSE | re.IGNORECASE)
[0.483s]   File "/usr/lib/python3.10/re.py", line 251, in compile
[0.484s]     return _compile(pattern, flags)
[0.484s]   File "/usr/lib/python3.10/re.py", line 303, in _compile
[0.485s]     p = sre_compile.compile(pattern, flags)
[0.485s]   File "/usr/lib/python3.10/sre_compile.py", line 792, in compile
[0.486s]     code = _code(p, flags)
[0.486s]   File "/usr/lib/python3.10/sre_compile.py", line 631, in _code
[0.486s]     _compile(code, p.data, flags)
[0.486s]   File "/usr/lib/python3.10/sre_compile.py", line 184, in _compile
[0.486s]     _compile(code, p, _combine_flags(flags, add_flags, del_flags))
[0.487s]   File "/usr/lib/python3.10/sre_compile.py", line 225, in _compile
[0.487s]     _compile(code, av, flags)
[0.487s]   File "/usr/lib/python3.10/sre_compile.py", line 172, in _compile
[0.487s]     _compile(code, av[2], flags)
[0.487s]   File "/usr/lib/python3.10/sre_compile.py", line 225, in _compile
[0.487s]     _compile(code, av, flags)
[0.487s]   File "/usr/lib/python3.10/sre_compile.py", line 184, in _compile
[0.487s]     _compile(code, p, _combine_flags(flags, add_flags, del_flags))
[0.488s]   File "/usr/lib/python3.10/sre_compile.py", line 225, in _compile
[0.488s]     _compile(code, av, flags)
[0.488s]   File "/usr/lib/python3.10/sre_compile.py", line 123, in _compile
[0.488s]     emit(OP_UNICODE_IGNORE[op])
[0.488s] KeyboardInterrupt
[0.502s] gmake[2]: *** [CMakeFiles/ament_cmake_python_build_as2_core_egg.dir/build.make:70: CMakeFiles/ament_cmake_python_build_as2_core_egg] Interrupt
[0.502s] gmake[1]: *** [CMakeFiles/Makefile2:213: CMakeFiles/ament_cmake_python_build_as2_core_egg.dir/all] Interrupt
[0.502s] gmake: *** [Makefile:146: all] Interrupt
