[0.010s] Invoking command in '/root/aerostack2_ws/build/as2_behaviors_swarm_flocking': AMENT_PREFIX_PATH=/root/aerostack2_ws/install/as2_motion_reference_handlers:/root/aerostack2_ws/install/as2_behavior:/root/aerostack2_ws/install/as2_core:/root/aerostack2_ws/install/as2_msgs:${AMENT_PREFIX_PATH} CMAKE_PREFIX_PATH=/root/aerostack2_ws/install/as2_motion_reference_handlers:/root/aerostack2_ws/install/as2_behavior:/root/aerostack2_ws/install/as2_core:/root/aerostack2_ws/install/as2_msgs:/opt/ros/humble LD_LIBRARY_PATH=/root/aerostack2_ws/install/as2_motion_reference_handlers/lib:/root/aerostack2_ws/install/as2_behavior/lib:/root/aerostack2_ws/install/as2_core/lib:/root/aerostack2_ws/install/as2_msgs/lib:${LD_LIBRARY_PATH} PYTHONPATH=/root/aerostack2_ws/install/as2_motion_reference_handlers/local/lib/python3.10/dist-packages:/root/aerostack2_ws/install/as2_core/local/lib/python3.10/dist-packages:/root/aerostack2_ws/install/as2_msgs/local/lib/python3.10/dist-packages:${PYTHONPATH} /usr/bin/cmake --build /root/aerostack2_ws/build/as2_behaviors_swarm_flocking -- -j8 -l8
[0.045s] [35m[1mConsolidate compiler generated dependencies of target glogbase[0m
[0.052s] [  1%] Built target generate-cpp
[0.052s] [  2%] Built target generate-fortran
[0.058s] [  9%] Built target glogbase
[0.063s] [35m[1mConsolidate compiler generated dependencies of target nlopt[0m
[0.073s] [ 11%] Built target glogtest
[0.073s] [ 11%] Built target glog
[0.086s] [35m[1mConsolidate compiler generated dependencies of target logging_unittest[0m
[0.086s] [35m[1mConsolidate compiler generated dependencies of target stl_logging_unittest[0m
[0.086s] [35m[1mConsolidate compiler generated dependencies of target symbolize_unittest[0m
[0.086s] [35m[1mConsolidate compiler generated dependencies of target stacktrace_unittest[0m
[0.086s] [35m[1mConsolidate compiler generated dependencies of target signalhandler_unittest[0m
[0.086s] [35m[1mConsolidate compiler generated dependencies of target utilities_unittest[0m
[0.088s] [35m[1mConsolidate compiler generated dependencies of target demangle_unittest[0m
[0.092s] [ 60%] Built target nlopt
[0.102s] [ 64%] Built target stl_logging_unittest
[0.102s] [ 64%] Built target logging_unittest
[0.102s] [ 66%] Built target symbolize_unittest
[0.102s] [ 68%] Built target utilities_unittest
[0.103s] [ 70%] Built target signalhandler_unittest
[0.103s] [ 72%] Built target stacktrace_unittest
[0.104s] [ 74%] Built target demangle_unittest
[0.108s] [35m[1mConsolidate compiler generated dependencies of target cleanup_immediately_unittest[0m
[0.108s] [35m[1mConsolidate compiler generated dependencies of target cleanup_with_absolute_prefix_unittest[0m
[0.109s] [35m[1mConsolidate compiler generated dependencies of target cleanup_with_relative_prefix_unittest[0m
[0.116s] [35m[1mConsolidate compiler generated dependencies of target mav_trajectory_generation[0m
[0.119s] [ 77%] Built target cleanup_immediately_unittest
[0.119s] [ 78%] Built target cleanup_with_absolute_prefix_unittest
[0.122s] [ 80%] Built target cleanup_with_relative_prefix_unittest
[0.137s] [ 91%] Built target mav_trajectory_generation
[0.145s] [35m[1mConsolidate compiler generated dependencies of target test_polynomial[0m
[0.145s] [35m[1mConsolidate compiler generated dependencies of target dynamic_trajectory_generator[0m
[0.155s] [ 93%] Built target test_polynomial
[0.157s] [ 96%] Built target dynamic_trajectory_generator
[0.166s] [35m[1mConsolidate compiler generated dependencies of target as2_behaviors_swarm_flocking[0m
[0.185s] [ 98%] Built target as2_behaviors_swarm_flocking
[0.193s] [35m[1mConsolidate compiler generated dependencies of target swarm_flocking_behavior_node[0m
[0.210s] [100%] Built target swarm_flocking_behavior_node
[0.219s] Invoked command in '/root/aerostack2_ws/build/as2_behaviors_swarm_flocking' returned '0': AMENT_PREFIX_PATH=/root/aerostack2_ws/install/as2_motion_reference_handlers:/root/aerostack2_ws/install/as2_behavior:/root/aerostack2_ws/install/as2_core:/root/aerostack2_ws/install/as2_msgs:${AMENT_PREFIX_PATH} CMAKE_PREFIX_PATH=/root/aerostack2_ws/install/as2_motion_reference_handlers:/root/aerostack2_ws/install/as2_behavior:/root/aerostack2_ws/install/as2_core:/root/aerostack2_ws/install/as2_msgs:/opt/ros/humble LD_LIBRARY_PATH=/root/aerostack2_ws/install/as2_motion_reference_handlers/lib:/root/aerostack2_ws/install/as2_behavior/lib:/root/aerostack2_ws/install/as2_core/lib:/root/aerostack2_ws/install/as2_msgs/lib:${LD_LIBRARY_PATH} PYTHONPATH=/root/aerostack2_ws/install/as2_motion_reference_handlers/local/lib/python3.10/dist-packages:/root/aerostack2_ws/install/as2_core/local/lib/python3.10/dist-packages:/root/aerostack2_ws/install/as2_msgs/local/lib/python3.10/dist-packages:${PYTHONPATH} /usr/bin/cmake --build /root/aerostack2_ws/build/as2_behaviors_swarm_flocking -- -j8 -l8
[0.221s] Invoking command in '/root/aerostack2_ws/build/as2_behaviors_swarm_flocking': AMENT_PREFIX_PATH=/root/aerostack2_ws/install/as2_motion_reference_handlers:/root/aerostack2_ws/install/as2_behavior:/root/aerostack2_ws/install/as2_core:/root/aerostack2_ws/install/as2_msgs:${AMENT_PREFIX_PATH} CMAKE_PREFIX_PATH=/root/aerostack2_ws/install/as2_motion_reference_handlers:/root/aerostack2_ws/install/as2_behavior:/root/aerostack2_ws/install/as2_core:/root/aerostack2_ws/install/as2_msgs:/opt/ros/humble LD_LIBRARY_PATH=/root/aerostack2_ws/install/as2_motion_reference_handlers/lib:/root/aerostack2_ws/install/as2_behavior/lib:/root/aerostack2_ws/install/as2_core/lib:/root/aerostack2_ws/install/as2_msgs/lib:${LD_LIBRARY_PATH} PYTHONPATH=/root/aerostack2_ws/install/as2_motion_reference_handlers/local/lib/python3.10/dist-packages:/root/aerostack2_ws/install/as2_core/local/lib/python3.10/dist-packages:/root/aerostack2_ws/install/as2_msgs/local/lib/python3.10/dist-packages:${PYTHONPATH} /usr/bin/cmake --install /root/aerostack2_ws/build/as2_behaviors_swarm_flocking
[0.225s] -- Install configuration: "Release"
[0.226s] -- Up-to-date: /root/aerostack2_ws/install/as2_behaviors_swarm_flocking/lib/libdynamic_trajectory_generator.so
[0.226s] -- Up-to-date: /root/aerostack2_ws/install/as2_behaviors_swarm_flocking/include
[0.226s] -- Up-to-date: /root/aerostack2_ws/install/as2_behaviors_swarm_flocking/include/as2_behaviors_swarm_flocking
[0.226s] -- Up-to-date: /root/aerostack2_ws/install/as2_behaviors_swarm_flocking/include/as2_behaviors_swarm_flocking/drone_swarm.hpp
[0.226s] -- Up-to-date: /root/aerostack2_ws/install/as2_behaviors_swarm_flocking/include/as2_behaviors_swarm_flocking/swarm_flocking_behavior.hpp
[0.226s] -- Up-to-date: /root/aerostack2_ws/install/as2_behaviors_swarm_flocking/share/as2_behaviors_swarm_flocking/config
[0.226s] -- Up-to-date: /root/aerostack2_ws/install/as2_behaviors_swarm_flocking/share/as2_behaviors_swarm_flocking/config/config_default.yaml
[0.226s] -- Up-to-date: /root/aerostack2_ws/install/as2_behaviors_swarm_flocking/share/as2_behaviors_swarm_flocking/launch
[0.226s] -- Up-to-date: /root/aerostack2_ws/install/as2_behaviors_swarm_flocking/share/as2_behaviors_swarm_flocking/launch/swarm_flocking_behavior.launch.py
[0.226s] -- Up-to-date: /root/aerostack2_ws/install/as2_behaviors_swarm_flocking/lib/as2_behaviors_swarm_flocking/swarm_flocking_behavior_node
[0.227s] -- Up-to-date: /root/aerostack2_ws/install/as2_behaviors_swarm_flocking/lib/libas2_behaviors_swarm_flocking.so
[0.227s] -- Up-to-date: /root/aerostack2_ws/install/as2_behaviors_swarm_flocking/share/ament_index/resource_index/package_run_dependencies/as2_behaviors_swarm_flocking
[0.227s] -- Up-to-date: /root/aerostack2_ws/install/as2_behaviors_swarm_flocking/share/ament_index/resource_index/parent_prefix_path/as2_behaviors_swarm_flocking
[0.227s] -- Up-to-date: /root/aerostack2_ws/install/as2_behaviors_swarm_flocking/share/as2_behaviors_swarm_flocking/environment/ament_prefix_path.sh
[0.227s] -- Up-to-date: /root/aerostack2_ws/install/as2_behaviors_swarm_flocking/share/as2_behaviors_swarm_flocking/environment/ament_prefix_path.dsv
[0.227s] -- Up-to-date: /root/aerostack2_ws/install/as2_behaviors_swarm_flocking/share/as2_behaviors_swarm_flocking/environment/path.sh
[0.227s] -- Up-to-date: /root/aerostack2_ws/install/as2_behaviors_swarm_flocking/share/as2_behaviors_swarm_flocking/environment/path.dsv
[0.227s] -- Up-to-date: /root/aerostack2_ws/install/as2_behaviors_swarm_flocking/share/as2_behaviors_swarm_flocking/local_setup.bash
[0.227s] -- Up-to-date: /root/aerostack2_ws/install/as2_behaviors_swarm_flocking/share/as2_behaviors_swarm_flocking/local_setup.sh
[0.227s] -- Up-to-date: /root/aerostack2_ws/install/as2_behaviors_swarm_flocking/share/as2_behaviors_swarm_flocking/local_setup.zsh
[0.227s] -- Up-to-date: /root/aerostack2_ws/install/as2_behaviors_swarm_flocking/share/as2_behaviors_swarm_flocking/local_setup.dsv
[0.228s] -- Installing: /root/aerostack2_ws/install/as2_behaviors_swarm_flocking/share/as2_behaviors_swarm_flocking/package.dsv
[0.228s] -- Up-to-date: /root/aerostack2_ws/install/as2_behaviors_swarm_flocking/share/ament_index/resource_index/packages/as2_behaviors_swarm_flocking
[0.228s] -- Up-to-date: /root/aerostack2_ws/install/as2_behaviors_swarm_flocking/share/as2_behaviors_swarm_flocking/cmake/ament_cmake_export_dependencies-extras.cmake
[0.228s] -- Up-to-date: /root/aerostack2_ws/install/as2_behaviors_swarm_flocking/share/as2_behaviors_swarm_flocking/cmake/ament_cmake_export_include_directories-extras.cmake
[0.228s] -- Up-to-date: /root/aerostack2_ws/install/as2_behaviors_swarm_flocking/share/as2_behaviors_swarm_flocking/cmake/as2_behaviors_swarm_flockingConfig.cmake
[0.228s] -- Up-to-date: /root/aerostack2_ws/install/as2_behaviors_swarm_flocking/share/as2_behaviors_swarm_flocking/cmake/as2_behaviors_swarm_flockingConfig-version.cmake
[0.228s] -- Up-to-date: /root/aerostack2_ws/install/as2_behaviors_swarm_flocking/share/as2_behaviors_swarm_flocking/package.xml
[0.228s] -- Up-to-date: /root/aerostack2_ws/install/as2_behaviors_swarm_flocking/lib/libglog.so.0.6.0
[0.228s] -- Up-to-date: /root/aerostack2_ws/install/as2_behaviors_swarm_flocking/lib/libglog.so.1
[0.228s] -- Up-to-date: /root/aerostack2_ws/install/as2_behaviors_swarm_flocking/lib/libglog.so
[0.229s] -- Up-to-date: /root/aerostack2_ws/install/as2_behaviors_swarm_flocking/include/glog/export.h
[0.229s] -- Up-to-date: /root/aerostack2_ws/install/as2_behaviors_swarm_flocking/include/glog/logging.h
[0.229s] -- Up-to-date: /root/aerostack2_ws/install/as2_behaviors_swarm_flocking/include/glog/raw_logging.h
[0.229s] -- Up-to-date: /root/aerostack2_ws/install/as2_behaviors_swarm_flocking/include/glog/stl_logging.h
[0.229s] -- Up-to-date: /root/aerostack2_ws/install/as2_behaviors_swarm_flocking/include/glog/vlog_is_on.h
[0.229s] -- Up-to-date: /root/aerostack2_ws/install/as2_behaviors_swarm_flocking/include/glog/log_severity.h
[0.229s] -- Up-to-date: /root/aerostack2_ws/install/as2_behaviors_swarm_flocking/include/glog/platform.h
[0.229s] -- Up-to-date: /root/aerostack2_ws/install/as2_behaviors_swarm_flocking/lib/pkgconfig/libglog.pc
[0.229s] -- Up-to-date: /root/aerostack2_ws/install/as2_behaviors_swarm_flocking/lib/cmake/glog/glog-modules.cmake
[0.229s] -- Up-to-date: /root/aerostack2_ws/install/as2_behaviors_swarm_flocking/lib/cmake/glog/glog-config.cmake
[0.229s] -- Up-to-date: /root/aerostack2_ws/install/as2_behaviors_swarm_flocking/lib/cmake/glog/glog-config-version.cmake
[0.229s] -- Up-to-date: /root/aerostack2_ws/install/as2_behaviors_swarm_flocking/lib/cmake/glog/glog-targets.cmake
[0.229s] -- Up-to-date: /root/aerostack2_ws/install/as2_behaviors_swarm_flocking/lib/cmake/glog/glog-targets-release.cmake
[0.230s] -- Up-to-date: /root/aerostack2_ws/install/as2_behaviors_swarm_flocking/lib/pkgconfig/nlopt.pc
[0.230s] -- Up-to-date: /root/aerostack2_ws/install/as2_behaviors_swarm_flocking/include/nlopt.h
[0.230s] -- Up-to-date: /root/aerostack2_ws/install/as2_behaviors_swarm_flocking/include/nlopt.hpp
[0.230s] -- Up-to-date: /root/aerostack2_ws/install/as2_behaviors_swarm_flocking/include/nlopt.f
[0.230s] -- Up-to-date: /root/aerostack2_ws/install/as2_behaviors_swarm_flocking/lib/libnlopt.so.0.11.1
[0.230s] -- Up-to-date: /root/aerostack2_ws/install/as2_behaviors_swarm_flocking/lib/libnlopt.so.0
[0.230s] -- Up-to-date: /root/aerostack2_ws/install/as2_behaviors_swarm_flocking/lib/libnlopt.so
[0.230s] -- Up-to-date: /root/aerostack2_ws/install/as2_behaviors_swarm_flocking/lib/cmake/nlopt/NLoptLibraryDepends.cmake
[0.230s] -- Up-to-date: /root/aerostack2_ws/install/as2_behaviors_swarm_flocking/lib/cmake/nlopt/NLoptLibraryDepends-release.cmake
[0.230s] -- Up-to-date: /root/aerostack2_ws/install/as2_behaviors_swarm_flocking/lib/cmake/nlopt/NLoptConfig.cmake
[0.230s] -- Up-to-date: /root/aerostack2_ws/install/as2_behaviors_swarm_flocking/lib/cmake/nlopt/NLoptConfigVersion.cmake
[0.231s] -- Up-to-date: /root/aerostack2_ws/install/as2_behaviors_swarm_flocking/share/man/man3/nlopt.3
[0.231s] -- Up-to-date: /root/aerostack2_ws/install/as2_behaviors_swarm_flocking/share/man/man3/nlopt_minimize.3
[0.231s] -- Up-to-date: /root/aerostack2_ws/install/as2_behaviors_swarm_flocking/share/man/man3/nlopt_minimize_constrained.3
[0.232s] Invoked command in '/root/aerostack2_ws/build/as2_behaviors_swarm_flocking' returned '0': AMENT_PREFIX_PATH=/root/aerostack2_ws/install/as2_motion_reference_handlers:/root/aerostack2_ws/install/as2_behavior:/root/aerostack2_ws/install/as2_core:/root/aerostack2_ws/install/as2_msgs:${AMENT_PREFIX_PATH} CMAKE_PREFIX_PATH=/root/aerostack2_ws/install/as2_motion_reference_handlers:/root/aerostack2_ws/install/as2_behavior:/root/aerostack2_ws/install/as2_core:/root/aerostack2_ws/install/as2_msgs:/opt/ros/humble LD_LIBRARY_PATH=/root/aerostack2_ws/install/as2_motion_reference_handlers/lib:/root/aerostack2_ws/install/as2_behavior/lib:/root/aerostack2_ws/install/as2_core/lib:/root/aerostack2_ws/install/as2_msgs/lib:${LD_LIBRARY_PATH} PYTHONPATH=/root/aerostack2_ws/install/as2_motion_reference_handlers/local/lib/python3.10/dist-packages:/root/aerostack2_ws/install/as2_core/local/lib/python3.10/dist-packages:/root/aerostack2_ws/install/as2_msgs/local/lib/python3.10/dist-packages:${PYTHONPATH} /usr/bin/cmake --install /root/aerostack2_ws/build/as2_behaviors_swarm_flocking
