[0.008s] Invoking command in '/root/aerostack2_ws/build/as2_usb_camera_interface': AMENT_PREFIX_PATH=/root/aerostack2_ws/install/as2_core:/root/aerostack2_ws/install/as2_msgs:${AMENT_PREFIX_PATH} CMAKE_PREFIX_PATH=/root/aerostack2_ws/install/as2_core:/root/aerostack2_ws/install/as2_msgs:/opt/ros/humble LD_LIBRARY_PATH=/root/aerostack2_ws/install/as2_core/lib:/root/aerostack2_ws/install/as2_msgs/lib:${LD_LIBRARY_PATH} PYTHONPATH=/root/aerostack2_ws/install/as2_core/local/lib/python3.10/dist-packages:/root/aerostack2_ws/install/as2_msgs/local/lib/python3.10/dist-packages:${PYTHONPATH} /usr/bin/cmake --build /root/aerostack2_ws/build/as2_usb_camera_interface -- -j8 -l8
[0.041s] [35m[1mConsolidate compiler generated dependencies of target gtest_main[0m
[0.043s] [35m[1mConsolidate compiler generated dependencies of target as2_usb_camera_interface_node[0m
[0.043s] [35m[1mConsolidate compiler generated dependencies of target as2_usb_camera_interface[0m
[0.043s] [35m[1mConsolidate compiler generated dependencies of target gtest[0m
[0.051s] [ 18%] Built target gtest_main
[0.056s] [ 36%] Built target gtest
[0.061s] [ 54%] Built target as2_usb_camera_interface
[0.061s] [ 81%] Built target as2_usb_camera_interface_node
[0.069s] [35m[1mConsolidate compiler generated dependencies of target as2_usb_camera_interface_as2_usb_camera_interface_gtest[0m
[0.085s] [100%] Built target as2_usb_camera_interface_as2_usb_camera_interface_gtest
[0.093s] Invoked command in '/root/aerostack2_ws/build/as2_usb_camera_interface' returned '0': AMENT_PREFIX_PATH=/root/aerostack2_ws/install/as2_core:/root/aerostack2_ws/install/as2_msgs:${AMENT_PREFIX_PATH} CMAKE_PREFIX_PATH=/root/aerostack2_ws/install/as2_core:/root/aerostack2_ws/install/as2_msgs:/opt/ros/humble LD_LIBRARY_PATH=/root/aerostack2_ws/install/as2_core/lib:/root/aerostack2_ws/install/as2_msgs/lib:${LD_LIBRARY_PATH} PYTHONPATH=/root/aerostack2_ws/install/as2_core/local/lib/python3.10/dist-packages:/root/aerostack2_ws/install/as2_msgs/local/lib/python3.10/dist-packages:${PYTHONPATH} /usr/bin/cmake --build /root/aerostack2_ws/build/as2_usb_camera_interface -- -j8 -l8
[0.095s] Invoking command in '/root/aerostack2_ws/build/as2_usb_camera_interface': AMENT_PREFIX_PATH=/root/aerostack2_ws/install/as2_core:/root/aerostack2_ws/install/as2_msgs:${AMENT_PREFIX_PATH} CMAKE_PREFIX_PATH=/root/aerostack2_ws/install/as2_core:/root/aerostack2_ws/install/as2_msgs:/opt/ros/humble LD_LIBRARY_PATH=/root/aerostack2_ws/install/as2_core/lib:/root/aerostack2_ws/install/as2_msgs/lib:${LD_LIBRARY_PATH} PYTHONPATH=/root/aerostack2_ws/install/as2_core/local/lib/python3.10/dist-packages:/root/aerostack2_ws/install/as2_msgs/local/lib/python3.10/dist-packages:${PYTHONPATH} /usr/bin/cmake --install /root/aerostack2_ws/build/as2_usb_camera_interface
[0.099s] -- Install configuration: "Release"
[0.100s] -- Up-to-date: /root/aerostack2_ws/install/as2_usb_camera_interface/include
[0.100s] -- Up-to-date: /root/aerostack2_ws/install/as2_usb_camera_interface/include/as2_usb_camera_interface
[0.100s] -- Up-to-date: /root/aerostack2_ws/install/as2_usb_camera_interface/include/as2_usb_camera_interface/as2_usb_camera_interface.hpp
[0.100s] -- Up-to-date: /root/aerostack2_ws/install/as2_usb_camera_interface/share/as2_usb_camera_interface/launch
[0.100s] -- Up-to-date: /root/aerostack2_ws/install/as2_usb_camera_interface/share/as2_usb_camera_interface/launch/as2_usb_camera_interface_launch.py
[0.100s] -- Up-to-date: /root/aerostack2_ws/install/as2_usb_camera_interface/share/as2_usb_camera_interface/config
[0.100s] -- Up-to-date: /root/aerostack2_ws/install/as2_usb_camera_interface/share/as2_usb_camera_interface/config/as2_usb_camera_interface
[0.100s] -- Up-to-date: /root/aerostack2_ws/install/as2_usb_camera_interface/share/as2_usb_camera_interface/config/as2_usb_camera_interface/wide02_720_info.yaml
[0.100s] -- Up-to-date: /root/aerostack2_ws/install/as2_usb_camera_interface/share/as2_usb_camera_interface/config/as2_usb_camera_interface/wide03_720_info.yaml
[0.100s] -- Up-to-date: /root/aerostack2_ws/install/as2_usb_camera_interface/share/as2_usb_camera_interface/config/as2_usb_camera_interface/wide03_1080_info.yaml
[0.100s] -- Up-to-date: /root/aerostack2_ws/install/as2_usb_camera_interface/share/as2_usb_camera_interface/config/as2_usb_camera_interface/camera_info.yaml
[0.100s] -- Up-to-date: /root/aerostack2_ws/install/as2_usb_camera_interface/share/as2_usb_camera_interface/config/tf_cam
[0.100s] -- Up-to-date: /root/aerostack2_ws/install/as2_usb_camera_interface/share/as2_usb_camera_interface/config/tf_cam/f450_arguments.yaml
[0.100s] -- Up-to-date: /root/aerostack2_ws/install/as2_usb_camera_interface/share/as2_usb_camera_interface/config/tf_cam/sim_arguments.yaml
[0.101s] -- Up-to-date: /root/aerostack2_ws/install/as2_usb_camera_interface/share/as2_usb_camera_interface/config/tf_cam/f330_arguments.yaml
[0.101s] -- Up-to-date: /root/aerostack2_ws/install/as2_usb_camera_interface/share/as2_usb_camera_interface/config/config_file_default.yaml
[0.101s] -- Up-to-date: /root/aerostack2_ws/install/as2_usb_camera_interface/share/as2_usb_camera_interface/config/camera_calibration_default.yaml
[0.101s] -- Up-to-date: /root/aerostack2_ws/install/as2_usb_camera_interface/lib/as2_usb_camera_interface/as2_usb_camera_interface_node
[0.101s] -- Up-to-date: /root/aerostack2_ws/install/as2_usb_camera_interface/lib/libas2_usb_camera_interface.a
[0.101s] -- Up-to-date: /root/aerostack2_ws/install/as2_usb_camera_interface/share/ament_index/resource_index/package_run_dependencies/as2_usb_camera_interface
[0.101s] -- Up-to-date: /root/aerostack2_ws/install/as2_usb_camera_interface/share/ament_index/resource_index/parent_prefix_path/as2_usb_camera_interface
[0.101s] -- Up-to-date: /root/aerostack2_ws/install/as2_usb_camera_interface/share/as2_usb_camera_interface/environment/ament_prefix_path.sh
[0.101s] -- Up-to-date: /root/aerostack2_ws/install/as2_usb_camera_interface/share/as2_usb_camera_interface/environment/ament_prefix_path.dsv
[0.101s] -- Up-to-date: /root/aerostack2_ws/install/as2_usb_camera_interface/share/as2_usb_camera_interface/environment/path.sh
[0.101s] -- Up-to-date: /root/aerostack2_ws/install/as2_usb_camera_interface/share/as2_usb_camera_interface/environment/path.dsv
[0.101s] -- Up-to-date: /root/aerostack2_ws/install/as2_usb_camera_interface/share/as2_usb_camera_interface/local_setup.bash
[0.101s] -- Up-to-date: /root/aerostack2_ws/install/as2_usb_camera_interface/share/as2_usb_camera_interface/local_setup.sh
[0.101s] -- Up-to-date: /root/aerostack2_ws/install/as2_usb_camera_interface/share/as2_usb_camera_interface/local_setup.zsh
[0.101s] -- Up-to-date: /root/aerostack2_ws/install/as2_usb_camera_interface/share/as2_usb_camera_interface/local_setup.dsv
[0.102s] -- Installing: /root/aerostack2_ws/install/as2_usb_camera_interface/share/as2_usb_camera_interface/package.dsv
[0.102s] -- Up-to-date: /root/aerostack2_ws/install/as2_usb_camera_interface/share/ament_index/resource_index/packages/as2_usb_camera_interface
[0.102s] -- Up-to-date: /root/aerostack2_ws/install/as2_usb_camera_interface/share/as2_usb_camera_interface/cmake/as2_usb_camera_interfaceConfig.cmake
[0.102s] -- Up-to-date: /root/aerostack2_ws/install/as2_usb_camera_interface/share/as2_usb_camera_interface/cmake/as2_usb_camera_interfaceConfig-version.cmake
[0.102s] -- Up-to-date: /root/aerostack2_ws/install/as2_usb_camera_interface/share/as2_usb_camera_interface/package.xml
[0.103s] Invoked command in '/root/aerostack2_ws/build/as2_usb_camera_interface' returned '0': AMENT_PREFIX_PATH=/root/aerostack2_ws/install/as2_core:/root/aerostack2_ws/install/as2_msgs:${AMENT_PREFIX_PATH} CMAKE_PREFIX_PATH=/root/aerostack2_ws/install/as2_core:/root/aerostack2_ws/install/as2_msgs:/opt/ros/humble LD_LIBRARY_PATH=/root/aerostack2_ws/install/as2_core/lib:/root/aerostack2_ws/install/as2_msgs/lib:${LD_LIBRARY_PATH} PYTHONPATH=/root/aerostack2_ws/install/as2_core/local/lib/python3.10/dist-packages:/root/aerostack2_ws/install/as2_msgs/local/lib/python3.10/dist-packages:${PYTHONPATH} /usr/bin/cmake --install /root/aerostack2_ws/build/as2_usb_camera_interface
