[2.597s] Invoking command in '/root/aerostack2_ws/src/aerostack2/as2_project_bringup': PYTHONPATH=/root/aerostack2_ws/build/as2_project_bringup/prefix_override:/usr/lib/python3/dist-packages/colcon_core/task/python/colcon_distutils_commands:/root/aerostack2_ws/install/as2_project_bringup/lib/python3.10/site-packages:${PYTHONPATH} /usr/bin/python3 -W ignore:setup.py install is deprecated -W ignore:easy_install command is deprecated setup.py egg_info --egg-base ../../../build/as2_project_bringup build --build-base /root/aerostack2_ws/build/as2_project_bringup/build install --record /root/aerostack2_ws/build/as2_project_bringup/install.log --single-version-externally-managed install_data
[3.170s] running egg_info
[3.170s] writing ../../../build/as2_project_bringup/as2_project_bringup.egg-info/PKG-INFO
[3.182s] writing dependency_links to ../../../build/as2_project_bringup/as2_project_bringup.egg-info/dependency_links.txt
[3.182s] writing entry points to ../../../build/as2_project_bringup/as2_project_bringup.egg-info/entry_points.txt
[3.183s] writing requirements to ../../../build/as2_project_bringup/as2_project_bringup.egg-info/requires.txt
[3.183s] writing top-level names to ../../../build/as2_project_bringup/as2_project_bringup.egg-info/top_level.txt
[3.207s] reading manifest file '../../../build/as2_project_bringup/as2_project_bringup.egg-info/SOURCES.txt'
[3.211s] writing manifest file '../../../build/as2_project_bringup/as2_project_bringup.egg-info/SOURCES.txt'
[3.211s] running build
[3.211s] running build_py
[3.212s] running install
[3.214s] running install_lib
[3.228s] running install_data
[3.228s] copying launch/04_motion_controller_3drones.launch.py -> /root/aerostack2_ws/install/as2_project_bringup/share/as2_project_bringup/launch
[3.228s] running install_egg_info
[3.231s] removing '/root/aerostack2_ws/install/as2_project_bringup/lib/python3.10/site-packages/as2_project_bringup-0.0.0-py3.10.egg-info' (and everything under it)
[3.232s] Copying ../../../build/as2_project_bringup/as2_project_bringup.egg-info to /root/aerostack2_ws/install/as2_project_bringup/lib/python3.10/site-packages/as2_project_bringup-0.0.0-py3.10.egg-info
[3.233s] running install_scripts
[3.274s] writing list of installed files to '/root/aerostack2_ws/build/as2_project_bringup/install.log'
[3.354s] Invoked command in '/root/aerostack2_ws/src/aerostack2/as2_project_bringup' returned '0': PYTHONPATH=/root/aerostack2_ws/build/as2_project_bringup/prefix_override:/usr/lib/python3/dist-packages/colcon_core/task/python/colcon_distutils_commands:/root/aerostack2_ws/install/as2_project_bringup/lib/python3.10/site-packages:${PYTHONPATH} /usr/bin/python3 -W ignore:setup.py install is deprecated -W ignore:easy_install command is deprecated setup.py egg_info --egg-base ../../../build/as2_project_bringup build --build-base /root/aerostack2_ws/build/as2_project_bringup/build install --record /root/aerostack2_ws/build/as2_project_bringup/install.log --single-version-externally-managed install_data
