[2.321s] Invoking command in '/root/aerostack2_ws/build/as2_swarm_person_tracking': PYTHONPATH=/root/aerostack2_ws/build/as2_swarm_person_tracking/prefix_override:/usr/lib/python3/dist-packages/colcon_core/task/python/colcon_distutils_commands:/root/aerostack2_ws/install/as2_swarm_person_tracking/lib/python3.10/site-packages:${PYTHONPATH} /usr/bin/python3 -W ignore:setup.py install is deprecated -W ignore:easy_install command is deprecated setup.py develop --uninstall --editable --build-directory /root/aerostack2_ws/build/as2_swarm_person_tracking/build
[2.886s] running develop
[3.217s] Removing /root/aerostack2_ws/install/as2_swarm_person_tracking/lib/python3.10/site-packages/as2-swarm-person-tracking.egg-link (link to .)
[3.315s] Invoked command in '/root/aerostack2_ws/build/as2_swarm_person_tracking' returned '0': PYTHONPATH=/root/aerostack2_ws/build/as2_swarm_person_tracking/prefix_override:/usr/lib/python3/dist-packages/colcon_core/task/python/colcon_distutils_commands:/root/aerostack2_ws/install/as2_swarm_person_tracking/lib/python3.10/site-packages:${PYTHONPATH} /usr/bin/python3 -W ignore:setup.py install is deprecated -W ignore:easy_install command is deprecated setup.py develop --uninstall --editable --build-directory /root/aerostack2_ws/build/as2_swarm_person_tracking/build
[3.335s] Invoking command in '/root/aerostack2_ws/src/aerostack2/as2_swarm_person_tracking': PYTHONPATH=/root/aerostack2_ws/build/as2_swarm_person_tracking/prefix_override:/usr/lib/python3/dist-packages/colcon_core/task/python/colcon_distutils_commands:/root/aerostack2_ws/install/as2_swarm_person_tracking/lib/python3.10/site-packages:${PYTHONPATH} /usr/bin/python3 -W ignore:setup.py install is deprecated -W ignore:easy_install command is deprecated setup.py egg_info --egg-base ../../../build/as2_swarm_person_tracking build --build-base /root/aerostack2_ws/build/as2_swarm_person_tracking/build install --record /root/aerostack2_ws/build/as2_swarm_person_tracking/install.log --single-version-externally-managed install_data --force
[4.084s] running egg_info
[4.089s] writing ../../../build/as2_swarm_person_tracking/as2_swarm_person_tracking.egg-info/PKG-INFO
[4.089s] writing dependency_links to ../../../build/as2_swarm_person_tracking/as2_swarm_person_tracking.egg-info/dependency_links.txt
[4.090s] writing entry points to ../../../build/as2_swarm_person_tracking/as2_swarm_person_tracking.egg-info/entry_points.txt
[4.090s] writing requirements to ../../../build/as2_swarm_person_tracking/as2_swarm_person_tracking.egg-info/requires.txt
[4.090s] writing top-level names to ../../../build/as2_swarm_person_tracking/as2_swarm_person_tracking.egg-info/top_level.txt
[4.090s] reading manifest file '../../../build/as2_swarm_person_tracking/as2_swarm_person_tracking.egg-info/SOURCES.txt'
[4.102s] writing manifest file '../../../build/as2_swarm_person_tracking/as2_swarm_person_tracking.egg-info/SOURCES.txt'
[4.102s] running build
[4.102s] running build_py
[4.102s] copying as2_swarm_person_tracking/multi_person_tracker_node.py -> /root/aerostack2_ws/build/as2_swarm_person_tracking/build/lib/as2_swarm_person_tracking
[4.105s] running install
[4.106s] running install_lib
[4.107s] creating /root/aerostack2_ws/install/as2_swarm_person_tracking/lib/python3.10/site-packages/as2_swarm_person_tracking
[4.107s] copying /root/aerostack2_ws/build/as2_swarm_person_tracking/build/lib/as2_swarm_person_tracking/multi_person_tracker_node.py -> /root/aerostack2_ws/install/as2_swarm_person_tracking/lib/python3.10/site-packages/as2_swarm_person_tracking
[4.107s] copying /root/aerostack2_ws/build/as2_swarm_person_tracking/build/lib/as2_swarm_person_tracking/__init__.py -> /root/aerostack2_ws/install/as2_swarm_person_tracking/lib/python3.10/site-packages/as2_swarm_person_tracking
[4.112s] byte-compiling /root/aerostack2_ws/install/as2_swarm_person_tracking/lib/python3.10/site-packages/as2_swarm_person_tracking/multi_person_tracker_node.py to multi_person_tracker_node.cpython-310.pyc
[4.120s] byte-compiling /root/aerostack2_ws/install/as2_swarm_person_tracking/lib/python3.10/site-packages/as2_swarm_person_tracking/__init__.py to __init__.cpython-310.pyc
[4.121s] running install_data
[4.121s] copying resource/as2_swarm_person_tracking -> /root/aerostack2_ws/install/as2_swarm_person_tracking/share/ament_index/resource_index/packages
[4.121s] copying package.xml -> /root/aerostack2_ws/install/as2_swarm_person_tracking/share/as2_swarm_person_tracking
[4.123s] running install_egg_info
[4.128s] Copying ../../../build/as2_swarm_person_tracking/as2_swarm_person_tracking.egg-info to /root/aerostack2_ws/install/as2_swarm_person_tracking/lib/python3.10/site-packages/as2_swarm_person_tracking-0.0.0-py3.10.egg-info
[4.128s] running install_scripts
[4.169s] Installing multi_person_tracker_node script to /root/aerostack2_ws/install/as2_swarm_person_tracking/lib/as2_swarm_person_tracking
[4.172s] writing list of installed files to '/root/aerostack2_ws/build/as2_swarm_person_tracking/install.log'
[4.286s] Invoked command in '/root/aerostack2_ws/src/aerostack2/as2_swarm_person_tracking' returned '0': PYTHONPATH=/root/aerostack2_ws/build/as2_swarm_person_tracking/prefix_override:/usr/lib/python3/dist-packages/colcon_core/task/python/colcon_distutils_commands:/root/aerostack2_ws/install/as2_swarm_person_tracking/lib/python3.10/site-packages:${PYTHONPATH} /usr/bin/python3 -W ignore:setup.py install is deprecated -W ignore:easy_install command is deprecated setup.py egg_info --egg-base ../../../build/as2_swarm_person_tracking build --build-base /root/aerostack2_ws/build/as2_swarm_person_tracking/build install --record /root/aerostack2_ws/build/as2_swarm_person_tracking/install.log --single-version-externally-managed install_data --force
