[11.503s] Invoking command in '/root/aerostack2_ws/src/aerostack2/as2_swarm_perception': PYTHONPATH=/root/aerostack2_ws/build/as2_swarm_perception/prefix_override:/usr/lib/python3/dist-packages/colcon_core/task/python/colcon_distutils_commands:/root/aerostack2_ws/install/as2_swarm_perception/lib/python3.10/site-packages:${PYTHONPATH} /usr/bin/python3 -W ignore:setup.py install is deprecated -W ignore:easy_install command is deprecated setup.py egg_info --egg-base ../../../build/as2_swarm_perception build --build-base /root/aerostack2_ws/build/as2_swarm_perception/build install --record /root/aerostack2_ws/build/as2_swarm_perception/install.log --single-version-externally-managed install_data
[13.369s] running egg_info
[13.381s] writing ../../../build/as2_swarm_perception/as2_swarm_perception.egg-info/PKG-INFO
[13.406s] writing dependency_links to ../../../build/as2_swarm_perception/as2_swarm_perception.egg-info/dependency_links.txt
[13.406s] writing entry points to ../../../build/as2_swarm_perception/as2_swarm_perception.egg-info/entry_points.txt
[13.406s] writing requirements to ../../../build/as2_swarm_perception/as2_swarm_perception.egg-info/requires.txt
[13.406s] writing top-level names to ../../../build/as2_swarm_perception/as2_swarm_perception.egg-info/top_level.txt
[13.417s] reading manifest file '../../../build/as2_swarm_perception/as2_swarm_perception.egg-info/SOURCES.txt'
[13.420s] writing manifest file '../../../build/as2_swarm_perception/as2_swarm_perception.egg-info/SOURCES.txt'
[13.424s] running build
[13.425s] running build_py
[13.425s] running install
[13.425s] running install_lib
[13.442s] running install_data
[13.446s] running install_egg_info
[13.467s] removing '/root/aerostack2_ws/install/as2_swarm_perception/lib/python3.10/site-packages/as2_swarm_perception-0.0.0-py3.10.egg-info' (and everything under it)
[13.468s] Copying ../../../build/as2_swarm_perception/as2_swarm_perception.egg-info to /root/aerostack2_ws/install/as2_swarm_perception/lib/python3.10/site-packages/as2_swarm_perception-0.0.0-py3.10.egg-info
[13.473s] running install_scripts
[13.717s] Installing bbox_to_world_node script to /root/aerostack2_ws/install/as2_swarm_perception/lib/as2_swarm_perception
[13.720s] writing list of installed files to '/root/aerostack2_ws/build/as2_swarm_perception/install.log'
[13.871s] Invoked command in '/root/aerostack2_ws/src/aerostack2/as2_swarm_perception' returned '0': PYTHONPATH=/root/aerostack2_ws/build/as2_swarm_perception/prefix_override:/usr/lib/python3/dist-packages/colcon_core/task/python/colcon_distutils_commands:/root/aerostack2_ws/install/as2_swarm_perception/lib/python3.10/site-packages:${PYTHONPATH} /usr/bin/python3 -W ignore:setup.py install is deprecated -W ignore:easy_install command is deprecated setup.py egg_info --egg-base ../../../build/as2_swarm_perception build --build-base /root/aerostack2_ws/build/as2_swarm_perception/build install --record /root/aerostack2_ws/build/as2_swarm_perception/install.log --single-version-externally-managed install_data
