[0.007s] Invoking command in '/root/aerostack2_ws/build/as2_realsense_interface': AMENT_PREFIX_PATH=/root/aerostack2_ws/install/as2_core:/root/aerostack2_ws/install/as2_msgs:${AMENT_PREFIX_PATH} CMAKE_PREFIX_PATH=/root/aerostack2_ws/install/as2_core:/root/aerostack2_ws/install/as2_msgs:/opt/ros/humble LD_LIBRARY_PATH=/root/aerostack2_ws/install/as2_core/lib:/root/aerostack2_ws/install/as2_msgs/lib:${LD_LIBRARY_PATH} PYTHONPATH=/root/aerostack2_ws/install/as2_core/local/lib/python3.10/dist-packages:/root/aerostack2_ws/install/as2_msgs/local/lib/python3.10/dist-packages:${PYTHONPATH} /usr/bin/cmake --build /root/aerostack2_ws/build/as2_realsense_interface -- -j8 -l8
[0.040s] [35m[1mConsolidate compiler generated dependencies of target gtest_main[0m
[0.040s] [35m[1mConsolidate compiler generated dependencies of target as2_realsense_interface[0m
[0.042s] [35m[1mConsolidate compiler generated dependencies of target gtest[0m
[0.044s] [35m[1mConsolidate compiler generated dependencies of target as2_realsense_interface_node[0m
[0.050s] [ 18%] Built target gtest_main
[0.055s] [ 36%] Built target gtest
[0.057s] [ 54%] Built target as2_realsense_interface
[0.062s] [ 81%] Built target as2_realsense_interface_node
[0.066s] [35m[1mConsolidate compiler generated dependencies of target as2_realsense_interface_as2_realsense_interface_gtest[0m
[0.082s] [100%] Built target as2_realsense_interface_as2_realsense_interface_gtest
[0.090s] Invoked command in '/root/aerostack2_ws/build/as2_realsense_interface' returned '0': AMENT_PREFIX_PATH=/root/aerostack2_ws/install/as2_core:/root/aerostack2_ws/install/as2_msgs:${AMENT_PREFIX_PATH} CMAKE_PREFIX_PATH=/root/aerostack2_ws/install/as2_core:/root/aerostack2_ws/install/as2_msgs:/opt/ros/humble LD_LIBRARY_PATH=/root/aerostack2_ws/install/as2_core/lib:/root/aerostack2_ws/install/as2_msgs/lib:${LD_LIBRARY_PATH} PYTHONPATH=/root/aerostack2_ws/install/as2_core/local/lib/python3.10/dist-packages:/root/aerostack2_ws/install/as2_msgs/local/lib/python3.10/dist-packages:${PYTHONPATH} /usr/bin/cmake --build /root/aerostack2_ws/build/as2_realsense_interface -- -j8 -l8
[0.092s] Invoking command in '/root/aerostack2_ws/build/as2_realsense_interface': AMENT_PREFIX_PATH=/root/aerostack2_ws/install/as2_core:/root/aerostack2_ws/install/as2_msgs:${AMENT_PREFIX_PATH} CMAKE_PREFIX_PATH=/root/aerostack2_ws/install/as2_core:/root/aerostack2_ws/install/as2_msgs:/opt/ros/humble LD_LIBRARY_PATH=/root/aerostack2_ws/install/as2_core/lib:/root/aerostack2_ws/install/as2_msgs/lib:${LD_LIBRARY_PATH} PYTHONPATH=/root/aerostack2_ws/install/as2_core/local/lib/python3.10/dist-packages:/root/aerostack2_ws/install/as2_msgs/local/lib/python3.10/dist-packages:${PYTHONPATH} /usr/bin/cmake --install /root/aerostack2_ws/build/as2_realsense_interface
[0.098s] -- Install configuration: "Release"
[0.098s] -- Up-to-date: /root/aerostack2_ws/install/as2_realsense_interface/include
[0.098s] -- Up-to-date: /root/aerostack2_ws/install/as2_realsense_interface/include/as2_realsense_interface
[0.098s] -- Up-to-date: /root/aerostack2_ws/install/as2_realsense_interface/include/as2_realsense_interface/as2_realsense_interface.hpp
[0.098s] -- Up-to-date: /root/aerostack2_ws/install/as2_realsense_interface/lib/as2_realsense_interface/as2_realsense_interface_node
[0.098s] -- Up-to-date: /root/aerostack2_ws/install/as2_realsense_interface/lib/libas2_realsense_interface.a
[0.098s] -- Up-to-date: /root/aerostack2_ws/install/as2_realsense_interface/share/as2_realsense_interface/launch
[0.098s] -- Up-to-date: /root/aerostack2_ws/install/as2_realsense_interface/share/as2_realsense_interface/launch/as2_realsense_interface_launch.py
[0.098s] -- Up-to-date: /root/aerostack2_ws/install/as2_realsense_interface/share/as2_realsense_interface/launch/as2_realsense_interface_t265_launch.py
[0.098s] -- Up-to-date: /root/aerostack2_ws/install/as2_realsense_interface/share/as2_realsense_interface/config
[0.098s] -- Up-to-date: /root/aerostack2_ws/install/as2_realsense_interface/share/as2_realsense_interface/config/tf_device
[0.098s] -- Up-to-date: /root/aerostack2_ws/install/as2_realsense_interface/share/as2_realsense_interface/config/tf_device/t265.yaml
[0.099s] -- Up-to-date: /root/aerostack2_ws/install/as2_realsense_interface/share/as2_realsense_interface/config/tf_device/d435i.yaml
[0.099s] -- Up-to-date: /root/aerostack2_ws/install/as2_realsense_interface/share/as2_realsense_interface/config/realsense_interface
[0.099s] -- Up-to-date: /root/aerostack2_ws/install/as2_realsense_interface/share/as2_realsense_interface/config/realsense_interface/d435i
[0.099s] -- Up-to-date: /root/aerostack2_ws/install/as2_realsense_interface/share/as2_realsense_interface/config/realsense_interface/d435i/tf_sensors.yaml
[0.099s] -- Up-to-date: /root/aerostack2_ws/install/as2_realsense_interface/share/as2_realsense_interface/config/realsense_interface/d435i/params.yaml
[0.099s] -- Up-to-date: /root/aerostack2_ws/install/as2_realsense_interface/share/as2_realsense_interface/config/realsense_interface/t265
[0.099s] -- Up-to-date: /root/aerostack2_ws/install/as2_realsense_interface/share/as2_realsense_interface/config/realsense_interface/t265/tf_sensors.yaml
[0.099s] -- Up-to-date: /root/aerostack2_ws/install/as2_realsense_interface/share/as2_realsense_interface/config/realsense_interface/t265/params.yaml
[0.099s] -- Up-to-date: /root/aerostack2_ws/install/as2_realsense_interface/share/ament_index/resource_index/package_run_dependencies/as2_realsense_interface
[0.099s] -- Up-to-date: /root/aerostack2_ws/install/as2_realsense_interface/share/ament_index/resource_index/parent_prefix_path/as2_realsense_interface
[0.099s] -- Up-to-date: /root/aerostack2_ws/install/as2_realsense_interface/share/as2_realsense_interface/environment/ament_prefix_path.sh
[0.099s] -- Up-to-date: /root/aerostack2_ws/install/as2_realsense_interface/share/as2_realsense_interface/environment/ament_prefix_path.dsv
[0.099s] -- Up-to-date: /root/aerostack2_ws/install/as2_realsense_interface/share/as2_realsense_interface/environment/path.sh
[0.099s] -- Up-to-date: /root/aerostack2_ws/install/as2_realsense_interface/share/as2_realsense_interface/environment/path.dsv
[0.099s] -- Up-to-date: /root/aerostack2_ws/install/as2_realsense_interface/share/as2_realsense_interface/local_setup.bash
[0.099s] -- Up-to-date: /root/aerostack2_ws/install/as2_realsense_interface/share/as2_realsense_interface/local_setup.sh
[0.099s] -- Up-to-date: /root/aerostack2_ws/install/as2_realsense_interface/share/as2_realsense_interface/local_setup.zsh
[0.099s] -- Up-to-date: /root/aerostack2_ws/install/as2_realsense_interface/share/as2_realsense_interface/local_setup.dsv
[0.099s] -- Installing: /root/aerostack2_ws/install/as2_realsense_interface/share/as2_realsense_interface/package.dsv
[0.099s] -- Up-to-date: /root/aerostack2_ws/install/as2_realsense_interface/share/ament_index/resource_index/packages/as2_realsense_interface
[0.099s] -- Up-to-date: /root/aerostack2_ws/install/as2_realsense_interface/share/as2_realsense_interface/cmake/as2_realsense_interfaceConfig.cmake
[0.100s] -- Up-to-date: /root/aerostack2_ws/install/as2_realsense_interface/share/as2_realsense_interface/cmake/as2_realsense_interfaceConfig-version.cmake
[0.100s] -- Up-to-date: /root/aerostack2_ws/install/as2_realsense_interface/share/as2_realsense_interface/package.xml
[0.101s] Invoked command in '/root/aerostack2_ws/build/as2_realsense_interface' returned '0': AMENT_PREFIX_PATH=/root/aerostack2_ws/install/as2_core:/root/aerostack2_ws/install/as2_msgs:${AMENT_PREFIX_PATH} CMAKE_PREFIX_PATH=/root/aerostack2_ws/install/as2_core:/root/aerostack2_ws/install/as2_msgs:/opt/ros/humble LD_LIBRARY_PATH=/root/aerostack2_ws/install/as2_core/lib:/root/aerostack2_ws/install/as2_msgs/lib:${LD_LIBRARY_PATH} PYTHONPATH=/root/aerostack2_ws/install/as2_core/local/lib/python3.10/dist-packages:/root/aerostack2_ws/install/as2_msgs/local/lib/python3.10/dist-packages:${PYTHONPATH} /usr/bin/cmake --install /root/aerostack2_ws/build/as2_realsense_interface
