[5.297s] Invoking command in '/root/aerostack2_ws/src/aerostack2/as2_swarm_ekf': PYTHONPATH=/root/aerostack2_ws/build/as2_swarm_ekf/prefix_override:/usr/lib/python3/dist-packages/colcon_core/task/python/colcon_distutils_commands:/root/aerostack2_ws/install/as2_swarm_ekf/lib/python3.10/site-packages:${PYTHONPATH} /usr/bin/python3 -W ignore:setup.py install is deprecated -W ignore:easy_install command is deprecated setup.py egg_info --egg-base ../../../build/as2_swarm_ekf build --build-base /root/aerostack2_ws/build/as2_swarm_ekf/build install --record /root/aerostack2_ws/build/as2_swarm_ekf/install.log --single-version-externally-managed install_data
[6.578s] running egg_info
[6.580s] writing ../../../build/as2_swarm_ekf/as2_swarm_ekf.egg-info/PKG-INFO
[6.580s] writing dependency_links to ../../../build/as2_swarm_ekf/as2_swarm_ekf.egg-info/dependency_links.txt
[6.582s] writing entry points to ../../../build/as2_swarm_ekf/as2_swarm_ekf.egg-info/entry_points.txt
[6.583s] writing requirements to ../../../build/as2_swarm_ekf/as2_swarm_ekf.egg-info/requires.txt
[6.586s] writing top-level names to ../../../build/as2_swarm_ekf/as2_swarm_ekf.egg-info/top_level.txt
[6.598s] reading manifest file '../../../build/as2_swarm_ekf/as2_swarm_ekf.egg-info/SOURCES.txt'
[6.601s] writing manifest file '../../../build/as2_swarm_ekf/as2_swarm_ekf.egg-info/SOURCES.txt'
[6.604s] running build
[6.605s] running build_py
[6.606s] running install
[6.607s] running install_lib
[6.608s] running install_data
[6.608s] running install_egg_info
[6.615s] removing '/root/aerostack2_ws/install/as2_swarm_ekf/lib/python3.10/site-packages/as2_swarm_ekf-0.0.1-py3.10.egg-info' (and everything under it)
[6.630s] Copying ../../../build/as2_swarm_ekf/as2_swarm_ekf.egg-info to /root/aerostack2_ws/install/as2_swarm_ekf/lib/python3.10/site-packages/as2_swarm_ekf-0.0.1-py3.10.egg-info
[6.630s] running install_scripts
[6.672s] Installing distributed_ekf_node script to /root/aerostack2_ws/install/as2_swarm_ekf/lib/as2_swarm_ekf
[6.675s] writing list of installed files to '/root/aerostack2_ws/build/as2_swarm_ekf/install.log'
[7.178s] Invoked command in '/root/aerostack2_ws/src/aerostack2/as2_swarm_ekf' returned '0': PYTHONPATH=/root/aerostack2_ws/build/as2_swarm_ekf/prefix_override:/usr/lib/python3/dist-packages/colcon_core/task/python/colcon_distutils_commands:/root/aerostack2_ws/install/as2_swarm_ekf/lib/python3.10/site-packages:${PYTHONPATH} /usr/bin/python3 -W ignore:setup.py install is deprecated -W ignore:easy_install command is deprecated setup.py egg_info --egg-base ../../../build/as2_swarm_ekf build --build-base /root/aerostack2_ws/build/as2_swarm_ekf/build install --record /root/aerostack2_ws/build/as2_swarm_ekf/install.log --single-version-externally-managed install_data
