[1.459s] Invoking command in '/root/aerostack2_ws/src/aerostack2/as2_perception': PS1=(venv) \[\e]0;\u@\h: \w\a\]${debian_chroot:+($debian_chroot)}\u@\h:\w\$ PYTHONPATH=/root/aerostack2_ws/build/as2_perception/prefix_override:/usr/lib/python3/dist-packages/colcon_core/task/python/colcon_distutils_commands:/root/aerostack2_ws/install/as2_perception/lib/python3.10/site-packages:${PYTHONPATH} VIRTUAL_ENV_PROMPT=(venv) /usr/bin/python3 -W ignore:setup.py install is deprecated -W ignore:easy_install command is deprecated setup.py egg_info --egg-base ../../../build/as2_perception build --build-base /root/aerostack2_ws/build/as2_perception/build install --record /root/aerostack2_ws/build/as2_perception/install.log --single-version-externally-managed install_data
[1.981s] running egg_info
[1.981s] creating ../../../build/as2_perception/as2_perception.egg-info
[1.981s] writing ../../../build/as2_perception/as2_perception.egg-info/PKG-INFO
[1.982s] writing dependency_links to ../../../build/as2_perception/as2_perception.egg-info/dependency_links.txt
[1.982s] writing entry points to ../../../build/as2_perception/as2_perception.egg-info/entry_points.txt
[1.982s] writing requirements to ../../../build/as2_perception/as2_perception.egg-info/requires.txt
[1.982s] writing top-level names to ../../../build/as2_perception/as2_perception.egg-info/top_level.txt
[1.982s] writing manifest file '../../../build/as2_perception/as2_perception.egg-info/SOURCES.txt'
[1.983s] reading manifest file '../../../build/as2_perception/as2_perception.egg-info/SOURCES.txt'
[1.988s] writing manifest file '../../../build/as2_perception/as2_perception.egg-info/SOURCES.txt'
[1.990s] running build
[1.991s] running build_py
[1.991s] creating /root/aerostack2_ws/build/as2_perception/build
[1.991s] creating /root/aerostack2_ws/build/as2_perception/build/lib
[1.991s] creating /root/aerostack2_ws/build/as2_perception/build/lib/as2_perception
[1.991s] copying as2_perception/__init__.py -> /root/aerostack2_ws/build/as2_perception/build/lib/as2_perception
[1.991s] copying as2_perception/person_detector_node.py -> /root/aerostack2_ws/build/as2_perception/build/lib/as2_perception
[1.994s] running install
[1.995s] running install_lib
[1.996s] creating /root/aerostack2_ws/install/as2_perception/lib/python3.10/site-packages/as2_perception
[1.996s] copying /root/aerostack2_ws/build/as2_perception/build/lib/as2_perception/__init__.py -> /root/aerostack2_ws/install/as2_perception/lib/python3.10/site-packages/as2_perception
[1.996s] copying /root/aerostack2_ws/build/as2_perception/build/lib/as2_perception/person_detector_node.py -> /root/aerostack2_ws/install/as2_perception/lib/python3.10/site-packages/as2_perception
[1.996s] byte-compiling /root/aerostack2_ws/install/as2_perception/lib/python3.10/site-packages/as2_perception/__init__.py to __init__.cpython-310.pyc
[1.996s] byte-compiling /root/aerostack2_ws/install/as2_perception/lib/python3.10/site-packages/as2_perception/person_detector_node.py to person_detector_node.cpython-310.pyc
[1.998s] running install_data
[1.999s] creating /root/aerostack2_ws/install/as2_perception/share/ament_index
[1.999s] creating /root/aerostack2_ws/install/as2_perception/share/ament_index/resource_index
[1.999s] creating /root/aerostack2_ws/install/as2_perception/share/ament_index/resource_index/packages
[2.000s] copying resource/as2_perception -> /root/aerostack2_ws/install/as2_perception/share/ament_index/resource_index/packages
[2.000s] copying package.xml -> /root/aerostack2_ws/install/as2_perception/share/as2_perception
[2.000s] running install_egg_info
[2.008s] Copying ../../../build/as2_perception/as2_perception.egg-info to /root/aerostack2_ws/install/as2_perception/lib/python3.10/site-packages/as2_perception-0.0.0-py3.10.egg-info
[2.009s] running install_scripts
[2.070s] Installing person_detector_node script to /root/aerostack2_ws/install/as2_perception/lib/as2_perception
[2.071s] writing list of installed files to '/root/aerostack2_ws/build/as2_perception/install.log'
[2.153s] Invoked command in '/root/aerostack2_ws/src/aerostack2/as2_perception' returned '0': PS1=(venv) \[\e]0;\u@\h: \w\a\]${debian_chroot:+($debian_chroot)}\u@\h:\w\$ PYTHONPATH=/root/aerostack2_ws/build/as2_perception/prefix_override:/usr/lib/python3/dist-packages/colcon_core/task/python/colcon_distutils_commands:/root/aerostack2_ws/install/as2_perception/lib/python3.10/site-packages:${PYTHONPATH} VIRTUAL_ENV_PROMPT=(venv) /usr/bin/python3 -W ignore:setup.py install is deprecated -W ignore:easy_install command is deprecated setup.py egg_info --egg-base ../../../build/as2_perception build --build-base /root/aerostack2_ws/build/as2_perception/build install --record /root/aerostack2_ws/build/as2_perception/install.log --single-version-externally-managed install_data
