/root/aerostack2_ws/install/rmf_demos_tasks/lib/python3.10/site-packages/rmf_demos_tasks/__init__.py
/root/aerostack2_ws/install/rmf_demos_tasks/lib/python3.10/site-packages/rmf_demos_tasks/dispatch_loop.py
/root/aerostack2_ws/install/rmf_demos_tasks/lib/python3.10/site-packages/rmf_demos_tasks/dispatch_teleop.py
/root/aerostack2_ws/install/rmf_demos_tasks/lib/python3.10/site-packages/rmf_demos_tasks/dispatch_action.py
/root/aerostack2_ws/install/rmf_demos_tasks/lib/python3.10/site-packages/rmf_demos_tasks/mock_docker.py
/root/aerostack2_ws/install/rmf_demos_tasks/lib/python3.10/site-packages/rmf_demos_tasks/request_lift.py
/root/aerostack2_ws/install/rmf_demos_tasks/lib/python3.10/site-packages/rmf_demos_tasks/dispatch_delivery.py
/root/aerostack2_ws/install/rmf_demos_tasks/lib/python3.10/site-packages/rmf_demos_tasks/dispatch_patrol.py
/root/aerostack2_ws/install/rmf_demos_tasks/lib/python3.10/site-packages/rmf_demos_tasks/dispatch_go_to_place.py
/root/aerostack2_ws/install/rmf_demos_tasks/lib/python3.10/site-packages/rmf_demos_tasks/request_loop.py
/root/aerostack2_ws/install/rmf_demos_tasks/lib/python3.10/site-packages/rmf_demos_tasks/dispatch_clean.py
/root/aerostack2_ws/install/rmf_demos_tasks/lib/python3.10/site-packages/rmf_demos_tasks/cancel_task.py
/root/aerostack2_ws/install/rmf_demos_tasks/lib/python3.10/site-packages/rmf_demos_tasks/teleop_robot.py
/root/aerostack2_ws/install/rmf_demos_tasks/lib/python3.10/site-packages/rmf_demos_tasks/__pycache__/__init__.cpython-310.pyc
/root/aerostack2_ws/install/rmf_demos_tasks/lib/python3.10/site-packages/rmf_demos_tasks/__pycache__/dispatch_loop.cpython-310.pyc
/root/aerostack2_ws/install/rmf_demos_tasks/lib/python3.10/site-packages/rmf_demos_tasks/__pycache__/dispatch_teleop.cpython-310.pyc
/root/aerostack2_ws/install/rmf_demos_tasks/lib/python3.10/site-packages/rmf_demos_tasks/__pycache__/dispatch_action.cpython-310.pyc
/root/aerostack2_ws/install/rmf_demos_tasks/lib/python3.10/site-packages/rmf_demos_tasks/__pycache__/mock_docker.cpython-310.pyc
/root/aerostack2_ws/install/rmf_demos_tasks/lib/python3.10/site-packages/rmf_demos_tasks/__pycache__/request_lift.cpython-310.pyc
/root/aerostack2_ws/install/rmf_demos_tasks/lib/python3.10/site-packages/rmf_demos_tasks/__pycache__/dispatch_delivery.cpython-310.pyc
/root/aerostack2_ws/install/rmf_demos_tasks/lib/python3.10/site-packages/rmf_demos_tasks/__pycache__/dispatch_patrol.cpython-310.pyc
/root/aerostack2_ws/install/rmf_demos_tasks/lib/python3.10/site-packages/rmf_demos_tasks/__pycache__/dispatch_go_to_place.cpython-310.pyc
/root/aerostack2_ws/install/rmf_demos_tasks/lib/python3.10/site-packages/rmf_demos_tasks/__pycache__/request_loop.cpython-310.pyc
/root/aerostack2_ws/install/rmf_demos_tasks/lib/python3.10/site-packages/rmf_demos_tasks/__pycache__/dispatch_clean.cpython-310.pyc
/root/aerostack2_ws/install/rmf_demos_tasks/lib/python3.10/site-packages/rmf_demos_tasks/__pycache__/cancel_task.cpython-310.pyc
/root/aerostack2_ws/install/rmf_demos_tasks/lib/python3.10/site-packages/rmf_demos_tasks/__pycache__/teleop_robot.cpython-310.pyc
/root/aerostack2_ws/install/rmf_demos_tasks/share/ament_index/resource_index/packages/rmf_demos_tasks
/root/aerostack2_ws/install/rmf_demos_tasks/share/rmf_demos_tasks/package.xml
/root/aerostack2_ws/install/rmf_demos_tasks/share/rmf_demos_tasks/airport_docker_config.yaml
/root/aerostack2_ws/install/rmf_demos_tasks/share/rmf_demos_tasks/hotel_cleaner_config.yaml
/root/aerostack2_ws/install/rmf_demos_tasks/lib/python3.10/site-packages/rmf_demos_tasks-2.0.4-py3.10.egg-info/entry_points.txt
/root/aerostack2_ws/install/rmf_demos_tasks/lib/python3.10/site-packages/rmf_demos_tasks-2.0.4-py3.10.egg-info/SOURCES.txt
/root/aerostack2_ws/install/rmf_demos_tasks/lib/python3.10/site-packages/rmf_demos_tasks-2.0.4-py3.10.egg-info/requires.txt
/root/aerostack2_ws/install/rmf_demos_tasks/lib/python3.10/site-packages/rmf_demos_tasks-2.0.4-py3.10.egg-info/dependency_links.txt
/root/aerostack2_ws/install/rmf_demos_tasks/lib/python3.10/site-packages/rmf_demos_tasks-2.0.4-py3.10.egg-info/PKG-INFO
/root/aerostack2_ws/install/rmf_demos_tasks/lib/python3.10/site-packages/rmf_demos_tasks-2.0.4-py3.10.egg-info/top_level.txt
/root/aerostack2_ws/install/rmf_demos_tasks/lib/python3.10/site-packages/rmf_demos_tasks-2.0.4-py3.10.egg-info/zip-safe
/root/aerostack2_ws/install/rmf_demos_tasks/lib/rmf_demos_tasks/cancel_task
/root/aerostack2_ws/install/rmf_demos_tasks/lib/rmf_demos_tasks/dispatch_action
/root/aerostack2_ws/install/rmf_demos_tasks/lib/rmf_demos_tasks/dispatch_clean
/root/aerostack2_ws/install/rmf_demos_tasks/lib/rmf_demos_tasks/dispatch_delivery
/root/aerostack2_ws/install/rmf_demos_tasks/lib/rmf_demos_tasks/dispatch_go_to_place
/root/aerostack2_ws/install/rmf_demos_tasks/lib/rmf_demos_tasks/dispatch_loop
/root/aerostack2_ws/install/rmf_demos_tasks/lib/rmf_demos_tasks/dispatch_patrol
/root/aerostack2_ws/install/rmf_demos_tasks/lib/rmf_demos_tasks/mock_docker
/root/aerostack2_ws/install/rmf_demos_tasks/lib/rmf_demos_tasks/request_lift
/root/aerostack2_ws/install/rmf_demos_tasks/lib/rmf_demos_tasks/request_loop
/root/aerostack2_ws/install/rmf_demos_tasks/lib/rmf_demos_tasks/teleop_robot
