[0.349s] Invoking command in '/root/aerostack2_ws/build/as2_gazebo_assets': CMAKE_PREFIX_PATH=/root/aerostack2_ws/install/as2_core:/root/aerostack2_ws/install/as2_msgs:/root/aerostack2_ws/install/rmf_demos_gz_classic:/root/aerostack2_ws/install/rmf_demos_gz:/root/aerostack2_ws/install/rmf_demos:/root/aerostack2_ws/install/rmf_demos_maps:/root/aerostack2_ws/install/aerostack2:/root/aerostack2_ws/install/as2_usb_camera_interface:/root/aerostack2_ws/install/as2_state_estimator:/root/aerostack2_ws/install/as2_rviz_plugins:/root/aerostack2_ws/install/as2_realsense_interface:/root/aerostack2_ws/install/as2_platform_multirotor_simulator:/root/aerostack2_ws/install/as2_platform_gazebo:/root/aerostack2_ws/install/as2_motion_controller:/root/aerostack2_ws/install/as2_behaviors_trajectory_generation:/root/aerostack2_ws/install/as2_behaviors_swarm_flocking:/root/aerostack2_ws/install/as2_behaviors_motion:/root/aerostack2_ws/install/as2_motion_reference_handlers:/root/aerostack2_ws/install/as2_map_server:/root/aerostack2_ws/install/as2_geozones:/root/aerostack2_ws/install/as2_gazebo_assets:/root/aerostack2_ws/install/as2_external_object_to_tf:/root/aerostack2_ws/install/as2_behaviors_platform:/root/aerostack2_ws/install/as2_behaviors_perception:/root/aerostack2_ws/install/as2_behaviors_path_planning:/root/aerostack2_ws/install/as2_behavior_tree:/root/aerostack2_ws/install/as2_behavior:/root/aerostack2_ws/install/as2_alphanumeric_viewer:/root/aerostack2_ws/install/as2_cli:/root/aerostack2_ws/install/as2_swarm_fusion_ci:/root/aerostack2_ws/install/rmf_demos_tasks:/root/aerostack2_ws/install/rmf_demos_panel:/root/aerostack2_ws/install/rmf_demos_fleet_adapter:/root/aerostack2_ws/install/rmf_demos_dashboard_resources:/root/aerostack2_ws/install/rmf_demos_bridges:/root/aerostack2_ws/install/rmf_demos_assets:/root/aerostack2_ws/install/as2_visualization:/root/aerostack2_ws/install/as2_swarm_perception:/root/aerostack2_ws/install/as2_keyboard_teleoperation:/root/aerostack2_ws/install/as2_python_api:/root/aerostack2_ws/install/as2_project_bringup:/root/aerostack2_ws/install/as2_perception:/root/aerostack2_ws/install/as2_groundray_perception:/opt/ros/humble LD_LIBRARY_PATH=/root/aerostack2_ws/install/as2_core/lib:/root/aerostack2_ws/install/as2_msgs/lib:/root/aerostack2_ws/install/as2_state_estimator/lib:/root/aerostack2_ws/install/as2_python_api/lib:/root/aerostack2_ws/install/as2_motion_controller/lib:/root/aerostack2_ws/install/as2_behaviors_trajectory_generation/lib:/root/aerostack2_ws/install/as2_behaviors_swarm_flocking/lib:/root/aerostack2_ws/install/as2_behaviors_motion/lib:/root/aerostack2_ws/install/as2_motion_reference_handlers/lib:/root/aerostack2_ws/install/as2_map_server/lib:/root/aerostack2_ws/install/as2_gazebo_assets/lib:/root/aerostack2_ws/install/as2_behaviors_perception/lib:/root/aerostack2_ws/install/as2_behaviors_path_planning/lib:/root/aerostack2_ws/install/as2_behavior_tree/lib:/root/aerostack2_ws/install/as2_behavior/lib:/opt/ros/humble/opt/rviz_ogre_vendor/lib:/opt/ros/humble/lib/x86_64-linux-gnu:/opt/ros/humble/lib /usr/bin/cmake --build /root/aerostack2_ws/build/as2_gazebo_assets -- -j8 -l8
[1.351s] [  4%] [32mBuilding CXX object CMakeFiles/gps_bridge.dir/src/gps_bridge/gps_bridge.cpp.o[0m
[47.353s] [  8%] [32m[1mLinking CXX executable gps_bridge[0m
[53.406s] [ 12%] Built target gps_bridge
[53.694s] [ 25%] Built target MulticopterINDIControl
[53.955s] [ 25%] Built target ament_cmake_python_copy_as2_gazebo_assets
[54.208s] [ 37%] Built target set_entity_pose_bridge
[56.599s] running egg_info
[56.610s] writing as2_gazebo_assets.egg-info/PKG-INFO
[56.610s] writing dependency_links to as2_gazebo_assets.egg-info/dependency_links.txt
[56.610s] writing top-level names to as2_gazebo_assets.egg-info/top_level.txt
[56.633s] reading manifest file 'as2_gazebo_assets.egg-info/SOURCES.txt'
[56.640s] writing manifest file 'as2_gazebo_assets.egg-info/SOURCES.txt'
[56.926s] [ 37%] Built target ament_cmake_python_build_as2_gazebo_assets_egg
[57.206s] [ 50%] Built target acro_bridge
[57.574s] [ 62%] Built target gimbal_bridge
[57.901s] [ 75%] Built target object_tf_broadcaster
[58.009s] [ 87%] Built target azimuth_bridge
[58.169s] [100%] Built target ground_truth_bridge
[58.270s] Invoked command in '/root/aerostack2_ws/build/as2_gazebo_assets' returned '0': CMAKE_PREFIX_PATH=/root/aerostack2_ws/install/as2_core:/root/aerostack2_ws/install/as2_msgs:/root/aerostack2_ws/install/rmf_demos_gz_classic:/root/aerostack2_ws/install/rmf_demos_gz:/root/aerostack2_ws/install/rmf_demos:/root/aerostack2_ws/install/rmf_demos_maps:/root/aerostack2_ws/install/aerostack2:/root/aerostack2_ws/install/as2_usb_camera_interface:/root/aerostack2_ws/install/as2_state_estimator:/root/aerostack2_ws/install/as2_rviz_plugins:/root/aerostack2_ws/install/as2_realsense_interface:/root/aerostack2_ws/install/as2_platform_multirotor_simulator:/root/aerostack2_ws/install/as2_platform_gazebo:/root/aerostack2_ws/install/as2_motion_controller:/root/aerostack2_ws/install/as2_behaviors_trajectory_generation:/root/aerostack2_ws/install/as2_behaviors_swarm_flocking:/root/aerostack2_ws/install/as2_behaviors_motion:/root/aerostack2_ws/install/as2_motion_reference_handlers:/root/aerostack2_ws/install/as2_map_server:/root/aerostack2_ws/install/as2_geozones:/root/aerostack2_ws/install/as2_gazebo_assets:/root/aerostack2_ws/install/as2_external_object_to_tf:/root/aerostack2_ws/install/as2_behaviors_platform:/root/aerostack2_ws/install/as2_behaviors_perception:/root/aerostack2_ws/install/as2_behaviors_path_planning:/root/aerostack2_ws/install/as2_behavior_tree:/root/aerostack2_ws/install/as2_behavior:/root/aerostack2_ws/install/as2_alphanumeric_viewer:/root/aerostack2_ws/install/as2_cli:/root/aerostack2_ws/install/as2_swarm_fusion_ci:/root/aerostack2_ws/install/rmf_demos_tasks:/root/aerostack2_ws/install/rmf_demos_panel:/root/aerostack2_ws/install/rmf_demos_fleet_adapter:/root/aerostack2_ws/install/rmf_demos_dashboard_resources:/root/aerostack2_ws/install/rmf_demos_bridges:/root/aerostack2_ws/install/rmf_demos_assets:/root/aerostack2_ws/install/as2_visualization:/root/aerostack2_ws/install/as2_swarm_perception:/root/aerostack2_ws/install/as2_keyboard_teleoperation:/root/aerostack2_ws/install/as2_python_api:/root/aerostack2_ws/install/as2_project_bringup:/root/aerostack2_ws/install/as2_perception:/root/aerostack2_ws/install/as2_groundray_perception:/opt/ros/humble LD_LIBRARY_PATH=/root/aerostack2_ws/install/as2_core/lib:/root/aerostack2_ws/install/as2_msgs/lib:/root/aerostack2_ws/install/as2_state_estimator/lib:/root/aerostack2_ws/install/as2_python_api/lib:/root/aerostack2_ws/install/as2_motion_controller/lib:/root/aerostack2_ws/install/as2_behaviors_trajectory_generation/lib:/root/aerostack2_ws/install/as2_behaviors_swarm_flocking/lib:/root/aerostack2_ws/install/as2_behaviors_motion/lib:/root/aerostack2_ws/install/as2_motion_reference_handlers/lib:/root/aerostack2_ws/install/as2_map_server/lib:/root/aerostack2_ws/install/as2_gazebo_assets/lib:/root/aerostack2_ws/install/as2_behaviors_perception/lib:/root/aerostack2_ws/install/as2_behaviors_path_planning/lib:/root/aerostack2_ws/install/as2_behavior_tree/lib:/root/aerostack2_ws/install/as2_behavior/lib:/opt/ros/humble/opt/rviz_ogre_vendor/lib:/opt/ros/humble/lib/x86_64-linux-gnu:/opt/ros/humble/lib /usr/bin/cmake --build /root/aerostack2_ws/build/as2_gazebo_assets -- -j8 -l8
[58.283s] Invoking command in '/root/aerostack2_ws/build/as2_gazebo_assets': CMAKE_PREFIX_PATH=/root/aerostack2_ws/install/as2_core:/root/aerostack2_ws/install/as2_msgs:/root/aerostack2_ws/install/rmf_demos_gz_classic:/root/aerostack2_ws/install/rmf_demos_gz:/root/aerostack2_ws/install/rmf_demos:/root/aerostack2_ws/install/rmf_demos_maps:/root/aerostack2_ws/install/aerostack2:/root/aerostack2_ws/install/as2_usb_camera_interface:/root/aerostack2_ws/install/as2_state_estimator:/root/aerostack2_ws/install/as2_rviz_plugins:/root/aerostack2_ws/install/as2_realsense_interface:/root/aerostack2_ws/install/as2_platform_multirotor_simulator:/root/aerostack2_ws/install/as2_platform_gazebo:/root/aerostack2_ws/install/as2_motion_controller:/root/aerostack2_ws/install/as2_behaviors_trajectory_generation:/root/aerostack2_ws/install/as2_behaviors_swarm_flocking:/root/aerostack2_ws/install/as2_behaviors_motion:/root/aerostack2_ws/install/as2_motion_reference_handlers:/root/aerostack2_ws/install/as2_map_server:/root/aerostack2_ws/install/as2_geozones:/root/aerostack2_ws/install/as2_gazebo_assets:/root/aerostack2_ws/install/as2_external_object_to_tf:/root/aerostack2_ws/install/as2_behaviors_platform:/root/aerostack2_ws/install/as2_behaviors_perception:/root/aerostack2_ws/install/as2_behaviors_path_planning:/root/aerostack2_ws/install/as2_behavior_tree:/root/aerostack2_ws/install/as2_behavior:/root/aerostack2_ws/install/as2_alphanumeric_viewer:/root/aerostack2_ws/install/as2_cli:/root/aerostack2_ws/install/as2_swarm_fusion_ci:/root/aerostack2_ws/install/rmf_demos_tasks:/root/aerostack2_ws/install/rmf_demos_panel:/root/aerostack2_ws/install/rmf_demos_fleet_adapter:/root/aerostack2_ws/install/rmf_demos_dashboard_resources:/root/aerostack2_ws/install/rmf_demos_bridges:/root/aerostack2_ws/install/rmf_demos_assets:/root/aerostack2_ws/install/as2_visualization:/root/aerostack2_ws/install/as2_swarm_perception:/root/aerostack2_ws/install/as2_keyboard_teleoperation:/root/aerostack2_ws/install/as2_python_api:/root/aerostack2_ws/install/as2_project_bringup:/root/aerostack2_ws/install/as2_perception:/root/aerostack2_ws/install/as2_groundray_perception:/opt/ros/humble LD_LIBRARY_PATH=/root/aerostack2_ws/install/as2_core/lib:/root/aerostack2_ws/install/as2_msgs/lib:/root/aerostack2_ws/install/as2_state_estimator/lib:/root/aerostack2_ws/install/as2_python_api/lib:/root/aerostack2_ws/install/as2_motion_controller/lib:/root/aerostack2_ws/install/as2_behaviors_trajectory_generation/lib:/root/aerostack2_ws/install/as2_behaviors_swarm_flocking/lib:/root/aerostack2_ws/install/as2_behaviors_motion/lib:/root/aerostack2_ws/install/as2_motion_reference_handlers/lib:/root/aerostack2_ws/install/as2_map_server/lib:/root/aerostack2_ws/install/as2_gazebo_assets/lib:/root/aerostack2_ws/install/as2_behaviors_perception/lib:/root/aerostack2_ws/install/as2_behaviors_path_planning/lib:/root/aerostack2_ws/install/as2_behavior_tree/lib:/root/aerostack2_ws/install/as2_behavior/lib:/opt/ros/humble/opt/rviz_ogre_vendor/lib:/opt/ros/humble/lib/x86_64-linux-gnu:/opt/ros/humble/lib /usr/bin/cmake --install /root/aerostack2_ws/build/as2_gazebo_assets
[58.290s] -- Install configuration: ""
[58.293s] -- Up-to-date: /root/aerostack2_ws/install/as2_gazebo_assets/share/as2_gazebo_assets/environment/resource_paths.dsv
[58.293s] -- Up-to-date: /root/aerostack2_ws/install/as2_gazebo_assets/share/as2_gazebo_assets/environment/resource_paths.sh
[58.294s] -- Up-to-date: /root/aerostack2_ws/install/as2_gazebo_assets/lib/as2_gazebo_assets/azimuth_bridge
[58.306s] -- Installing: /root/aerostack2_ws/install/as2_gazebo_assets/lib/as2_gazebo_assets/gps_bridge
[58.307s] -- Set runtime path of "/root/aerostack2_ws/install/as2_gazebo_assets/lib/as2_gazebo_assets/gps_bridge" to ""
[58.307s] -- Up-to-date: /root/aerostack2_ws/install/as2_gazebo_assets/lib/as2_gazebo_assets/ground_truth_bridge
[58.312s] -- Up-to-date: /root/aerostack2_ws/install/as2_gazebo_assets/lib/as2_gazebo_assets/object_tf_broadcaster
[58.313s] -- Up-to-date: /root/aerostack2_ws/install/as2_gazebo_assets/lib/as2_gazebo_assets/gimbal_bridge
[58.314s] -- Up-to-date: /root/aerostack2_ws/install/as2_gazebo_assets/lib/as2_gazebo_assets/acro_bridge
[58.315s] -- Up-to-date: /root/aerostack2_ws/install/as2_gazebo_assets/lib/as2_gazebo_assets/set_entity_pose_bridge
[58.325s] -- Up-to-date: /root/aerostack2_ws/install/as2_gazebo_assets/lib/libMulticopterINDIControl.so
[58.325s] -- Up-to-date: /root/aerostack2_ws/install/as2_gazebo_assets/share/as2_gazebo_assets/environment/pythonpath.sh
[58.325s] -- Up-to-date: /root/aerostack2_ws/install/as2_gazebo_assets/share/as2_gazebo_assets/environment/pythonpath.dsv
[58.325s] -- Up-to-date: /root/aerostack2_ws/install/as2_gazebo_assets/local/lib/python3.10/dist-packages/as2_gazebo_assets-1.1.3-py3.10.egg-info
[58.325s] -- Installing: /root/aerostack2_ws/install/as2_gazebo_assets/local/lib/python3.10/dist-packages/as2_gazebo_assets-1.1.3-py3.10.egg-info/SOURCES.txt
[58.326s] -- Installing: /root/aerostack2_ws/install/as2_gazebo_assets/local/lib/python3.10/dist-packages/as2_gazebo_assets-1.1.3-py3.10.egg-info/dependency_links.txt
[58.326s] -- Installing: /root/aerostack2_ws/install/as2_gazebo_assets/local/lib/python3.10/dist-packages/as2_gazebo_assets-1.1.3-py3.10.egg-info/PKG-INFO
[58.326s] -- Installing: /root/aerostack2_ws/install/as2_gazebo_assets/local/lib/python3.10/dist-packages/as2_gazebo_assets-1.1.3-py3.10.egg-info/top_level.txt
[58.326s] -- Up-to-date: /root/aerostack2_ws/install/as2_gazebo_assets/local/lib/python3.10/dist-packages/as2_gazebo_assets
[58.326s] -- Up-to-date: /root/aerostack2_ws/install/as2_gazebo_assets/local/lib/python3.10/dist-packages/as2_gazebo_assets/bridges
[58.326s] -- Up-to-date: /root/aerostack2_ws/install/as2_gazebo_assets/local/lib/python3.10/dist-packages/as2_gazebo_assets/bridges/__init__.py
[58.326s] -- Up-to-date: /root/aerostack2_ws/install/as2_gazebo_assets/local/lib/python3.10/dist-packages/as2_gazebo_assets/bridges/bridge.py
[58.326s] -- Up-to-date: /root/aerostack2_ws/install/as2_gazebo_assets/local/lib/python3.10/dist-packages/as2_gazebo_assets/bridges/custom_bridges.py
[58.326s] -- Up-to-date: /root/aerostack2_ws/install/as2_gazebo_assets/local/lib/python3.10/dist-packages/as2_gazebo_assets/bridges/bridges.py
[58.326s] -- Up-to-date: /root/aerostack2_ws/install/as2_gazebo_assets/local/lib/python3.10/dist-packages/as2_gazebo_assets/__init__.py
[58.326s] -- Up-to-date: /root/aerostack2_ws/install/as2_gazebo_assets/local/lib/python3.10/dist-packages/as2_gazebo_assets/utils
[58.330s] -- Up-to-date: /root/aerostack2_ws/install/as2_gazebo_assets/local/lib/python3.10/dist-packages/as2_gazebo_assets/utils/launch_exception.py
[58.330s] -- Up-to-date: /root/aerostack2_ws/install/as2_gazebo_assets/local/lib/python3.10/dist-packages/as2_gazebo_assets/tests
[58.330s] -- Up-to-date: /root/aerostack2_ws/install/as2_gazebo_assets/local/lib/python3.10/dist-packages/as2_gazebo_assets/tests/test_models.py
[58.330s] -- Up-to-date: /root/aerostack2_ws/install/as2_gazebo_assets/local/lib/python3.10/dist-packages/as2_gazebo_assets/models
[58.330s] -- Up-to-date: /root/aerostack2_ws/install/as2_gazebo_assets/local/lib/python3.10/dist-packages/as2_gazebo_assets/models/__init__.py
[58.330s] -- Up-to-date: /root/aerostack2_ws/install/as2_gazebo_assets/local/lib/python3.10/dist-packages/as2_gazebo_assets/models/entity.py
[58.330s] -- Up-to-date: /root/aerostack2_ws/install/as2_gazebo_assets/local/lib/python3.10/dist-packages/as2_gazebo_assets/models/object.py
[58.330s] -- Up-to-date: /root/aerostack2_ws/install/as2_gazebo_assets/local/lib/python3.10/dist-packages/as2_gazebo_assets/models/drone.py
[58.330s] -- Up-to-date: /root/aerostack2_ws/install/as2_gazebo_assets/local/lib/python3.10/dist-packages/as2_gazebo_assets/models/payload.py
[58.330s] -- Up-to-date: /root/aerostack2_ws/install/as2_gazebo_assets/local/lib/python3.10/dist-packages/as2_gazebo_assets/world.py
[58.794s] Listing '/root/aerostack2_ws/install/as2_gazebo_assets/local/lib/python3.10/dist-packages/as2_gazebo_assets'...
[58.794s] Listing '/root/aerostack2_ws/install/as2_gazebo_assets/local/lib/python3.10/dist-packages/as2_gazebo_assets/bridges'...
[58.795s] Listing '/root/aerostack2_ws/install/as2_gazebo_assets/local/lib/python3.10/dist-packages/as2_gazebo_assets/models'...
[58.795s] Listing '/root/aerostack2_ws/install/as2_gazebo_assets/local/lib/python3.10/dist-packages/as2_gazebo_assets/tests'...
[58.796s] Listing '/root/aerostack2_ws/install/as2_gazebo_assets/local/lib/python3.10/dist-packages/as2_gazebo_assets/utils'...
[58.817s] -- Up-to-date: /root/aerostack2_ws/install/as2_gazebo_assets/include
[58.817s] -- Up-to-date: /root/aerostack2_ws/install/as2_gazebo_assets/include/as2_gazebo_assets
[58.818s] -- Up-to-date: /root/aerostack2_ws/install/as2_gazebo_assets/include/as2_gazebo_assets/acro_bridge.hpp
[58.818s] -- Up-to-date: /root/aerostack2_ws/install/as2_gazebo_assets/include/as2_gazebo_assets/ground_truth_bridge.hpp
[58.818s] -- Up-to-date: /root/aerostack2_ws/install/as2_gazebo_assets/include/as2_gazebo_assets/gps_bridge.hpp
[58.818s] -- Up-to-date: /root/aerostack2_ws/install/as2_gazebo_assets/include/as2_gazebo_assets/gimbal_bridge.hpp
[58.818s] -- Up-to-date: /root/aerostack2_ws/install/as2_gazebo_assets/include/as2_gazebo_assets/azimuth_bridge.hpp
[58.818s] -- Up-to-date: /root/aerostack2_ws/install/as2_gazebo_assets/include/as2_gazebo_assets/object_tf_broadcaster.hpp
[58.818s] -- Up-to-date: /root/aerostack2_ws/install/as2_gazebo_assets/include/as2_gazebo_assets/set_entity_pose_bridge.hpp
[58.818s] -- Up-to-date: /root/aerostack2_ws/install/as2_gazebo_assets/share/as2_gazebo_assets/launch
[58.823s] -- Up-to-date: /root/aerostack2_ws/install/as2_gazebo_assets/share/as2_gazebo_assets/launch/launch_simulation.py
[58.824s] -- Up-to-date: /root/aerostack2_ws/install/as2_gazebo_assets/share/as2_gazebo_assets/launch/monitor_sim.py
[58.825s] -- Up-to-date: /root/aerostack2_ws/install/as2_gazebo_assets/share/as2_gazebo_assets/launch/world_bridges.py
[58.825s] -- Up-to-date: /root/aerostack2_ws/install/as2_gazebo_assets/share/as2_gazebo_assets/launch/object_bridges.py
[58.825s] -- Up-to-date: /root/aerostack2_ws/install/as2_gazebo_assets/share/as2_gazebo_assets/launch/drone_bridges.py
[58.825s] -- Up-to-date: /root/aerostack2_ws/install/as2_gazebo_assets/share/as2_gazebo_assets/worlds
[58.825s] -- Up-to-date: /root/aerostack2_ws/install/as2_gazebo_assets/share/as2_gazebo_assets/worlds/urban_medium.sdf.jinja
[58.825s] -- Up-to-date: /root/aerostack2_ws/install/as2_gazebo_assets/share/as2_gazebo_assets/worlds/empty.sdf.jinja
[58.825s] -- Up-to-date: /root/aerostack2_ws/install/as2_gazebo_assets/share/as2_gazebo_assets/worlds/test_gripper.sdf
[58.831s] -- Up-to-date: /root/aerostack2_ws/install/as2_gazebo_assets/share/as2_gazebo_assets/worlds/grass.sdf.jinja
[58.831s] -- Up-to-date: /root/aerostack2_ws/install/as2_gazebo_assets/share/as2_gazebo_assets/models
[58.842s] -- Up-to-date: /root/aerostack2_ws/install/as2_gazebo_assets/share/as2_gazebo_assets/models/x500
[58.848s] -- Up-to-date: /root/aerostack2_ws/install/as2_gazebo_assets/share/as2_gazebo_assets/models/x500/meshes
[58.848s] -- Up-to-date: /root/aerostack2_ws/install/as2_gazebo_assets/share/as2_gazebo_assets/models/x500/meshes/1345_prop_ccw.stl
[58.848s] -- Up-to-date: /root/aerostack2_ws/install/as2_gazebo_assets/share/as2_gazebo_assets/models/x500/meshes/NXP-HGD-CF.dae
[58.848s] -- Up-to-date: /root/aerostack2_ws/install/as2_gazebo_assets/share/as2_gazebo_assets/models/x500/meshes/1345_prop_cw.stl
[58.848s] -- Up-to-date: /root/aerostack2_ws/install/as2_gazebo_assets/share/as2_gazebo_assets/models/x500/meshes/CF.png
[58.848s] -- Up-to-date: /root/aerostack2_ws/install/as2_gazebo_assets/share/as2_gazebo_assets/models/x500/meshes/5010Base.dae
[58.848s] -- Up-to-date: /root/aerostack2_ws/install/as2_gazebo_assets/share/as2_gazebo_assets/models/x500/meshes/5010Bell.dae
[58.848s] -- Up-to-date: /root/aerostack2_ws/install/as2_gazebo_assets/share/as2_gazebo_assets/models/x500/materials
[58.848s] -- Up-to-date: /root/aerostack2_ws/install/as2_gazebo_assets/share/as2_gazebo_assets/models/x500/materials/textures
[58.851s] -- Up-to-date: /root/aerostack2_ws/install/as2_gazebo_assets/share/as2_gazebo_assets/models/x500/materials/textures/nxp.png
[58.851s] -- Up-to-date: /root/aerostack2_ws/install/as2_gazebo_assets/share/as2_gazebo_assets/models/x500/materials/textures/rd.png
[58.851s] -- Up-to-date: /root/aerostack2_ws/install/as2_gazebo_assets/share/as2_gazebo_assets/models/x500/materials/textures/CF.png
[58.851s] -- Up-to-date: /root/aerostack2_ws/install/as2_gazebo_assets/share/as2_gazebo_assets/models/x500/thumbnails
[58.852s] -- Up-to-date: /root/aerostack2_ws/install/as2_gazebo_assets/share/as2_gazebo_assets/models/x500/thumbnails/1.png
[58.852s] -- Up-to-date: /root/aerostack2_ws/install/as2_gazebo_assets/share/as2_gazebo_assets/models/x500/thumbnails/4.png
[58.852s] -- Up-to-date: /root/aerostack2_ws/install/as2_gazebo_assets/share/as2_gazebo_assets/models/x500/thumbnails/2.png
[58.852s] -- Up-to-date: /root/aerostack2_ws/install/as2_gazebo_assets/share/as2_gazebo_assets/models/x500/thumbnails/3.png
[58.852s] -- Up-to-date: /root/aerostack2_ws/install/as2_gazebo_assets/share/as2_gazebo_assets/models/x500/thumbnails/5.png
[58.852s] -- Up-to-date: /root/aerostack2_ws/install/as2_gazebo_assets/share/as2_gazebo_assets/models/x500/x500.sdf.jinja
[58.852s] -- Up-to-date: /root/aerostack2_ws/install/as2_gazebo_assets/share/as2_gazebo_assets/models/x500/x500.sdf
[58.852s] -- Up-to-date: /root/aerostack2_ws/install/as2_gazebo_assets/share/as2_gazebo_assets/models/x500/model.config
[58.852s] -- Up-to-date: /root/aerostack2_ws/install/as2_gazebo_assets/share/as2_gazebo_assets/models/gate
[58.857s] -- Up-to-date: /root/aerostack2_ws/install/as2_gazebo_assets/share/as2_gazebo_assets/models/gate/gate.sdf
[58.857s] -- Up-to-date: /root/aerostack2_ws/install/as2_gazebo_assets/share/as2_gazebo_assets/models/gate/meshes
[58.858s] -- Up-to-date: /root/aerostack2_ws/install/as2_gazebo_assets/share/as2_gazebo_assets/models/gate/meshes/gate.dae
[58.858s] -- Up-to-date: /root/aerostack2_ws/install/as2_gazebo_assets/share/as2_gazebo_assets/models/gate/meshes/gate_color.png
[58.858s] -- Up-to-date: /root/aerostack2_ws/install/as2_gazebo_assets/share/as2_gazebo_assets/models/gate/model.config
[58.858s] -- Up-to-date: /root/aerostack2_ws/install/as2_gazebo_assets/share/as2_gazebo_assets/models/hexrotor_base
[58.859s] -- Up-to-date: /root/aerostack2_ws/install/as2_gazebo_assets/share/as2_gazebo_assets/models/hexrotor_base/meshes
[58.873s] -- Up-to-date: /root/aerostack2_ws/install/as2_gazebo_assets/share/as2_gazebo_assets/models/hexrotor_base/meshes/hexrotor.jpg
[58.873s] -- Up-to-date: /root/aerostack2_ws/install/as2_gazebo_assets/share/as2_gazebo_assets/models/hexrotor_base/meshes/led_lamp.dae
[58.873s] -- Up-to-date: /root/aerostack2_ws/install/as2_gazebo_assets/share/as2_gazebo_assets/models/hexrotor_base/meshes/neo11_propeller_cw.dae
[58.873s] -- Up-to-date: /root/aerostack2_ws/install/as2_gazebo_assets/share/as2_gazebo_assets/models/hexrotor_base/meshes/led.dae
[58.873s] -- Up-to-date: /root/aerostack2_ws/install/as2_gazebo_assets/share/as2_gazebo_assets/models/hexrotor_base/meshes/hexrotor.dae
[58.873s] -- Up-to-date: /root/aerostack2_ws/install/as2_gazebo_assets/share/as2_gazebo_assets/models/hexrotor_base/meshes/neo11_propeller_ccw.dae
[58.873s] -- Up-to-date: /root/aerostack2_ws/install/as2_gazebo_assets/share/as2_gazebo_assets/models/hexrotor_base/materials
[58.873s] -- Up-to-date: /root/aerostack2_ws/install/as2_gazebo_assets/share/as2_gazebo_assets/models/hexrotor_base/materials/textures
[58.874s] -- Up-to-date: /root/aerostack2_ws/install/as2_gazebo_assets/share/as2_gazebo_assets/models/hexrotor_base/materials/textures/led.jpg
[58.874s] -- Up-to-date: /root/aerostack2_ws/install/as2_gazebo_assets/share/as2_gazebo_assets/models/hexrotor_base/hexrotor_base.sdf.jinja
[58.874s] -- Up-to-date: /root/aerostack2_ws/install/as2_gazebo_assets/share/as2_gazebo_assets/models/hexrotor_base/hexrotor_base.sdf
[58.874s] -- Up-to-date: /root/aerostack2_ws/install/as2_gazebo_assets/share/as2_gazebo_assets/models/hexrotor_base/model.config
[58.874s] -- Up-to-date: /root/aerostack2_ws/install/as2_gazebo_assets/share/as2_gazebo_assets/models/gps
[58.876s] -- Up-to-date: /root/aerostack2_ws/install/as2_gazebo_assets/share/as2_gazebo_assets/models/gps/gps.sdf
[58.876s] -- Up-to-date: /root/aerostack2_ws/install/as2_gazebo_assets/share/as2_gazebo_assets/models/gps/model.config
[58.876s] -- Up-to-date: /root/aerostack2_ws/install/as2_gazebo_assets/share/as2_gazebo_assets/models/windmill
[58.876s] -- Up-to-date: /root/aerostack2_ws/install/as2_gazebo_assets/share/as2_gazebo_assets/models/windmill/meshes
[58.877s] -- Up-to-date: /root/aerostack2_ws/install/as2_gazebo_assets/share/as2_gazebo_assets/models/windmill/meshes/Plastic010_1K_Displacement.jpg
[58.877s] -- Up-to-date: /root/aerostack2_ws/install/as2_gazebo_assets/share/as2_gazebo_assets/models/windmill/meshes/tower.dae
[58.877s] -- Up-to-date: /root/aerostack2_ws/install/as2_gazebo_assets/share/as2_gazebo_assets/models/windmill/meshes/blades.dae
[58.877s] -- Up-to-date: /root/aerostack2_ws/install/as2_gazebo_assets/share/as2_gazebo_assets/models/windmill/meshes/rotor.dae
[58.877s] -- Up-to-date: /root/aerostack2_ws/install/as2_gazebo_assets/share/as2_gazebo_assets/models/windmill/windmill.sdf
[58.877s] -- Up-to-date: /root/aerostack2_ws/install/as2_gazebo_assets/share/as2_gazebo_assets/models/windmill/model.config
[58.877s] -- Up-to-date: /root/aerostack2_ws/install/as2_gazebo_assets/share/as2_gazebo_assets/models/aruco
[58.878s] -- Up-to-date: /root/aerostack2_ws/install/as2_gazebo_assets/share/as2_gazebo_assets/models/aruco/meshes
[58.878s] -- Up-to-date: /root/aerostack2_ws/install/as2_gazebo_assets/share/as2_gazebo_assets/models/aruco/meshes/checkerboard_plane.dae
[58.878s] -- Up-to-date: /root/aerostack2_ws/install/as2_gazebo_assets/share/as2_gazebo_assets/models/aruco/materials
[58.878s] -- Up-to-date: /root/aerostack2_ws/install/as2_gazebo_assets/share/as2_gazebo_assets/models/aruco/materials/scripts
[58.879s] -- Up-to-date: /root/aerostack2_ws/install/as2_gazebo_assets/share/as2_gazebo_assets/models/aruco/materials/scripts/aruco.material
[58.879s] -- Up-to-date: /root/aerostack2_ws/install/as2_gazebo_assets/share/as2_gazebo_assets/models/aruco/materials/textures
[58.880s] -- Up-to-date: /root/aerostack2_ws/install/as2_gazebo_assets/share/as2_gazebo_assets/models/aruco/materials/textures/marker5.png
[58.880s] -- Up-to-date: /root/aerostack2_ws/install/as2_gazebo_assets/share/as2_gazebo_assets/models/aruco/materials/textures/marker2.png
[58.880s] -- Up-to-date: /root/aerostack2_ws/install/as2_gazebo_assets/share/as2_gazebo_assets/models/aruco/materials/textures/marker3.png
[58.880s] -- Up-to-date: /root/aerostack2_ws/install/as2_gazebo_assets/share/as2_gazebo_assets/models/aruco/materials/textures/marker1.png
[58.880s] -- Up-to-date: /root/aerostack2_ws/install/as2_gazebo_assets/share/as2_gazebo_assets/models/aruco/materials/textures/marker4.png
[58.880s] -- Up-to-date: /root/aerostack2_ws/install/as2_gazebo_assets/share/as2_gazebo_assets/models/aruco/aruco.sdf
[58.880s] -- Up-to-date: /root/aerostack2_ws/install/as2_gazebo_assets/share/as2_gazebo_assets/models/aruco/model.config
[58.880s] -- Up-to-date: /root/aerostack2_ws/install/as2_gazebo_assets/share/as2_gazebo_assets/models/semantic_camera
[58.881s] -- Up-to-date: /root/aerostack2_ws/install/as2_gazebo_assets/share/as2_gazebo_assets/models/semantic_camera/semantic_camera.sdf.jinja
[58.881s] -- Up-to-date: /root/aerostack2_ws/install/as2_gazebo_assets/share/as2_gazebo_assets/models/semantic_camera/semantic_camera.sdf
[58.881s] -- Up-to-date: /root/aerostack2_ws/install/as2_gazebo_assets/share/as2_gazebo_assets/models/semantic_camera/model.config
[58.881s] -- Up-to-date: /root/aerostack2_ws/install/as2_gazebo_assets/share/as2_gazebo_assets/models/f330
[58.881s] -- Up-to-date: /root/aerostack2_ws/install/as2_gazebo_assets/share/as2_gazebo_assets/models/f330/meshes
[58.882s] -- Up-to-date: /root/aerostack2_ws/install/as2_gazebo_assets/share/as2_gazebo_assets/models/f330/meshes/model.dae
[58.882s] -- Up-to-date: /root/aerostack2_ws/install/as2_gazebo_assets/share/as2_gazebo_assets/models/f330/f330.sdf.jinja
[58.882s] -- Up-to-date: /root/aerostack2_ws/install/as2_gazebo_assets/share/as2_gazebo_assets/models/f330/f330.sdf
[58.882s] -- Up-to-date: /root/aerostack2_ws/install/as2_gazebo_assets/share/as2_gazebo_assets/models/f330/model.config
[58.882s] -- Up-to-date: /root/aerostack2_ws/install/as2_gazebo_assets/share/as2_gazebo_assets/models/air_pressure
[58.883s] -- Up-to-date: /root/aerostack2_ws/install/as2_gazebo_assets/share/as2_gazebo_assets/models/air_pressure/air_pressure.sdf
[58.883s] -- Up-to-date: /root/aerostack2_ws/install/as2_gazebo_assets/share/as2_gazebo_assets/models/air_pressure/model.config
[58.883s] -- Up-to-date: /root/aerostack2_ws/install/as2_gazebo_assets/share/as2_gazebo_assets/models/hd_camera
[58.884s] -- Up-to-date: /root/aerostack2_ws/install/as2_gazebo_assets/share/as2_gazebo_assets/models/hd_camera/hd_camera.sdf.jinja
[58.884s] -- Up-to-date: /root/aerostack2_ws/install/as2_gazebo_assets/share/as2_gazebo_assets/models/hd_camera/hd_camera.sdf
[58.884s] -- Up-to-date: /root/aerostack2_ws/install/as2_gazebo_assets/share/as2_gazebo_assets/models/hd_camera/model.config
[58.889s] -- Up-to-date: /root/aerostack2_ws/install/as2_gazebo_assets/share/as2_gazebo_assets/models/vga_camera
[58.897s] -- Up-to-date: /root/aerostack2_ws/install/as2_gazebo_assets/share/as2_gazebo_assets/models/vga_camera/vga_camera.sdf.jinja
[58.897s] -- Up-to-date: /root/aerostack2_ws/install/as2_gazebo_assets/share/as2_gazebo_assets/models/vga_camera/vga_camera.sdf
[58.898s] -- Up-to-date: /root/aerostack2_ws/install/as2_gazebo_assets/share/as2_gazebo_assets/models/vga_camera/model.config
[58.898s] -- Up-to-date: /root/aerostack2_ws/install/as2_gazebo_assets/share/as2_gazebo_assets/models/ground_plane
[58.898s] -- Up-to-date: /root/aerostack2_ws/install/as2_gazebo_assets/share/as2_gazebo_assets/models/ground_plane/ground_plane.sdf
[58.898s] -- Up-to-date: /root/aerostack2_ws/install/as2_gazebo_assets/share/as2_gazebo_assets/models/ground_plane/model.config
[58.898s] -- Up-to-date: /root/aerostack2_ws/install/as2_gazebo_assets/share/as2_gazebo_assets/models/3d_lidar
[58.898s] -- Up-to-date: /root/aerostack2_ws/install/as2_gazebo_assets/share/as2_gazebo_assets/models/3d_lidar/3d_lidar.sdf
[58.898s] -- Up-to-date: /root/aerostack2_ws/install/as2_gazebo_assets/share/as2_gazebo_assets/models/3d_lidar/model.config
[58.917s] -- Up-to-date: /root/aerostack2_ws/install/as2_gazebo_assets/share/as2_gazebo_assets/models/grayscaled_camera
[58.917s] -- Up-to-date: /root/aerostack2_ws/install/as2_gazebo_assets/share/as2_gazebo_assets/models/grayscaled_camera/grayscaled_camera.sdf.jinja
[58.920s] -- Up-to-date: /root/aerostack2_ws/install/as2_gazebo_assets/share/as2_gazebo_assets/models/grayscaled_camera/grayscaled_camera.sdf
[58.926s] -- Up-to-date: /root/aerostack2_ws/install/as2_gazebo_assets/share/as2_gazebo_assets/models/grayscaled_camera/model.config
[58.927s] -- Up-to-date: /root/aerostack2_ws/install/as2_gazebo_assets/share/as2_gazebo_assets/models/point_lidar
[58.927s] -- Up-to-date: /root/aerostack2_ws/install/as2_gazebo_assets/share/as2_gazebo_assets/models/point_lidar/point_lidar.sdf
[58.927s] -- Up-to-date: /root/aerostack2_ws/install/as2_gazebo_assets/share/as2_gazebo_assets/models/point_lidar/model.config
[58.927s] -- Up-to-date: /root/aerostack2_ws/install/as2_gazebo_assets/share/as2_gazebo_assets/models/suction_gripper
[58.928s] -- Up-to-date: /root/aerostack2_ws/install/as2_gazebo_assets/share/as2_gazebo_assets/models/suction_gripper/suction_gripper.sdf
[58.928s] -- Up-to-date: /root/aerostack2_ws/install/as2_gazebo_assets/share/as2_gazebo_assets/models/suction_gripper/model.config
[58.928s] -- Up-to-date: /root/aerostack2_ws/install/as2_gazebo_assets/share/as2_gazebo_assets/models/lidar_3d
[58.933s] -- Up-to-date: /root/aerostack2_ws/install/as2_gazebo_assets/share/as2_gazebo_assets/models/lidar_3d/lidar_3d.sdf
[58.935s] -- Up-to-date: /root/aerostack2_ws/install/as2_gazebo_assets/share/as2_gazebo_assets/models/lidar_3d/model.config
[58.935s] -- Up-to-date: /root/aerostack2_ws/install/as2_gazebo_assets/share/as2_gazebo_assets/models/aruco_gate_1
[58.940s] -- Up-to-date: /root/aerostack2_ws/install/as2_gazebo_assets/share/as2_gazebo_assets/models/aruco_gate_1/meshes
[58.940s] -- Up-to-date: /root/aerostack2_ws/install/as2_gazebo_assets/share/as2_gazebo_assets/models/aruco_gate_1/meshes/hoop.stl
[58.946s] -- Up-to-date: /root/aerostack2_ws/install/as2_gazebo_assets/share/as2_gazebo_assets/models/aruco_gate_1/meshes/hoop_2.stl
[58.946s] -- Up-to-date: /root/aerostack2_ws/install/as2_gazebo_assets/share/as2_gazebo_assets/models/aruco_gate_1/meshes/base_2.stl
[58.947s] -- Up-to-date: /root/aerostack2_ws/install/as2_gazebo_assets/share/as2_gazebo_assets/models/aruco_gate_1/meshes/background.stl
[58.947s] -- Up-to-date: /root/aerostack2_ws/install/as2_gazebo_assets/share/as2_gazebo_assets/models/aruco_gate_1/meshes/base.stl
[58.947s] -- Up-to-date: /root/aerostack2_ws/install/as2_gazebo_assets/share/as2_gazebo_assets/models/aruco_gate_1/aruco_gate_1.sdf
[58.947s] -- Up-to-date: /root/aerostack2_ws/install/as2_gazebo_assets/share/as2_gazebo_assets/models/aruco_gate_1/model.config
[58.947s] -- Up-to-date: /root/aerostack2_ws/install/as2_gazebo_assets/share/as2_gazebo_assets/models/planar_lidar
[58.952s] -- Up-to-date: /root/aerostack2_ws/install/as2_gazebo_assets/share/as2_gazebo_assets/models/planar_lidar/planar_lidar.sdf
[58.952s] -- Up-to-date: /root/aerostack2_ws/install/as2_gazebo_assets/share/as2_gazebo_assets/models/planar_lidar/model.config
[58.952s] -- Up-to-date: /root/aerostack2_ws/install/as2_gazebo_assets/share/as2_gazebo_assets/models/magnetometer
[58.952s] -- Up-to-date: /root/aerostack2_ws/install/as2_gazebo_assets/share/as2_gazebo_assets/models/magnetometer/magnetometer.sdf
[58.952s] -- Up-to-date: /root/aerostack2_ws/install/as2_gazebo_assets/share/as2_gazebo_assets/models/magnetometer/model.config
[58.952s] -- Up-to-date: /root/aerostack2_ws/install/as2_gazebo_assets/share/as2_gazebo_assets/models/grass_patch
[58.952s] -- Up-to-date: /root/aerostack2_ws/install/as2_gazebo_assets/share/as2_gazebo_assets/models/grass_patch/materials
[58.953s] -- Up-to-date: /root/aerostack2_ws/install/as2_gazebo_assets/share/as2_gazebo_assets/models/grass_patch/materials/textures
[58.953s] -- Up-to-date: /root/aerostack2_ws/install/as2_gazebo_assets/share/as2_gazebo_assets/models/grass_patch/materials/textures/grass_dry.png
[58.953s] -- Up-to-date: /root/aerostack2_ws/install/as2_gazebo_assets/share/as2_gazebo_assets/models/grass_patch/thumbnails
[58.953s] -- Up-to-date: /root/aerostack2_ws/install/as2_gazebo_assets/share/as2_gazebo_assets/models/grass_patch/thumbnails/grasspatch.jpg
[58.953s] -- Up-to-date: /root/aerostack2_ws/install/as2_gazebo_assets/share/as2_gazebo_assets/models/grass_patch/model.sdf
[58.953s] -- Up-to-date: /root/aerostack2_ws/install/as2_gazebo_assets/share/as2_gazebo_assets/models/grass_patch/model.config
[58.953s] -- Up-to-date: /root/aerostack2_ws/install/as2_gazebo_assets/share/as2_gazebo_assets/models/crazyflie
[58.953s] -- Up-to-date: /root/aerostack2_ws/install/as2_gazebo_assets/share/as2_gazebo_assets/models/crazyflie/meshes
[58.970s] -- Up-to-date: /root/aerostack2_ws/install/as2_gazebo_assets/share/as2_gazebo_assets/models/crazyflie/meshes/cw_prop.dae
[58.975s] -- Up-to-date: /root/aerostack2_ws/install/as2_gazebo_assets/share/as2_gazebo_assets/models/crazyflie/meshes/cf2_assembly.dae
[58.975s] -- Up-to-date: /root/aerostack2_ws/install/as2_gazebo_assets/share/as2_gazebo_assets/models/crazyflie/meshes/ccw_prop.dae
[58.976s] -- Up-to-date: /root/aerostack2_ws/install/as2_gazebo_assets/share/as2_gazebo_assets/models/crazyflie/crazyflie.sdf.jinja
[58.976s] -- Up-to-date: /root/aerostack2_ws/install/as2_gazebo_assets/share/as2_gazebo_assets/models/crazyflie/model.config
[58.977s] -- Up-to-date: /root/aerostack2_ws/install/as2_gazebo_assets/share/as2_gazebo_assets/models/crazyflie/crazyflie.sdf
[58.977s] -- Up-to-date: /root/aerostack2_ws/install/as2_gazebo_assets/share/as2_gazebo_assets/models/px4vision
[58.978s] -- Up-to-date: /root/aerostack2_ws/install/as2_gazebo_assets/share/as2_gazebo_assets/models/px4vision/meshes
[58.978s] -- Up-to-date: /root/aerostack2_ws/install/as2_gazebo_assets/share/as2_gazebo_assets/models/px4vision/meshes/body.dae
[58.978s] -- Up-to-date: /root/aerostack2_ws/install/as2_gazebo_assets/share/as2_gazebo_assets/models/px4vision/meshes/iris_prop_ccw.dae
[58.978s] -- Up-to-date: /root/aerostack2_ws/install/as2_gazebo_assets/share/as2_gazebo_assets/models/px4vision/meshes/iris_prop_cw.dae
[58.978s] -- Up-to-date: /root/aerostack2_ws/install/as2_gazebo_assets/share/as2_gazebo_assets/models/px4vision/thumbnails
[58.978s] -- Up-to-date: /root/aerostack2_ws/install/as2_gazebo_assets/share/as2_gazebo_assets/models/px4vision/thumbnails/px4vision_diagonal.png
[58.978s] -- Up-to-date: /root/aerostack2_ws/install/as2_gazebo_assets/share/as2_gazebo_assets/models/px4vision/thumbnails/px4_vision_top.png
[58.978s] -- Up-to-date: /root/aerostack2_ws/install/as2_gazebo_assets/share/as2_gazebo_assets/models/px4vision/thumbnails/px4_vision_front.png
[58.978s] -- Up-to-date: /root/aerostack2_ws/install/as2_gazebo_assets/share/as2_gazebo_assets/models/px4vision/px4vision.sdf
[58.979s] -- Up-to-date: /root/aerostack2_ws/install/as2_gazebo_assets/share/as2_gazebo_assets/models/px4vision/model.config
[58.979s] -- Up-to-date: /root/aerostack2_ws/install/as2_gazebo_assets/share/as2_gazebo_assets/models/px4vision/px4vision.sdf.jinja
[58.979s] -- Up-to-date: /root/aerostack2_ws/install/as2_gazebo_assets/share/as2_gazebo_assets/models/gimbal
[58.979s] -- Up-to-date: /root/aerostack2_ws/install/as2_gazebo_assets/share/as2_gazebo_assets/models/gimbal/position_gimbal.sdf
[58.982s] -- Up-to-date: /root/aerostack2_ws/install/as2_gazebo_assets/share/as2_gazebo_assets/models/gimbal/position_gimbal.sdf.jinja
[58.982s] -- Up-to-date: /root/aerostack2_ws/install/as2_gazebo_assets/share/as2_gazebo_assets/models/gimbal/speed_gimbal.sdf.jinja
[58.982s] -- Up-to-date: /root/aerostack2_ws/install/as2_gazebo_assets/share/as2_gazebo_assets/models/gimbal/model.config
[58.983s] -- Up-to-date: /root/aerostack2_ws/install/as2_gazebo_assets/share/as2_gazebo_assets/models/aruco_gate_2
[58.983s] -- Up-to-date: /root/aerostack2_ws/install/as2_gazebo_assets/share/as2_gazebo_assets/models/aruco_gate_2/aruco_gate_2.sdf
[58.983s] -- Up-to-date: /root/aerostack2_ws/install/as2_gazebo_assets/share/as2_gazebo_assets/models/aruco_gate_2/model.config
[58.983s] -- Up-to-date: /root/aerostack2_ws/install/as2_gazebo_assets/share/as2_gazebo_assets/models/two_fingers_gripper
[58.983s] -- Up-to-date: /root/aerostack2_ws/install/as2_gazebo_assets/share/as2_gazebo_assets/models/two_fingers_gripper/meshes
[58.983s] -- Up-to-date: /root/aerostack2_ws/install/as2_gazebo_assets/share/as2_gazebo_assets/models/two_fingers_gripper/meshes/gripper_v0
[58.983s] -- Up-to-date: /root/aerostack2_ws/install/as2_gazebo_assets/share/as2_gazebo_assets/models/two_fingers_gripper/meshes/gripper_v0/l_finger.stl
[58.983s] -- Up-to-date: /root/aerostack2_ws/install/as2_gazebo_assets/share/as2_gazebo_assets/models/two_fingers_gripper/meshes/gripper_v0/l_finger_tip.stl
[58.983s] -- Up-to-date: /root/aerostack2_ws/install/as2_gazebo_assets/share/as2_gazebo_assets/models/two_fingers_gripper/meshes/gripper_v0/palm_H_UV_100430.dae
[58.983s] -- Up-to-date: /root/aerostack2_ws/install/as2_gazebo_assets/share/as2_gazebo_assets/models/two_fingers_gripper/meshes/gripper_v0/gripper_palm.stl
[58.983s] -- Up-to-date: /root/aerostack2_ws/install/as2_gazebo_assets/share/as2_gazebo_assets/models/two_fingers_gripper/meshes/gripper_v0/l_floating.stl
[58.983s] -- Up-to-date: /root/aerostack2_ws/install/as2_gazebo_assets/share/as2_gazebo_assets/models/two_fingers_gripper/meshes/gripper_v0/l_finger_tip.dae
[58.984s] -- Up-to-date: /root/aerostack2_ws/install/as2_gazebo_assets/share/as2_gazebo_assets/models/two_fingers_gripper/meshes/gripper_v0/float_H_UV_100430.dae
[58.984s] -- Up-to-date: /root/aerostack2_ws/install/as2_gazebo_assets/share/as2_gazebo_assets/models/two_fingers_gripper/meshes/gripper_v0/l_finger.dae
[58.984s] -- Up-to-date: /root/aerostack2_ws/install/as2_gazebo_assets/share/as2_gazebo_assets/models/two_fingers_gripper/meshes/gripper_v0/gripper_palm.dae
[58.984s] -- Up-to-date: /root/aerostack2_ws/install/as2_gazebo_assets/share/as2_gazebo_assets/models/two_fingers_gripper/meshes/gripper_v0/l_float.dae
[58.984s] -- Up-to-date: /root/aerostack2_ws/install/as2_gazebo_assets/share/as2_gazebo_assets/models/two_fingers_gripper/meshes/gripper_v0/upper_finger_l.stl
[58.984s] -- Up-to-date: /root/aerostack2_ws/install/as2_gazebo_assets/share/as2_gazebo_assets/models/two_fingers_gripper/meshes/gripper_v0/upper_finger_r.stl
[58.984s] -- Up-to-date: /root/aerostack2_ws/install/as2_gazebo_assets/share/as2_gazebo_assets/models/two_fingers_gripper/meshes/forearm_v0
[58.984s] -- Up-to-date: /root/aerostack2_ws/install/as2_gazebo_assets/share/as2_gazebo_assets/models/two_fingers_gripper/meshes/forearm_v0/wrist_roll.stl
[58.984s] -- Up-to-date: /root/aerostack2_ws/install/as2_gazebo_assets/share/as2_gazebo_assets/models/two_fingers_gripper/meshes/forearm_v0/wrist_roll_L.stl
[58.984s] -- Up-to-date: /root/aerostack2_ws/install/as2_gazebo_assets/share/as2_gazebo_assets/models/two_fingers_gripper/materials
[58.984s] -- Up-to-date: /root/aerostack2_ws/install/as2_gazebo_assets/share/as2_gazebo_assets/models/two_fingers_gripper/materials/textures
[58.984s] -- Up-to-date: /root/aerostack2_ws/install/as2_gazebo_assets/share/as2_gazebo_assets/models/two_fingers_gripper/materials/textures/l_float_normals.png
[58.984s] -- Up-to-date: /root/aerostack2_ws/install/as2_gazebo_assets/share/as2_gazebo_assets/models/two_fingers_gripper/materials/textures/upper_arm.png
[58.985s] -- Up-to-date: /root/aerostack2_ws/install/as2_gazebo_assets/share/as2_gazebo_assets/models/two_fingers_gripper/materials/textures/torso_lift_normals.png
[58.985s] -- Up-to-date: /root/aerostack2_ws/install/as2_gazebo_assets/share/as2_gazebo_assets/models/two_fingers_gripper/materials/textures/tilting_hokuyo_color.png
[58.985s] -- Up-to-date: /root/aerostack2_ws/install/as2_gazebo_assets/share/as2_gazebo_assets/models/two_fingers_gripper/materials/textures/shoulder_pan_normals.png
[58.985s] -- Up-to-date: /root/aerostack2_ws/install/as2_gazebo_assets/share/as2_gazebo_assets/models/two_fingers_gripper/materials/textures/head_tilt_color_yellow.png
[58.985s] -- Up-to-date: /root/aerostack2_ws/install/as2_gazebo_assets/share/as2_gazebo_assets/models/two_fingers_gripper/materials/textures/l_finger_color.png
[58.985s] -- Up-to-date: /root/aerostack2_ws/install/as2_gazebo_assets/share/as2_gazebo_assets/models/two_fingers_gripper/materials/textures/l_finger_tip_color.png
[58.985s] -- Up-to-date: /root/aerostack2_ws/install/as2_gazebo_assets/share/as2_gazebo_assets/models/two_fingers_gripper/materials/textures/gripper_palm_normals.png
[58.985s] -- Up-to-date: /root/aerostack2_ws/install/as2_gazebo_assets/share/as2_gazebo_assets/models/two_fingers_gripper/materials/textures/shoulder_pan_color.png
[58.985s] -- Up-to-date: /root/aerostack2_ws/install/as2_gazebo_assets/share/as2_gazebo_assets/models/two_fingers_gripper/materials/textures/wheel_normals.png
[59.020s] -- Up-to-date: /root/aerostack2_ws/install/as2_gazebo_assets/share/as2_gazebo_assets/models/two_fingers_gripper/materials/textures/head_pan_normals.png
[59.020s] -- Up-to-date: /root/aerostack2_ws/install/as2_gazebo_assets/share/as2_gazebo_assets/models/two_fingers_gripper/materials/textures/torso_lift_color.png
[59.020s] -- Up-to-date: /root/aerostack2_ws/install/as2_gazebo_assets/share/as2_gazebo_assets/models/two_fingers_gripper/materials/textures/upper_arm_roll_color.png
[59.020s] -- Up-to-date: /root/aerostack2_ws/install/as2_gazebo_assets/share/as2_gazebo_assets/models/two_fingers_gripper/materials/textures/head_tilt_green.png
[59.020s] -- Up-to-date: /root/aerostack2_ws/install/as2_gazebo_assets/share/as2_gazebo_assets/models/two_fingers_gripper/materials/textures/wheel_h_color.png
[59.020s] -- Up-to-date: /root/aerostack2_ws/install/as2_gazebo_assets/share/as2_gazebo_assets/models/two_fingers_gripper/materials/textures/base_color.png
[59.020s] -- Up-to-date: /root/aerostack2_ws/install/as2_gazebo_assets/share/as2_gazebo_assets/models/two_fingers_gripper/materials/textures/upper_arm_color.png
[59.020s] -- Up-to-date: /root/aerostack2_ws/install/as2_gazebo_assets/share/as2_gazebo_assets/models/two_fingers_gripper/materials/textures/shoulder_lift_normals.png
[59.020s] -- Up-to-date: /root/aerostack2_ws/install/as2_gazebo_assets/share/as2_gazebo_assets/models/two_fingers_gripper/materials/textures/base_normals.png
[59.020s] -- Up-to-date: /root/aerostack2_ws/install/as2_gazebo_assets/share/as2_gazebo_assets/models/two_fingers_gripper/materials/textures/gripper_palm_color.png
[59.028s] -- Up-to-date: /root/aerostack2_ws/install/as2_gazebo_assets/share/as2_gazebo_assets/models/two_fingers_gripper/materials/textures/l_finger_tip_normals.png
[59.028s] -- Up-to-date: /root/aerostack2_ws/install/as2_gazebo_assets/share/as2_gazebo_assets/models/two_fingers_gripper/materials/textures/elbow_flex_normals.png
[59.030s] -- Up-to-date: /root/aerostack2_ws/install/as2_gazebo_assets/share/as2_gazebo_assets/models/two_fingers_gripper/materials/textures/tilting_hokuyo_normals.png
[59.031s] -- Up-to-date: /root/aerostack2_ws/install/as2_gazebo_assets/share/as2_gazebo_assets/models/two_fingers_gripper/materials/textures/l_float_color.png
[59.031s] -- Up-to-date: /root/aerostack2_ws/install/as2_gazebo_assets/share/as2_gazebo_assets/models/two_fingers_gripper/materials/textures/wheel_color.png
[59.031s] -- Up-to-date: /root/aerostack2_ws/install/as2_gazebo_assets/share/as2_gazebo_assets/models/two_fingers_gripper/materials/textures/l_finger_normals.png
[59.031s] -- Up-to-date: /root/aerostack2_ws/install/as2_gazebo_assets/share/as2_gazebo_assets/models/two_fingers_gripper/materials/textures/forearm.png
[59.031s] -- Up-to-date: /root/aerostack2_ws/install/as2_gazebo_assets/share/as2_gazebo_assets/models/two_fingers_gripper/materials/textures/head_pan_color.png
[59.031s] -- Up-to-date: /root/aerostack2_ws/install/as2_gazebo_assets/share/as2_gazebo_assets/models/two_fingers_gripper/materials/textures/head_tilt_normals.png
[59.031s] -- Up-to-date: /root/aerostack2_ws/install/as2_gazebo_assets/share/as2_gazebo_assets/models/two_fingers_gripper/materials/textures/head_tilt_color_red.png
[59.031s] -- Up-to-date: /root/aerostack2_ws/install/as2_gazebo_assets/share/as2_gazebo_assets/models/two_fingers_gripper/materials/textures/forearm_color.png
[59.031s] -- Up-to-date: /root/aerostack2_ws/install/as2_gazebo_assets/share/as2_gazebo_assets/models/two_fingers_gripper/materials/textures/float_H_Color_100430.png
[59.031s] -- Up-to-date: /root/aerostack2_ws/install/as2_gazebo_assets/share/as2_gazebo_assets/models/two_fingers_gripper/materials/textures/elbow_flex_color.png
[59.031s] -- Up-to-date: /root/aerostack2_ws/install/as2_gazebo_assets/share/as2_gazebo_assets/models/two_fingers_gripper/materials/textures/finger_H_Color_100430.png
[59.031s] -- Up-to-date: /root/aerostack2_ws/install/as2_gazebo_assets/share/as2_gazebo_assets/models/two_fingers_gripper/materials/textures/fingertip_H_Color_100430.png
[59.031s] -- Up-to-date: /root/aerostack2_ws/install/as2_gazebo_assets/share/as2_gazebo_assets/models/two_fingers_gripper/materials/textures/forearm_normals.png
[59.031s] -- Up-to-date: /root/aerostack2_ws/install/as2_gazebo_assets/share/as2_gazebo_assets/models/two_fingers_gripper/materials/textures/head_tilt_color.png
[59.031s] -- Up-to-date: /root/aerostack2_ws/install/as2_gazebo_assets/share/as2_gazebo_assets/models/two_fingers_gripper/materials/textures/palm_H_Color_100430.png
[59.038s] -- Up-to-date: /root/aerostack2_ws/install/as2_gazebo_assets/share/as2_gazebo_assets/models/two_fingers_gripper/materials/textures/wrist_normals.png
[59.038s] -- Up-to-date: /root/aerostack2_ws/install/as2_gazebo_assets/share/as2_gazebo_assets/models/two_fingers_gripper/materials/textures/upper_arm_normals.png
[59.038s] -- Up-to-date: /root/aerostack2_ws/install/as2_gazebo_assets/share/as2_gazebo_assets/models/two_fingers_gripper/materials/textures/wrist_color.png
[59.038s] -- Up-to-date: /root/aerostack2_ws/install/as2_gazebo_assets/share/as2_gazebo_assets/models/two_fingers_gripper/materials/textures/shoulder_lift_color.png
[59.038s] -- Up-to-date: /root/aerostack2_ws/install/as2_gazebo_assets/share/as2_gazebo_assets/models/two_fingers_gripper/materials/textures/upper_arm_roll_normals.png
[59.038s] -- Up-to-date: /root/aerostack2_ws/install/as2_gazebo_assets/share/as2_gazebo_assets/models/two_fingers_gripper/thumbnails
[59.038s] -- Up-to-date: /root/aerostack2_ws/install/as2_gazebo_assets/share/as2_gazebo_assets/models/two_fingers_gripper/thumbnails/1.png
[59.039s] -- Up-to-date: /root/aerostack2_ws/install/as2_gazebo_assets/share/as2_gazebo_assets/models/two_fingers_gripper/thumbnails/4.png
[59.039s] -- Up-to-date: /root/aerostack2_ws/install/as2_gazebo_assets/share/as2_gazebo_assets/models/two_fingers_gripper/thumbnails/2.png
[59.039s] -- Up-to-date: /root/aerostack2_ws/install/as2_gazebo_assets/share/as2_gazebo_assets/models/two_fingers_gripper/thumbnails/3.png
[59.039s] -- Up-to-date: /root/aerostack2_ws/install/as2_gazebo_assets/share/as2_gazebo_assets/models/two_fingers_gripper/thumbnails/5.png
[59.039s] -- Up-to-date: /root/aerostack2_ws/install/as2_gazebo_assets/share/as2_gazebo_assets/models/two_fingers_gripper/two_fingers_gripper.sdf
[59.039s] -- Up-to-date: /root/aerostack2_ws/install/as2_gazebo_assets/share/as2_gazebo_assets/models/two_fingers_gripper/model.config
[59.039s] -- Up-to-date: /root/aerostack2_ws/install/as2_gazebo_assets/share/as2_gazebo_assets/models/quadrotor_base
[59.039s] -- Up-to-date: /root/aerostack2_ws/install/as2_gazebo_assets/share/as2_gazebo_assets/models/quadrotor_base/quadrotor_base.sdf.jinja
[59.039s] -- Up-to-date: /root/aerostack2_ws/install/as2_gazebo_assets/share/as2_gazebo_assets/models/quadrotor_base/meshes
[59.039s] -- Up-to-date: /root/aerostack2_ws/install/as2_gazebo_assets/share/as2_gazebo_assets/models/quadrotor_base/meshes/quadrotor.dae
[59.039s] -- Up-to-date: /root/aerostack2_ws/install/as2_gazebo_assets/share/as2_gazebo_assets/models/quadrotor_base/meshes/led_lamp.dae
[59.039s] -- Up-to-date: /root/aerostack2_ws/install/as2_gazebo_assets/share/as2_gazebo_assets/models/quadrotor_base/meshes/propeller_cw.dae
[59.039s] -- Up-to-date: /root/aerostack2_ws/install/as2_gazebo_assets/share/as2_gazebo_assets/models/quadrotor_base/meshes/quadrotor.jpg
[59.039s] -- Up-to-date: /root/aerostack2_ws/install/as2_gazebo_assets/share/as2_gazebo_assets/models/quadrotor_base/meshes/led.dae
[59.049s] -- Up-to-date: /root/aerostack2_ws/install/as2_gazebo_assets/share/as2_gazebo_assets/models/quadrotor_base/meshes/propeller_ccw.dae
[59.050s] -- Up-to-date: /root/aerostack2_ws/install/as2_gazebo_assets/share/as2_gazebo_assets/models/quadrotor_base/materials
[59.051s] -- Up-to-date: /root/aerostack2_ws/install/as2_gazebo_assets/share/as2_gazebo_assets/models/quadrotor_base/materials/textures
[59.052s] -- Up-to-date: /root/aerostack2_ws/install/as2_gazebo_assets/share/as2_gazebo_assets/models/quadrotor_base/materials/textures/led.jpg
[59.052s] -- Up-to-date: /root/aerostack2_ws/install/as2_gazebo_assets/share/as2_gazebo_assets/models/quadrotor_base/quadrotor_base.sdf
[59.053s] -- Up-to-date: /root/aerostack2_ws/install/as2_gazebo_assets/share/as2_gazebo_assets/models/quadrotor_base/model.config
[59.054s] -- Up-to-date: /root/aerostack2_ws/install/as2_gazebo_assets/share/as2_gazebo_assets/models/Bosque
[59.055s] -- Up-to-date: /root/aerostack2_ws/install/as2_gazebo_assets/share/as2_gazebo_assets/models/Bosque/rubicon.sdf
[59.063s] -- Up-to-date: /root/aerostack2_ws/install/as2_gazebo_assets/share/as2_gazebo_assets/models/Bosque/model.config
[59.064s] -- Up-to-date: /root/aerostack2_ws/install/as2_gazebo_assets/share/as2_gazebo_assets/models/rgbd_camera
[59.067s] -- Up-to-date: /root/aerostack2_ws/install/as2_gazebo_assets/share/as2_gazebo_assets/models/rgbd_camera/rgbd_camera.sdf
[59.067s] -- Up-to-date: /root/aerostack2_ws/install/as2_gazebo_assets/share/as2_gazebo_assets/models/rgbd_camera/rgbd_camera.sdf.jinja
[59.068s] -- Up-to-date: /root/aerostack2_ws/install/as2_gazebo_assets/share/as2_gazebo_assets/models/rgbd_camera/model.config
[59.068s] -- Up-to-date: /root/aerostack2_ws/install/as2_gazebo_assets/share/as2_gazebo_assets/scripts
[59.068s] -- Up-to-date: /root/aerostack2_ws/install/as2_gazebo_assets/share/as2_gazebo_assets/scripts/jinja_gen.py
[59.068s] -- Up-to-date: /root/aerostack2_ws/install/as2_gazebo_assets/share/ament_index/resource_index/package_run_dependencies/as2_gazebo_assets
[59.068s] -- Up-to-date: /root/aerostack2_ws/install/as2_gazebo_assets/share/ament_index/resource_index/parent_prefix_path/as2_gazebo_assets
[59.068s] -- Up-to-date: /root/aerostack2_ws/install/as2_gazebo_assets/share/as2_gazebo_assets/environment/ament_prefix_path.sh
[59.068s] -- Up-to-date: /root/aerostack2_ws/install/as2_gazebo_assets/share/as2_gazebo_assets/environment/ament_prefix_path.dsv
[59.068s] -- Up-to-date: /root/aerostack2_ws/install/as2_gazebo_assets/share/as2_gazebo_assets/environment/path.sh
[59.068s] -- Up-to-date: /root/aerostack2_ws/install/as2_gazebo_assets/share/as2_gazebo_assets/environment/path.dsv
[59.068s] -- Up-to-date: /root/aerostack2_ws/install/as2_gazebo_assets/share/as2_gazebo_assets/local_setup.bash
[59.068s] -- Up-to-date: /root/aerostack2_ws/install/as2_gazebo_assets/share/as2_gazebo_assets/local_setup.sh
[59.068s] -- Up-to-date: /root/aerostack2_ws/install/as2_gazebo_assets/share/as2_gazebo_assets/local_setup.zsh
[59.068s] -- Up-to-date: /root/aerostack2_ws/install/as2_gazebo_assets/share/as2_gazebo_assets/local_setup.dsv
[59.068s] -- Installing: /root/aerostack2_ws/install/as2_gazebo_assets/share/as2_gazebo_assets/package.dsv
[59.068s] -- Up-to-date: /root/aerostack2_ws/install/as2_gazebo_assets/share/ament_index/resource_index/packages/as2_gazebo_assets
[59.069s] -- Up-to-date: /root/aerostack2_ws/install/as2_gazebo_assets/share/as2_gazebo_assets/cmake/as2_gazebo_assetsConfig.cmake
[59.069s] -- Up-to-date: /root/aerostack2_ws/install/as2_gazebo_assets/share/as2_gazebo_assets/cmake/as2_gazebo_assetsConfig-version.cmake
[59.069s] -- Up-to-date: /root/aerostack2_ws/install/as2_gazebo_assets/share/as2_gazebo_assets/package.xml
[59.069s] Invoked command in '/root/aerostack2_ws/build/as2_gazebo_assets' returned '0': CMAKE_PREFIX_PATH=/root/aerostack2_ws/install/as2_core:/root/aerostack2_ws/install/as2_msgs:/root/aerostack2_ws/install/rmf_demos_gz_classic:/root/aerostack2_ws/install/rmf_demos_gz:/root/aerostack2_ws/install/rmf_demos:/root/aerostack2_ws/install/rmf_demos_maps:/root/aerostack2_ws/install/aerostack2:/root/aerostack2_ws/install/as2_usb_camera_interface:/root/aerostack2_ws/install/as2_state_estimator:/root/aerostack2_ws/install/as2_rviz_plugins:/root/aerostack2_ws/install/as2_realsense_interface:/root/aerostack2_ws/install/as2_platform_multirotor_simulator:/root/aerostack2_ws/install/as2_platform_gazebo:/root/aerostack2_ws/install/as2_motion_controller:/root/aerostack2_ws/install/as2_behaviors_trajectory_generation:/root/aerostack2_ws/install/as2_behaviors_swarm_flocking:/root/aerostack2_ws/install/as2_behaviors_motion:/root/aerostack2_ws/install/as2_motion_reference_handlers:/root/aerostack2_ws/install/as2_map_server:/root/aerostack2_ws/install/as2_geozones:/root/aerostack2_ws/install/as2_gazebo_assets:/root/aerostack2_ws/install/as2_external_object_to_tf:/root/aerostack2_ws/install/as2_behaviors_platform:/root/aerostack2_ws/install/as2_behaviors_perception:/root/aerostack2_ws/install/as2_behaviors_path_planning:/root/aerostack2_ws/install/as2_behavior_tree:/root/aerostack2_ws/install/as2_behavior:/root/aerostack2_ws/install/as2_alphanumeric_viewer:/root/aerostack2_ws/install/as2_cli:/root/aerostack2_ws/install/as2_swarm_fusion_ci:/root/aerostack2_ws/install/rmf_demos_tasks:/root/aerostack2_ws/install/rmf_demos_panel:/root/aerostack2_ws/install/rmf_demos_fleet_adapter:/root/aerostack2_ws/install/rmf_demos_dashboard_resources:/root/aerostack2_ws/install/rmf_demos_bridges:/root/aerostack2_ws/install/rmf_demos_assets:/root/aerostack2_ws/install/as2_visualization:/root/aerostack2_ws/install/as2_swarm_perception:/root/aerostack2_ws/install/as2_keyboard_teleoperation:/root/aerostack2_ws/install/as2_python_api:/root/aerostack2_ws/install/as2_project_bringup:/root/aerostack2_ws/install/as2_perception:/root/aerostack2_ws/install/as2_groundray_perception:/opt/ros/humble LD_LIBRARY_PATH=/root/aerostack2_ws/install/as2_core/lib:/root/aerostack2_ws/install/as2_msgs/lib:/root/aerostack2_ws/install/as2_state_estimator/lib:/root/aerostack2_ws/install/as2_python_api/lib:/root/aerostack2_ws/install/as2_motion_controller/lib:/root/aerostack2_ws/install/as2_behaviors_trajectory_generation/lib:/root/aerostack2_ws/install/as2_behaviors_swarm_flocking/lib:/root/aerostack2_ws/install/as2_behaviors_motion/lib:/root/aerostack2_ws/install/as2_motion_reference_handlers/lib:/root/aerostack2_ws/install/as2_map_server/lib:/root/aerostack2_ws/install/as2_gazebo_assets/lib:/root/aerostack2_ws/install/as2_behaviors_perception/lib:/root/aerostack2_ws/install/as2_behaviors_path_planning/lib:/root/aerostack2_ws/install/as2_behavior_tree/lib:/root/aerostack2_ws/install/as2_behavior/lib:/opt/ros/humble/opt/rviz_ogre_vendor/lib:/opt/ros/humble/lib/x86_64-linux-gnu:/opt/ros/humble/lib /usr/bin/cmake --install /root/aerostack2_ws/build/as2_gazebo_assets
