[0.228s] Invoking command in '/root/aerostack2_ws/build/gazebo_models': /usr/bin/cmake --build /root/aerostack2_ws/build/gazebo_models -- -j8 -l8
[0.282s] tar: Removing leading `../' from member names
[0.283s] tar: ../apollo15_landing_site_1000x1000: Cannot stat: No such file or directory
[0.286s] tar: tar: Exiting with failure status due to previous errors
[0.286s] Removing leading `../' from member names
[0.286s] tar: ../arm_part: Cannot stat: No such file or directory
[0.286s] gmake[2]: *** [CMakeFiles/apollo15_landing_site_1000x1000.dir/build.make:71: CMakeFiles/apollo15_landing_site_1000x1000] Error 2
[0.286s] tar: tar: Removing leading `../' from member names
[0.287s] tar: ../arrow_red: Cannot stat: No such file or directory
[0.287s] Removing leading `../' from member names
[0.287s] tar: ../ambulance: Cannot stat: No such file or directory
[0.287s] tar: Removing leading `../' from member names
[0.287s] tar: ../apartment: Cannot stat: No such file or directory
[0.287s] gmake[1]: *** [CMakeFiles/Makefile2:645: CMakeFiles/apollo15_landing_site_1000x1000.dir/all] Error 2
[0.287s] gmake[1]: *** Waiting for unfinished jobs....
[0.289s] tar: Exiting with failure status due to previous errors
[0.289s] gmake[2]: *** [CMakeFiles/arm_part.dir/build.make:71: CMakeFiles/arm_part] Error 2
[0.289s] tar: Exiting with failure status due to previous errors
[0.291s] gmake[1]: *** [CMakeFiles/Makefile2:671: CMakeFiles/arm_part.dir/all] Error 2
[0.291s] gmake[2]: *** [CMakeFiles/arrow_red.dir/build.make:71: CMakeFiles/arrow_red] Error 2
[0.291s] gmake[1]: *** [CMakeFiles/Makefile2:697: CMakeFiles/arrow_red.dir/all] Error 2
[0.291s] tar: Exiting with failure status due to previous errors
[0.291s] gmake[2]: *** [CMakeFiles/ambulance.dir/build.make:71: CMakeFiles/ambulance] Error 2
[0.291s] gmake[1]: *** [CMakeFiles/Makefile2:593: CMakeFiles/ambulance.dir/all] Error 2
[0.291s] tar: Exiting with failure status due to previous errors
[0.291s] gmake[2]: *** [CMakeFiles/apartment.dir/build.make:71: CMakeFiles/apartment] Error 2
[0.291s] gmake[1]: *** [CMakeFiles/Makefile2:619: CMakeFiles/apartment.dir/all] Error 2
[0.291s] tar: Removing leading `../' from member names
[0.291s] tar: ../ball_bearing: Cannot stat: No such file or directory
[0.292s] tar: Removing leading `../' from member names
[0.292s] tar: ../asus_xtion_pro_camera: Cannot stat: No such file or directory
[0.293s] tar: Removing leading `../' from member names
[0.293s] tar: ../asphalt_plane: Cannot stat: No such file or directory
[0.294s] tar: Exiting with failure status due to previous errors
[0.294s] gmake[2]: *** [CMakeFiles/ball_bearing.dir/build.make:71: CMakeFiles/ball_bearing] Error 2
[0.294s] gmake[1]: *** [CMakeFiles/Makefile2:775: CMakeFiles/ball_bearing.dir/all] Error 2
[0.295s] tar: Exiting with failure status due to previous errors
[0.295s] gmake[2]: *** [CMakeFiles/asus_xtion_pro_camera.dir/build.make:71: CMakeFiles/asus_xtion_pro_camera] Error 2
[0.295s] gmake[1]: *** [CMakeFiles/Makefile2:749: CMakeFiles/asus_xtion_pro_camera.dir/all] Error 2
[0.296s] tar: Exiting with failure status due to previous errors
[0.296s] gmake[2]: *** [CMakeFiles/asphalt_plane.dir/build.make:71: CMakeFiles/asphalt_plane] Error 2
[0.296s] gmake[1]: *** [CMakeFiles/Makefile2:723: CMakeFiles/asphalt_plane.dir/all] Error 2
[0.296s] gmake: *** [Makefile:156: all] Error 2
[0.298s] Invoked command in '/root/aerostack2_ws/build/gazebo_models' returned '2': /usr/bin/cmake --build /root/aerostack2_ws/build/gazebo_models -- -j8 -l8
