[6.756s] Invoking command in '/root/aerostack2_ws/src/aerostack2/as2_project_bringup': PYTHONPATH=/root/aerostack2_ws/build/as2_project_bringup/prefix_override:/usr/lib/python3/dist-packages/colcon_core/task/python/colcon_distutils_commands:/root/aerostack2_ws/install/as2_project_bringup/lib/python3.10/site-packages:${PYTHONPATH} /usr/bin/python3 -W ignore:setup.py install is deprecated -W ignore:easy_install command is deprecated setup.py egg_info --egg-base ../../../build/as2_project_bringup build --build-base /root/aerostack2_ws/build/as2_project_bringup/build install --record /root/aerostack2_ws/build/as2_project_bringup/install.log --single-version-externally-managed install_data
[7.107s] running egg_info
[7.110s] writing ../../../build/as2_project_bringup/as2_project_bringup.egg-info/PKG-INFO
[7.110s] writing dependency_links to ../../../build/as2_project_bringup/as2_project_bringup.egg-info/dependency_links.txt
[7.111s] writing entry points to ../../../build/as2_project_bringup/as2_project_bringup.egg-info/entry_points.txt
[7.112s] writing requirements to ../../../build/as2_project_bringup/as2_project_bringup.egg-info/requires.txt
[7.113s] writing top-level names to ../../../build/as2_project_bringup/as2_project_bringup.egg-info/top_level.txt
[7.113s] reading manifest file '../../../build/as2_project_bringup/as2_project_bringup.egg-info/SOURCES.txt'
[7.115s] writing manifest file '../../../build/as2_project_bringup/as2_project_bringup.egg-info/SOURCES.txt'
[7.116s] running build
[7.132s] running build_py
[7.136s] running install
[7.142s] running install_lib
[7.146s] running install_data
[7.148s] running install_egg_info
[7.149s] removing '/root/aerostack2_ws/install/as2_project_bringup/lib/python3.10/site-packages/as2_project_bringup-0.0.0-py3.10.egg-info' (and everything under it)
[7.150s] Copying ../../../build/as2_project_bringup/as2_project_bringup.egg-info to /root/aerostack2_ws/install/as2_project_bringup/lib/python3.10/site-packages/as2_project_bringup-0.0.0-py3.10.egg-info
[7.151s] running install_scripts
[7.160s] writing list of installed files to '/root/aerostack2_ws/build/as2_project_bringup/install.log'
[7.191s] Invoked command in '/root/aerostack2_ws/src/aerostack2/as2_project_bringup' returned '0': PYTHONPATH=/root/aerostack2_ws/build/as2_project_bringup/prefix_override:/usr/lib/python3/dist-packages/colcon_core/task/python/colcon_distutils_commands:/root/aerostack2_ws/install/as2_project_bringup/lib/python3.10/site-packages:${PYTHONPATH} /usr/bin/python3 -W ignore:setup.py install is deprecated -W ignore:easy_install command is deprecated setup.py egg_info --egg-base ../../../build/as2_project_bringup build --build-base /root/aerostack2_ws/build/as2_project_bringup/build install --record /root/aerostack2_ws/build/as2_project_bringup/install.log --single-version-externally-managed install_data
