[0.785s] Invoking command in '/root/aerostack2_ws/build/as2_msgs': CMAKE_PREFIX_PATH=${CMAKE_PREFIX_PATH}:/root/aerostack2_ws/install/as2_swarm_perception:/root/aerostack2_ws/install/as2_project_bringup:/root/aerostack2_ws/install/rmf_demos_tasks:/root/aerostack2_ws/install/rmf_demos_panel:/root/aerostack2_ws/install/rmf_demos_fleet_adapter:/root/aerostack2_ws/install/rmf_demos_dashboard_resources:/root/aerostack2_ws/install/rmf_demos_bridges:/root/aerostack2_ws/install/rmf_demos_assets:/root/aerostack2_ws/install/as2_visualization:/root/aerostack2_ws/install/as2_keyboard_teleoperation:/root/aerostack2_ws/install/as2_python_api:/root/aerostack2_ws/install/as2_perception:/opt/ros/humble /usr/bin/cmake --build /root/aerostack2_ws/build/as2_msgs -- -j8 -l8
[3.507s] [  0%] Built target as2_msgs__cpp
[3.507s] [  0%] Built target ament_cmake_python_copy_as2_msgs
[3.507s] [ 13%] Built target as2_msgs__rosidl_typesupport_introspection_cpp
[5.018s] running egg_info
[5.020s] writing as2_msgs.egg-info/PKG-INFO
[5.021s] writing dependency_links to as2_msgs.egg-info/dependency_links.txt
[5.029s] writing top-level names to as2_msgs.egg-info/top_level.txt
[5.094s] reading manifest file 'as2_msgs.egg-info/SOURCES.txt'
[5.113s] writing manifest file 'as2_msgs.egg-info/SOURCES.txt'
[5.388s] [ 13%] Built target ament_cmake_python_build_as2_msgs_egg
[6.046s] [ 25%] Built target as2_msgs__rosidl_typesupport_fastrtps_cpp
[6.272s] [ 37%] Built target as2_msgs__rosidl_typesupport_cpp
[6.543s] [ 49%] Built target as2_msgs__rosidl_generator_c
[6.972s] [ 62%] Built target as2_msgs__rosidl_typesupport_fastrtps_c
[7.391s] [ 75%] Built target as2_msgs__rosidl_typesupport_c
[7.625s] [ 88%] Built target as2_msgs__rosidl_typesupport_introspection_c
[7.808s] [ 88%] Built target as2_msgs
[7.975s] [ 88%] Built target as2_msgs__py
[8.340s] [100%] Built target as2_msgs__rosidl_generator_py
[8.665s] [100%] Built target as2_msgs__rosidl_typesupport_fastrtps_c__pyext
[8.804s] [100%] Built target as2_msgs__rosidl_typesupport_c__pyext
[9.224s] [100%] Built target as2_msgs__rosidl_typesupport_introspection_c__pyext
