[0.008s] Invoking command in '/root/aerostack2_ws/build/as2_gazebo_assets': AMENT_PREFIX_PATH=/root/aerostack2_ws/install/as2_core:/root/aerostack2_ws/install/as2_msgs:${AMENT_PREFIX_PATH} CMAKE_PREFIX_PATH=/root/aerostack2_ws/install/as2_core:/root/aerostack2_ws/install/as2_msgs:/opt/ros/humble LD_LIBRARY_PATH=/root/aerostack2_ws/install/as2_core/lib:/root/aerostack2_ws/install/as2_msgs/lib:${LD_LIBRARY_PATH} PYTHONPATH=/root/aerostack2_ws/install/as2_core/local/lib/python3.10/dist-packages:/root/aerostack2_ws/install/as2_msgs/local/lib/python3.10/dist-packages:${PYTHONPATH} /usr/bin/cmake --build /root/aerostack2_ws/build/as2_gazebo_assets -- -j8 -l8
[0.053s] [35m[1mConsolidate compiler generated dependencies of target object_tf_broadcaster[0m
[0.053s] [35m[1mConsolidate compiler generated dependencies of target gps_bridge[0m
[0.053s] [35m[1mConsolidate compiler generated dependencies of target ground_truth_bridge[0m
[0.053s] [35m[1mConsolidate compiler generated dependencies of target acro_bridge[0m
[0.053s] [35m[1mConsolidate compiler generated dependencies of target azimuth_bridge[0m
[0.053s] [35m[1mConsolidate compiler generated dependencies of target set_entity_pose_bridge[0m
[0.063s] [35m[1mConsolidate compiler generated dependencies of target gimbal_bridge[0m
[0.063s] [35m[1mConsolidate compiler generated dependencies of target MulticopterINDIControl[0m
[0.088s] [ 12%] Built target gps_bridge
[0.088s] [ 25%] Built target ground_truth_bridge
[0.090s] [ 37%] Built target azimuth_bridge
[0.095s] [ 50%] Built target object_tf_broadcaster
[0.095s] [ 62%] Built target acro_bridge
[0.097s] [ 87%] Built target set_entity_pose_bridge
[0.097s] [ 87%] Built target MulticopterINDIControl
[0.103s] [100%] Built target gimbal_bridge
[0.113s] [100%] Built target ament_cmake_python_copy_as2_gazebo_assets
[0.287s] running egg_info
[0.287s] writing as2_gazebo_assets.egg-info/PKG-INFO
[0.287s] writing dependency_links to as2_gazebo_assets.egg-info/dependency_links.txt
[0.287s] writing top-level names to as2_gazebo_assets.egg-info/top_level.txt
[0.289s] reading manifest file 'as2_gazebo_assets.egg-info/SOURCES.txt'
[0.290s] writing manifest file 'as2_gazebo_assets.egg-info/SOURCES.txt'
[0.309s] [100%] Built target ament_cmake_python_build_as2_gazebo_assets_egg
[0.317s] Invoked command in '/root/aerostack2_ws/build/as2_gazebo_assets' returned '0': AMENT_PREFIX_PATH=/root/aerostack2_ws/install/as2_core:/root/aerostack2_ws/install/as2_msgs:${AMENT_PREFIX_PATH} CMAKE_PREFIX_PATH=/root/aerostack2_ws/install/as2_core:/root/aerostack2_ws/install/as2_msgs:/opt/ros/humble LD_LIBRARY_PATH=/root/aerostack2_ws/install/as2_core/lib:/root/aerostack2_ws/install/as2_msgs/lib:${LD_LIBRARY_PATH} PYTHONPATH=/root/aerostack2_ws/install/as2_core/local/lib/python3.10/dist-packages:/root/aerostack2_ws/install/as2_msgs/local/lib/python3.10/dist-packages:${PYTHONPATH} /usr/bin/cmake --build /root/aerostack2_ws/build/as2_gazebo_assets -- -j8 -l8
[0.318s] Invoking command in '/root/aerostack2_ws/build/as2_gazebo_assets': AMENT_PREFIX_PATH=/root/aerostack2_ws/install/as2_core:/root/aerostack2_ws/install/as2_msgs:${AMENT_PREFIX_PATH} CMAKE_PREFIX_PATH=/root/aerostack2_ws/install/as2_core:/root/aerostack2_ws/install/as2_msgs:/opt/ros/humble LD_LIBRARY_PATH=/root/aerostack2_ws/install/as2_core/lib:/root/aerostack2_ws/install/as2_msgs/lib:${LD_LIBRARY_PATH} PYTHONPATH=/root/aerostack2_ws/install/as2_core/local/lib/python3.10/dist-packages:/root/aerostack2_ws/install/as2_msgs/local/lib/python3.10/dist-packages:${PYTHONPATH} /usr/bin/cmake --install /root/aerostack2_ws/build/as2_gazebo_assets
[0.324s] -- Install configuration: ""
[0.324s] -- Up-to-date: /root/aerostack2_ws/install/as2_gazebo_assets/share/as2_gazebo_assets/environment/resource_paths.dsv
[0.324s] -- Up-to-date: /root/aerostack2_ws/install/as2_gazebo_assets/share/as2_gazebo_assets/environment/resource_paths.sh
[0.324s] -- Up-to-date: /root/aerostack2_ws/install/as2_gazebo_assets/lib/as2_gazebo_assets/azimuth_bridge
[0.324s] -- Up-to-date: /root/aerostack2_ws/install/as2_gazebo_assets/lib/as2_gazebo_assets/gps_bridge
[0.324s] -- Up-to-date: /root/aerostack2_ws/install/as2_gazebo_assets/lib/as2_gazebo_assets/ground_truth_bridge
[0.324s] -- Up-to-date: /root/aerostack2_ws/install/as2_gazebo_assets/lib/as2_gazebo_assets/object_tf_broadcaster
[0.324s] -- Up-to-date: /root/aerostack2_ws/install/as2_gazebo_assets/lib/as2_gazebo_assets/gimbal_bridge
[0.324s] -- Up-to-date: /root/aerostack2_ws/install/as2_gazebo_assets/lib/as2_gazebo_assets/acro_bridge
[0.325s] -- Up-to-date: /root/aerostack2_ws/install/as2_gazebo_assets/lib/as2_gazebo_assets/set_entity_pose_bridge
[0.325s] -- Up-to-date: /root/aerostack2_ws/install/as2_gazebo_assets/lib/libMulticopterINDIControl.so
[0.325s] -- Up-to-date: /root/aerostack2_ws/install/as2_gazebo_assets/share/as2_gazebo_assets/environment/pythonpath.sh
[0.325s] -- Up-to-date: /root/aerostack2_ws/install/as2_gazebo_assets/share/as2_gazebo_assets/environment/pythonpath.dsv
[0.325s] -- Up-to-date: /root/aerostack2_ws/install/as2_gazebo_assets/local/lib/python3.10/dist-packages/as2_gazebo_assets-1.1.3-py3.10.egg-info
[0.325s] -- Installing: /root/aerostack2_ws/install/as2_gazebo_assets/local/lib/python3.10/dist-packages/as2_gazebo_assets-1.1.3-py3.10.egg-info/SOURCES.txt
[0.325s] -- Installing: /root/aerostack2_ws/install/as2_gazebo_assets/local/lib/python3.10/dist-packages/as2_gazebo_assets-1.1.3-py3.10.egg-info/dependency_links.txt
[0.326s] -- Installing: /root/aerostack2_ws/install/as2_gazebo_assets/local/lib/python3.10/dist-packages/as2_gazebo_assets-1.1.3-py3.10.egg-info/PKG-INFO
[0.326s] -- Installing: /root/aerostack2_ws/install/as2_gazebo_assets/local/lib/python3.10/dist-packages/as2_gazebo_assets-1.1.3-py3.10.egg-info/top_level.txt
[0.326s] -- Up-to-date: /root/aerostack2_ws/install/as2_gazebo_assets/local/lib/python3.10/dist-packages/as2_gazebo_assets
[0.326s] -- Up-to-date: /root/aerostack2_ws/install/as2_gazebo_assets/local/lib/python3.10/dist-packages/as2_gazebo_assets/bridges
[0.326s] -- Up-to-date: /root/aerostack2_ws/install/as2_gazebo_assets/local/lib/python3.10/dist-packages/as2_gazebo_assets/bridges/__init__.py
[0.326s] -- Up-to-date: /root/aerostack2_ws/install/as2_gazebo_assets/local/lib/python3.10/dist-packages/as2_gazebo_assets/bridges/bridge.py
[0.326s] -- Up-to-date: /root/aerostack2_ws/install/as2_gazebo_assets/local/lib/python3.10/dist-packages/as2_gazebo_assets/bridges/custom_bridges.py
[0.326s] -- Up-to-date: /root/aerostack2_ws/install/as2_gazebo_assets/local/lib/python3.10/dist-packages/as2_gazebo_assets/bridges/bridges.py
[0.326s] -- Up-to-date: /root/aerostack2_ws/install/as2_gazebo_assets/local/lib/python3.10/dist-packages/as2_gazebo_assets/__init__.py
[0.326s] -- Up-to-date: /root/aerostack2_ws/install/as2_gazebo_assets/local/lib/python3.10/dist-packages/as2_gazebo_assets/utils
[0.326s] -- Up-to-date: /root/aerostack2_ws/install/as2_gazebo_assets/local/lib/python3.10/dist-packages/as2_gazebo_assets/utils/launch_exception.py
[0.326s] -- Up-to-date: /root/aerostack2_ws/install/as2_gazebo_assets/local/lib/python3.10/dist-packages/as2_gazebo_assets/tests
[0.326s] -- Up-to-date: /root/aerostack2_ws/install/as2_gazebo_assets/local/lib/python3.10/dist-packages/as2_gazebo_assets/tests/test_models.py
[0.326s] -- Up-to-date: /root/aerostack2_ws/install/as2_gazebo_assets/local/lib/python3.10/dist-packages/as2_gazebo_assets/models
[0.326s] -- Up-to-date: /root/aerostack2_ws/install/as2_gazebo_assets/local/lib/python3.10/dist-packages/as2_gazebo_assets/models/__init__.py
[0.326s] -- Up-to-date: /root/aerostack2_ws/install/as2_gazebo_assets/local/lib/python3.10/dist-packages/as2_gazebo_assets/models/entity.py
[0.326s] -- Up-to-date: /root/aerostack2_ws/install/as2_gazebo_assets/local/lib/python3.10/dist-packages/as2_gazebo_assets/models/object.py
[0.326s] -- Up-to-date: /root/aerostack2_ws/install/as2_gazebo_assets/local/lib/python3.10/dist-packages/as2_gazebo_assets/models/drone.py
[0.326s] -- Up-to-date: /root/aerostack2_ws/install/as2_gazebo_assets/local/lib/python3.10/dist-packages/as2_gazebo_assets/models/payload.py
[0.326s] -- Up-to-date: /root/aerostack2_ws/install/as2_gazebo_assets/local/lib/python3.10/dist-packages/as2_gazebo_assets/world.py
[0.350s] Listing '/root/aerostack2_ws/install/as2_gazebo_assets/local/lib/python3.10/dist-packages/as2_gazebo_assets'...
[0.350s] Listing '/root/aerostack2_ws/install/as2_gazebo_assets/local/lib/python3.10/dist-packages/as2_gazebo_assets/bridges'...
[0.350s] Listing '/root/aerostack2_ws/install/as2_gazebo_assets/local/lib/python3.10/dist-packages/as2_gazebo_assets/models'...
[0.350s] Listing '/root/aerostack2_ws/install/as2_gazebo_assets/local/lib/python3.10/dist-packages/as2_gazebo_assets/tests'...
[0.350s] Listing '/root/aerostack2_ws/install/as2_gazebo_assets/local/lib/python3.10/dist-packages/as2_gazebo_assets/utils'...
[0.353s] -- Up-to-date: /root/aerostack2_ws/install/as2_gazebo_assets/include
[0.353s] -- Up-to-date: /root/aerostack2_ws/install/as2_gazebo_assets/include/as2_gazebo_assets
[0.353s] -- Up-to-date: /root/aerostack2_ws/install/as2_gazebo_assets/include/as2_gazebo_assets/acro_bridge.hpp
[0.353s] -- Up-to-date: /root/aerostack2_ws/install/as2_gazebo_assets/include/as2_gazebo_assets/ground_truth_bridge.hpp
[0.353s] -- Up-to-date: /root/aerostack2_ws/install/as2_gazebo_assets/include/as2_gazebo_assets/gps_bridge.hpp
[0.353s] -- Up-to-date: /root/aerostack2_ws/install/as2_gazebo_assets/include/as2_gazebo_assets/gimbal_bridge.hpp
[0.353s] -- Up-to-date: /root/aerostack2_ws/install/as2_gazebo_assets/include/as2_gazebo_assets/azimuth_bridge.hpp
[0.353s] -- Up-to-date: /root/aerostack2_ws/install/as2_gazebo_assets/include/as2_gazebo_assets/object_tf_broadcaster.hpp
[0.353s] -- Up-to-date: /root/aerostack2_ws/install/as2_gazebo_assets/include/as2_gazebo_assets/set_entity_pose_bridge.hpp
[0.353s] -- Up-to-date: /root/aerostack2_ws/install/as2_gazebo_assets/share/as2_gazebo_assets/launch
[0.353s] -- Up-to-date: /root/aerostack2_ws/install/as2_gazebo_assets/share/as2_gazebo_assets/launch/launch_simulation.py
[0.353s] -- Up-to-date: /root/aerostack2_ws/install/as2_gazebo_assets/share/as2_gazebo_assets/launch/monitor_sim.py
[0.354s] -- Up-to-date: /root/aerostack2_ws/install/as2_gazebo_assets/share/as2_gazebo_assets/launch/world_bridges.py
[0.354s] -- Up-to-date: /root/aerostack2_ws/install/as2_gazebo_assets/share/as2_gazebo_assets/launch/object_bridges.py
[0.354s] -- Up-to-date: /root/aerostack2_ws/install/as2_gazebo_assets/share/as2_gazebo_assets/launch/drone_bridges.py
[0.354s] -- Up-to-date: /root/aerostack2_ws/install/as2_gazebo_assets/share/as2_gazebo_assets/worlds
[0.354s] -- Up-to-date: /root/aerostack2_ws/install/as2_gazebo_assets/share/as2_gazebo_assets/worlds/urban_medium.sdf.jinja
[0.354s] -- Up-to-date: /root/aerostack2_ws/install/as2_gazebo_assets/share/as2_gazebo_assets/worlds/empty.sdf.jinja
[0.354s] -- Up-to-date: /root/aerostack2_ws/install/as2_gazebo_assets/share/as2_gazebo_assets/worlds/test_gripper.sdf
[0.354s] -- Up-to-date: /root/aerostack2_ws/install/as2_gazebo_assets/share/as2_gazebo_assets/worlds/grass.sdf.jinja
[0.354s] -- Up-to-date: /root/aerostack2_ws/install/as2_gazebo_assets/share/as2_gazebo_assets/models
[0.354s] -- Up-to-date: /root/aerostack2_ws/install/as2_gazebo_assets/share/as2_gazebo_assets/models/Wall_Cabinet_36x15W
[0.354s] -- Up-to-date: /root/aerostack2_ws/install/as2_gazebo_assets/share/as2_gazebo_assets/models/demo_cube
[0.354s] -- Up-to-date: /root/aerostack2_ws/install/as2_gazebo_assets/share/as2_gazebo_assets/models/cpr_agriculture
[0.354s] -- Up-to-date: /root/aerostack2_ws/install/as2_gazebo_assets/share/as2_gazebo_assets/models/big_box
[0.354s] -- Up-to-date: /root/aerostack2_ws/install/as2_gazebo_assets/share/as2_gazebo_assets/models/glass_shard_medium
[0.354s] -- Up-to-date: /root/aerostack2_ws/install/as2_gazebo_assets/share/as2_gazebo_assets/models/BoxesLargeOnPallet_2
[0.354s] -- Up-to-date: /root/aerostack2_ws/install/as2_gazebo_assets/share/as2_gazebo_assets/models/cup_paper
[0.354s] -- Up-to-date: /root/aerostack2_ws/install/as2_gazebo_assets/share/as2_gazebo_assets/models/pencil
[0.354s] -- Up-to-date: /root/aerostack2_ws/install/as2_gazebo_assets/share/as2_gazebo_assets/models/lidar
[0.354s] -- Up-to-date: /root/aerostack2_ws/install/as2_gazebo_assets/share/as2_gazebo_assets/models/laptop_pc_1
[0.354s] -- Up-to-date: /root/aerostack2_ws/install/as2_gazebo_assets/share/as2_gazebo_assets/models/aluminum_bar_1
[0.355s] -- Up-to-date: /root/aerostack2_ws/install/as2_gazebo_assets/share/as2_gazebo_assets/models/bottle_beer_broken
[0.355s] -- Up-to-date: /root/aerostack2_ws/install/as2_gazebo_assets/share/as2_gazebo_assets/models/desk_drawer
[0.355s] -- Up-to-date: /root/aerostack2_ws/install/as2_gazebo_assets/share/as2_gazebo_assets/models/Box_15x30
[0.355s] -- Up-to-date: /root/aerostack2_ws/install/as2_gazebo_assets/share/as2_gazebo_assets/models/donut_1
[0.355s] -- Up-to-date: /root/aerostack2_ws/install/as2_gazebo_assets/share/as2_gazebo_assets/models/cylinder_b
[0.355s] -- Up-to-date: /root/aerostack2_ws/install/as2_gazebo_assets/share/as2_gazebo_assets/models/Zed_dummy
[0.355s] -- Up-to-date: /root/aerostack2_ws/install/as2_gazebo_assets/share/as2_gazebo_assets/models/sofa_set_1
[0.355s] -- Up-to-date: /root/aerostack2_ws/install/as2_gazebo_assets/share/as2_gazebo_assets/models/debris_3_2
[0.355s] -- Up-to-date: /root/aerostack2_ws/install/as2_gazebo_assets/share/as2_gazebo_assets/models/textured_panel_3m9
[0.355s] -- Up-to-date: /root/aerostack2_ws/install/as2_gazebo_assets/share/as2_gazebo_assets/models/solo
[0.355s] -- Up-to-date: /root/aerostack2_ws/install/as2_gazebo_assets/share/as2_gazebo_assets/models/brick_wall_hole_4
[0.355s] -- Up-to-date: /root/aerostack2_ws/install/as2_gazebo_assets/share/as2_gazebo_assets/models/picture_frame_small_1
[0.355s] -- Up-to-date: /root/aerostack2_ws/install/as2_gazebo_assets/share/as2_gazebo_assets/models/tray
[0.355s] -- Up-to-date: /root/aerostack2_ws/install/as2_gazebo_assets/share/as2_gazebo_assets/models/human_male_1
[0.355s] -- Up-to-date: /root/aerostack2_ws/install/as2_gazebo_assets/share/as2_gazebo_assets/models/lamp_large
[0.355s] -- Up-to-date: /root/aerostack2_ws/install/as2_gazebo_assets/share/as2_gazebo_assets/models/Wall_Cabinet_Coin_24x30W
[0.355s] -- Up-to-date: /root/aerostack2_ws/install/as2_gazebo_assets/share/as2_gazebo_assets/models/big_box2
[0.355s] -- Up-to-date: /root/aerostack2_ws/install/as2_gazebo_assets/share/as2_gazebo_assets/models/bottle_wine_broken
[0.355s] -- Up-to-date: /root/aerostack2_ws/install/as2_gazebo_assets/share/as2_gazebo_assets/models/toolbox_metal_blue
[0.355s] -- Up-to-date: /root/aerostack2_ws/install/as2_gazebo_assets/share/as2_gazebo_assets/models/caddy_yellow
[0.355s] -- Up-to-date: /root/aerostack2_ws/install/as2_gazebo_assets/share/as2_gazebo_assets/models/newspaper_2
[0.355s] -- Up-to-date: /root/aerostack2_ws/install/as2_gazebo_assets/share/as2_gazebo_assets/models/pen_sky
[0.355s] -- Up-to-date: /root/aerostack2_ws/install/as2_gazebo_assets/share/as2_gazebo_assets/models/textured_panel_1_5m4
[0.356s] -- Up-to-date: /root/aerostack2_ws/install/as2_gazebo_assets/share/as2_gazebo_assets/models/human_female_3
[0.356s] -- Up-to-date: /root/aerostack2_ws/install/as2_gazebo_assets/share/as2_gazebo_assets/models/donut_frost_3
[0.356s] -- Up-to-date: /root/aerostack2_ws/install/as2_gazebo_assets/share/as2_gazebo_assets/models/plant_2_single
[0.356s] -- Up-to-date: /root/aerostack2_ws/install/as2_gazebo_assets/share/as2_gazebo_assets/models/x500
[0.356s] -- Up-to-date: /root/aerostack2_ws/install/as2_gazebo_assets/share/as2_gazebo_assets/models/x500/meshes
[0.356s] -- Up-to-date: /root/aerostack2_ws/install/as2_gazebo_assets/share/as2_gazebo_assets/models/x500/meshes/1345_prop_ccw.stl
[0.356s] -- Up-to-date: /root/aerostack2_ws/install/as2_gazebo_assets/share/as2_gazebo_assets/models/x500/meshes/NXP-HGD-CF.dae
[0.356s] -- Up-to-date: /root/aerostack2_ws/install/as2_gazebo_assets/share/as2_gazebo_assets/models/x500/meshes/1345_prop_cw.stl
[0.356s] -- Up-to-date: /root/aerostack2_ws/install/as2_gazebo_assets/share/as2_gazebo_assets/models/x500/meshes/CF.png
[0.356s] -- Up-to-date: /root/aerostack2_ws/install/as2_gazebo_assets/share/as2_gazebo_assets/models/x500/meshes/5010Base.dae
[0.356s] -- Up-to-date: /root/aerostack2_ws/install/as2_gazebo_assets/share/as2_gazebo_assets/models/x500/meshes/5010Bell.dae
[0.356s] -- Up-to-date: /root/aerostack2_ws/install/as2_gazebo_assets/share/as2_gazebo_assets/models/x500/materials
[0.356s] -- Up-to-date: /root/aerostack2_ws/install/as2_gazebo_assets/share/as2_gazebo_assets/models/x500/materials/textures
[0.356s] -- Up-to-date: /root/aerostack2_ws/install/as2_gazebo_assets/share/as2_gazebo_assets/models/x500/materials/textures/nxp.png
[0.356s] -- Up-to-date: /root/aerostack2_ws/install/as2_gazebo_assets/share/as2_gazebo_assets/models/x500/materials/textures/rd.png
[0.356s] -- Up-to-date: /root/aerostack2_ws/install/as2_gazebo_assets/share/as2_gazebo_assets/models/x500/materials/textures/CF.png
[0.356s] -- Up-to-date: /root/aerostack2_ws/install/as2_gazebo_assets/share/as2_gazebo_assets/models/x500/thumbnails
[0.356s] -- Up-to-date: /root/aerostack2_ws/install/as2_gazebo_assets/share/as2_gazebo_assets/models/x500/thumbnails/1.png
[0.357s] -- Up-to-date: /root/aerostack2_ws/install/as2_gazebo_assets/share/as2_gazebo_assets/models/x500/thumbnails/4.png
[0.357s] -- Up-to-date: /root/aerostack2_ws/install/as2_gazebo_assets/share/as2_gazebo_assets/models/x500/thumbnails/2.png
[0.357s] -- Up-to-date: /root/aerostack2_ws/install/as2_gazebo_assets/share/as2_gazebo_assets/models/x500/thumbnails/3.png
[0.357s] -- Up-to-date: /root/aerostack2_ws/install/as2_gazebo_assets/share/as2_gazebo_assets/models/x500/thumbnails/5.png
[0.357s] -- Up-to-date: /root/aerostack2_ws/install/as2_gazebo_assets/share/as2_gazebo_assets/models/x500/x500.sdf.jinja
[0.357s] -- Up-to-date: /root/aerostack2_ws/install/as2_gazebo_assets/share/as2_gazebo_assets/models/x500/x500.sdf
[0.357s] -- Up-to-date: /root/aerostack2_ws/install/as2_gazebo_assets/share/as2_gazebo_assets/models/x500/model.config
[0.357s] -- Up-to-date: /root/aerostack2_ws/install/as2_gazebo_assets/share/as2_gazebo_assets/models/donut_2
[0.357s] -- Up-to-date: /root/aerostack2_ws/install/as2_gazebo_assets/share/as2_gazebo_assets/models/can_coke
[0.357s] -- Up-to-date: /root/aerostack2_ws/install/as2_gazebo_assets/share/as2_gazebo_assets/models/gate
[0.357s] -- Up-to-date: /root/aerostack2_ws/install/as2_gazebo_assets/share/as2_gazebo_assets/models/gate/gate.sdf
[0.357s] -- Up-to-date: /root/aerostack2_ws/install/as2_gazebo_assets/share/as2_gazebo_assets/models/gate/meshes
[0.357s] -- Up-to-date: /root/aerostack2_ws/install/as2_gazebo_assets/share/as2_gazebo_assets/models/gate/meshes/gate.dae
[0.357s] -- Up-to-date: /root/aerostack2_ws/install/as2_gazebo_assets/share/as2_gazebo_assets/models/gate/meshes/gate_color.png
[0.357s] -- Up-to-date: /root/aerostack2_ws/install/as2_gazebo_assets/share/as2_gazebo_assets/models/gate/model.config
[0.357s] -- Up-to-date: /root/aerostack2_ws/install/as2_gazebo_assets/share/as2_gazebo_assets/models/sphere_y
[0.357s] -- Up-to-date: /root/aerostack2_ws/install/as2_gazebo_assets/share/as2_gazebo_assets/models/book_20
[0.357s] -- Up-to-date: /root/aerostack2_ws/install/as2_gazebo_assets/share/as2_gazebo_assets/models/candy_red
[0.357s] -- Up-to-date: /root/aerostack2_ws/install/as2_gazebo_assets/share/as2_gazebo_assets/models/clock_blue
[0.358s] -- Up-to-date: /root/aerostack2_ws/install/as2_gazebo_assets/share/as2_gazebo_assets/models/caddy_grey
[0.358s] -- Up-to-date: /root/aerostack2_ws/install/as2_gazebo_assets/share/as2_gazebo_assets/models/blue_bin_cuboid
[0.358s] -- Up-to-date: /root/aerostack2_ws/install/as2_gazebo_assets/share/as2_gazebo_assets/models/side_table_2
[0.358s] -- Up-to-date: /root/aerostack2_ws/install/as2_gazebo_assets/share/as2_gazebo_assets/models/human_female_4
[0.358s] -- Up-to-date: /root/aerostack2_ws/install/as2_gazebo_assets/share/as2_gazebo_assets/models/cube_r
[0.358s] -- Up-to-date: /root/aerostack2_ws/install/as2_gazebo_assets/share/as2_gazebo_assets/models/cylinder_or
[0.358s] -- Up-to-date: /root/aerostack2_ws/install/as2_gazebo_assets/share/as2_gazebo_assets/models/hexrotor_base
[0.358s] -- Up-to-date: /root/aerostack2_ws/install/as2_gazebo_assets/share/as2_gazebo_assets/models/hexrotor_base/meshes
[0.358s] -- Up-to-date: /root/aerostack2_ws/install/as2_gazebo_assets/share/as2_gazebo_assets/models/hexrotor_base/meshes/hexrotor.jpg
[0.358s] -- Up-to-date: /root/aerostack2_ws/install/as2_gazebo_assets/share/as2_gazebo_assets/models/hexrotor_base/meshes/led_lamp.dae
[0.358s] -- Up-to-date: /root/aerostack2_ws/install/as2_gazebo_assets/share/as2_gazebo_assets/models/hexrotor_base/meshes/neo11_propeller_cw.dae
[0.358s] -- Up-to-date: /root/aerostack2_ws/install/as2_gazebo_assets/share/as2_gazebo_assets/models/hexrotor_base/meshes/led.dae
[0.358s] -- Up-to-date: /root/aerostack2_ws/install/as2_gazebo_assets/share/as2_gazebo_assets/models/hexrotor_base/meshes/hexrotor.dae
[0.358s] -- Up-to-date: /root/aerostack2_ws/install/as2_gazebo_assets/share/as2_gazebo_assets/models/hexrotor_base/meshes/neo11_propeller_ccw.dae
[0.358s] -- Up-to-date: /root/aerostack2_ws/install/as2_gazebo_assets/share/as2_gazebo_assets/models/hexrotor_base/materials
[0.358s] -- Up-to-date: /root/aerostack2_ws/install/as2_gazebo_assets/share/as2_gazebo_assets/models/hexrotor_base/materials/textures
[0.358s] -- Up-to-date: /root/aerostack2_ws/install/as2_gazebo_assets/share/as2_gazebo_assets/models/hexrotor_base/materials/textures/led.jpg
[0.359s] -- Up-to-date: /root/aerostack2_ws/install/as2_gazebo_assets/share/as2_gazebo_assets/models/hexrotor_base/hexrotor_base.sdf.jinja
[0.359s] -- Up-to-date: /root/aerostack2_ws/install/as2_gazebo_assets/share/as2_gazebo_assets/models/hexrotor_base/hexrotor_base.sdf
[0.359s] -- Up-to-date: /root/aerostack2_ws/install/as2_gazebo_assets/share/as2_gazebo_assets/models/hexrotor_base/model.config
[0.359s] -- Up-to-date: /root/aerostack2_ws/install/as2_gazebo_assets/share/as2_gazebo_assets/models/dronerace_dynamicgate_2018
[0.359s] -- Up-to-date: /root/aerostack2_ws/install/as2_gazebo_assets/share/as2_gazebo_assets/models/can_fanta
[0.359s] -- Up-to-date: /root/aerostack2_ws/install/as2_gazebo_assets/share/as2_gazebo_assets/models/human_male_4
[0.359s] -- Up-to-date: /root/aerostack2_ws/install/as2_gazebo_assets/share/as2_gazebo_assets/models/office_chair
[0.359s] -- Up-to-date: /root/aerostack2_ws/install/as2_gazebo_assets/share/as2_gazebo_assets/models/donut_frost_1
[0.359s] -- Up-to-date: /root/aerostack2_ws/install/as2_gazebo_assets/share/as2_gazebo_assets/models/office_small
[0.359s] -- Up-to-date: /root/aerostack2_ws/install/as2_gazebo_assets/share/as2_gazebo_assets/models/picture_frame_large_3
[0.359s] -- Up-to-date: /root/aerostack2_ws/install/as2_gazebo_assets/share/as2_gazebo_assets/models/bottle_red_wine
[0.359s] -- Up-to-date: /root/aerostack2_ws/install/as2_gazebo_assets/share/as2_gazebo_assets/models/flow_cam
[0.359s] -- Up-to-date: /root/aerostack2_ws/install/as2_gazebo_assets/share/as2_gazebo_assets/models/gearbox_bottom_grey
[0.359s] -- Up-to-date: /root/aerostack2_ws/install/as2_gazebo_assets/share/as2_gazebo_assets/models/Wire_Shelf
[0.359s] -- Up-to-date: /root/aerostack2_ws/install/as2_gazebo_assets/share/as2_gazebo_assets/models/typhoon_h480
[0.359s] -- Up-to-date: /root/aerostack2_ws/install/as2_gazebo_assets/share/as2_gazebo_assets/models/gps
[0.359s] -- Up-to-date: /root/aerostack2_ws/install/as2_gazebo_assets/share/as2_gazebo_assets/models/gps/gps.sdf
[0.359s] -- Up-to-date: /root/aerostack2_ws/install/as2_gazebo_assets/share/as2_gazebo_assets/models/gps/model.config
[0.359s] -- Up-to-date: /root/aerostack2_ws/install/as2_gazebo_assets/share/as2_gazebo_assets/models/city_main_square
[0.359s] -- Up-to-date: /root/aerostack2_ws/install/as2_gazebo_assets/share/as2_gazebo_assets/models/windmill
[0.359s] -- Up-to-date: /root/aerostack2_ws/install/as2_gazebo_assets/share/as2_gazebo_assets/models/windmill/meshes
[0.360s] -- Up-to-date: /root/aerostack2_ws/install/as2_gazebo_assets/share/as2_gazebo_assets/models/windmill/meshes/Plastic010_1K_Displacement.jpg
[0.360s] -- Up-to-date: /root/aerostack2_ws/install/as2_gazebo_assets/share/as2_gazebo_assets/models/windmill/meshes/tower.dae
[0.360s] -- Up-to-date: /root/aerostack2_ws/install/as2_gazebo_assets/share/as2_gazebo_assets/models/windmill/meshes/blades.dae
[0.360s] -- Up-to-date: /root/aerostack2_ws/install/as2_gazebo_assets/share/as2_gazebo_assets/models/windmill/meshes/rotor.dae
[0.360s] -- Up-to-date: /root/aerostack2_ws/install/as2_gazebo_assets/share/as2_gazebo_assets/models/windmill/windmill.sdf
[0.360s] -- Up-to-date: /root/aerostack2_ws/install/as2_gazebo_assets/share/as2_gazebo_assets/models/windmill/model.config
[0.360s] -- Up-to-date: /root/aerostack2_ws/install/as2_gazebo_assets/share/as2_gazebo_assets/models/book_14
[0.360s] -- Up-to-date: /root/aerostack2_ws/install/as2_gazebo_assets/share/as2_gazebo_assets/models/hammer_pein
[0.360s] -- Up-to-date: /root/aerostack2_ws/install/as2_gazebo_assets/share/as2_gazebo_assets/models/brick_wall_2
[0.360s] -- Up-to-date: /root/aerostack2_ws/install/as2_gazebo_assets/share/as2_gazebo_assets/models/kitchen_chair
[0.360s] -- Up-to-date: /root/aerostack2_ws/install/as2_gazebo_assets/share/as2_gazebo_assets/models/sphere_rv
[0.360s] -- Up-to-date: /root/aerostack2_ws/install/as2_gazebo_assets/share/as2_gazebo_assets/models/6_Cube_StorageE
[0.360s] -- Up-to-date: /root/aerostack2_ws/install/as2_gazebo_assets/share/as2_gazebo_assets/models/ground_plane_residential
[0.360s] -- Up-to-date: /root/aerostack2_ws/install/as2_gazebo_assets/share/as2_gazebo_assets/models/window_broken
[0.360s] -- Up-to-date: /root/aerostack2_ws/install/as2_gazebo_assets/share/as2_gazebo_assets/models/green_bin
[0.360s] -- Up-to-date: /root/aerostack2_ws/install/as2_gazebo_assets/share/as2_gazebo_assets/models/textured_panel_1_5m2
[0.360s] -- Up-to-date: /root/aerostack2_ws/install/as2_gazebo_assets/share/as2_gazebo_assets/models/plate_1_broken
[0.360s] -- Up-to-date: /root/aerostack2_ws/install/as2_gazebo_assets/share/as2_gazebo_assets/models/book_21
[0.360s] -- Up-to-date: /root/aerostack2_ws/install/as2_gazebo_assets/share/as2_gazebo_assets/models/aruco
[0.360s] -- Up-to-date: /root/aerostack2_ws/install/as2_gazebo_assets/share/as2_gazebo_assets/models/aruco/meshes
[0.360s] -- Up-to-date: /root/aerostack2_ws/install/as2_gazebo_assets/share/as2_gazebo_assets/models/aruco/meshes/checkerboard_plane.dae
[0.361s] -- Up-to-date: /root/aerostack2_ws/install/as2_gazebo_assets/share/as2_gazebo_assets/models/aruco/materials
[0.361s] -- Up-to-date: /root/aerostack2_ws/install/as2_gazebo_assets/share/as2_gazebo_assets/models/aruco/materials/scripts
[0.361s] -- Up-to-date: /root/aerostack2_ws/install/as2_gazebo_assets/share/as2_gazebo_assets/models/aruco/materials/scripts/aruco.material
[0.361s] -- Up-to-date: /root/aerostack2_ws/install/as2_gazebo_assets/share/as2_gazebo_assets/models/aruco/materials/textures
[0.361s] -- Up-to-date: /root/aerostack2_ws/install/as2_gazebo_assets/share/as2_gazebo_assets/models/aruco/materials/textures/marker5.png
[0.361s] -- Up-to-date: /root/aerostack2_ws/install/as2_gazebo_assets/share/as2_gazebo_assets/models/aruco/materials/textures/marker2.png
[0.361s] -- Up-to-date: /root/aerostack2_ws/install/as2_gazebo_assets/share/as2_gazebo_assets/models/aruco/materials/textures/marker3.png
[0.361s] -- Up-to-date: /root/aerostack2_ws/install/as2_gazebo_assets/share/as2_gazebo_assets/models/aruco/materials/textures/marker1.png
[0.361s] -- Up-to-date: /root/aerostack2_ws/install/as2_gazebo_assets/share/as2_gazebo_assets/models/aruco/materials/textures/marker4.png
[0.361s] -- Up-to-date: /root/aerostack2_ws/install/as2_gazebo_assets/share/as2_gazebo_assets/models/aruco/aruco.sdf
[0.361s] -- Up-to-date: /root/aerostack2_ws/install/as2_gazebo_assets/share/as2_gazebo_assets/models/aruco/model.config
[0.361s] -- Up-to-date: /root/aerostack2_ws/install/as2_gazebo_assets/share/as2_gazebo_assets/models/textured_panel_3m1
[0.361s] -- Up-to-date: /root/aerostack2_ws/install/as2_gazebo_assets/share/as2_gazebo_assets/models/coffee_spill
[0.361s] -- Up-to-date: /root/aerostack2_ws/install/as2_gazebo_assets/share/as2_gazebo_assets/models/textured_panel_3m8
[0.361s] -- Up-to-date: /root/aerostack2_ws/install/as2_gazebo_assets/share/as2_gazebo_assets/models/candy_blue
[0.361s] -- Up-to-date: /root/aerostack2_ws/install/as2_gazebo_assets/share/as2_gazebo_assets/models/side_table_set_2
[0.361s] -- Up-to-date: /root/aerostack2_ws/install/as2_gazebo_assets/share/as2_gazebo_assets/models/dronerace_gate_2018
[0.361s] -- Up-to-date: /root/aerostack2_ws/install/as2_gazebo_assets/share/as2_gazebo_assets/models/Tree_1
[0.361s] -- Up-to-date: /root/aerostack2_ws/install/as2_gazebo_assets/share/as2_gazebo_assets/models/book_6
[0.361s] -- Up-to-date: /root/aerostack2_ws/install/as2_gazebo_assets/share/as2_gazebo_assets/models/coffee_box
[0.361s] -- Up-to-date: /root/aerostack2_ws/install/as2_gazebo_assets/share/as2_gazebo_assets/models/textured_panel_3m7
[0.361s] -- Up-to-date: /root/aerostack2_ws/install/as2_gazebo_assets/share/as2_gazebo_assets/models/metal_panel4
[0.361s] -- Up-to-date: /root/aerostack2_ws/install/as2_gazebo_assets/share/as2_gazebo_assets/models/table_conference_1
[0.361s] -- Up-to-date: /root/aerostack2_ws/install/as2_gazebo_assets/share/as2_gazebo_assets/models/keyboard
[0.362s] -- Up-to-date: /root/aerostack2_ws/install/as2_gazebo_assets/share/as2_gazebo_assets/models/fetchit_table_sick
[0.362s] -- Up-to-date: /root/aerostack2_ws/install/as2_gazebo_assets/share/as2_gazebo_assets/models/gearbox_bottom_blue
[0.362s] -- Up-to-date: /root/aerostack2_ws/install/as2_gazebo_assets/share/as2_gazebo_assets/models/pen_brown
[0.362s] -- Up-to-date: /root/aerostack2_ws/install/as2_gazebo_assets/share/as2_gazebo_assets/models/textured_panel_1_5m1
[0.362s] -- Up-to-date: /root/aerostack2_ws/install/as2_gazebo_assets/share/as2_gazebo_assets/models/gearbox_bolt_blue
[0.362s] -- Up-to-date: /root/aerostack2_ws/install/as2_gazebo_assets/share/as2_gazebo_assets/models/cube_vb
[0.362s] -- Up-to-date: /root/aerostack2_ws/install/as2_gazebo_assets/share/as2_gazebo_assets/models/metal_panel1
[0.362s] -- Up-to-date: /root/aerostack2_ws/install/as2_gazebo_assets/share/as2_gazebo_assets/models/tissue_box_2
[0.362s] -- Up-to-date: /root/aerostack2_ws/install/as2_gazebo_assets/share/as2_gazebo_assets/models/semantic_camera
[0.362s] -- Up-to-date: /root/aerostack2_ws/install/as2_gazebo_assets/share/as2_gazebo_assets/models/semantic_camera/semantic_camera.sdf.jinja
[0.362s] -- Up-to-date: /root/aerostack2_ws/install/as2_gazebo_assets/share/as2_gazebo_assets/models/semantic_camera/semantic_camera.sdf
[0.362s] -- Up-to-date: /root/aerostack2_ws/install/as2_gazebo_assets/share/as2_gazebo_assets/models/semantic_camera/model.config
[0.362s] -- Up-to-date: /root/aerostack2_ws/install/as2_gazebo_assets/share/as2_gazebo_assets/models/tea_box
[0.362s] -- Up-to-date: /root/aerostack2_ws/install/as2_gazebo_assets/share/as2_gazebo_assets/models/glass_shard_large
[0.362s] -- Up-to-date: /root/aerostack2_ws/install/as2_gazebo_assets/share/as2_gazebo_assets/models/sphere_g
[0.362s] -- Up-to-date: /root/aerostack2_ws/install/as2_gazebo_assets/share/as2_gazebo_assets/models/window
[0.362s] -- Up-to-date: /root/aerostack2_ws/install/as2_gazebo_assets/share/as2_gazebo_assets/models/fetchit_warehouse
[0.362s] -- Up-to-date: /root/aerostack2_ws/install/as2_gazebo_assets/share/as2_gazebo_assets/models/f330
[0.362s] -- Up-to-date: /root/aerostack2_ws/install/as2_gazebo_assets/share/as2_gazebo_assets/models/f330/meshes
[0.362s] -- Up-to-date: /root/aerostack2_ws/install/as2_gazebo_assets/share/as2_gazebo_assets/models/f330/meshes/model.dae
[0.362s] -- Up-to-date: /root/aerostack2_ws/install/as2_gazebo_assets/share/as2_gazebo_assets/models/f330/f330.sdf.jinja
[0.362s] -- Up-to-date: /root/aerostack2_ws/install/as2_gazebo_assets/share/as2_gazebo_assets/models/f330/f330.sdf
[0.362s] -- Up-to-date: /root/aerostack2_ws/install/as2_gazebo_assets/share/as2_gazebo_assets/models/f330/model.config
[0.362s] -- Up-to-date: /root/aerostack2_ws/install/as2_gazebo_assets/share/as2_gazebo_assets/models/picture_frame_large_8
[0.363s] -- Up-to-date: /root/aerostack2_ws/install/as2_gazebo_assets/share/as2_gazebo_assets/models/dronerace_gate
[0.363s] -- Up-to-date: /root/aerostack2_ws/install/as2_gazebo_assets/share/as2_gazebo_assets/models/textured_panel_3m2
[0.363s] -- Up-to-date: /root/aerostack2_ws/install/as2_gazebo_assets/share/as2_gazebo_assets/models/human_female_1
[0.363s] -- Up-to-date: /root/aerostack2_ws/install/as2_gazebo_assets/share/as2_gazebo_assets/models/air_pressure
[0.363s] -- Up-to-date: /root/aerostack2_ws/install/as2_gazebo_assets/share/as2_gazebo_assets/models/air_pressure/air_pressure.sdf
[0.363s] -- Up-to-date: /root/aerostack2_ws/install/as2_gazebo_assets/share/as2_gazebo_assets/models/air_pressure/model.config
[0.363s] -- Up-to-date: /root/aerostack2_ws/install/as2_gazebo_assets/share/as2_gazebo_assets/models/plant_1_single
[0.363s] -- Up-to-date: /root/aerostack2_ws/install/as2_gazebo_assets/share/as2_gazebo_assets/models/brick_wall_hole_3
[0.363s] -- Up-to-date: /root/aerostack2_ws/install/as2_gazebo_assets/share/as2_gazebo_assets/models/sphere_bg
[0.363s] -- Up-to-date: /root/aerostack2_ws/install/as2_gazebo_assets/share/as2_gazebo_assets/models/book_4
[0.363s] -- Up-to-date: /root/aerostack2_ws/install/as2_gazebo_assets/share/as2_gazebo_assets/models/file_cabinet_small
[0.363s] -- Up-to-date: /root/aerostack2_ws/install/as2_gazebo_assets/share/as2_gazebo_assets/models/cup_yellow
[0.363s] -- Up-to-date: /root/aerostack2_ws/install/as2_gazebo_assets/share/as2_gazebo_assets/models/table_conference_3
[0.363s] -- Up-to-date: /root/aerostack2_ws/install/as2_gazebo_assets/share/as2_gazebo_assets/models/yosemite
[0.363s] -- Up-to-date: /root/aerostack2_ws/install/as2_gazebo_assets/share/as2_gazebo_assets/models/book_orange
[0.363s] -- Up-to-date: /root/aerostack2_ws/install/as2_gazebo_assets/share/as2_gazebo_assets/models/donut_3
[0.363s] -- Up-to-date: /root/aerostack2_ws/install/as2_gazebo_assets/share/as2_gazebo_assets/models/pallet_full
[0.363s] -- Up-to-date: /root/aerostack2_ws/install/as2_gazebo_assets/share/as2_gazebo_assets/models/vase_large_2
[0.363s] -- Up-to-date: /root/aerostack2_ws/install/as2_gazebo_assets/share/as2_gazebo_assets/models/biscuit_box
[0.363s] -- Up-to-date: /root/aerostack2_ws/install/as2_gazebo_assets/share/as2_gazebo_assets/models/human_female_2
[0.363s] -- Up-to-date: /root/aerostack2_ws/install/as2_gazebo_assets/share/as2_gazebo_assets/models/sphere_vb
[0.363s] -- Up-to-date: /root/aerostack2_ws/install/as2_gazebo_assets/share/as2_gazebo_assets/models/vase_small
[0.363s] -- Up-to-date: /root/aerostack2_ws/install/as2_gazebo_assets/share/as2_gazebo_assets/models/Wall_Cabinet_24x15M
[0.364s] -- Up-to-date: /root/aerostack2_ws/install/as2_gazebo_assets/share/as2_gazebo_assets/models/coca_cola
[0.364s] -- Up-to-date: /root/aerostack2_ws/install/as2_gazebo_assets/share/as2_gazebo_assets/models/book_small_3
[0.364s] -- Up-to-date: /root/aerostack2_ws/install/as2_gazebo_assets/share/as2_gazebo_assets/models/gearbox_largegear_grey
[0.364s] -- Up-to-date: /root/aerostack2_ws/install/as2_gazebo_assets/share/as2_gazebo_assets/models/cylinder_vb
[0.364s] -- Up-to-date: /root/aerostack2_ws/install/as2_gazebo_assets/share/as2_gazebo_assets/models/labtop_mac_2
[0.364s] -- Up-to-date: /root/aerostack2_ws/install/as2_gazebo_assets/share/as2_gazebo_assets/models/caddy_purple
[0.364s] -- Up-to-date: /root/aerostack2_ws/install/as2_gazebo_assets/share/as2_gazebo_assets/models/desk_yellow
[0.364s] -- Up-to-date: /root/aerostack2_ws/install/as2_gazebo_assets/share/as2_gazebo_assets/models/tissue_box_1
[0.364s] -- Up-to-date: /root/aerostack2_ws/install/as2_gazebo_assets/share/as2_gazebo_assets/models/50mmbin
[0.364s] -- Up-to-date: /root/aerostack2_ws/install/as2_gazebo_assets/share/as2_gazebo_assets/models/pen_pink
[0.364s] -- Up-to-date: /root/aerostack2_ws/install/as2_gazebo_assets/share/as2_gazebo_assets/models/book_blue
[0.364s] -- Up-to-date: /root/aerostack2_ws/install/as2_gazebo_assets/share/as2_gazebo_assets/models/book_17
[0.364s] -- Up-to-date: /root/aerostack2_ws/install/as2_gazebo_assets/share/as2_gazebo_assets/models/cylinder_rv
[0.364s] -- Up-to-date: /root/aerostack2_ws/install/as2_gazebo_assets/share/as2_gazebo_assets/models/hd_camera
[0.364s] -- Up-to-date: /root/aerostack2_ws/install/as2_gazebo_assets/share/as2_gazebo_assets/models/hd_camera/hd_camera.sdf.jinja
[0.364s] -- Up-to-date: /root/aerostack2_ws/install/as2_gazebo_assets/share/as2_gazebo_assets/models/hd_camera/hd_camera.sdf
[0.364s] -- Up-to-date: /root/aerostack2_ws/install/as2_gazebo_assets/share/as2_gazebo_assets/models/hd_camera/model.config
[0.364s] -- Up-to-date: /root/aerostack2_ws/install/as2_gazebo_assets/share/as2_gazebo_assets/models/debris_1_2
[0.364s] -- Up-to-date: /root/aerostack2_ws/install/as2_gazebo_assets/share/as2_gazebo_assets/models/glass_shard_small
[0.364s] -- Up-to-date: /root/aerostack2_ws/install/as2_gazebo_assets/share/as2_gazebo_assets/models/plate_1
[0.364s] -- Up-to-date: /root/aerostack2_ws/install/as2_gazebo_assets/share/as2_gazebo_assets/models/mailbox_red
[0.364s] -- Up-to-date: /root/aerostack2_ws/install/as2_gazebo_assets/share/as2_gazebo_assets/models/picture_frame_large_6
[0.364s] -- Up-to-date: /root/aerostack2_ws/install/as2_gazebo_assets/share/as2_gazebo_assets/models/vga_camera
[0.364s] -- Up-to-date: /root/aerostack2_ws/install/as2_gazebo_assets/share/as2_gazebo_assets/models/vga_camera/vga_camera.sdf.jinja
[0.364s] -- Up-to-date: /root/aerostack2_ws/install/as2_gazebo_assets/share/as2_gazebo_assets/models/vga_camera/vga_camera.sdf
[0.365s] -- Up-to-date: /root/aerostack2_ws/install/as2_gazebo_assets/share/as2_gazebo_assets/models/vga_camera/model.config
[0.365s] -- Up-to-date: /root/aerostack2_ws/install/as2_gazebo_assets/share/as2_gazebo_assets/models/cube_yo
[0.365s] -- Up-to-date: /root/aerostack2_ws/install/as2_gazebo_assets/share/as2_gazebo_assets/models/donut_frost_2
[0.365s] -- Up-to-date: /root/aerostack2_ws/install/as2_gazebo_assets/share/as2_gazebo_assets/models/figurine_2
[0.365s] -- Up-to-date: /root/aerostack2_ws/install/as2_gazebo_assets/share/as2_gazebo_assets/models/gearbox_smallgear_blue
[0.365s] -- Up-to-date: /root/aerostack2_ws/install/as2_gazebo_assets/share/as2_gazebo_assets/models/brick_bar_1
[0.365s] -- Up-to-date: /root/aerostack2_ws/install/as2_gazebo_assets/share/as2_gazebo_assets/models/small_box
[0.365s] -- Up-to-date: /root/aerostack2_ws/install/as2_gazebo_assets/share/as2_gazebo_assets/models/brick_wall_3
[0.365s] -- Up-to-date: /root/aerostack2_ws/install/as2_gazebo_assets/share/as2_gazebo_assets/models/ground_plane
[0.365s] -- Up-to-date: /root/aerostack2_ws/install/as2_gazebo_assets/share/as2_gazebo_assets/models/ground_plane/ground_plane.sdf
[0.365s] -- Up-to-date: /root/aerostack2_ws/install/as2_gazebo_assets/share/as2_gazebo_assets/models/ground_plane/model.config
[0.365s] -- Up-to-date: /root/aerostack2_ws/install/as2_gazebo_assets/share/as2_gazebo_assets/models/vase_glass
[0.365s] -- Up-to-date: /root/aerostack2_ws/install/as2_gazebo_assets/share/as2_gazebo_assets/models/book_11
[0.365s] -- Up-to-date: /root/aerostack2_ws/install/as2_gazebo_assets/share/as2_gazebo_assets/models/cpr_office_construction
[0.365s] -- Up-to-date: /root/aerostack2_ws/install/as2_gazebo_assets/share/as2_gazebo_assets/models/monitor_1
[0.365s] -- Up-to-date: /root/aerostack2_ws/install/as2_gazebo_assets/share/as2_gazebo_assets/models/Workshop
[0.365s] -- Up-to-date: /root/aerostack2_ws/install/as2_gazebo_assets/share/as2_gazebo_assets/models/cube_rv
[0.365s] -- Up-to-date: /root/aerostack2_ws/install/as2_gazebo_assets/share/as2_gazebo_assets/models/shelves_high
[0.366s] -- Up-to-date: /root/aerostack2_ws/install/as2_gazebo_assets/share/as2_gazebo_assets/models/3d_lidar
[0.366s] -- Up-to-date: /root/aerostack2_ws/install/as2_gazebo_assets/share/as2_gazebo_assets/models/3d_lidar/3d_lidar.sdf
[0.366s] -- Up-to-date: /root/aerostack2_ws/install/as2_gazebo_assets/share/as2_gazebo_assets/models/3d_lidar/model.config
[0.366s] -- Up-to-date: /root/aerostack2_ws/install/as2_gazebo_assets/share/as2_gazebo_assets/models/brick_wall_lshaped_1
[0.366s] -- Up-to-date: /root/aerostack2_ws/install/as2_gazebo_assets/share/as2_gazebo_assets/models/glue_bottle
[0.366s] -- Up-to-date: /root/aerostack2_ws/install/as2_gazebo_assets/share/as2_gazebo_assets/models/cube_bg
[0.366s] -- Up-to-date: /root/aerostack2_ws/install/as2_gazebo_assets/share/as2_gazebo_assets/models/door_3d
[0.366s] -- Up-to-date: /root/aerostack2_ws/install/as2_gazebo_assets/share/as2_gazebo_assets/models/file_2
[0.366s] -- Up-to-date: /root/aerostack2_ws/install/as2_gazebo_assets/share/as2_gazebo_assets/models/office_env_w_complete
[0.366s] -- Up-to-date: /root/aerostack2_ws/install/as2_gazebo_assets/share/as2_gazebo_assets/models/ocean
[0.366s] -- Up-to-date: /root/aerostack2_ws/install/as2_gazebo_assets/share/as2_gazebo_assets/models/textured_panel_1_5m3
[0.367s] -- Up-to-date: /root/aerostack2_ws/install/as2_gazebo_assets/share/as2_gazebo_assets/models/chair_set_2
[0.367s] -- Up-to-date: /root/aerostack2_ws/install/as2_gazebo_assets/share/as2_gazebo_assets/models/monitor_4
[0.367s] -- Up-to-date: /root/aerostack2_ws/install/as2_gazebo_assets/share/as2_gazebo_assets/models/gearbox_top_grey
[0.367s] -- Up-to-date: /root/aerostack2_ws/install/as2_gazebo_assets/share/as2_gazebo_assets/models/book_open
[0.367s] -- Up-to-date: /root/aerostack2_ws/install/as2_gazebo_assets/share/as2_gazebo_assets/models/brick_wall_hole_5
[0.367s] -- Up-to-date: /root/aerostack2_ws/install/as2_gazebo_assets/share/as2_gazebo_assets/models/book_8
[0.367s] -- Up-to-date: /root/aerostack2_ws/install/as2_gazebo_assets/share/as2_gazebo_assets/models/sphere_b
[0.367s] -- Up-to-date: /root/aerostack2_ws/install/as2_gazebo_assets/share/as2_gazebo_assets/models/drawer_white
[0.367s] -- Up-to-date: /root/aerostack2_ws/install/as2_gazebo_assets/share/as2_gazebo_assets/models/gearbox_largegear_blue
[0.367s] -- Up-to-date: /root/aerostack2_ws/install/as2_gazebo_assets/share/as2_gazebo_assets/models/cube_b
[0.367s] -- Up-to-date: /root/aerostack2_ws/install/as2_gazebo_assets/share/as2_gazebo_assets/models/fetchit_table_fetch
[0.367s] -- Up-to-date: /root/aerostack2_ws/install/as2_gazebo_assets/share/as2_gazebo_assets/models/pen_red
[0.367s] -- Up-to-date: /root/aerostack2_ws/install/as2_gazebo_assets/share/as2_gazebo_assets/models/brick_cube_1
[0.367s] -- Up-to-date: /root/aerostack2_ws/install/as2_gazebo_assets/share/as2_gazebo_assets/models/book_2
[0.367s] -- Up-to-date: /root/aerostack2_ws/install/as2_gazebo_assets/share/as2_gazebo_assets/models/coffee_machine
[0.367s] -- Up-to-date: /root/aerostack2_ws/install/as2_gazebo_assets/share/as2_gazebo_assets/models/monitor_2
[0.368s] -- Up-to-date: /root/aerostack2_ws/install/as2_gazebo_assets/share/as2_gazebo_assets/models/book_19
[0.368s] -- Up-to-date: /root/aerostack2_ws/install/as2_gazebo_assets/share/as2_gazebo_assets/models/book_grey
[0.368s] -- Up-to-date: /root/aerostack2_ws/install/as2_gazebo_assets/share/as2_gazebo_assets/models/cup_green
[0.368s] -- Up-to-date: /root/aerostack2_ws/install/as2_gazebo_assets/share/as2_gazebo_assets/models/book_18
[0.368s] -- Up-to-date: /root/aerostack2_ws/install/as2_gazebo_assets/share/as2_gazebo_assets/models/Floor_room
[0.368s] -- Up-to-date: /root/aerostack2_ws/install/as2_gazebo_assets/share/as2_gazebo_assets/models/sphere_or
[0.368s] -- Up-to-date: /root/aerostack2_ws/install/as2_gazebo_assets/share/as2_gazebo_assets/models/sphere_r
[0.368s] -- Up-to-date: /root/aerostack2_ws/install/as2_gazebo_assets/share/as2_gazebo_assets/models/Tree_2
[0.368s] -- Up-to-date: /root/aerostack2_ws/install/as2_gazebo_assets/share/as2_gazebo_assets/models/vase_large_2_broken
[0.368s] -- Up-to-date: /root/aerostack2_ws/install/as2_gazebo_assets/share/as2_gazebo_assets/models/cube_gy
[0.368s] -- Up-to-date: /root/aerostack2_ws/install/as2_gazebo_assets/share/as2_gazebo_assets/models/Fridge_Cabinet_33x15
[0.368s] -- Up-to-date: /root/aerostack2_ws/install/as2_gazebo_assets/share/as2_gazebo_assets/models/dropoff_box
[0.368s] -- Up-to-date: /root/aerostack2_ws/install/as2_gazebo_assets/share/as2_gazebo_assets/models/shelves_high2
[0.368s] -- Up-to-date: /root/aerostack2_ws/install/as2_gazebo_assets/share/as2_gazebo_assets/models/pot_flower
[0.368s] -- Up-to-date: /root/aerostack2_ws/install/as2_gazebo_assets/share/as2_gazebo_assets/models/grayscaled_camera
[0.368s] -- Up-to-date: /root/aerostack2_ws/install/as2_gazebo_assets/share/as2_gazebo_assets/models/grayscaled_camera/grayscaled_camera.sdf.jinja
[0.368s] -- Up-to-date: /root/aerostack2_ws/install/as2_gazebo_assets/share/as2_gazebo_assets/models/grayscaled_camera/grayscaled_camera.sdf
[0.368s] -- Up-to-date: /root/aerostack2_ws/install/as2_gazebo_assets/share/as2_gazebo_assets/models/grayscaled_camera/model.config
[0.368s] -- Up-to-date: /root/aerostack2_ws/install/as2_gazebo_assets/share/as2_gazebo_assets/models/picture_frame_small_2
[0.368s] -- Up-to-date: /root/aerostack2_ws/install/as2_gazebo_assets/share/as2_gazebo_assets/models/book_7
[0.369s] -- Up-to-date: /root/aerostack2_ws/install/as2_gazebo_assets/share/as2_gazebo_assets/models/table_dining
[0.369s] -- Up-to-date: /root/aerostack2_ws/install/as2_gazebo_assets/share/as2_gazebo_assets/models/chair_set_1
[0.369s] -- Up-to-date: /root/aerostack2_ws/install/as2_gazebo_assets/share/as2_gazebo_assets/models/table_conference_2
[0.369s] -- Up-to-date: /root/aerostack2_ws/install/as2_gazebo_assets/share/as2_gazebo_assets/models/point_lidar
[0.369s] -- Up-to-date: /root/aerostack2_ws/install/as2_gazebo_assets/share/as2_gazebo_assets/models/point_lidar/point_lidar.sdf
[0.369s] -- Up-to-date: /root/aerostack2_ws/install/as2_gazebo_assets/share/as2_gazebo_assets/models/point_lidar/model.config
[0.369s] -- Up-to-date: /root/aerostack2_ws/install/as2_gazebo_assets/share/as2_gazebo_assets/models/pen_green
[0.369s] -- Up-to-date: /root/aerostack2_ws/install/as2_gazebo_assets/share/as2_gazebo_assets/models/light
[0.369s] -- Up-to-date: /root/aerostack2_ws/install/as2_gazebo_assets/share/as2_gazebo_assets/models/gearbox_bolt
[0.369s] -- Up-to-date: /root/aerostack2_ws/install/as2_gazebo_assets/share/as2_gazebo_assets/models/suction_gripper
[0.369s] -- Up-to-date: /root/aerostack2_ws/install/as2_gazebo_assets/share/as2_gazebo_assets/models/suction_gripper/suction_gripper.sdf
[0.369s] -- Up-to-date: /root/aerostack2_ws/install/as2_gazebo_assets/share/as2_gazebo_assets/models/suction_gripper/model.config
[0.369s] -- Up-to-date: /root/aerostack2_ws/install/as2_gazebo_assets/share/as2_gazebo_assets/models/tailsitter
[0.369s] -- Up-to-date: /root/aerostack2_ws/install/as2_gazebo_assets/share/as2_gazebo_assets/models/lidar_3d
[0.369s] -- Up-to-date: /root/aerostack2_ws/install/as2_gazebo_assets/share/as2_gazebo_assets/models/lidar_3d/lidar_3d.sdf
[0.369s] -- Up-to-date: /root/aerostack2_ws/install/as2_gazebo_assets/share/as2_gazebo_assets/models/lidar_3d/model.config
[0.369s] -- Up-to-date: /root/aerostack2_ws/install/as2_gazebo_assets/share/as2_gazebo_assets/models/debris_2_2
[0.369s] -- Up-to-date: /root/aerostack2_ws/install/as2_gazebo_assets/share/as2_gazebo_assets/models/book_5
[0.369s] -- Up-to-date: /root/aerostack2_ws/install/as2_gazebo_assets/share/as2_gazebo_assets/models/picture_frame_large_10
[0.369s] -- Up-to-date: /root/aerostack2_ws/install/as2_gazebo_assets/share/as2_gazebo_assets/models/vase_violet_broken
[0.369s] -- Up-to-date: /root/aerostack2_ws/install/as2_gazebo_assets/share/as2_gazebo_assets/models/clock_digital
[0.369s] -- Up-to-date: /root/aerostack2_ws/install/as2_gazebo_assets/share/as2_gazebo_assets/models/Box
[0.369s] -- Up-to-date: /root/aerostack2_ws/install/as2_gazebo_assets/share/as2_gazebo_assets/models/europallet
[0.369s] -- Up-to-date: /root/aerostack2_ws/install/as2_gazebo_assets/share/as2_gazebo_assets/models/fetchit_simple_env
[0.369s] -- Up-to-date: /root/aerostack2_ws/install/as2_gazebo_assets/share/as2_gazebo_assets/models/lamp_table_metal
[0.370s] -- Up-to-date: /root/aerostack2_ws/install/as2_gazebo_assets/share/as2_gazebo_assets/models/traffic_mat
[0.370s] -- Up-to-date: /root/aerostack2_ws/install/as2_gazebo_assets/share/as2_gazebo_assets/models/aruco_gate_1
[0.370s] -- Up-to-date: /root/aerostack2_ws/install/as2_gazebo_assets/share/as2_gazebo_assets/models/aruco_gate_1/meshes
[0.370s] -- Up-to-date: /root/aerostack2_ws/install/as2_gazebo_assets/share/as2_gazebo_assets/models/aruco_gate_1/meshes/hoop.stl
[0.370s] -- Up-to-date: /root/aerostack2_ws/install/as2_gazebo_assets/share/as2_gazebo_assets/models/aruco_gate_1/meshes/hoop_2.stl
[0.370s] -- Up-to-date: /root/aerostack2_ws/install/as2_gazebo_assets/share/as2_gazebo_assets/models/aruco_gate_1/meshes/base_2.stl
[0.370s] -- Up-to-date: /root/aerostack2_ws/install/as2_gazebo_assets/share/as2_gazebo_assets/models/aruco_gate_1/meshes/background.stl
[0.370s] -- Up-to-date: /root/aerostack2_ws/install/as2_gazebo_assets/share/as2_gazebo_assets/models/aruco_gate_1/meshes/base.stl
[0.370s] -- Up-to-date: /root/aerostack2_ws/install/as2_gazebo_assets/share/as2_gazebo_assets/models/aruco_gate_1/aruco_gate_1.sdf
[0.370s] -- Up-to-date: /root/aerostack2_ws/install/as2_gazebo_assets/share/as2_gazebo_assets/models/aruco_gate_1/model.config
[0.370s] -- Up-to-date: /root/aerostack2_ws/install/as2_gazebo_assets/share/as2_gazebo_assets/models/cube_g
[0.370s] -- Up-to-date: /root/aerostack2_ws/install/as2_gazebo_assets/share/as2_gazebo_assets/models/plate_2
[0.370s] -- Up-to-date: /root/aerostack2_ws/install/as2_gazebo_assets/share/as2_gazebo_assets/models/gearbox_smallgear_grey
[0.370s] -- Up-to-date: /root/aerostack2_ws/install/as2_gazebo_assets/share/as2_gazebo_assets/models/asphalt_plane
[0.370s] -- Up-to-date: /root/aerostack2_ws/install/as2_gazebo_assets/share/as2_gazebo_assets/models/textured_panel_3m4
[0.370s] -- Up-to-date: /root/aerostack2_ws/install/as2_gazebo_assets/share/as2_gazebo_assets/models/gearbox_bolt_grey
[0.370s] -- Up-to-date: /root/aerostack2_ws/install/as2_gazebo_assets/share/as2_gazebo_assets/models/book_13
[0.370s] -- Up-to-date: /root/aerostack2_ws/install/as2_gazebo_assets/share/as2_gazebo_assets/models/caddy_blue
[0.370s] -- Up-to-date: /root/aerostack2_ws/install/as2_gazebo_assets/share/as2_gazebo_assets/models/planar_lidar
[0.370s] -- Up-to-date: /root/aerostack2_ws/install/as2_gazebo_assets/share/as2_gazebo_assets/models/planar_lidar/planar_lidar.sdf
[0.370s] -- Up-to-date: /root/aerostack2_ws/install/as2_gazebo_assets/share/as2_gazebo_assets/models/planar_lidar/model.config
[0.370s] -- Up-to-date: /root/aerostack2_ws/install/as2_gazebo_assets/share/as2_gazebo_assets/models/human_male_1_1
[0.370s] -- Up-to-date: /root/aerostack2_ws/install/as2_gazebo_assets/share/as2_gazebo_assets/models/curtain_striped
[0.370s] -- Up-to-date: /root/aerostack2_ws/install/as2_gazebo_assets/share/as2_gazebo_assets/models/chair_set_3
[0.370s] -- Up-to-date: /root/aerostack2_ws/install/as2_gazebo_assets/share/as2_gazebo_assets/models/test_zone
[0.370s] -- Up-to-date: /root/aerostack2_ws/install/as2_gazebo_assets/share/as2_gazebo_assets/models/toolbox_metal
[0.370s] -- Up-to-date: /root/aerostack2_ws/install/as2_gazebo_assets/share/as2_gazebo_assets/models/picture_frame_large_2
[0.371s] -- Up-to-date: /root/aerostack2_ws/install/as2_gazebo_assets/share/as2_gazebo_assets/models/labtop_mac_1
[0.371s] -- Up-to-date: /root/aerostack2_ws/install/as2_gazebo_assets/share/as2_gazebo_assets/models/book_15
[0.371s] -- Up-to-date: /root/aerostack2_ws/install/as2_gazebo_assets/share/as2_gazebo_assets/models/occupancy_grid
[0.371s] -- Up-to-date: /root/aerostack2_ws/install/as2_gazebo_assets/share/as2_gazebo_assets/models/plane
[0.371s] -- Up-to-date: /root/aerostack2_ws/install/as2_gazebo_assets/share/as2_gazebo_assets/models/plant_1
[0.371s] -- Up-to-date: /root/aerostack2_ws/install/as2_gazebo_assets/share/as2_gazebo_assets/models/pole
[0.371s] -- Up-to-date: /root/aerostack2_ws/install/as2_gazebo_assets/share/as2_gazebo_assets/models/monitor_3
[0.371s] -- Up-to-date: /root/aerostack2_ws/install/as2_gazebo_assets/share/as2_gazebo_assets/models/magnetometer
[0.371s] -- Up-to-date: /root/aerostack2_ws/install/as2_gazebo_assets/share/as2_gazebo_assets/models/magnetometer/magnetometer.sdf
[0.371s] -- Up-to-date: /root/aerostack2_ws/install/as2_gazebo_assets/share/as2_gazebo_assets/models/magnetometer/model.config
[0.371s] -- Up-to-date: /root/aerostack2_ws/install/as2_gazebo_assets/share/as2_gazebo_assets/models/cube_v
[0.371s] -- Up-to-date: /root/aerostack2_ws/install/as2_gazebo_assets/share/as2_gazebo_assets/models/mailbox_blue
[0.371s] -- Up-to-date: /root/aerostack2_ws/install/as2_gazebo_assets/share/as2_gazebo_assets/models/metal_panel2
[0.371s] -- Up-to-date: /root/aerostack2_ws/install/as2_gazebo_assets/share/as2_gazebo_assets/models/gearbox_top_blue
[0.371s] -- Up-to-date: /root/aerostack2_ws/install/as2_gazebo_assets/share/as2_gazebo_assets/models/shelves_high2_no_collision
[0.371s] -- Up-to-date: /root/aerostack2_ws/install/as2_gazebo_assets/share/as2_gazebo_assets/models/debris_1_1
[0.371s] -- Up-to-date: /root/aerostack2_ws/install/as2_gazebo_assets/share/as2_gazebo_assets/models/laptop_pc_2
[0.371s] -- Up-to-date: /root/aerostack2_ws/install/as2_gazebo_assets/share/as2_gazebo_assets/models/sofa_set_2
[0.371s] -- Up-to-date: /root/aerostack2_ws/install/as2_gazebo_assets/share/as2_gazebo_assets/models/picture_frame_large_9
[0.371s] -- Up-to-date: /root/aerostack2_ws/install/as2_gazebo_assets/share/as2_gazebo_assets/models/cube_or
[0.371s] -- Up-to-date: /root/aerostack2_ws/install/as2_gazebo_assets/share/as2_gazebo_assets/models/hemicyl
[0.371s] -- Up-to-date: /root/aerostack2_ws/install/as2_gazebo_assets/share/as2_gazebo_assets/models/grass_patch
[0.371s] -- Up-to-date: /root/aerostack2_ws/install/as2_gazebo_assets/share/as2_gazebo_assets/models/grass_patch/materials
[0.371s] -- Up-to-date: /root/aerostack2_ws/install/as2_gazebo_assets/share/as2_gazebo_assets/models/grass_patch/materials/textures
[0.371s] -- Up-to-date: /root/aerostack2_ws/install/as2_gazebo_assets/share/as2_gazebo_assets/models/grass_patch/materials/textures/grass_dry.png
[0.372s] -- Up-to-date: /root/aerostack2_ws/install/as2_gazebo_assets/share/as2_gazebo_assets/models/grass_patch/thumbnails
[0.372s] -- Up-to-date: /root/aerostack2_ws/install/as2_gazebo_assets/share/as2_gazebo_assets/models/grass_patch/thumbnails/grasspatch.jpg
[0.372s] -- Up-to-date: /root/aerostack2_ws/install/as2_gazebo_assets/share/as2_gazebo_assets/models/grass_patch/model.sdf
[0.372s] -- Up-to-date: /root/aerostack2_ws/install/as2_gazebo_assets/share/as2_gazebo_assets/models/grass_patch/model.config
[0.372s] -- Up-to-date: /root/aerostack2_ws/install/as2_gazebo_assets/share/as2_gazebo_assets/models/file_cabinet_large
[0.372s] -- Up-to-date: /root/aerostack2_ws/install/as2_gazebo_assets/share/as2_gazebo_assets/models/camera_fujica
[0.372s] -- Up-to-date: /root/aerostack2_ws/install/as2_gazebo_assets/share/as2_gazebo_assets/models/cylinder_yo
[0.372s] -- Up-to-date: /root/aerostack2_ws/install/as2_gazebo_assets/share/as2_gazebo_assets/models/coffee_table_1
[0.372s] -- Up-to-date: /root/aerostack2_ws/install/as2_gazebo_assets/share/as2_gazebo_assets/models/orange_pole
[0.372s] -- Up-to-date: /root/aerostack2_ws/install/as2_gazebo_assets/share/as2_gazebo_assets/models/bumblebee2_dummy
[0.372s] -- Up-to-date: /root/aerostack2_ws/install/as2_gazebo_assets/share/as2_gazebo_assets/models/yellow_bin
[0.372s] -- Up-to-date: /root/aerostack2_ws/install/as2_gazebo_assets/share/as2_gazebo_assets/models/100mmbin
[0.372s] -- Up-to-date: /root/aerostack2_ws/install/as2_gazebo_assets/share/as2_gazebo_assets/models/labtop_mac_3
[0.372s] -- Up-to-date: /root/aerostack2_ws/install/as2_gazebo_assets/share/as2_gazebo_assets/models/table_breakfast
[0.372s] -- Up-to-date: /root/aerostack2_ws/install/as2_gazebo_assets/share/as2_gazebo_assets/models/computer_case
[0.372s] -- Up-to-date: /root/aerostack2_ws/install/as2_gazebo_assets/share/as2_gazebo_assets/models/book_3
[0.372s] -- Up-to-date: /root/aerostack2_ws/install/as2_gazebo_assets/share/as2_gazebo_assets/models/side_table_1
[0.372s] -- Up-to-date: /root/aerostack2_ws/install/as2_gazebo_assets/share/as2_gazebo_assets/models/sofa_set_3
[0.372s] -- Up-to-date: /root/aerostack2_ws/install/as2_gazebo_assets/share/as2_gazebo_assets/models/crazyflie
[0.372s] -- Up-to-date: /root/aerostack2_ws/install/as2_gazebo_assets/share/as2_gazebo_assets/models/crazyflie/meshes
[0.372s] -- Up-to-date: /root/aerostack2_ws/install/as2_gazebo_assets/share/as2_gazebo_assets/models/crazyflie/meshes/cw_prop.dae
[0.372s] -- Up-to-date: /root/aerostack2_ws/install/as2_gazebo_assets/share/as2_gazebo_assets/models/crazyflie/meshes/cf2_assembly.dae
[0.372s] -- Up-to-date: /root/aerostack2_ws/install/as2_gazebo_assets/share/as2_gazebo_assets/models/crazyflie/meshes/ccw_prop.dae
[0.372s] -- Up-to-date: /root/aerostack2_ws/install/as2_gazebo_assets/share/as2_gazebo_assets/models/crazyflie/crazyflie.sdf.jinja
[0.372s] -- Up-to-date: /root/aerostack2_ws/install/as2_gazebo_assets/share/as2_gazebo_assets/models/crazyflie/model.config
[0.372s] -- Up-to-date: /root/aerostack2_ws/install/as2_gazebo_assets/share/as2_gazebo_assets/models/crazyflie/crazyflie.sdf
[0.373s] -- Up-to-date: /root/aerostack2_ws/install/as2_gazebo_assets/share/as2_gazebo_assets/models/fetchit_table_theconstruct
[0.373s] -- Up-to-date: /root/aerostack2_ws/install/as2_gazebo_assets/share/as2_gazebo_assets/models/Box_24x15W
[0.373s] -- Up-to-date: /root/aerostack2_ws/install/as2_gazebo_assets/share/as2_gazebo_assets/models/side_table_4
[0.373s] -- Up-to-date: /root/aerostack2_ws/install/as2_gazebo_assets/share/as2_gazebo_assets/models/book_small_2
[0.373s] -- Up-to-date: /root/aerostack2_ws/install/as2_gazebo_assets/share/as2_gazebo_assets/models/cylinder_o
[0.373s] -- Up-to-date: /root/aerostack2_ws/install/as2_gazebo_assets/share/as2_gazebo_assets/models/airport_mat
[0.373s] -- Up-to-date: /root/aerostack2_ws/install/as2_gazebo_assets/share/as2_gazebo_assets/models/picture_frame_large_7
[0.373s] -- Up-to-date: /root/aerostack2_ws/install/as2_gazebo_assets/share/as2_gazebo_assets/models/shunk_machine
[0.373s] -- Up-to-date: /root/aerostack2_ws/install/as2_gazebo_assets/share/as2_gazebo_assets/models/coffee_table_set_2
[0.373s] -- Up-to-date: /root/aerostack2_ws/install/as2_gazebo_assets/share/as2_gazebo_assets/models/textured_panel_3m5
[0.373s] -- Up-to-date: /root/aerostack2_ws/install/as2_gazebo_assets/share/as2_gazebo_assets/models/tissue_box_3
[0.373s] -- Up-to-date: /root/aerostack2_ws/install/as2_gazebo_assets/share/as2_gazebo_assets/models/plant_2
[0.373s] -- Up-to-date: /root/aerostack2_ws/install/as2_gazebo_assets/share/as2_gazebo_assets/models/side_table_3
[0.373s] -- Up-to-date: /root/aerostack2_ws/install/as2_gazebo_assets/share/as2_gazebo_assets/models/cylinder_g
[0.373s] -- Up-to-date: /root/aerostack2_ws/install/as2_gazebo_assets/share/as2_gazebo_assets/models/fetchit_table_em
[0.373s] -- Up-to-date: /root/aerostack2_ws/install/as2_gazebo_assets/share/as2_gazebo_assets/models/construction_cone_small
[0.373s] -- Up-to-date: /root/aerostack2_ws/install/as2_gazebo_assets/share/as2_gazebo_assets/models/fetchit_table
[0.373s] -- Up-to-date: /root/aerostack2_ws/install/as2_gazebo_assets/share/as2_gazebo_assets/models/debris_3_1
[0.373s] -- Up-to-date: /root/aerostack2_ws/install/as2_gazebo_assets/share/as2_gazebo_assets/models/cylinder_gy
[0.373s] -- Up-to-date: /root/aerostack2_ws/install/as2_gazebo_assets/share/as2_gazebo_assets/models/figurine_3
[0.373s] -- Up-to-date: /root/aerostack2_ws/install/as2_gazebo_assets/share/as2_gazebo_assets/models/grass_plane
[0.373s] -- Up-to-date: /root/aerostack2_ws/install/as2_gazebo_assets/share/as2_gazebo_assets/models/book_yellow
[0.373s] -- Up-to-date: /root/aerostack2_ws/install/as2_gazebo_assets/share/as2_gazebo_assets/models/chair_1
[0.373s] -- Up-to-date: /root/aerostack2_ws/install/as2_gazebo_assets/share/as2_gazebo_assets/models/book_16
[0.373s] -- Up-to-date: /root/aerostack2_ws/install/as2_gazebo_assets/share/as2_gazebo_assets/models/brick_wall_1
[0.374s] -- Up-to-date: /root/aerostack2_ws/install/as2_gazebo_assets/share/as2_gazebo_assets/models/Wall_Cabinet_24x15W
[0.374s] -- Up-to-date: /root/aerostack2_ws/install/as2_gazebo_assets/share/as2_gazebo_assets/models/pen_yellow
[0.374s] -- Up-to-date: /root/aerostack2_ws/install/as2_gazebo_assets/share/as2_gazebo_assets/models/cube_y
[0.374s] -- Up-to-date: /root/aerostack2_ws/install/as2_gazebo_assets/share/as2_gazebo_assets/models/Box_36x15W
[0.374s] -- Up-to-date: /root/aerostack2_ws/install/as2_gazebo_assets/share/as2_gazebo_assets/models/plant_3
[0.374s] -- Up-to-date: /root/aerostack2_ws/install/as2_gazebo_assets/share/as2_gazebo_assets/models/picture_frame_small_4
[0.374s] -- Up-to-date: /root/aerostack2_ws/install/as2_gazebo_assets/share/as2_gazebo_assets/models/brick_sphere_1
[0.374s] -- Up-to-date: /root/aerostack2_ws/install/as2_gazebo_assets/share/as2_gazebo_assets/models/recycle_bin_green
[0.374s] -- Up-to-date: /root/aerostack2_ws/install/as2_gazebo_assets/share/as2_gazebo_assets/models/Box_33x15
[0.374s] -- Up-to-date: /root/aerostack2_ws/install/as2_gazebo_assets/share/as2_gazebo_assets/models/chair_3
[0.374s] -- Up-to-date: /root/aerostack2_ws/install/as2_gazebo_assets/share/as2_gazebo_assets/models/caddy_orange
[0.374s] -- Up-to-date: /root/aerostack2_ws/install/as2_gazebo_assets/share/as2_gazebo_assets/models/picture_frame_large_1
[0.374s] -- Up-to-date: /root/aerostack2_ws/install/as2_gazebo_assets/share/as2_gazebo_assets/models/mug_beer
[0.374s] -- Up-to-date: /root/aerostack2_ws/install/as2_gazebo_assets/share/as2_gazebo_assets/models/standard_vtol
[0.374s] -- Up-to-date: /root/aerostack2_ws/install/as2_gazebo_assets/share/as2_gazebo_assets/models/bookshelf_large
[0.374s] -- Up-to-date: /root/aerostack2_ws/install/as2_gazebo_assets/share/as2_gazebo_assets/models/newspaper_1
[0.374s] -- Up-to-date: /root/aerostack2_ws/install/as2_gazebo_assets/share/as2_gazebo_assets/models/human_female_1_1
[0.374s] -- Up-to-date: /root/aerostack2_ws/install/as2_gazebo_assets/share/as2_gazebo_assets/models/book_green
[0.374s] -- Up-to-date: /root/aerostack2_ws/install/as2_gazebo_assets/share/as2_gazebo_assets/models/desk_brown
[0.374s] -- Up-to-date: /root/aerostack2_ws/install/as2_gazebo_assets/share/as2_gazebo_assets/models/chair_2
[0.374s] -- Up-to-date: /root/aerostack2_ws/install/as2_gazebo_assets/share/as2_gazebo_assets/models/px4vision
[0.374s] -- Up-to-date: /root/aerostack2_ws/install/as2_gazebo_assets/share/as2_gazebo_assets/models/px4vision/meshes
[0.375s] -- Up-to-date: /root/aerostack2_ws/install/as2_gazebo_assets/share/as2_gazebo_assets/models/px4vision/meshes/body.dae
[0.375s] -- Up-to-date: /root/aerostack2_ws/install/as2_gazebo_assets/share/as2_gazebo_assets/models/px4vision/meshes/iris_prop_ccw.dae
[0.375s] -- Up-to-date: /root/aerostack2_ws/install/as2_gazebo_assets/share/as2_gazebo_assets/models/px4vision/meshes/iris_prop_cw.dae
[0.375s] -- Up-to-date: /root/aerostack2_ws/install/as2_gazebo_assets/share/as2_gazebo_assets/models/px4vision/thumbnails
[0.375s] -- Up-to-date: /root/aerostack2_ws/install/as2_gazebo_assets/share/as2_gazebo_assets/models/px4vision/thumbnails/px4vision_diagonal.png
[0.375s] -- Up-to-date: /root/aerostack2_ws/install/as2_gazebo_assets/share/as2_gazebo_assets/models/px4vision/thumbnails/px4_vision_top.png
[0.375s] -- Up-to-date: /root/aerostack2_ws/install/as2_gazebo_assets/share/as2_gazebo_assets/models/px4vision/thumbnails/px4_vision_front.png
[0.375s] -- Up-to-date: /root/aerostack2_ws/install/as2_gazebo_assets/share/as2_gazebo_assets/models/px4vision/px4vision.sdf
[0.375s] -- Up-to-date: /root/aerostack2_ws/install/as2_gazebo_assets/share/as2_gazebo_assets/models/px4vision/model.config
[0.375s] -- Up-to-date: /root/aerostack2_ws/install/as2_gazebo_assets/share/as2_gazebo_assets/models/px4vision/px4vision.sdf.jinja
[0.375s] -- Up-to-date: /root/aerostack2_ws/install/as2_gazebo_assets/share/as2_gazebo_assets/models/delta_wing
[0.375s] -- Up-to-date: /root/aerostack2_ws/install/as2_gazebo_assets/share/as2_gazebo_assets/models/book_small_1
[0.375s] -- Up-to-date: /root/aerostack2_ws/install/as2_gazebo_assets/share/as2_gazebo_assets/models/book_9
[0.375s] -- Up-to-date: /root/aerostack2_ws/install/as2_gazebo_assets/share/as2_gazebo_assets/models/file_box_4
[0.375s] -- Up-to-date: /root/aerostack2_ws/install/as2_gazebo_assets/share/as2_gazebo_assets/models/candy_purple
[0.375s] -- Up-to-date: /root/aerostack2_ws/install/as2_gazebo_assets/share/as2_gazebo_assets/models/picture_frame_large_4
[0.375s] -- Up-to-date: /root/aerostack2_ws/install/as2_gazebo_assets/share/as2_gazebo_assets/models/textured_panel_3m6
[0.375s] -- Up-to-date: /root/aerostack2_ws/install/as2_gazebo_assets/share/as2_gazebo_assets/models/cylinder_y
[0.375s] -- Up-to-date: /root/aerostack2_ws/install/as2_gazebo_assets/share/as2_gazebo_assets/models/gearbox_largegear
[0.375s] -- Up-to-date: /root/aerostack2_ws/install/as2_gazebo_assets/share/as2_gazebo_assets/models/sphere_v
[0.375s] -- Up-to-date: /root/aerostack2_ws/install/as2_gazebo_assets/share/as2_gazebo_assets/models/gearbox_bottom
[0.375s] -- Up-to-date: /root/aerostack2_ws/install/as2_gazebo_assets/share/as2_gazebo_assets/models/big_box3
[0.375s] -- Up-to-date: /root/aerostack2_ws/install/as2_gazebo_assets/share/as2_gazebo_assets/models/recycle_bin_red
[0.375s] -- Up-to-date: /root/aerostack2_ws/install/as2_gazebo_assets/share/as2_gazebo_assets/models/bottle_beer
[0.375s] -- Up-to-date: /root/aerostack2_ws/install/as2_gazebo_assets/share/as2_gazebo_assets/models/cylinder_bg
[0.376s] -- Up-to-date: /root/aerostack2_ws/install/as2_gazebo_assets/share/as2_gazebo_assets/models/book_1
[0.376s] -- Up-to-date: /root/aerostack2_ws/install/as2_gazebo_assets/share/as2_gazebo_assets/models/file_box_3
[0.376s] -- Up-to-date: /root/aerostack2_ws/install/as2_gazebo_assets/share/as2_gazebo_assets/models/big_box4
[0.376s] -- Up-to-date: /root/aerostack2_ws/install/as2_gazebo_assets/share/as2_gazebo_assets/models/gimbal
[0.376s] -- Up-to-date: /root/aerostack2_ws/install/as2_gazebo_assets/share/as2_gazebo_assets/models/gimbal/position_gimbal.sdf
[0.376s] -- Up-to-date: /root/aerostack2_ws/install/as2_gazebo_assets/share/as2_gazebo_assets/models/gimbal/position_gimbal.sdf.jinja
[0.376s] -- Up-to-date: /root/aerostack2_ws/install/as2_gazebo_assets/share/as2_gazebo_assets/models/gimbal/speed_gimbal.sdf.jinja
[0.376s] -- Up-to-date: /root/aerostack2_ws/install/as2_gazebo_assets/share/as2_gazebo_assets/models/gimbal/model.config
[0.376s] -- Up-to-date: /root/aerostack2_ws/install/as2_gazebo_assets/share/as2_gazebo_assets/models/brick_wall_hole_2
[0.376s] -- Up-to-date: /root/aerostack2_ws/install/as2_gazebo_assets/share/as2_gazebo_assets/models/aruco_gate_2
[0.376s] -- Up-to-date: /root/aerostack2_ws/install/as2_gazebo_assets/share/as2_gazebo_assets/models/aruco_gate_2/aruco_gate_2.sdf
[0.376s] -- Up-to-date: /root/aerostack2_ws/install/as2_gazebo_assets/share/as2_gazebo_assets/models/aruco_gate_2/model.config
[0.376s] -- Up-to-date: /root/aerostack2_ws/install/as2_gazebo_assets/share/as2_gazebo_assets/models/cylinder_v
[0.376s] -- Up-to-date: /root/aerostack2_ws/install/as2_gazebo_assets/share/as2_gazebo_assets/models/cup_glass_hex
[0.376s] -- Up-to-date: /root/aerostack2_ws/install/as2_gazebo_assets/share/as2_gazebo_assets/models/pen_black
[0.376s] -- Up-to-date: /root/aerostack2_ws/install/as2_gazebo_assets/share/as2_gazebo_assets/models/human_male_2
[0.376s] -- Up-to-date: /root/aerostack2_ws/install/as2_gazebo_assets/share/as2_gazebo_assets/models/book_sky
[0.376s] -- Up-to-date: /root/aerostack2_ws/install/as2_gazebo_assets/share/as2_gazebo_assets/models/book_10
[0.376s] -- Up-to-date: /root/aerostack2_ws/install/as2_gazebo_assets/share/as2_gazebo_assets/models/brick_wall_hole_1
[0.376s] -- Up-to-date: /root/aerostack2_ws/install/as2_gazebo_assets/share/as2_gazebo_assets/models/sphere_o
[0.376s] -- Up-to-date: /root/aerostack2_ws/install/as2_gazebo_assets/share/as2_gazebo_assets/models/picture_frame_small_3
[0.376s] -- Up-to-date: /root/aerostack2_ws/install/as2_gazebo_assets/share/as2_gazebo_assets/models/wall_debris
[0.376s] -- Up-to-date: /root/aerostack2_ws/install/as2_gazebo_assets/share/as2_gazebo_assets/models/two_fingers_gripper
[0.376s] -- Up-to-date: /root/aerostack2_ws/install/as2_gazebo_assets/share/as2_gazebo_assets/models/two_fingers_gripper/meshes
[0.376s] -- Up-to-date: /root/aerostack2_ws/install/as2_gazebo_assets/share/as2_gazebo_assets/models/two_fingers_gripper/meshes/gripper_v0
[0.377s] -- Up-to-date: /root/aerostack2_ws/install/as2_gazebo_assets/share/as2_gazebo_assets/models/two_fingers_gripper/meshes/gripper_v0/l_finger.stl
[0.377s] -- Up-to-date: /root/aerostack2_ws/install/as2_gazebo_assets/share/as2_gazebo_assets/models/two_fingers_gripper/meshes/gripper_v0/l_finger_tip.stl
[0.377s] -- Up-to-date: /root/aerostack2_ws/install/as2_gazebo_assets/share/as2_gazebo_assets/models/two_fingers_gripper/meshes/gripper_v0/palm_H_UV_100430.dae
[0.377s] -- Up-to-date: /root/aerostack2_ws/install/as2_gazebo_assets/share/as2_gazebo_assets/models/two_fingers_gripper/meshes/gripper_v0/gripper_palm.stl
[0.377s] -- Up-to-date: /root/aerostack2_ws/install/as2_gazebo_assets/share/as2_gazebo_assets/models/two_fingers_gripper/meshes/gripper_v0/l_floating.stl
[0.377s] -- Up-to-date: /root/aerostack2_ws/install/as2_gazebo_assets/share/as2_gazebo_assets/models/two_fingers_gripper/meshes/gripper_v0/l_finger_tip.dae
[0.377s] -- Up-to-date: /root/aerostack2_ws/install/as2_gazebo_assets/share/as2_gazebo_assets/models/two_fingers_gripper/meshes/gripper_v0/float_H_UV_100430.dae
[0.377s] -- Up-to-date: /root/aerostack2_ws/install/as2_gazebo_assets/share/as2_gazebo_assets/models/two_fingers_gripper/meshes/gripper_v0/l_finger.dae
[0.377s] -- Up-to-date: /root/aerostack2_ws/install/as2_gazebo_assets/share/as2_gazebo_assets/models/two_fingers_gripper/meshes/gripper_v0/gripper_palm.dae
[0.377s] -- Up-to-date: /root/aerostack2_ws/install/as2_gazebo_assets/share/as2_gazebo_assets/models/two_fingers_gripper/meshes/gripper_v0/l_float.dae
[0.377s] -- Up-to-date: /root/aerostack2_ws/install/as2_gazebo_assets/share/as2_gazebo_assets/models/two_fingers_gripper/meshes/gripper_v0/upper_finger_l.stl
[0.377s] -- Up-to-date: /root/aerostack2_ws/install/as2_gazebo_assets/share/as2_gazebo_assets/models/two_fingers_gripper/meshes/gripper_v0/upper_finger_r.stl
[0.377s] -- Up-to-date: /root/aerostack2_ws/install/as2_gazebo_assets/share/as2_gazebo_assets/models/two_fingers_gripper/meshes/forearm_v0
[0.377s] -- Up-to-date: /root/aerostack2_ws/install/as2_gazebo_assets/share/as2_gazebo_assets/models/two_fingers_gripper/meshes/forearm_v0/wrist_roll.stl
[0.377s] -- Up-to-date: /root/aerostack2_ws/install/as2_gazebo_assets/share/as2_gazebo_assets/models/two_fingers_gripper/meshes/forearm_v0/wrist_roll_L.stl
[0.377s] -- Up-to-date: /root/aerostack2_ws/install/as2_gazebo_assets/share/as2_gazebo_assets/models/two_fingers_gripper/materials
[0.377s] -- Up-to-date: /root/aerostack2_ws/install/as2_gazebo_assets/share/as2_gazebo_assets/models/two_fingers_gripper/materials/textures
[0.377s] -- Up-to-date: /root/aerostack2_ws/install/as2_gazebo_assets/share/as2_gazebo_assets/models/two_fingers_gripper/materials/textures/l_float_normals.png
[0.377s] -- Up-to-date: /root/aerostack2_ws/install/as2_gazebo_assets/share/as2_gazebo_assets/models/two_fingers_gripper/materials/textures/upper_arm.png
[0.377s] -- Up-to-date: /root/aerostack2_ws/install/as2_gazebo_assets/share/as2_gazebo_assets/models/two_fingers_gripper/materials/textures/torso_lift_normals.png
[0.377s] -- Up-to-date: /root/aerostack2_ws/install/as2_gazebo_assets/share/as2_gazebo_assets/models/two_fingers_gripper/materials/textures/tilting_hokuyo_color.png
[0.377s] -- Up-to-date: /root/aerostack2_ws/install/as2_gazebo_assets/share/as2_gazebo_assets/models/two_fingers_gripper/materials/textures/shoulder_pan_normals.png
[0.377s] -- Up-to-date: /root/aerostack2_ws/install/as2_gazebo_assets/share/as2_gazebo_assets/models/two_fingers_gripper/materials/textures/head_tilt_color_yellow.png
[0.378s] -- Up-to-date: /root/aerostack2_ws/install/as2_gazebo_assets/share/as2_gazebo_assets/models/two_fingers_gripper/materials/textures/l_finger_color.png
[0.378s] -- Up-to-date: /root/aerostack2_ws/install/as2_gazebo_assets/share/as2_gazebo_assets/models/two_fingers_gripper/materials/textures/l_finger_tip_color.png
[0.378s] -- Up-to-date: /root/aerostack2_ws/install/as2_gazebo_assets/share/as2_gazebo_assets/models/two_fingers_gripper/materials/textures/gripper_palm_normals.png
[0.378s] -- Up-to-date: /root/aerostack2_ws/install/as2_gazebo_assets/share/as2_gazebo_assets/models/two_fingers_gripper/materials/textures/shoulder_pan_color.png
[0.378s] -- Up-to-date: /root/aerostack2_ws/install/as2_gazebo_assets/share/as2_gazebo_assets/models/two_fingers_gripper/materials/textures/wheel_normals.png
[0.378s] -- Up-to-date: /root/aerostack2_ws/install/as2_gazebo_assets/share/as2_gazebo_assets/models/two_fingers_gripper/materials/textures/head_pan_normals.png
[0.378s] -- Up-to-date: /root/aerostack2_ws/install/as2_gazebo_assets/share/as2_gazebo_assets/models/two_fingers_gripper/materials/textures/torso_lift_color.png
[0.378s] -- Up-to-date: /root/aerostack2_ws/install/as2_gazebo_assets/share/as2_gazebo_assets/models/two_fingers_gripper/materials/textures/upper_arm_roll_color.png
[0.378s] -- Up-to-date: /root/aerostack2_ws/install/as2_gazebo_assets/share/as2_gazebo_assets/models/two_fingers_gripper/materials/textures/head_tilt_green.png
[0.378s] -- Up-to-date: /root/aerostack2_ws/install/as2_gazebo_assets/share/as2_gazebo_assets/models/two_fingers_gripper/materials/textures/wheel_h_color.png
[0.378s] -- Up-to-date: /root/aerostack2_ws/install/as2_gazebo_assets/share/as2_gazebo_assets/models/two_fingers_gripper/materials/textures/base_color.png
[0.378s] -- Up-to-date: /root/aerostack2_ws/install/as2_gazebo_assets/share/as2_gazebo_assets/models/two_fingers_gripper/materials/textures/upper_arm_color.png
[0.378s] -- Up-to-date: /root/aerostack2_ws/install/as2_gazebo_assets/share/as2_gazebo_assets/models/two_fingers_gripper/materials/textures/shoulder_lift_normals.png
[0.378s] -- Up-to-date: /root/aerostack2_ws/install/as2_gazebo_assets/share/as2_gazebo_assets/models/two_fingers_gripper/materials/textures/base_normals.png
[0.378s] -- Up-to-date: /root/aerostack2_ws/install/as2_gazebo_assets/share/as2_gazebo_assets/models/two_fingers_gripper/materials/textures/gripper_palm_color.png
[0.378s] -- Up-to-date: /root/aerostack2_ws/install/as2_gazebo_assets/share/as2_gazebo_assets/models/two_fingers_gripper/materials/textures/l_finger_tip_normals.png
[0.378s] -- Up-to-date: /root/aerostack2_ws/install/as2_gazebo_assets/share/as2_gazebo_assets/models/two_fingers_gripper/materials/textures/elbow_flex_normals.png
[0.378s] -- Up-to-date: /root/aerostack2_ws/install/as2_gazebo_assets/share/as2_gazebo_assets/models/two_fingers_gripper/materials/textures/tilting_hokuyo_normals.png
[0.378s] -- Up-to-date: /root/aerostack2_ws/install/as2_gazebo_assets/share/as2_gazebo_assets/models/two_fingers_gripper/materials/textures/l_float_color.png
[0.378s] -- Up-to-date: /root/aerostack2_ws/install/as2_gazebo_assets/share/as2_gazebo_assets/models/two_fingers_gripper/materials/textures/wheel_color.png
[0.379s] -- Up-to-date: /root/aerostack2_ws/install/as2_gazebo_assets/share/as2_gazebo_assets/models/two_fingers_gripper/materials/textures/l_finger_normals.png
[0.379s] -- Up-to-date: /root/aerostack2_ws/install/as2_gazebo_assets/share/as2_gazebo_assets/models/two_fingers_gripper/materials/textures/forearm.png
[0.379s] -- Up-to-date: /root/aerostack2_ws/install/as2_gazebo_assets/share/as2_gazebo_assets/models/two_fingers_gripper/materials/textures/head_pan_color.png
[0.379s] -- Up-to-date: /root/aerostack2_ws/install/as2_gazebo_assets/share/as2_gazebo_assets/models/two_fingers_gripper/materials/textures/head_tilt_normals.png
[0.379s] -- Up-to-date: /root/aerostack2_ws/install/as2_gazebo_assets/share/as2_gazebo_assets/models/two_fingers_gripper/materials/textures/head_tilt_color_red.png
[0.379s] -- Up-to-date: /root/aerostack2_ws/install/as2_gazebo_assets/share/as2_gazebo_assets/models/two_fingers_gripper/materials/textures/forearm_color.png
[0.379s] -- Up-to-date: /root/aerostack2_ws/install/as2_gazebo_assets/share/as2_gazebo_assets/models/two_fingers_gripper/materials/textures/float_H_Color_100430.png
[0.379s] -- Up-to-date: /root/aerostack2_ws/install/as2_gazebo_assets/share/as2_gazebo_assets/models/two_fingers_gripper/materials/textures/elbow_flex_color.png
[0.379s] -- Up-to-date: /root/aerostack2_ws/install/as2_gazebo_assets/share/as2_gazebo_assets/models/two_fingers_gripper/materials/textures/finger_H_Color_100430.png
[0.379s] -- Up-to-date: /root/aerostack2_ws/install/as2_gazebo_assets/share/as2_gazebo_assets/models/two_fingers_gripper/materials/textures/fingertip_H_Color_100430.png
[0.379s] -- Up-to-date: /root/aerostack2_ws/install/as2_gazebo_assets/share/as2_gazebo_assets/models/two_fingers_gripper/materials/textures/forearm_normals.png
[0.379s] -- Up-to-date: /root/aerostack2_ws/install/as2_gazebo_assets/share/as2_gazebo_assets/models/two_fingers_gripper/materials/textures/head_tilt_color.png
[0.379s] -- Up-to-date: /root/aerostack2_ws/install/as2_gazebo_assets/share/as2_gazebo_assets/models/two_fingers_gripper/materials/textures/palm_H_Color_100430.png
[0.379s] -- Up-to-date: /root/aerostack2_ws/install/as2_gazebo_assets/share/as2_gazebo_assets/models/two_fingers_gripper/materials/textures/wrist_normals.png
[0.379s] -- Up-to-date: /root/aerostack2_ws/install/as2_gazebo_assets/share/as2_gazebo_assets/models/two_fingers_gripper/materials/textures/upper_arm_normals.png
[0.379s] -- Up-to-date: /root/aerostack2_ws/install/as2_gazebo_assets/share/as2_gazebo_assets/models/two_fingers_gripper/materials/textures/wrist_color.png
[0.379s] -- Up-to-date: /root/aerostack2_ws/install/as2_gazebo_assets/share/as2_gazebo_assets/models/two_fingers_gripper/materials/textures/shoulder_lift_color.png
[0.379s] -- Up-to-date: /root/aerostack2_ws/install/as2_gazebo_assets/share/as2_gazebo_assets/models/two_fingers_gripper/materials/textures/upper_arm_roll_normals.png
[0.379s] -- Up-to-date: /root/aerostack2_ws/install/as2_gazebo_assets/share/as2_gazebo_assets/models/two_fingers_gripper/thumbnails
[0.379s] -- Up-to-date: /root/aerostack2_ws/install/as2_gazebo_assets/share/as2_gazebo_assets/models/two_fingers_gripper/thumbnails/1.png
[0.379s] -- Up-to-date: /root/aerostack2_ws/install/as2_gazebo_assets/share/as2_gazebo_assets/models/two_fingers_gripper/thumbnails/4.png
[0.380s] -- Up-to-date: /root/aerostack2_ws/install/as2_gazebo_assets/share/as2_gazebo_assets/models/two_fingers_gripper/thumbnails/2.png
[0.380s] -- Up-to-date: /root/aerostack2_ws/install/as2_gazebo_assets/share/as2_gazebo_assets/models/two_fingers_gripper/thumbnails/3.png
[0.380s] -- Up-to-date: /root/aerostack2_ws/install/as2_gazebo_assets/share/as2_gazebo_assets/models/two_fingers_gripper/thumbnails/5.png
[0.380s] -- Up-to-date: /root/aerostack2_ws/install/as2_gazebo_assets/share/as2_gazebo_assets/models/two_fingers_gripper/two_fingers_gripper.sdf
[0.380s] -- Up-to-date: /root/aerostack2_ws/install/as2_gazebo_assets/share/as2_gazebo_assets/models/two_fingers_gripper/model.config
[0.380s] -- Up-to-date: /root/aerostack2_ws/install/as2_gazebo_assets/share/as2_gazebo_assets/models/book_12
[0.380s] -- Up-to-date: /root/aerostack2_ws/install/as2_gazebo_assets/share/as2_gazebo_assets/models/book_pink
[0.380s] -- Up-to-date: /root/aerostack2_ws/install/as2_gazebo_assets/share/as2_gazebo_assets/models/lamp_table_large
[0.380s] -- Up-to-date: /root/aerostack2_ws/install/as2_gazebo_assets/share/as2_gazebo_assets/models/city_terrain
[0.380s] -- Up-to-date: /root/aerostack2_ws/install/as2_gazebo_assets/share/as2_gazebo_assets/models/cup_glass
[0.380s] -- Up-to-date: /root/aerostack2_ws/install/as2_gazebo_assets/share/as2_gazebo_assets/models/textured_panel_3m3
[0.380s] -- Up-to-date: /root/aerostack2_ws/install/as2_gazebo_assets/share/as2_gazebo_assets/models/figurine_1
[0.380s] -- Up-to-date: /root/aerostack2_ws/install/as2_gazebo_assets/share/as2_gazebo_assets/models/mouse
[0.380s] -- Up-to-date: /root/aerostack2_ws/install/as2_gazebo_assets/share/as2_gazebo_assets/models/cafe_table
[0.380s] -- Up-to-date: /root/aerostack2_ws/install/as2_gazebo_assets/share/as2_gazebo_assets/models/coffee_table_set_1
[0.380s] -- Up-to-date: /root/aerostack2_ws/install/as2_gazebo_assets/share/as2_gazebo_assets/models/human_male_3
[0.380s] -- Up-to-date: /root/aerostack2_ws/install/as2_gazebo_assets/share/as2_gazebo_assets/models/BoxesLargeOnPallet_3
[0.380s] -- Up-to-date: /root/aerostack2_ws/install/as2_gazebo_assets/share/as2_gazebo_assets/models/metal_panel3
[0.380s] -- Up-to-date: /root/aerostack2_ws/install/as2_gazebo_assets/share/as2_gazebo_assets/models/door
[0.380s] -- Up-to-date: /root/aerostack2_ws/install/as2_gazebo_assets/share/as2_gazebo_assets/models/candy_orange
[0.380s] -- Up-to-date: /root/aerostack2_ws/install/as2_gazebo_assets/share/as2_gazebo_assets/models/can_pepsi
[0.381s] -- Up-to-date: /root/aerostack2_ws/install/as2_gazebo_assets/share/as2_gazebo_assets/models/camera_base
[0.381s] -- Up-to-date: /root/aerostack2_ws/install/as2_gazebo_assets/share/as2_gazebo_assets/models/book_red
[0.381s] -- Up-to-date: /root/aerostack2_ws/install/as2_gazebo_assets/share/as2_gazebo_assets/models/cpr_inspection
[0.381s] -- Up-to-date: /root/aerostack2_ws/install/as2_gazebo_assets/share/as2_gazebo_assets/models/vrc_heightmap_1
[0.381s] -- Up-to-date: /root/aerostack2_ws/install/as2_gazebo_assets/share/as2_gazebo_assets/models/can_sprite
[0.381s] -- Up-to-date: /root/aerostack2_ws/install/as2_gazebo_assets/share/as2_gazebo_assets/models/sphere_gy
[0.381s] -- Up-to-date: /root/aerostack2_ws/install/as2_gazebo_assets/share/as2_gazebo_assets/models/caddy_green
[0.381s] -- Up-to-date: /root/aerostack2_ws/install/as2_gazebo_assets/share/as2_gazebo_assets/models/gearbox_smallgear
[0.381s] -- Up-to-date: /root/aerostack2_ws/install/as2_gazebo_assets/share/as2_gazebo_assets/models/gearbox_top
[0.381s] -- Up-to-date: /root/aerostack2_ws/install/as2_gazebo_assets/share/as2_gazebo_assets/models/vase_blue
[0.381s] -- Up-to-date: /root/aerostack2_ws/install/as2_gazebo_assets/share/as2_gazebo_assets/models/Wall_Cabinet_15x30
[0.381s] -- Up-to-date: /root/aerostack2_ws/install/as2_gazebo_assets/share/as2_gazebo_assets/models/fetchit_arena
[0.381s] -- Up-to-date: /root/aerostack2_ws/install/as2_gazebo_assets/share/as2_gazebo_assets/models/quadrotor_base
[0.381s] -- Up-to-date: /root/aerostack2_ws/install/as2_gazebo_assets/share/as2_gazebo_assets/models/quadrotor_base/quadrotor_base.sdf.jinja
[0.381s] -- Up-to-date: /root/aerostack2_ws/install/as2_gazebo_assets/share/as2_gazebo_assets/models/quadrotor_base/meshes
[0.381s] -- Up-to-date: /root/aerostack2_ws/install/as2_gazebo_assets/share/as2_gazebo_assets/models/quadrotor_base/meshes/quadrotor.dae
[0.381s] -- Up-to-date: /root/aerostack2_ws/install/as2_gazebo_assets/share/as2_gazebo_assets/models/quadrotor_base/meshes/led_lamp.dae
[0.381s] -- Up-to-date: /root/aerostack2_ws/install/as2_gazebo_assets/share/as2_gazebo_assets/models/quadrotor_base/meshes/propeller_cw.dae
[0.381s] -- Up-to-date: /root/aerostack2_ws/install/as2_gazebo_assets/share/as2_gazebo_assets/models/quadrotor_base/meshes/quadrotor.jpg
[0.381s] -- Up-to-date: /root/aerostack2_ws/install/as2_gazebo_assets/share/as2_gazebo_assets/models/quadrotor_base/meshes/led.dae
[0.382s] -- Up-to-date: /root/aerostack2_ws/install/as2_gazebo_assets/share/as2_gazebo_assets/models/quadrotor_base/meshes/propeller_ccw.dae
[0.382s] -- Up-to-date: /root/aerostack2_ws/install/as2_gazebo_assets/share/as2_gazebo_assets/models/quadrotor_base/materials
[0.382s] -- Up-to-date: /root/aerostack2_ws/install/as2_gazebo_assets/share/as2_gazebo_assets/models/quadrotor_base/materials/textures
[0.382s] -- Up-to-date: /root/aerostack2_ws/install/as2_gazebo_assets/share/as2_gazebo_assets/models/quadrotor_base/materials/textures/led.jpg
[0.382s] -- Up-to-date: /root/aerostack2_ws/install/as2_gazebo_assets/share/as2_gazebo_assets/models/quadrotor_base/quadrotor_base.sdf
[0.382s] -- Up-to-date: /root/aerostack2_ws/install/as2_gazebo_assets/share/as2_gazebo_assets/models/quadrotor_base/model.config
[0.382s] -- Up-to-date: /root/aerostack2_ws/install/as2_gazebo_assets/share/as2_gazebo_assets/models/pen_violet
[0.382s] -- Up-to-date: /root/aerostack2_ws/install/as2_gazebo_assets/share/as2_gazebo_assets/models/office_env_w
[0.382s] -- Up-to-date: /root/aerostack2_ws/install/as2_gazebo_assets/share/as2_gazebo_assets/models/candy_green
[0.382s] -- Up-to-date: /root/aerostack2_ws/install/as2_gazebo_assets/share/as2_gazebo_assets/models/dronerace_junglegate_2018
[0.382s] -- Up-to-date: /root/aerostack2_ws/install/as2_gazebo_assets/share/as2_gazebo_assets/models/vase_large_3
[0.382s] -- Up-to-date: /root/aerostack2_ws/install/as2_gazebo_assets/share/as2_gazebo_assets/models/book_purple
[0.382s] -- Up-to-date: /root/aerostack2_ws/install/as2_gazebo_assets/share/as2_gazebo_assets/models/trash_bin
[0.382s] -- Up-to-date: /root/aerostack2_ws/install/as2_gazebo_assets/share/as2_gazebo_assets/models/sphere_yo
[0.382s] -- Up-to-date: /root/aerostack2_ws/install/as2_gazebo_assets/share/as2_gazebo_assets/models/debris_2_1
[0.382s] -- Up-to-date: /root/aerostack2_ws/install/as2_gazebo_assets/share/as2_gazebo_assets/models/cpr_office
[0.382s] -- Up-to-date: /root/aerostack2_ws/install/as2_gazebo_assets/share/as2_gazebo_assets/models/iris_opt_flow
[0.382s] -- Up-to-date: /root/aerostack2_ws/install/as2_gazebo_assets/share/as2_gazebo_assets/models/file_box_2
[0.382s] -- Up-to-date: /root/aerostack2_ws/install/as2_gazebo_assets/share/as2_gazebo_assets/models/pen_blue
[0.382s] -- Up-to-date: /root/aerostack2_ws/install/as2_gazebo_assets/share/as2_gazebo_assets/models/BoxesLargeOnPallet
[0.382s] -- Up-to-date: /root/aerostack2_ws/install/as2_gazebo_assets/share/as2_gazebo_assets/models/newspaper_3
[0.383s] -- Up-to-date: /root/aerostack2_ws/install/as2_gazebo_assets/share/as2_gazebo_assets/models/polycarbonate_panel_1_5m
[0.383s] -- Up-to-date: /root/aerostack2_ws/install/as2_gazebo_assets/share/as2_gazebo_assets/models/caddy_red
[0.383s] -- Up-to-date: /root/aerostack2_ws/install/as2_gazebo_assets/share/as2_gazebo_assets/models/file_box_1
[0.383s] -- Up-to-date: /root/aerostack2_ws/install/as2_gazebo_assets/share/as2_gazebo_assets/models/eraser
[0.383s] -- Up-to-date: /root/aerostack2_ws/install/as2_gazebo_assets/share/as2_gazebo_assets/models/bottle_white_wine
[0.383s] -- Up-to-date: /root/aerostack2_ws/install/as2_gazebo_assets/share/as2_gazebo_assets/models/brick_wall_hole_6
[0.383s] -- Up-to-date: /root/aerostack2_ws/install/as2_gazebo_assets/share/as2_gazebo_assets/models/cube_o
[0.383s] -- Up-to-date: /root/aerostack2_ws/install/as2_gazebo_assets/share/as2_gazebo_assets/models/lamp_table_small
[0.383s] -- Up-to-date: /root/aerostack2_ws/install/as2_gazebo_assets/share/as2_gazebo_assets/models/picture_frame_large_5
[0.383s] -- Up-to-date: /root/aerostack2_ws/install/as2_gazebo_assets/share/as2_gazebo_assets/models/file_1
[0.383s] -- Up-to-date: /root/aerostack2_ws/install/as2_gazebo_assets/share/as2_gazebo_assets/models/Floor
[0.383s] -- Up-to-date: /root/aerostack2_ws/install/as2_gazebo_assets/share/as2_gazebo_assets/models/Box_24x15M
[0.383s] -- Up-to-date: /root/aerostack2_ws/install/as2_gazebo_assets/share/as2_gazebo_assets/models/brick_wall_hole_7
[0.383s] -- Up-to-date: /root/aerostack2_ws/install/as2_gazebo_assets/share/as2_gazebo_assets/models/side_table_set_1
[0.383s] -- Up-to-date: /root/aerostack2_ws/install/as2_gazebo_assets/share/as2_gazebo_assets/models/city_osm_roundabout
[0.383s] -- Up-to-date: /root/aerostack2_ws/install/as2_gazebo_assets/share/as2_gazebo_assets/models/cup_blue
[0.383s] -- Up-to-date: /root/aerostack2_ws/install/as2_gazebo_assets/share/as2_gazebo_assets/models/rgbd_camera
[0.383s] -- Up-to-date: /root/aerostack2_ws/install/as2_gazebo_assets/share/as2_gazebo_assets/models/rgbd_camera/rgbd_camera.sdf
[0.383s] -- Up-to-date: /root/aerostack2_ws/install/as2_gazebo_assets/share/as2_gazebo_assets/models/rgbd_camera/rgbd_camera.sdf.jinja
[0.383s] -- Up-to-date: /root/aerostack2_ws/install/as2_gazebo_assets/share/as2_gazebo_assets/models/rgbd_camera/model.config
[0.384s] -- Up-to-date: /root/aerostack2_ws/install/as2_gazebo_assets/share/as2_gazebo_assets/models/caddy_pink
[0.384s] -- Up-to-date: /root/aerostack2_ws/install/as2_gazebo_assets/share/as2_gazebo_assets/models/cyberzoo
[0.384s] -- Up-to-date: /root/aerostack2_ws/install/as2_gazebo_assets/share/as2_gazebo_assets/models/office_env
[0.384s] -- Up-to-date: /root/aerostack2_ws/install/as2_gazebo_assets/share/as2_gazebo_assets/models/vase_violet
[0.384s] -- Up-to-date: /root/aerostack2_ws/install/as2_gazebo_assets/share/as2_gazebo_assets/models/cylinder_r
[0.384s] -- Up-to-date: /root/aerostack2_ws/install/as2_gazebo_assets/share/as2_gazebo_assets/scripts
[0.384s] -- Up-to-date: /root/aerostack2_ws/install/as2_gazebo_assets/share/as2_gazebo_assets/scripts/jinja_gen.py
[0.384s] -- Up-to-date: /root/aerostack2_ws/install/as2_gazebo_assets/share/ament_index/resource_index/package_run_dependencies/as2_gazebo_assets
[0.384s] -- Up-to-date: /root/aerostack2_ws/install/as2_gazebo_assets/share/ament_index/resource_index/parent_prefix_path/as2_gazebo_assets
[0.384s] -- Up-to-date: /root/aerostack2_ws/install/as2_gazebo_assets/share/as2_gazebo_assets/environment/ament_prefix_path.sh
[0.384s] -- Up-to-date: /root/aerostack2_ws/install/as2_gazebo_assets/share/as2_gazebo_assets/environment/ament_prefix_path.dsv
[0.384s] -- Up-to-date: /root/aerostack2_ws/install/as2_gazebo_assets/share/as2_gazebo_assets/environment/path.sh
[0.384s] -- Up-to-date: /root/aerostack2_ws/install/as2_gazebo_assets/share/as2_gazebo_assets/environment/path.dsv
[0.384s] -- Up-to-date: /root/aerostack2_ws/install/as2_gazebo_assets/share/as2_gazebo_assets/local_setup.bash
[0.384s] -- Up-to-date: /root/aerostack2_ws/install/as2_gazebo_assets/share/as2_gazebo_assets/local_setup.sh
[0.385s] -- Up-to-date: /root/aerostack2_ws/install/as2_gazebo_assets/share/as2_gazebo_assets/local_setup.zsh
[0.385s] -- Up-to-date: /root/aerostack2_ws/install/as2_gazebo_assets/share/as2_gazebo_assets/local_setup.dsv
[0.385s] -- Installing: /root/aerostack2_ws/install/as2_gazebo_assets/share/as2_gazebo_assets/package.dsv
[0.385s] -- Up-to-date: /root/aerostack2_ws/install/as2_gazebo_assets/share/ament_index/resource_index/packages/as2_gazebo_assets
[0.385s] -- Up-to-date: /root/aerostack2_ws/install/as2_gazebo_assets/share/as2_gazebo_assets/cmake/as2_gazebo_assetsConfig.cmake
[0.385s] -- Up-to-date: /root/aerostack2_ws/install/as2_gazebo_assets/share/as2_gazebo_assets/cmake/as2_gazebo_assetsConfig-version.cmake
[0.385s] -- Up-to-date: /root/aerostack2_ws/install/as2_gazebo_assets/share/as2_gazebo_assets/package.xml
[0.385s] Invoked command in '/root/aerostack2_ws/build/as2_gazebo_assets' returned '0': AMENT_PREFIX_PATH=/root/aerostack2_ws/install/as2_core:/root/aerostack2_ws/install/as2_msgs:${AMENT_PREFIX_PATH} CMAKE_PREFIX_PATH=/root/aerostack2_ws/install/as2_core:/root/aerostack2_ws/install/as2_msgs:/opt/ros/humble LD_LIBRARY_PATH=/root/aerostack2_ws/install/as2_core/lib:/root/aerostack2_ws/install/as2_msgs/lib:${LD_LIBRARY_PATH} PYTHONPATH=/root/aerostack2_ws/install/as2_core/local/lib/python3.10/dist-packages:/root/aerostack2_ws/install/as2_msgs/local/lib/python3.10/dist-packages:${PYTHONPATH} /usr/bin/cmake --install /root/aerostack2_ws/build/as2_gazebo_assets
