[0.346s] Invoking command in '/root/aerostack2_ws/build/as2_swarm_person_interfaces': CMAKE_PREFIX_PATH=${CMAKE_PREFIX_PATH}:/root/aerostack2_ws/install/rmf_demos_tasks:/root/aerostack2_ws/install/rmf_demos_panel:/root/aerostack2_ws/install/rmf_demos_fleet_adapter:/root/aerostack2_ws/install/rmf_demos_dashboard_resources:/root/aerostack2_ws/install/rmf_demos_bridges:/root/aerostack2_ws/install/rmf_demos_assets:/root/aerostack2_ws/install/as2_visualization:/root/aerostack2_ws/install/as2_swarm_person_tracking:/root/aerostack2_ws/install/as2_swarm_ekf_people:/root/aerostack2_ws/install/as2_swarm_ci_fusion_people:/root/aerostack2_ws/install/as2_swarm_perception:/root/aerostack2_ws/install/as2_swarm_fusion_ci:/root/aerostack2_ws/install/as2_swarm_ekf:/root/aerostack2_ws/install/as2_keyboard_teleoperation:/root/aerostack2_ws/install/as2_python_api:/root/aerostack2_ws/install/as2_project_bringup:/root/aerostack2_ws/install/as2_perception:/root/aerostack2_ws/install/as2_groundray_perception:/opt/ros/humble /usr/bin/cmake --build /root/aerostack2_ws/build/as2_swarm_person_interfaces -- -j8 -l8
[3.217s] [  2%] Built target as2_swarm_person_interfaces__cpp
[3.217s] [  2%] Built target ament_cmake_python_symlink_as2_swarm_person_interfaces
[3.217s] [ 12%] Built target as2_swarm_person_interfaces__rosidl_typesupport_introspection_cpp
[3.217s] running egg_info
[3.217s] writing as2_swarm_person_interfaces.egg-info/PKG-INFO
[3.218s] writing dependency_links to as2_swarm_person_interfaces.egg-info/dependency_links.txt
[3.218s] writing top-level names to as2_swarm_person_interfaces.egg-info/top_level.txt
[3.218s] reading manifest file 'as2_swarm_person_interfaces.egg-info/SOURCES.txt'
[3.218s] writing manifest file 'as2_swarm_person_interfaces.egg-info/SOURCES.txt'
[3.218s] [ 12%] Built target ament_cmake_python_build_as2_swarm_person_interfaces_egg
[3.218s] [ 23%] Built target as2_swarm_person_interfaces__rosidl_typesupport_fastrtps_cpp
[3.218s] [ 33%] Built target as2_swarm_person_interfaces__rosidl_typesupport_cpp
[3.218s] [ 43%] Built target as2_swarm_person_interfaces__rosidl_generator_c
[3.218s] [ 53%] Built target as2_swarm_person_interfaces__rosidl_typesupport_fastrtps_c
[3.218s] [ 64%] Built target as2_swarm_person_interfaces__rosidl_typesupport_c
[3.218s] [ 74%] Built target as2_swarm_person_interfaces__rosidl_typesupport_introspection_c
[3.218s] [ 74%] Built target as2_swarm_person_interfaces
[3.218s] [ 76%] Built target as2_swarm_person_interfaces__py
[3.218s] [ 84%] Built target as2_swarm_person_interfaces__rosidl_generator_py
[3.226s] [ 89%] Built target as2_swarm_person_interfaces__rosidl_typesupport_fastrtps_c__pyext
[3.226s] [ 94%] Built target as2_swarm_person_interfaces__rosidl_typesupport_c__pyext
[3.226s] [100%] Built target as2_swarm_person_interfaces__rosidl_typesupport_introspection_c__pyext
[3.918s] Invoked command in '/root/aerostack2_ws/build/as2_swarm_person_interfaces' returned '0': CMAKE_PREFIX_PATH=${CMAKE_PREFIX_PATH}:/root/aerostack2_ws/install/rmf_demos_tasks:/root/aerostack2_ws/install/rmf_demos_panel:/root/aerostack2_ws/install/rmf_demos_fleet_adapter:/root/aerostack2_ws/install/rmf_demos_dashboard_resources:/root/aerostack2_ws/install/rmf_demos_bridges:/root/aerostack2_ws/install/rmf_demos_assets:/root/aerostack2_ws/install/as2_visualization:/root/aerostack2_ws/install/as2_swarm_person_tracking:/root/aerostack2_ws/install/as2_swarm_ekf_people:/root/aerostack2_ws/install/as2_swarm_ci_fusion_people:/root/aerostack2_ws/install/as2_swarm_perception:/root/aerostack2_ws/install/as2_swarm_fusion_ci:/root/aerostack2_ws/install/as2_swarm_ekf:/root/aerostack2_ws/install/as2_keyboard_teleoperation:/root/aerostack2_ws/install/as2_python_api:/root/aerostack2_ws/install/as2_project_bringup:/root/aerostack2_ws/install/as2_perception:/root/aerostack2_ws/install/as2_groundray_perception:/opt/ros/humble /usr/bin/cmake --build /root/aerostack2_ws/build/as2_swarm_person_interfaces -- -j8 -l8
[3.919s] Invoking command in '/root/aerostack2_ws/build/as2_swarm_person_interfaces': CMAKE_PREFIX_PATH=${CMAKE_PREFIX_PATH}:/root/aerostack2_ws/install/rmf_demos_tasks:/root/aerostack2_ws/install/rmf_demos_panel:/root/aerostack2_ws/install/rmf_demos_fleet_adapter:/root/aerostack2_ws/install/rmf_demos_dashboard_resources:/root/aerostack2_ws/install/rmf_demos_bridges:/root/aerostack2_ws/install/rmf_demos_assets:/root/aerostack2_ws/install/as2_visualization:/root/aerostack2_ws/install/as2_swarm_person_tracking:/root/aerostack2_ws/install/as2_swarm_ekf_people:/root/aerostack2_ws/install/as2_swarm_ci_fusion_people:/root/aerostack2_ws/install/as2_swarm_perception:/root/aerostack2_ws/install/as2_swarm_fusion_ci:/root/aerostack2_ws/install/as2_swarm_ekf:/root/aerostack2_ws/install/as2_keyboard_teleoperation:/root/aerostack2_ws/install/as2_python_api:/root/aerostack2_ws/install/as2_project_bringup:/root/aerostack2_ws/install/as2_perception:/root/aerostack2_ws/install/as2_groundray_perception:/opt/ros/humble /usr/bin/cmake --install /root/aerostack2_ws/build/as2_swarm_person_interfaces
[3.939s] -- Install configuration: ""
[3.940s] -- Execute custom install script
[3.967s] -- Up-to-date symlink: /root/aerostack2_ws/install/as2_swarm_person_interfaces/share/ament_index/resource_index/rosidl_interfaces/as2_swarm_person_interfaces
[3.967s] -- Up-to-date symlink: /root/aerostack2_ws/install/as2_swarm_person_interfaces/include/as2_swarm_person_interfaces/as2_swarm_person_interfaces/msg/detail/tracked_person__functions.h
[3.967s] -- Up-to-date symlink: /root/aerostack2_ws/install/as2_swarm_person_interfaces/include/as2_swarm_person_interfaces/as2_swarm_person_interfaces/msg/detail/tracked_person__struct.h
[3.968s] -- Up-to-date symlink: /root/aerostack2_ws/install/as2_swarm_person_interfaces/include/as2_swarm_person_interfaces/as2_swarm_person_interfaces/msg/detail/tracked_person__type_support.h
[3.968s] -- Up-to-date symlink: /root/aerostack2_ws/install/as2_swarm_person_interfaces/include/as2_swarm_person_interfaces/as2_swarm_person_interfaces/msg/detail/tracked_person_array__functions.h
[3.968s] -- Up-to-date symlink: /root/aerostack2_ws/install/as2_swarm_person_interfaces/include/as2_swarm_person_interfaces/as2_swarm_person_interfaces/msg/detail/tracked_person_array__struct.h
[3.968s] -- Up-to-date symlink: /root/aerostack2_ws/install/as2_swarm_person_interfaces/include/as2_swarm_person_interfaces/as2_swarm_person_interfaces/msg/detail/tracked_person_array__type_support.h
[3.968s] -- Up-to-date symlink: /root/aerostack2_ws/install/as2_swarm_person_interfaces/include/as2_swarm_person_interfaces/as2_swarm_person_interfaces/msg/rosidl_generator_c__visibility_control.h
[3.968s] -- Up-to-date symlink: /root/aerostack2_ws/install/as2_swarm_person_interfaces/include/as2_swarm_person_interfaces/as2_swarm_person_interfaces/msg/tracked_person.h
[3.968s] -- Up-to-date symlink: /root/aerostack2_ws/install/as2_swarm_person_interfaces/include/as2_swarm_person_interfaces/as2_swarm_person_interfaces/msg/tracked_person_array.h
[3.968s] -- Up-to-date symlink: /root/aerostack2_ws/install/as2_swarm_person_interfaces/share/as2_swarm_person_interfaces/environment/library_path.sh
[3.968s] -- Up-to-date symlink: /root/aerostack2_ws/install/as2_swarm_person_interfaces/share/as2_swarm_person_interfaces/environment/library_path.dsv
[3.968s] -- Up-to-date symlink: /root/aerostack2_ws/install/as2_swarm_person_interfaces/include/as2_swarm_person_interfaces/as2_swarm_person_interfaces/msg/detail/tracked_person__rosidl_typesupport_fastrtps_c.h
[3.969s] -- Up-to-date symlink: /root/aerostack2_ws/install/as2_swarm_person_interfaces/include/as2_swarm_person_interfaces/as2_swarm_person_interfaces/msg/detail/tracked_person_array__rosidl_typesupport_fastrtps_c.h
[3.987s] -- Up-to-date symlink: /root/aerostack2_ws/install/as2_swarm_person_interfaces/include/as2_swarm_person_interfaces/as2_swarm_person_interfaces/msg/rosidl_typesupport_fastrtps_c__visibility_control.h
[3.987s] -- Up-to-date symlink: /root/aerostack2_ws/install/as2_swarm_person_interfaces/include/as2_swarm_person_interfaces/as2_swarm_person_interfaces/msg/detail/tracked_person__rosidl_typesupport_introspection_c.h
[3.987s] -- Up-to-date symlink: /root/aerostack2_ws/install/as2_swarm_person_interfaces/include/as2_swarm_person_interfaces/as2_swarm_person_interfaces/msg/detail/tracked_person_array__rosidl_typesupport_introspection_c.h
[3.987s] -- Up-to-date symlink: /root/aerostack2_ws/install/as2_swarm_person_interfaces/include/as2_swarm_person_interfaces/as2_swarm_person_interfaces/msg/rosidl_typesupport_introspection_c__visibility_control.h
[3.988s] -- Up-to-date symlink: /root/aerostack2_ws/install/as2_swarm_person_interfaces/include/as2_swarm_person_interfaces/as2_swarm_person_interfaces/msg/detail/tracked_person__builder.hpp
[3.989s] -- Up-to-date symlink: /root/aerostack2_ws/install/as2_swarm_person_interfaces/include/as2_swarm_person_interfaces/as2_swarm_person_interfaces/msg/detail/tracked_person__struct.hpp
[3.989s] -- Up-to-date symlink: /root/aerostack2_ws/install/as2_swarm_person_interfaces/include/as2_swarm_person_interfaces/as2_swarm_person_interfaces/msg/detail/tracked_person__traits.hpp
[3.989s] -- Up-to-date symlink: /root/aerostack2_ws/install/as2_swarm_person_interfaces/include/as2_swarm_person_interfaces/as2_swarm_person_interfaces/msg/detail/tracked_person__type_support.hpp
[3.989s] -- Up-to-date symlink: /root/aerostack2_ws/install/as2_swarm_person_interfaces/include/as2_swarm_person_interfaces/as2_swarm_person_interfaces/msg/detail/tracked_person_array__builder.hpp
[3.989s] -- Up-to-date symlink: /root/aerostack2_ws/install/as2_swarm_person_interfaces/include/as2_swarm_person_interfaces/as2_swarm_person_interfaces/msg/detail/tracked_person_array__struct.hpp
[3.989s] -- Up-to-date symlink: /root/aerostack2_ws/install/as2_swarm_person_interfaces/include/as2_swarm_person_interfaces/as2_swarm_person_interfaces/msg/detail/tracked_person_array__traits.hpp
[3.989s] -- Up-to-date symlink: /root/aerostack2_ws/install/as2_swarm_person_interfaces/include/as2_swarm_person_interfaces/as2_swarm_person_interfaces/msg/detail/tracked_person_array__type_support.hpp
[3.989s] -- Up-to-date symlink: /root/aerostack2_ws/install/as2_swarm_person_interfaces/include/as2_swarm_person_interfaces/as2_swarm_person_interfaces/msg/rosidl_generator_cpp__visibility_control.hpp
[3.989s] -- Up-to-date symlink: /root/aerostack2_ws/install/as2_swarm_person_interfaces/include/as2_swarm_person_interfaces/as2_swarm_person_interfaces/msg/tracked_person.hpp
[3.989s] -- Up-to-date symlink: /root/aerostack2_ws/install/as2_swarm_person_interfaces/include/as2_swarm_person_interfaces/as2_swarm_person_interfaces/msg/tracked_person_array.hpp
[3.989s] -- Up-to-date symlink: /root/aerostack2_ws/install/as2_swarm_person_interfaces/include/as2_swarm_person_interfaces/as2_swarm_person_interfaces/msg/detail/tracked_person__rosidl_typesupport_fastrtps_cpp.hpp
[3.989s] -- Up-to-date symlink: /root/aerostack2_ws/install/as2_swarm_person_interfaces/include/as2_swarm_person_interfaces/as2_swarm_person_interfaces/msg/detail/tracked_person_array__rosidl_typesupport_fastrtps_cpp.hpp
[3.994s] -- Up-to-date symlink: /root/aerostack2_ws/install/as2_swarm_person_interfaces/include/as2_swarm_person_interfaces/as2_swarm_person_interfaces/msg/rosidl_typesupport_fastrtps_cpp__visibility_control.h
[3.994s] -- Up-to-date symlink: /root/aerostack2_ws/install/as2_swarm_person_interfaces/include/as2_swarm_person_interfaces/as2_swarm_person_interfaces/msg/detail/tracked_person__rosidl_typesupport_introspection_cpp.hpp
[3.994s] -- Up-to-date symlink: /root/aerostack2_ws/install/as2_swarm_person_interfaces/include/as2_swarm_person_interfaces/as2_swarm_person_interfaces/msg/detail/tracked_person_array__rosidl_typesupport_introspection_cpp.hpp
[3.994s] -- Up-to-date symlink: /root/aerostack2_ws/install/as2_swarm_person_interfaces/share/as2_swarm_person_interfaces/environment/pythonpath.sh
[3.994s] -- Up-to-date symlink: /root/aerostack2_ws/install/as2_swarm_person_interfaces/share/as2_swarm_person_interfaces/environment/pythonpath.dsv
[3.994s] -- Up-to-date symlink: /root/aerostack2_ws/install/as2_swarm_person_interfaces/local/lib/python3.10/dist-packages/as2_swarm_person_interfaces-0.0.0-py3.10.egg-info/PKG-INFO
[3.994s] -- Up-to-date symlink: /root/aerostack2_ws/install/as2_swarm_person_interfaces/local/lib/python3.10/dist-packages/as2_swarm_person_interfaces-0.0.0-py3.10.egg-info/SOURCES.txt
[3.994s] -- Up-to-date symlink: /root/aerostack2_ws/install/as2_swarm_person_interfaces/local/lib/python3.10/dist-packages/as2_swarm_person_interfaces-0.0.0-py3.10.egg-info/dependency_links.txt
[3.994s] -- Up-to-date symlink: /root/aerostack2_ws/install/as2_swarm_person_interfaces/local/lib/python3.10/dist-packages/as2_swarm_person_interfaces-0.0.0-py3.10.egg-info/top_level.txt
[3.994s] -- Up-to-date symlink: /root/aerostack2_ws/install/as2_swarm_person_interfaces/local/lib/python3.10/dist-packages/as2_swarm_person_interfaces/__init__.py
[3.994s] -- Up-to-date symlink: /root/aerostack2_ws/install/as2_swarm_person_interfaces/local/lib/python3.10/dist-packages/as2_swarm_person_interfaces/_as2_swarm_person_interfaces_s.ep.rosidl_typesupport_c.c
[3.995s] -- Up-to-date symlink: /root/aerostack2_ws/install/as2_swarm_person_interfaces/local/lib/python3.10/dist-packages/as2_swarm_person_interfaces/_as2_swarm_person_interfaces_s.ep.rosidl_typesupport_fastrtps_c.c
[3.995s] -- Up-to-date symlink: /root/aerostack2_ws/install/as2_swarm_person_interfaces/local/lib/python3.10/dist-packages/as2_swarm_person_interfaces/_as2_swarm_person_interfaces_s.ep.rosidl_typesupport_introspection_c.c
[3.995s] -- Up-to-date symlink: /root/aerostack2_ws/install/as2_swarm_person_interfaces/local/lib/python3.10/dist-packages/as2_swarm_person_interfaces/as2_swarm_person_interfaces_s__rosidl_typesupport_c.cpython-310-x86_64-linux-gnu.so
[3.995s] -- Up-to-date symlink: /root/aerostack2_ws/install/as2_swarm_person_interfaces/local/lib/python3.10/dist-packages/as2_swarm_person_interfaces/as2_swarm_person_interfaces_s__rosidl_typesupport_fastrtps_c.cpython-310-x86_64-linux-gnu.so
[3.995s] -- Up-to-date symlink: /root/aerostack2_ws/install/as2_swarm_person_interfaces/local/lib/python3.10/dist-packages/as2_swarm_person_interfaces/as2_swarm_person_interfaces_s__rosidl_typesupport_introspection_c.cpython-310-x86_64-linux-gnu.so
[3.995s] -- Up-to-date symlink: /root/aerostack2_ws/install/as2_swarm_person_interfaces/local/lib/python3.10/dist-packages/as2_swarm_person_interfaces/libas2_swarm_person_interfaces__rosidl_generator_py.so
[3.995s] -- Up-to-date symlink: /root/aerostack2_ws/install/as2_swarm_person_interfaces/local/lib/python3.10/dist-packages/as2_swarm_person_interfaces/msg/__init__.py
[3.995s] -- Up-to-date symlink: /root/aerostack2_ws/install/as2_swarm_person_interfaces/local/lib/python3.10/dist-packages/as2_swarm_person_interfaces/msg/_tracked_person.py
[3.995s] -- Up-to-date symlink: /root/aerostack2_ws/install/as2_swarm_person_interfaces/local/lib/python3.10/dist-packages/as2_swarm_person_interfaces/msg/_tracked_person_array.py
[3.995s] -- Up-to-date symlink: /root/aerostack2_ws/install/as2_swarm_person_interfaces/local/lib/python3.10/dist-packages/as2_swarm_person_interfaces/msg/_tracked_person_array_s.c
[3.995s] -- Up-to-date symlink: /root/aerostack2_ws/install/as2_swarm_person_interfaces/local/lib/python3.10/dist-packages/as2_swarm_person_interfaces/msg/_tracked_person_s.c
[3.996s] -- Up-to-date symlink: /root/aerostack2_ws/install/as2_swarm_person_interfaces/local/lib/python3.10/dist-packages/as2_swarm_person_interfaces/as2_swarm_person_interfaces_s__rosidl_typesupport_fastrtps_c.cpython-310-x86_64-linux-gnu.so
[3.996s] -- Up-to-date symlink: /root/aerostack2_ws/install/as2_swarm_person_interfaces/local/lib/python3.10/dist-packages/as2_swarm_person_interfaces/as2_swarm_person_interfaces_s__rosidl_typesupport_introspection_c.cpython-310-x86_64-linux-gnu.so
[3.996s] -- Up-to-date symlink: /root/aerostack2_ws/install/as2_swarm_person_interfaces/local/lib/python3.10/dist-packages/as2_swarm_person_interfaces/as2_swarm_person_interfaces_s__rosidl_typesupport_c.cpython-310-x86_64-linux-gnu.so
[3.996s] -- Up-to-date symlink: /root/aerostack2_ws/install/as2_swarm_person_interfaces/share/as2_swarm_person_interfaces/msg/TrackedPerson.idl
[3.996s] -- Up-to-date symlink: /root/aerostack2_ws/install/as2_swarm_person_interfaces/share/as2_swarm_person_interfaces/msg/TrackedPersonArray.idl
[3.996s] -- Up-to-date symlink: /root/aerostack2_ws/install/as2_swarm_person_interfaces/share/as2_swarm_person_interfaces/msg/TrackedPerson.msg
[3.996s] -- Up-to-date symlink: /root/aerostack2_ws/install/as2_swarm_person_interfaces/share/as2_swarm_person_interfaces/msg/TrackedPersonArray.msg
[3.996s] -- Up-to-date symlink: /root/aerostack2_ws/install/as2_swarm_person_interfaces/share/ament_index/resource_index/package_run_dependencies/as2_swarm_person_interfaces
[3.996s] -- Up-to-date symlink: /root/aerostack2_ws/install/as2_swarm_person_interfaces/share/ament_index/resource_index/parent_prefix_path/as2_swarm_person_interfaces
[3.996s] -- Up-to-date symlink: /root/aerostack2_ws/install/as2_swarm_person_interfaces/share/as2_swarm_person_interfaces/environment/ament_prefix_path.sh
[3.996s] -- Up-to-date symlink: /root/aerostack2_ws/install/as2_swarm_person_interfaces/share/as2_swarm_person_interfaces/environment/ament_prefix_path.dsv
[3.996s] -- Up-to-date symlink: /root/aerostack2_ws/install/as2_swarm_person_interfaces/share/as2_swarm_person_interfaces/environment/path.sh
[3.997s] -- Up-to-date symlink: /root/aerostack2_ws/install/as2_swarm_person_interfaces/share/as2_swarm_person_interfaces/environment/path.dsv
[3.997s] -- Up-to-date symlink: /root/aerostack2_ws/install/as2_swarm_person_interfaces/share/as2_swarm_person_interfaces/local_setup.bash
[3.997s] -- Up-to-date symlink: /root/aerostack2_ws/install/as2_swarm_person_interfaces/share/as2_swarm_person_interfaces/local_setup.sh
[3.997s] -- Up-to-date symlink: /root/aerostack2_ws/install/as2_swarm_person_interfaces/share/as2_swarm_person_interfaces/local_setup.zsh
[3.997s] -- Up-to-date symlink: /root/aerostack2_ws/install/as2_swarm_person_interfaces/share/as2_swarm_person_interfaces/local_setup.dsv
[3.997s] -- Symlinking: /root/aerostack2_ws/install/as2_swarm_person_interfaces/share/as2_swarm_person_interfaces/package.dsv
[4.060s] -- Up-to-date symlink: /root/aerostack2_ws/install/as2_swarm_person_interfaces/share/ament_index/resource_index/packages/as2_swarm_person_interfaces
[4.060s] -- Up-to-date symlink: /root/aerostack2_ws/install/as2_swarm_person_interfaces/share/as2_swarm_person_interfaces/cmake/rosidl_cmake-extras.cmake
[4.060s] -- Up-to-date symlink: /root/aerostack2_ws/install/as2_swarm_person_interfaces/share/as2_swarm_person_interfaces/cmake/ament_cmake_export_dependencies-extras.cmake
[4.060s] -- Up-to-date symlink: /root/aerostack2_ws/install/as2_swarm_person_interfaces/share/as2_swarm_person_interfaces/cmake/ament_cmake_export_include_directories-extras.cmake
[4.060s] -- Up-to-date symlink: /root/aerostack2_ws/install/as2_swarm_person_interfaces/share/as2_swarm_person_interfaces/cmake/ament_cmake_export_libraries-extras.cmake
[4.060s] -- Up-to-date symlink: /root/aerostack2_ws/install/as2_swarm_person_interfaces/share/as2_swarm_person_interfaces/cmake/ament_cmake_export_targets-extras.cmake
[4.060s] -- Up-to-date symlink: /root/aerostack2_ws/install/as2_swarm_person_interfaces/share/as2_swarm_person_interfaces/cmake/rosidl_cmake_export_typesupport_targets-extras.cmake
[4.065s] -- Up-to-date symlink: /root/aerostack2_ws/install/as2_swarm_person_interfaces/share/as2_swarm_person_interfaces/cmake/rosidl_cmake_export_typesupport_libraries-extras.cmake
[4.076s] -- Up-to-date symlink: /root/aerostack2_ws/install/as2_swarm_person_interfaces/share/as2_swarm_person_interfaces/cmake/as2_swarm_person_interfacesConfig.cmake
[4.076s] -- Up-to-date symlink: /root/aerostack2_ws/install/as2_swarm_person_interfaces/share/as2_swarm_person_interfaces/cmake/as2_swarm_person_interfacesConfig-version.cmake
[4.076s] -- Up-to-date symlink: /root/aerostack2_ws/install/as2_swarm_person_interfaces/share/as2_swarm_person_interfaces/package.xml
[4.077s] -- Up-to-date: /root/aerostack2_ws/install/as2_swarm_person_interfaces/lib/libas2_swarm_person_interfaces__rosidl_generator_c.so
[4.077s] -- Up-to-date: /root/aerostack2_ws/install/as2_swarm_person_interfaces/lib/libas2_swarm_person_interfaces__rosidl_typesupport_fastrtps_c.so
[4.077s] -- Up-to-date: /root/aerostack2_ws/install/as2_swarm_person_interfaces/lib/libas2_swarm_person_interfaces__rosidl_typesupport_introspection_c.so
[4.077s] -- Up-to-date: /root/aerostack2_ws/install/as2_swarm_person_interfaces/lib/libas2_swarm_person_interfaces__rosidl_typesupport_c.so
[4.077s] -- Up-to-date: /root/aerostack2_ws/install/as2_swarm_person_interfaces/lib/libas2_swarm_person_interfaces__rosidl_typesupport_fastrtps_cpp.so
[4.077s] -- Up-to-date: /root/aerostack2_ws/install/as2_swarm_person_interfaces/lib/libas2_swarm_person_interfaces__rosidl_typesupport_introspection_cpp.so
[4.077s] -- Up-to-date: /root/aerostack2_ws/install/as2_swarm_person_interfaces/lib/libas2_swarm_person_interfaces__rosidl_typesupport_cpp.so
[4.430s] Listing '/root/aerostack2_ws/install/as2_swarm_person_interfaces/local/lib/python3.10/dist-packages/as2_swarm_person_interfaces'...
[4.430s] Listing '/root/aerostack2_ws/install/as2_swarm_person_interfaces/local/lib/python3.10/dist-packages/as2_swarm_person_interfaces/msg'...
[4.453s] -- Up-to-date: /root/aerostack2_ws/install/as2_swarm_person_interfaces/lib/libas2_swarm_person_interfaces__rosidl_generator_py.so
[4.453s] -- Up-to-date: /root/aerostack2_ws/install/as2_swarm_person_interfaces/share/as2_swarm_person_interfaces/cmake/export_as2_swarm_person_interfaces__rosidl_generator_cExport.cmake
[4.453s] -- Up-to-date: /root/aerostack2_ws/install/as2_swarm_person_interfaces/share/as2_swarm_person_interfaces/cmake/export_as2_swarm_person_interfaces__rosidl_generator_cExport-noconfig.cmake
[4.453s] -- Up-to-date: /root/aerostack2_ws/install/as2_swarm_person_interfaces/share/as2_swarm_person_interfaces/cmake/export_as2_swarm_person_interfaces__rosidl_typesupport_fastrtps_cExport.cmake
[4.453s] -- Up-to-date: /root/aerostack2_ws/install/as2_swarm_person_interfaces/share/as2_swarm_person_interfaces/cmake/export_as2_swarm_person_interfaces__rosidl_typesupport_fastrtps_cExport-noconfig.cmake
[4.453s] -- Up-to-date: /root/aerostack2_ws/install/as2_swarm_person_interfaces/share/as2_swarm_person_interfaces/cmake/as2_swarm_person_interfaces__rosidl_typesupport_introspection_cExport.cmake
[4.453s] -- Up-to-date: /root/aerostack2_ws/install/as2_swarm_person_interfaces/share/as2_swarm_person_interfaces/cmake/as2_swarm_person_interfaces__rosidl_typesupport_introspection_cExport-noconfig.cmake
[4.458s] -- Up-to-date: /root/aerostack2_ws/install/as2_swarm_person_interfaces/share/as2_swarm_person_interfaces/cmake/as2_swarm_person_interfaces__rosidl_typesupport_cExport.cmake
[4.459s] -- Up-to-date: /root/aerostack2_ws/install/as2_swarm_person_interfaces/share/as2_swarm_person_interfaces/cmake/as2_swarm_person_interfaces__rosidl_typesupport_cExport-noconfig.cmake
[4.459s] -- Up-to-date: /root/aerostack2_ws/install/as2_swarm_person_interfaces/share/as2_swarm_person_interfaces/cmake/export_as2_swarm_person_interfaces__rosidl_generator_cppExport.cmake
[4.459s] -- Up-to-date: /root/aerostack2_ws/install/as2_swarm_person_interfaces/share/as2_swarm_person_interfaces/cmake/export_as2_swarm_person_interfaces__rosidl_typesupport_fastrtps_cppExport.cmake
[4.459s] -- Up-to-date: /root/aerostack2_ws/install/as2_swarm_person_interfaces/share/as2_swarm_person_interfaces/cmake/export_as2_swarm_person_interfaces__rosidl_typesupport_fastrtps_cppExport-noconfig.cmake
[4.459s] -- Up-to-date: /root/aerostack2_ws/install/as2_swarm_person_interfaces/share/as2_swarm_person_interfaces/cmake/as2_swarm_person_interfaces__rosidl_typesupport_introspection_cppExport.cmake
[4.465s] -- Up-to-date: /root/aerostack2_ws/install/as2_swarm_person_interfaces/share/as2_swarm_person_interfaces/cmake/as2_swarm_person_interfaces__rosidl_typesupport_introspection_cppExport-noconfig.cmake
[4.465s] -- Up-to-date: /root/aerostack2_ws/install/as2_swarm_person_interfaces/share/as2_swarm_person_interfaces/cmake/as2_swarm_person_interfaces__rosidl_typesupport_cppExport.cmake
[4.465s] -- Up-to-date: /root/aerostack2_ws/install/as2_swarm_person_interfaces/share/as2_swarm_person_interfaces/cmake/as2_swarm_person_interfaces__rosidl_typesupport_cppExport-noconfig.cmake
[4.465s] -- Up-to-date: /root/aerostack2_ws/install/as2_swarm_person_interfaces/share/as2_swarm_person_interfaces/cmake/export_as2_swarm_person_interfaces__rosidl_generator_pyExport.cmake
[4.465s] -- Up-to-date: /root/aerostack2_ws/install/as2_swarm_person_interfaces/share/as2_swarm_person_interfaces/cmake/export_as2_swarm_person_interfaces__rosidl_generator_pyExport-noconfig.cmake
[5.044s] Invoked command in '/root/aerostack2_ws/build/as2_swarm_person_interfaces' returned '0': CMAKE_PREFIX_PATH=${CMAKE_PREFIX_PATH}:/root/aerostack2_ws/install/rmf_demos_tasks:/root/aerostack2_ws/install/rmf_demos_panel:/root/aerostack2_ws/install/rmf_demos_fleet_adapter:/root/aerostack2_ws/install/rmf_demos_dashboard_resources:/root/aerostack2_ws/install/rmf_demos_bridges:/root/aerostack2_ws/install/rmf_demos_assets:/root/aerostack2_ws/install/as2_visualization:/root/aerostack2_ws/install/as2_swarm_person_tracking:/root/aerostack2_ws/install/as2_swarm_ekf_people:/root/aerostack2_ws/install/as2_swarm_ci_fusion_people:/root/aerostack2_ws/install/as2_swarm_perception:/root/aerostack2_ws/install/as2_swarm_fusion_ci:/root/aerostack2_ws/install/as2_swarm_ekf:/root/aerostack2_ws/install/as2_keyboard_teleoperation:/root/aerostack2_ws/install/as2_python_api:/root/aerostack2_ws/install/as2_project_bringup:/root/aerostack2_ws/install/as2_perception:/root/aerostack2_ws/install/as2_groundray_perception:/opt/ros/humble /usr/bin/cmake --install /root/aerostack2_ws/build/as2_swarm_person_interfaces
