[2.222s] Invoking command in '/root/aerostack2_ws/src/aerostack2/as2_swarm_fusion_ci': PYTHONPATH=/root/aerostack2_ws/build/as2_swarm_fusion_ci/prefix_override:/usr/lib/python3/dist-packages/colcon_core/task/python/colcon_distutils_commands:/root/aerostack2_ws/install/as2_swarm_fusion_ci/lib/python3.10/site-packages:${PYTHONPATH} /usr/bin/python3 -W ignore:setup.py install is deprecated -W ignore:easy_install command is deprecated setup.py egg_info --egg-base ../../../build/as2_swarm_fusion_ci build --build-base /root/aerostack2_ws/build/as2_swarm_fusion_ci/build install --record /root/aerostack2_ws/build/as2_swarm_fusion_ci/install.log --single-version-externally-managed install_data
[2.672s] running egg_info
[2.675s] writing ../../../build/as2_swarm_fusion_ci/as2_swarm_fusion_ci.egg-info/PKG-INFO
[2.676s] writing dependency_links to ../../../build/as2_swarm_fusion_ci/as2_swarm_fusion_ci.egg-info/dependency_links.txt
[2.677s] writing entry points to ../../../build/as2_swarm_fusion_ci/as2_swarm_fusion_ci.egg-info/entry_points.txt
[2.678s] writing requirements to ../../../build/as2_swarm_fusion_ci/as2_swarm_fusion_ci.egg-info/requires.txt
[2.679s] writing top-level names to ../../../build/as2_swarm_fusion_ci/as2_swarm_fusion_ci.egg-info/top_level.txt
[2.684s] reading manifest file '../../../build/as2_swarm_fusion_ci/as2_swarm_fusion_ci.egg-info/SOURCES.txt'
[2.686s] writing manifest file '../../../build/as2_swarm_fusion_ci/as2_swarm_fusion_ci.egg-info/SOURCES.txt'
[2.687s] running build
[2.687s] running build_py
[2.688s] running install
[2.688s] running install_lib
[2.694s] running install_data
[2.695s] running install_egg_info
[2.700s] removing '/root/aerostack2_ws/install/as2_swarm_fusion_ci/lib/python3.10/site-packages/as2_swarm_fusion_ci-0.0.1-py3.10.egg-info' (and everything under it)
[2.701s] Copying ../../../build/as2_swarm_fusion_ci/as2_swarm_fusion_ci.egg-info to /root/aerostack2_ws/install/as2_swarm_fusion_ci/lib/python3.10/site-packages/as2_swarm_fusion_ci-0.0.1-py3.10.egg-info
[2.703s] running install_scripts
[2.742s] Installing swarm_ci_fusion_node script to /root/aerostack2_ws/install/as2_swarm_fusion_ci/lib/as2_swarm_fusion_ci
[2.742s] writing list of installed files to '/root/aerostack2_ws/build/as2_swarm_fusion_ci/install.log'
[2.781s] Invoked command in '/root/aerostack2_ws/src/aerostack2/as2_swarm_fusion_ci' returned '0': PYTHONPATH=/root/aerostack2_ws/build/as2_swarm_fusion_ci/prefix_override:/usr/lib/python3/dist-packages/colcon_core/task/python/colcon_distutils_commands:/root/aerostack2_ws/install/as2_swarm_fusion_ci/lib/python3.10/site-packages:${PYTHONPATH} /usr/bin/python3 -W ignore:setup.py install is deprecated -W ignore:easy_install command is deprecated setup.py egg_info --egg-base ../../../build/as2_swarm_fusion_ci build --build-base /root/aerostack2_ws/build/as2_swarm_fusion_ci/build install --record /root/aerostack2_ws/build/as2_swarm_fusion_ci/install.log --single-version-externally-managed install_data
