[0.604s] Invoking command in '/root/aerostack2_ws/src/aerostack2/as2_python_api': AMENT_PREFIX_PATH=/root/aerostack2_ws/install/as2_motion_reference_handlers:/root/aerostack2_ws/install/as2_core:/root/aerostack2_ws/install/as2_msgs:${AMENT_PREFIX_PATH} CMAKE_PREFIX_PATH=/root/aerostack2_ws/install/as2_motion_reference_handlers:/root/aerostack2_ws/install/as2_core:/root/aerostack2_ws/install/as2_msgs LD_LIBRARY_PATH=/root/aerostack2_ws/install/as2_motion_reference_handlers/lib:/root/aerostack2_ws/install/as2_core/lib:/root/aerostack2_ws/install/as2_msgs/lib:${LD_LIBRARY_PATH} PYTHONPATH=/root/aerostack2_ws/build/as2_python_api/prefix_override:/usr/lib/python3/dist-packages/colcon_core/task/python/colcon_distutils_commands:/root/aerostack2_ws/install/as2_python_api/lib/python3.10/site-packages:/root/aerostack2_ws/install/as2_motion_reference_handlers/local/lib/python3.10/dist-packages:/root/aerostack2_ws/install/as2_core/local/lib/python3.10/dist-packages:/root/aerostack2_ws/install/as2_msgs/local/lib/python3.10/dist-packages:${PYTHONPATH} /usr/bin/python3 -W ignore:setup.py install is deprecated -W ignore:easy_install command is deprecated setup.py egg_info --egg-base ../../../build/as2_python_api build --build-base /root/aerostack2_ws/build/as2_python_api/build install --record /root/aerostack2_ws/build/as2_python_api/install.log --single-version-externally-managed install_data
[0.793s] running egg_info
[0.793s] creating ../../../build/as2_python_api/as2_python_api.egg-info
[0.793s] writing ../../../build/as2_python_api/as2_python_api.egg-info/PKG-INFO
[0.793s] writing dependency_links to ../../../build/as2_python_api/as2_python_api.egg-info/dependency_links.txt
[0.793s] writing entry points to ../../../build/as2_python_api/as2_python_api.egg-info/entry_points.txt
[0.794s] writing requirements to ../../../build/as2_python_api/as2_python_api.egg-info/requires.txt
[0.794s] writing top-level names to ../../../build/as2_python_api/as2_python_api.egg-info/top_level.txt
[0.794s] writing manifest file '../../../build/as2_python_api/as2_python_api.egg-info/SOURCES.txt'
[0.796s] reading manifest file '../../../build/as2_python_api/as2_python_api.egg-info/SOURCES.txt'
[0.796s] writing manifest file '../../../build/as2_python_api/as2_python_api.egg-info/SOURCES.txt'
[0.796s] running build
[0.796s] running build_py
[0.797s] creating /root/aerostack2_ws/build/as2_python_api/build
[0.797s] creating /root/aerostack2_ws/build/as2_python_api/build/lib
[0.797s] creating /root/aerostack2_ws/build/as2_python_api/build/lib/as2_python_api
[0.797s] copying as2_python_api/__init__.py -> /root/aerostack2_ws/build/as2_python_api/build/lib/as2_python_api
[0.798s] copying as2_python_api/drone_interface_gps.py -> /root/aerostack2_ws/build/as2_python_api/build/lib/as2_python_api
[0.799s] copying as2_python_api/drone_interface_teleop.py -> /root/aerostack2_ws/build/as2_python_api/build/lib/as2_python_api
[0.800s] copying as2_python_api/drone_interface_base.py -> /root/aerostack2_ws/build/as2_python_api/build/lib/as2_python_api
[0.800s] copying as2_python_api/drone_interface.py -> /root/aerostack2_ws/build/as2_python_api/build/lib/as2_python_api
[0.801s] creating /root/aerostack2_ws/build/as2_python_api/build/lib/as2_python_api/mission_interpreter
[0.801s] copying as2_python_api/mission_interpreter/ros2_adapter.py -> /root/aerostack2_ws/build/as2_python_api/build/lib/as2_python_api/mission_interpreter
[0.801s] copying as2_python_api/mission_interpreter/__init__.py -> /root/aerostack2_ws/build/as2_python_api/build/lib/as2_python_api/mission_interpreter
[0.801s] copying as2_python_api/mission_interpreter/mission_stack.py -> /root/aerostack2_ws/build/as2_python_api/build/lib/as2_python_api/mission_interpreter
[0.802s] copying as2_python_api/mission_interpreter/mission_interpreter.py -> /root/aerostack2_ws/build/as2_python_api/build/lib/as2_python_api/mission_interpreter
[0.802s] copying as2_python_api/mission_interpreter/mission.py -> /root/aerostack2_ws/build/as2_python_api/build/lib/as2_python_api/mission_interpreter
[0.802s] creating /root/aerostack2_ws/build/as2_python_api/build/lib/as2_python_api/tools
[0.802s] copying as2_python_api/tools/__init__.py -> /root/aerostack2_ws/build/as2_python_api/build/lib/as2_python_api/tools
[0.802s] copying as2_python_api/tools/utils.py -> /root/aerostack2_ws/build/as2_python_api/build/lib/as2_python_api/tools
[0.803s] creating /root/aerostack2_ws/build/as2_python_api/build/lib/as2_python_api/behavior_manager
[0.803s] copying as2_python_api/behavior_manager/behavior_manager.py -> /root/aerostack2_ws/build/as2_python_api/build/lib/as2_python_api/behavior_manager
[0.803s] copying as2_python_api/behavior_manager/__init__.py -> /root/aerostack2_ws/build/as2_python_api/build/lib/as2_python_api/behavior_manager
[0.803s] creating /root/aerostack2_ws/build/as2_python_api/build/lib/as2_python_api/service_clients
[0.803s] copying as2_python_api/service_clients/arming.py -> /root/aerostack2_ws/build/as2_python_api/build/lib/as2_python_api/service_clients
[0.803s] copying as2_python_api/service_clients/service_handler.py -> /root/aerostack2_ws/build/as2_python_api/build/lib/as2_python_api/service_clients
[0.804s] copying as2_python_api/service_clients/__init__.py -> /root/aerostack2_ws/build/as2_python_api/build/lib/as2_python_api/service_clients
[0.804s] copying as2_python_api/service_clients/offboard.py -> /root/aerostack2_ws/build/as2_python_api/build/lib/as2_python_api/service_clients
[0.804s] creating /root/aerostack2_ws/build/as2_python_api/build/lib/as2_python_api/behavior_actions
[0.804s] copying as2_python_api/behavior_actions/behavior_handler.py -> /root/aerostack2_ws/build/as2_python_api/build/lib/as2_python_api/behavior_actions
[0.804s] copying as2_python_api/behavior_actions/__init__.py -> /root/aerostack2_ws/build/as2_python_api/build/lib/as2_python_api/behavior_actions
[0.804s] copying as2_python_api/behavior_actions/takeoff_behavior.py -> /root/aerostack2_ws/build/as2_python_api/build/lib/as2_python_api/behavior_actions
[0.805s] copying as2_python_api/behavior_actions/go_to_behavior.py -> /root/aerostack2_ws/build/as2_python_api/build/lib/as2_python_api/behavior_actions
[0.805s] copying as2_python_api/behavior_actions/land_behavior.py -> /root/aerostack2_ws/build/as2_python_api/build/lib/as2_python_api/behavior_actions
[0.805s] copying as2_python_api/behavior_actions/point_gimbal_behavior.py -> /root/aerostack2_ws/build/as2_python_api/build/lib/as2_python_api/behavior_actions
[0.805s] copying as2_python_api/behavior_actions/trajectory_generation_behavior.py -> /root/aerostack2_ws/build/as2_python_api/build/lib/as2_python_api/behavior_actions
[0.805s] copying as2_python_api/behavior_actions/follow_reference_behavior.py -> /root/aerostack2_ws/build/as2_python_api/build/lib/as2_python_api/behavior_actions
[0.806s] copying as2_python_api/behavior_actions/followpath_behavior.py -> /root/aerostack2_ws/build/as2_python_api/build/lib/as2_python_api/behavior_actions
[0.807s] copying as2_python_api/behavior_actions/navigate_to_behavior.py -> /root/aerostack2_ws/build/as2_python_api/build/lib/as2_python_api/behavior_actions
[0.807s] creating /root/aerostack2_ws/build/as2_python_api/build/lib/as2_python_api/shared_data
[0.807s] copying as2_python_api/shared_data/pose_data.py -> /root/aerostack2_ws/build/as2_python_api/build/lib/as2_python_api/shared_data
[0.807s] copying as2_python_api/shared_data/platform_info_data.py -> /root/aerostack2_ws/build/as2_python_api/build/lib/as2_python_api/shared_data
[0.808s] copying as2_python_api/shared_data/gps_data.py -> /root/aerostack2_ws/build/as2_python_api/build/lib/as2_python_api/shared_data
[0.808s] copying as2_python_api/shared_data/__init__.py -> /root/aerostack2_ws/build/as2_python_api/build/lib/as2_python_api/shared_data
[0.808s] copying as2_python_api/shared_data/position_data.py -> /root/aerostack2_ws/build/as2_python_api/build/lib/as2_python_api/shared_data
[0.809s] copying as2_python_api/shared_data/twist_data.py -> /root/aerostack2_ws/build/as2_python_api/build/lib/as2_python_api/shared_data
[0.809s] copying as2_python_api/shared_data/orientation_data.py -> /root/aerostack2_ws/build/as2_python_api/build/lib/as2_python_api/shared_data
[0.809s] creating /root/aerostack2_ws/build/as2_python_api/build/lib/as2_python_api/modules
[0.809s] copying as2_python_api/modules/follow_path_module.py -> /root/aerostack2_ws/build/as2_python_api/build/lib/as2_python_api/modules
[0.810s] copying as2_python_api/modules/takeoff_module.py -> /root/aerostack2_ws/build/as2_python_api/build/lib/as2_python_api/modules
[0.810s] copying as2_python_api/modules/dummy_module.py -> /root/aerostack2_ws/build/as2_python_api/build/lib/as2_python_api/modules
[0.810s] copying as2_python_api/modules/follow_path_gps_module.py -> /root/aerostack2_ws/build/as2_python_api/build/lib/as2_python_api/modules
[0.810s] copying as2_python_api/modules/__init__.py -> /root/aerostack2_ws/build/as2_python_api/build/lib/as2_python_api/modules
[0.810s] copying as2_python_api/modules/point_gimbal_module.py -> /root/aerostack2_ws/build/as2_python_api/build/lib/as2_python_api/modules
[0.811s] copying as2_python_api/modules/land_module.py -> /root/aerostack2_ws/build/as2_python_api/build/lib/as2_python_api/modules
[0.811s] copying as2_python_api/modules/go_to_gps_module.py -> /root/aerostack2_ws/build/as2_python_api/build/lib/as2_python_api/modules
[0.811s] copying as2_python_api/modules/go_to_module.py -> /root/aerostack2_ws/build/as2_python_api/build/lib/as2_python_api/modules
[0.811s] copying as2_python_api/modules/motion_reference_handler_module.py -> /root/aerostack2_ws/build/as2_python_api/build/lib/as2_python_api/modules
[0.811s] copying as2_python_api/modules/rtl_module.py -> /root/aerostack2_ws/build/as2_python_api/build/lib/as2_python_api/modules
[0.812s] copying as2_python_api/modules/follow_reference_module.py -> /root/aerostack2_ws/build/as2_python_api/build/lib/as2_python_api/modules
[0.812s] copying as2_python_api/modules/gps_module.py -> /root/aerostack2_ws/build/as2_python_api/build/lib/as2_python_api/modules
[0.812s] copying as2_python_api/modules/navigate_to_module.py -> /root/aerostack2_ws/build/as2_python_api/build/lib/as2_python_api/modules
[0.812s] copying as2_python_api/modules/trajectory_generation_module.py -> /root/aerostack2_ws/build/as2_python_api/build/lib/as2_python_api/modules
[0.813s] copying as2_python_api/modules/module_base.py -> /root/aerostack2_ws/build/as2_python_api/build/lib/as2_python_api/modules
[0.814s] running install
[0.814s] running install_lib
[0.815s] creating /root/aerostack2_ws/install/as2_python_api/lib/python3.10/site-packages/as2_python_api
[0.815s] creating /root/aerostack2_ws/install/as2_python_api/lib/python3.10/site-packages/as2_python_api/mission_interpreter
[0.815s] copying /root/aerostack2_ws/build/as2_python_api/build/lib/as2_python_api/mission_interpreter/ros2_adapter.py -> /root/aerostack2_ws/install/as2_python_api/lib/python3.10/site-packages/as2_python_api/mission_interpreter
[0.815s] copying /root/aerostack2_ws/build/as2_python_api/build/lib/as2_python_api/mission_interpreter/__init__.py -> /root/aerostack2_ws/install/as2_python_api/lib/python3.10/site-packages/as2_python_api/mission_interpreter
[0.815s] copying /root/aerostack2_ws/build/as2_python_api/build/lib/as2_python_api/mission_interpreter/mission_stack.py -> /root/aerostack2_ws/install/as2_python_api/lib/python3.10/site-packages/as2_python_api/mission_interpreter
[0.815s] copying /root/aerostack2_ws/build/as2_python_api/build/lib/as2_python_api/mission_interpreter/mission_interpreter.py -> /root/aerostack2_ws/install/as2_python_api/lib/python3.10/site-packages/as2_python_api/mission_interpreter
[0.815s] copying /root/aerostack2_ws/build/as2_python_api/build/lib/as2_python_api/mission_interpreter/mission.py -> /root/aerostack2_ws/install/as2_python_api/lib/python3.10/site-packages/as2_python_api/mission_interpreter
[0.815s] copying /root/aerostack2_ws/build/as2_python_api/build/lib/as2_python_api/__init__.py -> /root/aerostack2_ws/install/as2_python_api/lib/python3.10/site-packages/as2_python_api
[0.815s] creating /root/aerostack2_ws/install/as2_python_api/lib/python3.10/site-packages/as2_python_api/tools
[0.815s] copying /root/aerostack2_ws/build/as2_python_api/build/lib/as2_python_api/tools/__init__.py -> /root/aerostack2_ws/install/as2_python_api/lib/python3.10/site-packages/as2_python_api/tools
[0.815s] copying /root/aerostack2_ws/build/as2_python_api/build/lib/as2_python_api/tools/utils.py -> /root/aerostack2_ws/install/as2_python_api/lib/python3.10/site-packages/as2_python_api/tools
[0.815s] creating /root/aerostack2_ws/install/as2_python_api/lib/python3.10/site-packages/as2_python_api/behavior_manager
[0.816s] copying /root/aerostack2_ws/build/as2_python_api/build/lib/as2_python_api/behavior_manager/behavior_manager.py -> /root/aerostack2_ws/install/as2_python_api/lib/python3.10/site-packages/as2_python_api/behavior_manager
[0.816s] copying /root/aerostack2_ws/build/as2_python_api/build/lib/as2_python_api/behavior_manager/__init__.py -> /root/aerostack2_ws/install/as2_python_api/lib/python3.10/site-packages/as2_python_api/behavior_manager
[0.816s] copying /root/aerostack2_ws/build/as2_python_api/build/lib/as2_python_api/drone_interface_gps.py -> /root/aerostack2_ws/install/as2_python_api/lib/python3.10/site-packages/as2_python_api
[0.816s] creating /root/aerostack2_ws/install/as2_python_api/lib/python3.10/site-packages/as2_python_api/service_clients
[0.816s] copying /root/aerostack2_ws/build/as2_python_api/build/lib/as2_python_api/service_clients/arming.py -> /root/aerostack2_ws/install/as2_python_api/lib/python3.10/site-packages/as2_python_api/service_clients
[0.816s] copying /root/aerostack2_ws/build/as2_python_api/build/lib/as2_python_api/service_clients/service_handler.py -> /root/aerostack2_ws/install/as2_python_api/lib/python3.10/site-packages/as2_python_api/service_clients
[0.816s] copying /root/aerostack2_ws/build/as2_python_api/build/lib/as2_python_api/service_clients/__init__.py -> /root/aerostack2_ws/install/as2_python_api/lib/python3.10/site-packages/as2_python_api/service_clients
[0.816s] copying /root/aerostack2_ws/build/as2_python_api/build/lib/as2_python_api/service_clients/offboard.py -> /root/aerostack2_ws/install/as2_python_api/lib/python3.10/site-packages/as2_python_api/service_clients
[0.816s] copying /root/aerostack2_ws/build/as2_python_api/build/lib/as2_python_api/drone_interface_teleop.py -> /root/aerostack2_ws/install/as2_python_api/lib/python3.10/site-packages/as2_python_api
[0.816s] copying /root/aerostack2_ws/build/as2_python_api/build/lib/as2_python_api/drone_interface_base.py -> /root/aerostack2_ws/install/as2_python_api/lib/python3.10/site-packages/as2_python_api
[0.816s] creating /root/aerostack2_ws/install/as2_python_api/lib/python3.10/site-packages/as2_python_api/behavior_actions
[0.816s] copying /root/aerostack2_ws/build/as2_python_api/build/lib/as2_python_api/behavior_actions/behavior_handler.py -> /root/aerostack2_ws/install/as2_python_api/lib/python3.10/site-packages/as2_python_api/behavior_actions
[0.816s] copying /root/aerostack2_ws/build/as2_python_api/build/lib/as2_python_api/behavior_actions/__init__.py -> /root/aerostack2_ws/install/as2_python_api/lib/python3.10/site-packages/as2_python_api/behavior_actions
[0.816s] copying /root/aerostack2_ws/build/as2_python_api/build/lib/as2_python_api/behavior_actions/takeoff_behavior.py -> /root/aerostack2_ws/install/as2_python_api/lib/python3.10/site-packages/as2_python_api/behavior_actions
[0.816s] copying /root/aerostack2_ws/build/as2_python_api/build/lib/as2_python_api/behavior_actions/go_to_behavior.py -> /root/aerostack2_ws/install/as2_python_api/lib/python3.10/site-packages/as2_python_api/behavior_actions
[0.816s] copying /root/aerostack2_ws/build/as2_python_api/build/lib/as2_python_api/behavior_actions/land_behavior.py -> /root/aerostack2_ws/install/as2_python_api/lib/python3.10/site-packages/as2_python_api/behavior_actions
[0.817s] copying /root/aerostack2_ws/build/as2_python_api/build/lib/as2_python_api/behavior_actions/point_gimbal_behavior.py -> /root/aerostack2_ws/install/as2_python_api/lib/python3.10/site-packages/as2_python_api/behavior_actions
[0.817s] copying /root/aerostack2_ws/build/as2_python_api/build/lib/as2_python_api/behavior_actions/trajectory_generation_behavior.py -> /root/aerostack2_ws/install/as2_python_api/lib/python3.10/site-packages/as2_python_api/behavior_actions
[0.817s] copying /root/aerostack2_ws/build/as2_python_api/build/lib/as2_python_api/behavior_actions/follow_reference_behavior.py -> /root/aerostack2_ws/install/as2_python_api/lib/python3.10/site-packages/as2_python_api/behavior_actions
[0.817s] copying /root/aerostack2_ws/build/as2_python_api/build/lib/as2_python_api/behavior_actions/followpath_behavior.py -> /root/aerostack2_ws/install/as2_python_api/lib/python3.10/site-packages/as2_python_api/behavior_actions
[0.817s] copying /root/aerostack2_ws/build/as2_python_api/build/lib/as2_python_api/behavior_actions/navigate_to_behavior.py -> /root/aerostack2_ws/install/as2_python_api/lib/python3.10/site-packages/as2_python_api/behavior_actions
[0.817s] copying /root/aerostack2_ws/build/as2_python_api/build/lib/as2_python_api/drone_interface.py -> /root/aerostack2_ws/install/as2_python_api/lib/python3.10/site-packages/as2_python_api
[0.817s] creating /root/aerostack2_ws/install/as2_python_api/lib/python3.10/site-packages/as2_python_api/shared_data
[0.817s] copying /root/aerostack2_ws/build/as2_python_api/build/lib/as2_python_api/shared_data/pose_data.py -> /root/aerostack2_ws/install/as2_python_api/lib/python3.10/site-packages/as2_python_api/shared_data
[0.817s] copying /root/aerostack2_ws/build/as2_python_api/build/lib/as2_python_api/shared_data/platform_info_data.py -> /root/aerostack2_ws/install/as2_python_api/lib/python3.10/site-packages/as2_python_api/shared_data
[0.817s] copying /root/aerostack2_ws/build/as2_python_api/build/lib/as2_python_api/shared_data/gps_data.py -> /root/aerostack2_ws/install/as2_python_api/lib/python3.10/site-packages/as2_python_api/shared_data
[0.817s] copying /root/aerostack2_ws/build/as2_python_api/build/lib/as2_python_api/shared_data/__init__.py -> /root/aerostack2_ws/install/as2_python_api/lib/python3.10/site-packages/as2_python_api/shared_data
[0.817s] copying /root/aerostack2_ws/build/as2_python_api/build/lib/as2_python_api/shared_data/position_data.py -> /root/aerostack2_ws/install/as2_python_api/lib/python3.10/site-packages/as2_python_api/shared_data
[0.817s] copying /root/aerostack2_ws/build/as2_python_api/build/lib/as2_python_api/shared_data/twist_data.py -> /root/aerostack2_ws/install/as2_python_api/lib/python3.10/site-packages/as2_python_api/shared_data
[0.817s] copying /root/aerostack2_ws/build/as2_python_api/build/lib/as2_python_api/shared_data/orientation_data.py -> /root/aerostack2_ws/install/as2_python_api/lib/python3.10/site-packages/as2_python_api/shared_data
[0.817s] creating /root/aerostack2_ws/install/as2_python_api/lib/python3.10/site-packages/as2_python_api/modules
[0.818s] copying /root/aerostack2_ws/build/as2_python_api/build/lib/as2_python_api/modules/follow_path_module.py -> /root/aerostack2_ws/install/as2_python_api/lib/python3.10/site-packages/as2_python_api/modules
[0.818s] copying /root/aerostack2_ws/build/as2_python_api/build/lib/as2_python_api/modules/takeoff_module.py -> /root/aerostack2_ws/install/as2_python_api/lib/python3.10/site-packages/as2_python_api/modules
[0.818s] copying /root/aerostack2_ws/build/as2_python_api/build/lib/as2_python_api/modules/dummy_module.py -> /root/aerostack2_ws/install/as2_python_api/lib/python3.10/site-packages/as2_python_api/modules
[0.818s] copying /root/aerostack2_ws/build/as2_python_api/build/lib/as2_python_api/modules/follow_path_gps_module.py -> /root/aerostack2_ws/install/as2_python_api/lib/python3.10/site-packages/as2_python_api/modules
[0.818s] copying /root/aerostack2_ws/build/as2_python_api/build/lib/as2_python_api/modules/__init__.py -> /root/aerostack2_ws/install/as2_python_api/lib/python3.10/site-packages/as2_python_api/modules
[0.818s] copying /root/aerostack2_ws/build/as2_python_api/build/lib/as2_python_api/modules/point_gimbal_module.py -> /root/aerostack2_ws/install/as2_python_api/lib/python3.10/site-packages/as2_python_api/modules
[0.818s] copying /root/aerostack2_ws/build/as2_python_api/build/lib/as2_python_api/modules/land_module.py -> /root/aerostack2_ws/install/as2_python_api/lib/python3.10/site-packages/as2_python_api/modules
[0.818s] copying /root/aerostack2_ws/build/as2_python_api/build/lib/as2_python_api/modules/go_to_gps_module.py -> /root/aerostack2_ws/install/as2_python_api/lib/python3.10/site-packages/as2_python_api/modules
[0.818s] copying /root/aerostack2_ws/build/as2_python_api/build/lib/as2_python_api/modules/go_to_module.py -> /root/aerostack2_ws/install/as2_python_api/lib/python3.10/site-packages/as2_python_api/modules
[0.818s] copying /root/aerostack2_ws/build/as2_python_api/build/lib/as2_python_api/modules/motion_reference_handler_module.py -> /root/aerostack2_ws/install/as2_python_api/lib/python3.10/site-packages/as2_python_api/modules
[0.818s] copying /root/aerostack2_ws/build/as2_python_api/build/lib/as2_python_api/modules/rtl_module.py -> /root/aerostack2_ws/install/as2_python_api/lib/python3.10/site-packages/as2_python_api/modules
[0.818s] copying /root/aerostack2_ws/build/as2_python_api/build/lib/as2_python_api/modules/follow_reference_module.py -> /root/aerostack2_ws/install/as2_python_api/lib/python3.10/site-packages/as2_python_api/modules
[0.818s] copying /root/aerostack2_ws/build/as2_python_api/build/lib/as2_python_api/modules/gps_module.py -> /root/aerostack2_ws/install/as2_python_api/lib/python3.10/site-packages/as2_python_api/modules
[0.818s] copying /root/aerostack2_ws/build/as2_python_api/build/lib/as2_python_api/modules/navigate_to_module.py -> /root/aerostack2_ws/install/as2_python_api/lib/python3.10/site-packages/as2_python_api/modules
[0.818s] copying /root/aerostack2_ws/build/as2_python_api/build/lib/as2_python_api/modules/trajectory_generation_module.py -> /root/aerostack2_ws/install/as2_python_api/lib/python3.10/site-packages/as2_python_api/modules
[0.818s] copying /root/aerostack2_ws/build/as2_python_api/build/lib/as2_python_api/modules/module_base.py -> /root/aerostack2_ws/install/as2_python_api/lib/python3.10/site-packages/as2_python_api/modules
[0.819s] byte-compiling /root/aerostack2_ws/install/as2_python_api/lib/python3.10/site-packages/as2_python_api/mission_interpreter/ros2_adapter.py to ros2_adapter.cpython-310.pyc
[0.820s] byte-compiling /root/aerostack2_ws/install/as2_python_api/lib/python3.10/site-packages/as2_python_api/mission_interpreter/__init__.py to __init__.cpython-310.pyc
[0.820s] byte-compiling /root/aerostack2_ws/install/as2_python_api/lib/python3.10/site-packages/as2_python_api/mission_interpreter/mission_stack.py to mission_stack.cpython-310.pyc
[0.821s] byte-compiling /root/aerostack2_ws/install/as2_python_api/lib/python3.10/site-packages/as2_python_api/mission_interpreter/mission_interpreter.py to mission_interpreter.cpython-310.pyc
[0.823s] byte-compiling /root/aerostack2_ws/install/as2_python_api/lib/python3.10/site-packages/as2_python_api/mission_interpreter/mission.py to mission.cpython-310.pyc
[0.824s] byte-compiling /root/aerostack2_ws/install/as2_python_api/lib/python3.10/site-packages/as2_python_api/__init__.py to __init__.cpython-310.pyc
[0.825s] byte-compiling /root/aerostack2_ws/install/as2_python_api/lib/python3.10/site-packages/as2_python_api/tools/__init__.py to __init__.cpython-310.pyc
[0.825s] byte-compiling /root/aerostack2_ws/install/as2_python_api/lib/python3.10/site-packages/as2_python_api/tools/utils.py to utils.cpython-310.pyc
[0.825s] byte-compiling /root/aerostack2_ws/install/as2_python_api/lib/python3.10/site-packages/as2_python_api/behavior_manager/behavior_manager.py to behavior_manager.cpython-310.pyc
[0.827s] byte-compiling /root/aerostack2_ws/install/as2_python_api/lib/python3.10/site-packages/as2_python_api/behavior_manager/__init__.py to __init__.cpython-310.pyc
[0.827s] byte-compiling /root/aerostack2_ws/install/as2_python_api/lib/python3.10/site-packages/as2_python_api/drone_interface_gps.py to drone_interface_gps.cpython-310.pyc
[0.827s] byte-compiling /root/aerostack2_ws/install/as2_python_api/lib/python3.10/site-packages/as2_python_api/service_clients/arming.py to arming.cpython-310.pyc
[0.828s] byte-compiling /root/aerostack2_ws/install/as2_python_api/lib/python3.10/site-packages/as2_python_api/service_clients/service_handler.py to service_handler.cpython-310.pyc
[0.828s] byte-compiling /root/aerostack2_ws/install/as2_python_api/lib/python3.10/site-packages/as2_python_api/service_clients/__init__.py to __init__.cpython-310.pyc
[0.828s] byte-compiling /root/aerostack2_ws/install/as2_python_api/lib/python3.10/site-packages/as2_python_api/service_clients/offboard.py to offboard.cpython-310.pyc
[0.828s] byte-compiling /root/aerostack2_ws/install/as2_python_api/lib/python3.10/site-packages/as2_python_api/drone_interface_teleop.py to drone_interface_teleop.cpython-310.pyc
[0.829s] byte-compiling /root/aerostack2_ws/install/as2_python_api/lib/python3.10/site-packages/as2_python_api/drone_interface_base.py to drone_interface_base.cpython-310.pyc
[0.830s] byte-compiling /root/aerostack2_ws/install/as2_python_api/lib/python3.10/site-packages/as2_python_api/behavior_actions/behavior_handler.py to behavior_handler.cpython-310.pyc
[0.831s] byte-compiling /root/aerostack2_ws/install/as2_python_api/lib/python3.10/site-packages/as2_python_api/behavior_actions/__init__.py to __init__.cpython-310.pyc
[0.831s] byte-compiling /root/aerostack2_ws/install/as2_python_api/lib/python3.10/site-packages/as2_python_api/behavior_actions/takeoff_behavior.py to takeoff_behavior.cpython-310.pyc
[0.831s] byte-compiling /root/aerostack2_ws/install/as2_python_api/lib/python3.10/site-packages/as2_python_api/behavior_actions/go_to_behavior.py to go_to_behavior.cpython-310.pyc
[0.832s] byte-compiling /root/aerostack2_ws/install/as2_python_api/lib/python3.10/site-packages/as2_python_api/behavior_actions/land_behavior.py to land_behavior.cpython-310.pyc
[0.832s] byte-compiling /root/aerostack2_ws/install/as2_python_api/lib/python3.10/site-packages/as2_python_api/behavior_actions/point_gimbal_behavior.py to point_gimbal_behavior.cpython-310.pyc
[0.833s] byte-compiling /root/aerostack2_ws/install/as2_python_api/lib/python3.10/site-packages/as2_python_api/behavior_actions/trajectory_generation_behavior.py to trajectory_generation_behavior.cpython-310.pyc
[0.833s] byte-compiling /root/aerostack2_ws/install/as2_python_api/lib/python3.10/site-packages/as2_python_api/behavior_actions/follow_reference_behavior.py to follow_reference_behavior.cpython-310.pyc
[0.834s] byte-compiling /root/aerostack2_ws/install/as2_python_api/lib/python3.10/site-packages/as2_python_api/behavior_actions/followpath_behavior.py to followpath_behavior.cpython-310.pyc
[0.835s] byte-compiling /root/aerostack2_ws/install/as2_python_api/lib/python3.10/site-packages/as2_python_api/behavior_actions/navigate_to_behavior.py to navigate_to_behavior.cpython-310.pyc
[0.835s] byte-compiling /root/aerostack2_ws/install/as2_python_api/lib/python3.10/site-packages/as2_python_api/drone_interface.py to drone_interface.cpython-310.pyc
[0.836s] byte-compiling /root/aerostack2_ws/install/as2_python_api/lib/python3.10/site-packages/as2_python_api/shared_data/pose_data.py to pose_data.cpython-310.pyc
[0.836s] byte-compiling /root/aerostack2_ws/install/as2_python_api/lib/python3.10/site-packages/as2_python_api/shared_data/platform_info_data.py to platform_info_data.cpython-310.pyc
[0.836s] byte-compiling /root/aerostack2_ws/install/as2_python_api/lib/python3.10/site-packages/as2_python_api/shared_data/gps_data.py to gps_data.cpython-310.pyc
[0.837s] byte-compiling /root/aerostack2_ws/install/as2_python_api/lib/python3.10/site-packages/as2_python_api/shared_data/__init__.py to __init__.cpython-310.pyc
[0.837s] byte-compiling /root/aerostack2_ws/install/as2_python_api/lib/python3.10/site-packages/as2_python_api/shared_data/position_data.py to position_data.cpython-310.pyc
[0.837s] byte-compiling /root/aerostack2_ws/install/as2_python_api/lib/python3.10/site-packages/as2_python_api/shared_data/twist_data.py to twist_data.cpython-310.pyc
[0.838s] byte-compiling /root/aerostack2_ws/install/as2_python_api/lib/python3.10/site-packages/as2_python_api/shared_data/orientation_data.py to orientation_data.cpython-310.pyc
[0.838s] byte-compiling /root/aerostack2_ws/install/as2_python_api/lib/python3.10/site-packages/as2_python_api/modules/follow_path_module.py to follow_path_module.cpython-310.pyc
[0.839s] byte-compiling /root/aerostack2_ws/install/as2_python_api/lib/python3.10/site-packages/as2_python_api/modules/takeoff_module.py to takeoff_module.cpython-310.pyc
[0.839s] byte-compiling /root/aerostack2_ws/install/as2_python_api/lib/python3.10/site-packages/as2_python_api/modules/dummy_module.py to dummy_module.cpython-310.pyc
[0.839s] byte-compiling /root/aerostack2_ws/install/as2_python_api/lib/python3.10/site-packages/as2_python_api/modules/follow_path_gps_module.py to follow_path_gps_module.cpython-310.pyc
[0.840s] byte-compiling /root/aerostack2_ws/install/as2_python_api/lib/python3.10/site-packages/as2_python_api/modules/__init__.py to __init__.cpython-310.pyc
[0.840s] byte-compiling /root/aerostack2_ws/install/as2_python_api/lib/python3.10/site-packages/as2_python_api/modules/point_gimbal_module.py to point_gimbal_module.cpython-310.pyc
[0.840s] byte-compiling /root/aerostack2_ws/install/as2_python_api/lib/python3.10/site-packages/as2_python_api/modules/land_module.py to land_module.cpython-310.pyc
[0.840s] byte-compiling /root/aerostack2_ws/install/as2_python_api/lib/python3.10/site-packages/as2_python_api/modules/go_to_gps_module.py to go_to_gps_module.cpython-310.pyc
[0.841s] byte-compiling /root/aerostack2_ws/install/as2_python_api/lib/python3.10/site-packages/as2_python_api/modules/go_to_module.py to go_to_module.cpython-310.pyc
[0.842s] byte-compiling /root/aerostack2_ws/install/as2_python_api/lib/python3.10/site-packages/as2_python_api/modules/motion_reference_handler_module.py to motion_reference_handler_module.cpython-310.pyc
[0.842s] byte-compiling /root/aerostack2_ws/install/as2_python_api/lib/python3.10/site-packages/as2_python_api/modules/rtl_module.py to rtl_module.cpython-310.pyc
[0.842s] byte-compiling /root/aerostack2_ws/install/as2_python_api/lib/python3.10/site-packages/as2_python_api/modules/follow_reference_module.py to follow_reference_module.cpython-310.pyc
[0.843s] byte-compiling /root/aerostack2_ws/install/as2_python_api/lib/python3.10/site-packages/as2_python_api/modules/gps_module.py to gps_module.cpython-310.pyc
[0.844s] byte-compiling /root/aerostack2_ws/install/as2_python_api/lib/python3.10/site-packages/as2_python_api/modules/navigate_to_module.py to navigate_to_module.cpython-310.pyc
[0.844s] byte-compiling /root/aerostack2_ws/install/as2_python_api/lib/python3.10/site-packages/as2_python_api/modules/trajectory_generation_module.py to trajectory_generation_module.cpython-310.pyc
[0.845s] byte-compiling /root/aerostack2_ws/install/as2_python_api/lib/python3.10/site-packages/as2_python_api/modules/module_base.py to module_base.cpython-310.pyc
[0.845s] running install_data
[0.845s] creating /root/aerostack2_ws/install/as2_python_api/share/ament_index
[0.845s] creating /root/aerostack2_ws/install/as2_python_api/share/ament_index/resource_index
[0.845s] creating /root/aerostack2_ws/install/as2_python_api/share/ament_index/resource_index/packages
[0.845s] copying resource/as2_python_api -> /root/aerostack2_ws/install/as2_python_api/share/ament_index/resource_index/packages
[0.845s] creating /root/aerostack2_ws/install/as2_python_api/share/as2_python_api/hooks
[0.846s] copying hooks/resource_paths.sh -> /root/aerostack2_ws/install/as2_python_api/share/as2_python_api/hooks
[0.846s] copying package.xml -> /root/aerostack2_ws/install/as2_python_api/share/as2_python_api
[0.846s] running install_egg_info
[0.847s] Copying ../../../build/as2_python_api/as2_python_api.egg-info to /root/aerostack2_ws/install/as2_python_api/lib/python3.10/site-packages/as2_python_api-1.1.3-py3.10.egg-info
[0.848s] running install_scripts
[0.869s] Installing mission_executor script to /root/aerostack2_ws/install/as2_python_api/lib/as2_python_api
[0.870s] writing list of installed files to '/root/aerostack2_ws/build/as2_python_api/install.log'
[0.892s] Invoked command in '/root/aerostack2_ws/src/aerostack2/as2_python_api' returned '0': AMENT_PREFIX_PATH=/root/aerostack2_ws/install/as2_motion_reference_handlers:/root/aerostack2_ws/install/as2_core:/root/aerostack2_ws/install/as2_msgs:${AMENT_PREFIX_PATH} CMAKE_PREFIX_PATH=/root/aerostack2_ws/install/as2_motion_reference_handlers:/root/aerostack2_ws/install/as2_core:/root/aerostack2_ws/install/as2_msgs LD_LIBRARY_PATH=/root/aerostack2_ws/install/as2_motion_reference_handlers/lib:/root/aerostack2_ws/install/as2_core/lib:/root/aerostack2_ws/install/as2_msgs/lib:${LD_LIBRARY_PATH} PYTHONPATH=/root/aerostack2_ws/build/as2_python_api/prefix_override:/usr/lib/python3/dist-packages/colcon_core/task/python/colcon_distutils_commands:/root/aerostack2_ws/install/as2_python_api/lib/python3.10/site-packages:/root/aerostack2_ws/install/as2_motion_reference_handlers/local/lib/python3.10/dist-packages:/root/aerostack2_ws/install/as2_core/local/lib/python3.10/dist-packages:/root/aerostack2_ws/install/as2_msgs/local/lib/python3.10/dist-packages:${PYTHONPATH} /usr/bin/python3 -W ignore:setup.py install is deprecated -W ignore:easy_install command is deprecated setup.py egg_info --egg-base ../../../build/as2_python_api build --build-base /root/aerostack2_ws/build/as2_python_api/build install --record /root/aerostack2_ws/build/as2_python_api/install.log --single-version-externally-managed install_data
