[0.008s] Invoking command in '/root/aerostack2_ws/build/as2_behaviors_trajectory_generation': AMENT_PREFIX_PATH=/root/aerostack2_ws/install/as2_motion_reference_handlers:/root/aerostack2_ws/install/as2_behavior:/root/aerostack2_ws/install/as2_core:/root/aerostack2_ws/install/as2_msgs:${AMENT_PREFIX_PATH} CMAKE_PREFIX_PATH=/root/aerostack2_ws/install/as2_motion_reference_handlers:/root/aerostack2_ws/install/as2_behavior:/root/aerostack2_ws/install/as2_core:/root/aerostack2_ws/install/as2_msgs:/opt/ros/humble LD_LIBRARY_PATH=/root/aerostack2_ws/install/as2_motion_reference_handlers/lib:/root/aerostack2_ws/install/as2_behavior/lib:/root/aerostack2_ws/install/as2_core/lib:/root/aerostack2_ws/install/as2_msgs/lib:${LD_LIBRARY_PATH} PYTHONPATH=/root/aerostack2_ws/install/as2_motion_reference_handlers/local/lib/python3.10/dist-packages:/root/aerostack2_ws/install/as2_core/local/lib/python3.10/dist-packages:/root/aerostack2_ws/install/as2_msgs/local/lib/python3.10/dist-packages:${PYTHONPATH} /usr/bin/cmake /root/aerostack2_ws/src/aerostack2/as2_behaviors/as2_behaviors_trajectory_generation -DCMAKE_INSTALL_PREFIX=/root/aerostack2_ws/install/as2_behaviors_trajectory_generation
[0.041s] -- The C compiler identification is GNU 11.4.0
[0.075s] -- The CXX compiler identification is GNU 11.4.0
[0.080s] -- Detecting C compiler ABI info
[0.121s] -- Detecting C compiler ABI info - done
[0.125s] -- Check for working C compiler: /usr/bin/cc - skipped
[0.125s] -- Detecting C compile features
[0.126s] -- Detecting C compile features - done
[0.127s] -- Detecting CXX compiler ABI info
[0.176s] -- Detecting CXX compiler ABI info - done
[0.180s] -- Check for working CXX compiler: /usr/bin/c++ - skipped
[0.180s] -- Detecting CXX compile features
[0.181s] -- Detecting CXX compile features - done
[0.183s] -- Found ament_cmake: 1.3.12 (/opt/ros/humble/share/ament_cmake/cmake)
[0.285s] -- Found Python3: /usr/bin/python3 (found version "3.10.12") found components: Interpreter 
[0.350s] -- Found rclcpp: 16.0.15 (/opt/ros/humble/share/rclcpp/cmake)
[0.382s] -- Found rosidl_generator_c: 3.1.7 (/opt/ros/humble/share/rosidl_generator_c/cmake)
[0.386s] -- Found rosidl_adapter: 3.1.7 (/opt/ros/humble/share/rosidl_adapter/cmake)
[0.393s] -- Found rosidl_generator_cpp: 3.1.7 (/opt/ros/humble/share/rosidl_generator_cpp/cmake)
[0.402s] -- Using all available rosidl_typesupport_c: rosidl_typesupport_fastrtps_c;rosidl_typesupport_introspection_c
[0.415s] -- Using all available rosidl_typesupport_cpp: rosidl_typesupport_fastrtps_cpp;rosidl_typesupport_introspection_cpp
[0.449s] -- Found rmw_implementation_cmake: 6.1.2 (/opt/ros/humble/share/rmw_implementation_cmake/cmake)
[0.452s] -- Found rmw_fastrtps_cpp: 6.2.9 (/opt/ros/humble/share/rmw_fastrtps_cpp/cmake)
[0.513s] -- Found OpenSSL: /usr/lib/x86_64-linux-gnu/libcrypto.so (found version "3.0.2")  
[0.535s] -- Found FastRTPS: /opt/ros/humble/include  
[0.568s] -- Using RMW implementation 'rmw_fastrtps_cpp' as default
[0.574s] -- Looking for pthread.h
[0.619s] -- Looking for pthread.h - found
[0.620s] -- Performing Test CMAKE_HAVE_LIBC_PTHREAD
[0.665s] -- Performing Test CMAKE_HAVE_LIBC_PTHREAD - Success
[0.666s] -- Found Threads: TRUE  
[0.703s] -- Found std_srvs: 4.9.0 (/opt/ros/humble/share/std_srvs/cmake)
[0.709s] -- Found as2_core: 1.1.3 (/root/aerostack2_ws/install/as2_core/share/as2_core/cmake)
[0.711s] -- Created yaml-cpp::yaml-cpp alias from yaml-cpp target
[0.712s] -- Created GeographicLib::GeographicLib target from legacy variables
[0.818s] -- Found eigen3_cmake_module: 0.1.1 (/opt/ros/humble/share/eigen3_cmake_module/cmake)
[0.819s] -- Found Eigen3: TRUE (found version "3.4.0") 
[0.819s] -- Ensuring Eigen3 include directory is part of orocos-kdl CMake target
[0.923s] -- Found as2_behavior: 1.1.3 (/root/aerostack2_ws/install/as2_behavior/share/as2_behavior/cmake)
[0.925s] -- Found as2_motion_reference_handlers: 1.1.3 (/root/aerostack2_ws/install/as2_motion_reference_handlers/share/as2_motion_reference_handlers/cmake)
[0.959s] -- dynamic_trajectory_generator not found
[2.839s] -- Could not locate glog.
[3.744s] -- Looking for gflags namespace
[3.919s] -- Looking for gflags namespace - gflags
[3.923s] -- Could NOT find Unwind (missing: Unwind_INCLUDE_DIR Unwind_LIBRARY Unwind_PLATFORM_LIBRARY) 
[3.923s] -- Looking for C++ include unwind.h
[3.972s] -- Looking for C++ include unwind.h - found
[3.973s] -- Looking for _Unwind_Backtrace
[4.022s] -- Looking for _Unwind_Backtrace - found
[4.022s] -- Looking for C++ include dlfcn.h
[4.074s] -- Looking for C++ include dlfcn.h - found
[4.074s] -- Looking for C++ include execinfo.h
[4.124s] -- Looking for C++ include execinfo.h - found
[4.124s] -- Looking for C++ include glob.h
[4.173s] -- Looking for C++ include glob.h - found
[4.173s] -- Looking for C++ include inttypes.h
[4.223s] -- Looking for C++ include inttypes.h - found
[4.223s] -- Looking for C++ include memory.h
[4.275s] -- Looking for C++ include memory.h - found
[4.275s] -- Looking for C++ include pwd.h
[4.325s] -- Looking for C++ include pwd.h - found
[4.325s] -- Looking for C++ include stdint.h
[4.375s] -- Looking for C++ include stdint.h - found
[4.375s] -- Looking for C++ include strings.h
[4.426s] -- Looking for C++ include strings.h - found
[4.426s] -- Looking for C++ include sys/stat.h
[4.477s] -- Looking for C++ include sys/stat.h - found
[4.477s] -- Looking for C++ include sys/syscall.h
[4.526s] -- Looking for C++ include sys/syscall.h - found
[4.527s] -- Looking for C++ include sys/time.h
[4.578s] -- Looking for C++ include sys/time.h - found
[4.578s] -- Looking for C++ include sys/types.h
[4.629s] -- Looking for C++ include sys/types.h - found
[4.629s] -- Looking for C++ include sys/utsname.h
[4.681s] -- Looking for C++ include sys/utsname.h - found
[4.681s] -- Looking for C++ include sys/wait.h
[4.734s] -- Looking for C++ include sys/wait.h - found
[4.734s] -- Looking for C++ include syscall.h
[4.784s] -- Looking for C++ include syscall.h - found
[4.784s] -- Looking for C++ include syslog.h
[4.837s] -- Looking for C++ include syslog.h - found
[4.837s] -- Looking for C++ include ucontext.h
[4.892s] -- Looking for C++ include ucontext.h - found
[4.892s] -- Looking for C++ include unistd.h
[4.944s] -- Looking for C++ include unistd.h - found
[4.944s] -- Looking for C++ include ext/hash_map
[5.177s] -- Looking for C++ include ext/hash_map - found
[5.177s] -- Looking for C++ include ext/hash_set
[5.413s] -- Looking for C++ include ext/hash_set - found
[5.413s] -- Looking for C++ include ext/slist
[5.572s] -- Looking for C++ include ext/slist - found
[5.572s] -- Looking for C++ include tr1/unordered_map
[5.663s] -- Looking for C++ include tr1/unordered_map - found
[5.663s] -- Looking for C++ include tr1/unordered_set
[5.754s] -- Looking for C++ include tr1/unordered_set - found
[5.754s] -- Looking for C++ include unordered_map
[5.872s] -- Looking for C++ include unordered_map - found
[5.872s] -- Looking for C++ include unordered_set
[5.992s] -- Looking for C++ include unordered_set - found
[5.992s] -- Looking for C++ include stddef.h
[6.041s] -- Looking for C++ include stddef.h - found
[6.041s] -- Check size of unsigned __int16
[6.061s] -- Check size of unsigned __int16 - failed
[6.061s] -- Check size of u_int16_t
[6.113s] -- Check size of u_int16_t - done
[6.113s] -- Check size of uint16_t
[6.167s] -- Check size of uint16_t - done
[6.168s] -- Looking for dladdr
[6.214s] -- Looking for dladdr - found
[6.214s] -- Looking for fcntl
[6.261s] -- Looking for fcntl - found
[6.261s] -- Looking for pread
[6.304s] -- Looking for pread - found
[6.305s] -- Looking for pwrite
[6.347s] -- Looking for pwrite - found
[6.347s] -- Looking for sigaction
[6.391s] -- Looking for sigaction - found
[6.391s] -- Looking for sigaltstack
[6.437s] -- Looking for sigaltstack - found
[6.437s] -- Performing Test HAVE_NO_DEPRECATED
[6.486s] -- Performing Test HAVE_NO_DEPRECATED - Success
[6.487s] -- Performing Test HAVE_NO_UNNAMED_TYPE_TEMPLATE_ARGS
[6.512s] -- Performing Test HAVE_NO_UNNAMED_TYPE_TEMPLATE_ARGS - Failed
[6.512s] -- Looking for pthread_threadid_np
[6.536s] -- Looking for pthread_threadid_np - not found
[6.536s] -- Looking for snprintf
[6.589s] -- Looking for snprintf - found
[6.589s] -- Looking for UnDecorateSymbolName in dbghelp
[6.624s] -- Looking for UnDecorateSymbolName in dbghelp - not found
[6.624s] -- Performing Test HAVE___ATTRIBUTE__
[6.680s] -- Performing Test HAVE___ATTRIBUTE__ - Success
[6.681s] -- Performing Test HAVE___ATTRIBUTE__VISIBILITY_DEFAULT
[6.735s] -- Performing Test HAVE___ATTRIBUTE__VISIBILITY_DEFAULT - Success
[6.736s] -- Performing Test HAVE___ATTRIBUTE__VISIBILITY_HIDDEN
[6.790s] -- Performing Test HAVE___ATTRIBUTE__VISIBILITY_HIDDEN - Success
[6.790s] -- Performing Test HAVE___BUILTIN_EXPECT
[6.839s] -- Performing Test HAVE___BUILTIN_EXPECT - Success
[6.839s] -- Performing Test HAVE___SYNC_VAL_COMPARE_AND_SWAP
[6.891s] -- Performing Test HAVE___SYNC_VAL_COMPARE_AND_SWAP - Success
[6.892s] -- Performing Test HAVE_RWLOCK
[6.948s] -- Performing Test HAVE_RWLOCK - Success
[6.948s] -- Performing Test HAVE___DECLSPEC
[6.965s] -- Performing Test HAVE___DECLSPEC - Failed
[6.965s] -- Performing Test STL_NO_NAMESPACE
[7.018s] -- Performing Test STL_NO_NAMESPACE - Failed
[7.018s] -- Performing Test STL_STD_NAMESPACE
[7.130s] -- Performing Test STL_STD_NAMESPACE - Success
[7.130s] -- Performing Test HAVE_USING_OPERATOR
[7.322s] -- Performing Test HAVE_USING_OPERATOR - Success
[7.322s] -- Performing Test HAVE_NAMESPACES
[7.370s] -- Performing Test HAVE_NAMESPACES - Success
[7.370s] -- Performing Test HAVE_GCC_TLS
[7.419s] -- Performing Test HAVE_GCC_TLS - Success
[7.420s] -- Performing Test HAVE_MSVC_TLS
[7.437s] -- Performing Test HAVE_MSVC_TLS - Failed
[7.437s] -- Performing Test HAVE_CXX11_TLS
[7.485s] -- Performing Test HAVE_CXX11_TLS - Success
[7.485s] -- Performing Test HAVE_ALIGNED_STORAGE
[7.542s] -- Performing Test HAVE_ALIGNED_STORAGE - Success
[7.542s] -- Performing Test HAVE_CXX11_ATOMIC
[7.611s] -- Performing Test HAVE_CXX11_ATOMIC - Success
[7.611s] -- Performing Test HAVE_CXX11_CONSTEXPR
[7.659s] -- Performing Test HAVE_CXX11_CONSTEXPR - Success
[7.659s] -- Performing Test HAVE_CXX11_CHRONO
[7.738s] -- Performing Test HAVE_CXX11_CHRONO - Success
[7.738s] -- Performing Test HAVE_CXX11_NULLPTR_T
[7.789s] -- Performing Test HAVE_CXX11_NULLPTR_T - Success
[8.489s] -- Performing Test HAVE_LOCALTIME_R
[8.544s] -- Performing Test HAVE_LOCALTIME_R - Success
[8.547s] -- Performing Test COMPILER_HAS_HIDDEN_VISIBILITY
[8.595s] -- Performing Test COMPILER_HAS_HIDDEN_VISIBILITY - Success
[8.595s] -- Performing Test COMPILER_HAS_HIDDEN_INLINE_VISIBILITY
[8.644s] -- Performing Test COMPILER_HAS_HIDDEN_INLINE_VISIBILITY - Success
[8.644s] -- Performing Test COMPILER_HAS_DEPRECATED_ATTR
[8.693s] -- Performing Test COMPILER_HAS_DEPRECATED_ATTR - Success
[8.722s] -- GLOG Used config file: 
[8.734s] -- Could not locate NLopt.
[10.519s] -- NLopt version 2.7.1
[10.521s] -- Looking for getopt.h
[10.563s] -- Looking for getopt.h - found
[10.563s] -- Looking for time.h
[10.607s] -- Looking for time.h - found
[10.607s] -- Looking for getpid
[10.653s] -- Looking for getpid - found
[10.653s] -- Looking for syscall
[10.697s] -- Looking for syscall - found
[10.697s] -- Looking for isinf
[10.740s] -- Looking for isinf - found
[10.740s] -- Looking for isnan
[10.781s] -- Looking for isnan - found
[10.781s] -- Looking for gettimeofday
[10.823s] -- Looking for gettimeofday - found
[10.823s] -- Looking for qsort_r
[10.865s] -- Looking for qsort_r - found
[10.865s] -- Looking for time
[10.907s] -- Looking for time - found
[10.907s] -- Looking for copysign
[10.950s] -- Looking for copysign - found
[10.950s] -- Looking for getopt
[10.993s] -- Looking for getopt - found
[10.993s] -- Check size of uint32_t
[11.038s] -- Check size of uint32_t - done
[11.038s] -- Check size of unsigned int
[11.082s] -- Check size of unsigned int - done
[11.083s] -- Check size of unsigned long
[11.128s] -- Check size of unsigned long - done
[11.128s] -- Looking for sqrt in m
[11.174s] -- Looking for sqrt in m - found
[11.174s] -- Looking for fpclassify
[11.225s] -- Looking for fpclassify - TRUE
[11.225s] -- Performing Test HAVE_THREAD_LOCAL_STORAGE
[11.270s] -- Performing Test HAVE_THREAD_LOCAL_STORAGE - Success
[11.270s] -- Performing Test HAVE_THREAD_LOCAL_STORAGE
[11.287s] -- Performing Test HAVE_THREAD_LOCAL_STORAGE - Failed
[11.287s] -- Looking for __cplusplus
[11.337s] -- Looking for __cplusplus - found
[11.338s] -- Performing Test SUPPORTS_STDCXX11
[11.386s] -- Performing Test SUPPORTS_STDCXX11 - Success
[11.408s] -- Found PythonInterp: /usr/bin/python3.10 (found version "3.10.12") 
[11.412s] -- Found PythonLibs: /usr/lib/x86_64-linux-gnu/libpython3.10.so (found suitable exact version "3.10.12") 
[11.505s] -- Found NumPy: /usr/lib/python3/dist-packages/numpy/core/include (found version "1.21.5") 
[11.509s] -- Could NOT find Guile (missing: GUILE_EXECUTABLE GUILE_ROOT_DIR GUILE_INCLUDE_DIRS GUILE_LIBRARIES) 
[11.510s] -- Could NOT find SWIG (missing: SWIG_EXECUTABLE SWIG_DIR) 
[11.513s] -- Could NOT find Octave (missing: OCTAVE_EXECUTABLE OCTAVE_ROOT_DIR OCTAVE_INCLUDE_DIRS OCTAVE_LIBRARIES) 
[11.515s] -- Could NOT find Matlab (missing: Matlab_INCLUDE_DIRS Matlab_MEX_LIBRARY Matlab_MEX_EXTENSION Matlab_ROOT_DIR Matlab_MX_LIBRARY MX_LIBRARY MAIN_PROGRAM) (found version "NOTFOUND")
[11.531s] -- Used config file: /usr/lib/x86_64-linux-gnu/cmake/yaml-cpp/yaml-cpp-config.cmake
[11.531s] -- No yaml_cpp_catkin, using yaml-cpp system library instead.
[11.536s] -- Found visualization_msgs: 4.9.0 (/opt/ros/humble/share/visualization_msgs/cmake)
[11.557s] -- Found ament_lint_auto: 0.12.14 (/opt/ros/humble/share/ament_lint_auto/cmake)
[11.619s] -- Found gtest sources under '/opt/ros/humble/src/gtest_vendor': C++ tests using 'Google Test' will be built
[11.624s] -- Found ament_lint_auto: 0.12.14 (/opt/ros/humble/share/ament_lint_auto/cmake)
[11.671s] -- Added test 'copyright' to check source files copyright and LICENSE
[11.673s] -- Added test 'cppcheck' to perform static code analysis on C / C++ code
[11.673s] -- Configured cppcheck include dirs: 
[11.673s] -- Configured cppcheck exclude dirs and/or files: 
[11.675s] -- Added test 'cpplint' to check C / C++ code against the Google style
[11.675s] -- Configured cpplint exclude dirs and/or files: 
[11.675s] -- Added test 'flake8' to check Python code syntax and style conventions
[11.676s] -- Added test 'lint_cmake' to check CMake code style
[11.676s] -- Added test 'pep257' to check Python code against some of the docstring style conventions in PEP 257
[11.678s] -- Added test 'uncrustify' to check C / C++ code style
[11.678s] -- Configured uncrustify additional arguments: 
[11.678s] -- Added test 'xmllint' to check XML markup files
[11.680s] -- Configuring done
[11.783s] -- Generating done
[11.807s] -- Build files have been written to: /root/aerostack2_ws/build/as2_behaviors_trajectory_generation
[11.820s] Invoked command in '/root/aerostack2_ws/build/as2_behaviors_trajectory_generation' returned '0': AMENT_PREFIX_PATH=/root/aerostack2_ws/install/as2_motion_reference_handlers:/root/aerostack2_ws/install/as2_behavior:/root/aerostack2_ws/install/as2_core:/root/aerostack2_ws/install/as2_msgs:${AMENT_PREFIX_PATH} CMAKE_PREFIX_PATH=/root/aerostack2_ws/install/as2_motion_reference_handlers:/root/aerostack2_ws/install/as2_behavior:/root/aerostack2_ws/install/as2_core:/root/aerostack2_ws/install/as2_msgs:/opt/ros/humble LD_LIBRARY_PATH=/root/aerostack2_ws/install/as2_motion_reference_handlers/lib:/root/aerostack2_ws/install/as2_behavior/lib:/root/aerostack2_ws/install/as2_core/lib:/root/aerostack2_ws/install/as2_msgs/lib:${LD_LIBRARY_PATH} PYTHONPATH=/root/aerostack2_ws/install/as2_motion_reference_handlers/local/lib/python3.10/dist-packages:/root/aerostack2_ws/install/as2_core/local/lib/python3.10/dist-packages:/root/aerostack2_ws/install/as2_msgs/local/lib/python3.10/dist-packages:${PYTHONPATH} /usr/bin/cmake /root/aerostack2_ws/src/aerostack2/as2_behaviors/as2_behaviors_trajectory_generation -DCMAKE_INSTALL_PREFIX=/root/aerostack2_ws/install/as2_behaviors_trajectory_generation
[11.821s] Invoking command in '/root/aerostack2_ws/build/as2_behaviors_trajectory_generation': AMENT_PREFIX_PATH=/root/aerostack2_ws/install/as2_motion_reference_handlers:/root/aerostack2_ws/install/as2_behavior:/root/aerostack2_ws/install/as2_core:/root/aerostack2_ws/install/as2_msgs:${AMENT_PREFIX_PATH} CMAKE_PREFIX_PATH=/root/aerostack2_ws/install/as2_motion_reference_handlers:/root/aerostack2_ws/install/as2_behavior:/root/aerostack2_ws/install/as2_core:/root/aerostack2_ws/install/as2_msgs:/opt/ros/humble LD_LIBRARY_PATH=/root/aerostack2_ws/install/as2_motion_reference_handlers/lib:/root/aerostack2_ws/install/as2_behavior/lib:/root/aerostack2_ws/install/as2_core/lib:/root/aerostack2_ws/install/as2_msgs/lib:${LD_LIBRARY_PATH} PYTHONPATH=/root/aerostack2_ws/install/as2_motion_reference_handlers/local/lib/python3.10/dist-packages:/root/aerostack2_ws/install/as2_core/local/lib/python3.10/dist-packages:/root/aerostack2_ws/install/as2_msgs/local/lib/python3.10/dist-packages:${PYTHONPATH} /usr/bin/cmake --build /root/aerostack2_ws/build/as2_behaviors_trajectory_generation -- -j8 -l8
[11.860s] [  3%] [32mBuilding CXX object _deps/glog-build/CMakeFiles/glogbase.dir/src/demangle.cc.o[0m
[11.860s] [  3%] [32mBuilding CXX object _deps/glog-build/CMakeFiles/glogbase.dir/src/logging.cc.o[0m
[11.860s] [  5%] [32mBuilding CXX object _deps/glog-build/CMakeFiles/glogbase.dir/src/symbolize.cc.o[0m
[11.860s] [  3%] [32mBuilding CXX object gtest/CMakeFiles/gtest.dir/src/gtest-all.cc.o[0m
[11.860s] [  6%] [34m[1mGenerating nlopt.f[0m
[11.861s] [  5%] [32mBuilding CXX object _deps/glog-build/CMakeFiles/glogbase.dir/src/raw_logging.cc.o[0m
[11.861s] [  7%] [34m[1mGenerating nlopt.hpp[0m
[11.861s] [  8%] [32mBuilding CXX object gtest/CMakeFiles/gtest_main.dir/src/gtest_main.cc.o[0m
[11.882s] [  8%] Built target generate-fortran
[11.891s] [  9%] [32mBuilding CXX object _deps/glog-build/CMakeFiles/glogbase.dir/src/utilities.cc.o[0m
[11.901s] [  9%] Built target generate-cpp
[11.913s] [ 10%] [32mBuilding CXX object _deps/glog-build/CMakeFiles/glogbase.dir/src/vlog_is_on.cc.o[0m
[12.367s] [ 11%] [32mBuilding CXX object _deps/glog-build/CMakeFiles/glogbase.dir/src/signalhandler.cc.o[0m
[12.507s] [ 12%] [32mBuilding C object _deps/nlopt-build/CMakeFiles/nlopt.dir/src/algs/direct/DIRect.c.o[0m
[12.587s] [ 13%] [32mBuilding C object _deps/nlopt-build/CMakeFiles/nlopt.dir/src/algs/direct/direct_wrap.c.o[0m
[12.661s] [ 14%] [32mBuilding C object _deps/nlopt-build/CMakeFiles/nlopt.dir/src/algs/direct/DIRserial.c.o[0m
[12.674s] [ 15%] [32mBuilding C object _deps/nlopt-build/CMakeFiles/nlopt.dir/src/algs/direct/DIRsubrout.c.o[0m
[12.702s] [ 16%] [32mBuilding C object _deps/nlopt-build/CMakeFiles/nlopt.dir/src/algs/cdirect/cdirect.c.o[0m
[12.710s] [ 17%] [32mBuilding C object _deps/nlopt-build/CMakeFiles/nlopt.dir/src/algs/cdirect/hybrid.c.o[0m
[12.754s] [ 18%] [32mBuilding C object _deps/nlopt-build/CMakeFiles/nlopt.dir/src/algs/praxis/praxis.c.o[0m
[12.957s] [ 19%] [32mBuilding C object _deps/nlopt-build/CMakeFiles/nlopt.dir/src/algs/luksan/plis.c.o[0m
[13.058s] [ 19%] [32m[1mLinking CXX static library libgtest_main.a[0m
[13.072s] [ 20%] [32mBuilding C object _deps/nlopt-build/CMakeFiles/nlopt.dir/src/algs/luksan/plip.c.o[0m
[13.101s] [ 20%] Built target gtest_main
[13.113s] [ 21%] [32mBuilding C object _deps/nlopt-build/CMakeFiles/nlopt.dir/src/algs/luksan/pnet.c.o[0m
[13.118s] [ 22%] [32mBuilding C object _deps/nlopt-build/CMakeFiles/nlopt.dir/src/algs/luksan/mssubs.c.o[0m
[13.182s] [ 23%] [32mBuilding C object _deps/nlopt-build/CMakeFiles/nlopt.dir/src/algs/luksan/pssubs.c.o[0m
[13.238s] [ 24%] [32mBuilding C object _deps/nlopt-build/CMakeFiles/nlopt.dir/src/algs/crs/crs.c.o[0m
[13.277s] [ 25%] [32mBuilding C object _deps/nlopt-build/CMakeFiles/nlopt.dir/src/algs/mlsl/mlsl.c.o[0m
[13.318s] [ 26%] [32mBuilding C object _deps/nlopt-build/CMakeFiles/nlopt.dir/src/algs/mma/mma.c.o[0m
[13.403s] [ 26%] [32mBuilding C object _deps/nlopt-build/CMakeFiles/nlopt.dir/src/algs/mma/ccsa_quadratic.c.o[0m
[13.413s] [ 27%] [32mBuilding C object _deps/nlopt-build/CMakeFiles/nlopt.dir/src/algs/cobyla/cobyla.c.o[0m
[13.461s] [ 28%] [32mBuilding C object _deps/nlopt-build/CMakeFiles/nlopt.dir/src/algs/newuoa/newuoa.c.o[0m
[13.468s] [ 29%] [32mBuilding C object _deps/nlopt-build/CMakeFiles/nlopt.dir/src/algs/neldermead/nldrmd.c.o[0m
[13.654s] [ 30%] [32mBuilding C object _deps/nlopt-build/CMakeFiles/nlopt.dir/src/algs/neldermead/sbplx.c.o[0m
[13.678s] [ 31%] [32mBuilding C object _deps/nlopt-build/CMakeFiles/nlopt.dir/src/algs/auglag/auglag.c.o[0m
[13.871s] [ 32%] [32mBuilding C object _deps/nlopt-build/CMakeFiles/nlopt.dir/src/algs/bobyqa/bobyqa.c.o[0m
[13.897s] [ 33%] [32mBuilding C object _deps/nlopt-build/CMakeFiles/nlopt.dir/src/algs/isres/isres.c.o[0m
[13.899s] [ 34%] [32mBuilding C object _deps/nlopt-build/CMakeFiles/nlopt.dir/src/algs/slsqp/slsqp.c.o[0m
[13.940s] [ 35%] [32mBuilding C object _deps/nlopt-build/CMakeFiles/nlopt.dir/src/algs/esch/esch.c.o[0m
[14.101s] [ 36%] [32mBuilding C object _deps/nlopt-build/CMakeFiles/nlopt.dir/src/api/general.c.o[0m
[14.127s] [ 37%] [32mBuilding C object _deps/nlopt-build/CMakeFiles/nlopt.dir/src/api/options.c.o[0m
[14.185s] [ 38%] [32mBuilding C object _deps/nlopt-build/CMakeFiles/nlopt.dir/src/api/optimize.c.o[0m
[14.573s] [ 39%] [32mBuilding C object _deps/nlopt-build/CMakeFiles/nlopt.dir/src/api/deprecated.c.o[0m
[14.592s] [ 40%] [32mBuilding C object _deps/nlopt-build/CMakeFiles/nlopt.dir/src/api/f77api.c.o[0m
[14.621s] [ 40%] Built target glogbase
[14.630s] [ 40%] [32mBuilding C object _deps/nlopt-build/CMakeFiles/nlopt.dir/src/util/mt19937ar.c.o[0m
[14.634s] [ 41%] [32mBuilding C object _deps/nlopt-build/CMakeFiles/nlopt.dir/src/util/sobolseq.c.o[0m
[14.727s] [ 42%] [32m[1mLinking CXX shared library libglog.so[0m
[14.823s] [ 43%] [32m[1mLinking CXX static library libglogtest.a[0m
[14.850s] [ 43%] Built target glog
[14.861s] [ 44%] [32mBuilding C object _deps/nlopt-build/CMakeFiles/nlopt.dir/src/util/timer.c.o[0m
[14.883s] [ 44%] Built target glogtest
[14.894s] [ 45%] [32mBuilding C object _deps/nlopt-build/CMakeFiles/nlopt.dir/src/util/stop.c.o[0m
[14.936s] [ 46%] [32mBuilding CXX object _deps/glog-build/CMakeFiles/logging_unittest.dir/src/logging_unittest.cc.o[0m
[15.091s] [ 47%] [32mBuilding CXX object _deps/glog-build/CMakeFiles/stl_logging_unittest.dir/src/stl_logging_unittest.cc.o[0m
[15.120s] [ 48%] [32mBuilding CXX object _deps/glog-build/CMakeFiles/symbolize_unittest.dir/src/symbolize_unittest.cc.o[0m
[15.814s] [ 49%] [32mBuilding CXX object _deps/glog-build/CMakeFiles/demangle_unittest.dir/src/demangle_unittest.cc.o[0m
[15.963s] [ 50%] [32mBuilding CXX object _deps/glog-build/CMakeFiles/stacktrace_unittest.dir/src/stacktrace_unittest.cc.o[0m
[16.677s] [ 51%] [32m[1mLinking CXX executable stacktrace_unittest[0m
[16.795s] [ 51%] Built target stacktrace_unittest
[16.808s] [ 52%] [32mBuilding C object _deps/nlopt-build/CMakeFiles/nlopt.dir/src/util/redblack.c.o[0m
[17.121s] [ 53%] [32mBuilding CXX object _deps/glog-build/CMakeFiles/utilities_unittest.dir/src/utilities_unittest.cc.o[0m
[17.158s] [ 54%] [32m[1mLinking CXX executable symbolize_unittest[0m
[17.319s] [ 54%] Built target symbolize_unittest
[17.329s] [ 55%] [32mBuilding C object _deps/nlopt-build/CMakeFiles/nlopt.dir/src/util/qsort_r.c.o[0m
[17.621s] [ 56%] [32mBuilding CXX object _deps/glog-build/CMakeFiles/signalhandler_unittest.dir/src/signalhandler_unittest.cc.o[0m
[18.232s] [ 57%] [32m[1mLinking CXX executable demangle_unittest[0m
[18.267s] [ 58%] [32m[1mLinking CXX executable signalhandler_unittest[0m
[18.371s] [ 59%] [32m[1mLinking CXX executable stl_logging_unittest[0m
[18.388s] [ 59%] Built target signalhandler_unittest
[18.399s] [ 60%] [32mBuilding C object _deps/nlopt-build/CMakeFiles/nlopt.dir/src/util/rescale.c.o[0m
[18.440s] [ 60%] Built target demangle_unittest
[18.455s] [ 61%] [32mBuilding CXX object _deps/nlopt-build/CMakeFiles/nlopt.dir/src/algs/stogo/global.cc.o[0m
[18.520s] [ 62%] [32mBuilding CXX object _deps/nlopt-build/CMakeFiles/nlopt.dir/src/algs/stogo/linalg.cc.o[0m
[18.550s] [ 62%] Built target stl_logging_unittest
[18.565s] [ 63%] [32mBuilding CXX object _deps/nlopt-build/CMakeFiles/nlopt.dir/src/algs/stogo/local.cc.o[0m
[18.579s] [ 64%] [32mBuilding CXX object _deps/nlopt-build/CMakeFiles/nlopt.dir/src/algs/stogo/stogo.cc.o[0m
[18.833s] [ 65%] [32m[1mLinking CXX executable utilities_unittest[0m
[18.978s] [ 65%] Built target utilities_unittest
[18.989s] [ 66%] [32mBuilding CXX object _deps/nlopt-build/CMakeFiles/nlopt.dir/src/algs/stogo/tools.cc.o[0m
[19.121s] [ 67%] [32mBuilding CXX object _deps/glog-build/CMakeFiles/cleanup_immediately_unittest.dir/src/cleanup_immediately_unittest.cc.o[0m
[19.278s] [ 68%] [32mBuilding CXX object _deps/glog-build/CMakeFiles/cleanup_with_absolute_prefix_unittest.dir/src/cleanup_with_absolute_prefix_unittest.cc.o[0m
[19.321s] [ 69%] [32mBuilding CXX object _deps/glog-build/CMakeFiles/cleanup_with_relative_prefix_unittest.dir/src/cleanup_with_relative_prefix_unittest.cc.o[0m
[19.470s] [ 70%] [32m[1mLinking CXX executable logging_unittest[0m
[19.619s] [ 71%] [32mBuilding CXX object _deps/nlopt-build/CMakeFiles/nlopt.dir/src/algs/ags/evolvent.cc.o[0m
[19.661s] [ 71%] Built target logging_unittest
[19.674s] [ 72%] [32mBuilding CXX object _deps/nlopt-build/CMakeFiles/nlopt.dir/src/algs/ags/solver.cc.o[0m
[19.764s] [ 73%] [32mBuilding CXX object _deps/nlopt-build/CMakeFiles/nlopt.dir/src/algs/ags/local_optimizer.cc.o[0m
[19.862s] [ 73%] [32mBuilding CXX object _deps/nlopt-build/CMakeFiles/nlopt.dir/src/algs/ags/ags.cc.o[0m
[20.635s] [ 74%] [32m[1mLinking CXX executable cleanup_immediately_unittest[0m
[20.728s] [ 74%] Built target cleanup_immediately_unittest
[20.759s] [ 75%] [32m[1mLinking CXX executable cleanup_with_relative_prefix_unittest[0m
[20.851s] [ 75%] Built target cleanup_with_relative_prefix_unittest
[20.934s] [ 76%] [32m[1mLinking CXX executable cleanup_with_absolute_prefix_unittest[0m
[21.023s] [ 76%] Built target cleanup_with_absolute_prefix_unittest
[21.135s] [ 77%] [32m[1mLinking CXX shared library libnlopt.so[0m
[21.229s] [ 78%] Built target nlopt
[21.255s] [ 81%] [32mBuilding CXX object _deps/dynamic_trajectory_generator-build/subpackages/mav_trajectory_generation/CMakeFiles/mav_trajectory_generation.dir/src/polynomial.cpp.o[0m
[21.255s] [ 81%] [32mBuilding CXX object _deps/dynamic_trajectory_generator-build/subpackages/mav_trajectory_generation/CMakeFiles/mav_trajectory_generation.dir/src/timing.cpp.o[0m
[21.255s] [ 82%] [32mBuilding CXX object _deps/dynamic_trajectory_generator-build/subpackages/mav_trajectory_generation/CMakeFiles/mav_trajectory_generation.dir/src/segment.cpp.o[0m
[21.256s] [ 83%] [32mBuilding CXX object _deps/dynamic_trajectory_generator-build/subpackages/mav_trajectory_generation/CMakeFiles/mav_trajectory_generation.dir/src/trajectory_sampling.cpp.o[0m
[21.256s] [ 84%] [32mBuilding CXX object _deps/dynamic_trajectory_generator-build/subpackages/mav_trajectory_generation/CMakeFiles/mav_trajectory_generation.dir/src/trajectory.cpp.o[0m
[21.256s] [ 84%] [32mBuilding CXX object _deps/dynamic_trajectory_generator-build/subpackages/mav_trajectory_generation/CMakeFiles/mav_trajectory_generation.dir/src/motion_defines.cpp.o[0m
[21.256s] [ 85%] [32mBuilding CXX object _deps/dynamic_trajectory_generator-build/subpackages/mav_trajectory_generation/CMakeFiles/mav_trajectory_generation.dir/src/vertex.cpp.o[0m
[21.598s] [ 86%] [32mBuilding CXX object _deps/dynamic_trajectory_generator-build/subpackages/mav_trajectory_generation/CMakeFiles/mav_trajectory_generation.dir/src/io.cpp.o[0m
[22.674s] [ 87%] [32mBuilding CXX object _deps/dynamic_trajectory_generator-build/subpackages/mav_trajectory_generation/CMakeFiles/mav_trajectory_generation.dir/src/rpoly/rpoly_ak1.cpp.o[0m
[23.040s] [ 88%] [32m[1mLinking CXX static library libgtest.a[0m
[23.142s] [ 88%] Built target gtest
[23.168s] [ 89%] [32mBuilding CXX object _deps/dynamic_trajectory_generator-build/subpackages/mav_trajectory_generation/CMakeFiles/mav_trajectory_generation.dir/src/polynomial_timing_evaluation.cpp.o[0m
[31.719s] [ 90%] [32m[1mLinking CXX shared library libmav_trajectory_generation.so[0m
[31.847s] [ 90%] Built target mav_trajectory_generation
[31.860s] [ 93%] [32mBuilding CXX object _deps/dynamic_trajectory_generator-build/CMakeFiles/dynamic_trajectory_generator.dir/src/dynamic_trajectory.cpp.o[0m
[31.860s] [ 93%] [32mBuilding CXX object _deps/dynamic_trajectory_generator-build/CMakeFiles/dynamic_trajectory_generator.dir/src/dynamic_waypoint.cpp.o[0m
[31.860s] [ 93%] [32mBuilding CXX object _deps/dynamic_trajectory_generator-build/subpackages/mav_trajectory_generation/CMakeFiles/test_polynomial.dir/test/test_polynomial.cpp.o[0m
[33.252s] [ 94%] [32m[1mLinking CXX executable test_polynomial[0m
[33.310s] [ 94%] Built target test_polynomial
[40.607s] [ 95%] [32m[1mLinking CXX shared library libdynamic_trajectory_generator.so[0m
[40.666s] [ 95%] Built target dynamic_trajectory_generator
[40.680s] [ 96%] [32mBuilding CXX object generate_polynomial_trajectory_behavior/CMakeFiles/generate_polynomial_trajectory_behavior_node.dir/src/generate_polynomial_trajectory_behavior.cpp.o[0m
[40.680s] [ 96%] [32mBuilding CXX object generate_polynomial_trajectory_behavior/CMakeFiles/trajectory_generator_component.dir/src/generate_polynomial_trajectory_behavior.cpp.o[0m
[40.680s] [ 97%] [32mBuilding CXX object generate_polynomial_trajectory_behavior/CMakeFiles/generate_polynomial_trajectory_behavior_node.dir/src/generate_polynomial_trajectory_behavior_node.cpp.o[0m
[63.457s] [ 98%] [32m[1mLinking CXX executable generate_polynomial_trajectory_behavior_node[0m
[63.526s] [ 99%] [32m[1mLinking CXX shared library libtrajectory_generator_component.so[0m
[63.825s] [ 99%] Built target generate_polynomial_trajectory_behavior_node
[63.880s] [ 99%] Built target trajectory_generator_component
[63.897s] [ 99%] [32mBuilding CXX object generate_polynomial_trajectory_behavior/tests/CMakeFiles/as2_behaviors_trajectory_generation_generate_polynomial_trajectory_behavior_gtest.dir/generate_polynomial_trajectory_behavior_gtest.cpp.o[0m
[68.331s] [100%] [32m[1mLinking CXX executable as2_behaviors_trajectory_generation_generate_polynomial_trajectory_behavior_gtest[0m
[68.504s] [100%] Built target as2_behaviors_trajectory_generation_generate_polynomial_trajectory_behavior_gtest
[68.513s] Invoked command in '/root/aerostack2_ws/build/as2_behaviors_trajectory_generation' returned '0': AMENT_PREFIX_PATH=/root/aerostack2_ws/install/as2_motion_reference_handlers:/root/aerostack2_ws/install/as2_behavior:/root/aerostack2_ws/install/as2_core:/root/aerostack2_ws/install/as2_msgs:${AMENT_PREFIX_PATH} CMAKE_PREFIX_PATH=/root/aerostack2_ws/install/as2_motion_reference_handlers:/root/aerostack2_ws/install/as2_behavior:/root/aerostack2_ws/install/as2_core:/root/aerostack2_ws/install/as2_msgs:/opt/ros/humble LD_LIBRARY_PATH=/root/aerostack2_ws/install/as2_motion_reference_handlers/lib:/root/aerostack2_ws/install/as2_behavior/lib:/root/aerostack2_ws/install/as2_core/lib:/root/aerostack2_ws/install/as2_msgs/lib:${LD_LIBRARY_PATH} PYTHONPATH=/root/aerostack2_ws/install/as2_motion_reference_handlers/local/lib/python3.10/dist-packages:/root/aerostack2_ws/install/as2_core/local/lib/python3.10/dist-packages:/root/aerostack2_ws/install/as2_msgs/local/lib/python3.10/dist-packages:${PYTHONPATH} /usr/bin/cmake --build /root/aerostack2_ws/build/as2_behaviors_trajectory_generation -- -j8 -l8
[68.515s] Invoking command in '/root/aerostack2_ws/build/as2_behaviors_trajectory_generation': AMENT_PREFIX_PATH=/root/aerostack2_ws/install/as2_motion_reference_handlers:/root/aerostack2_ws/install/as2_behavior:/root/aerostack2_ws/install/as2_core:/root/aerostack2_ws/install/as2_msgs:${AMENT_PREFIX_PATH} CMAKE_PREFIX_PATH=/root/aerostack2_ws/install/as2_motion_reference_handlers:/root/aerostack2_ws/install/as2_behavior:/root/aerostack2_ws/install/as2_core:/root/aerostack2_ws/install/as2_msgs:/opt/ros/humble LD_LIBRARY_PATH=/root/aerostack2_ws/install/as2_motion_reference_handlers/lib:/root/aerostack2_ws/install/as2_behavior/lib:/root/aerostack2_ws/install/as2_core/lib:/root/aerostack2_ws/install/as2_msgs/lib:${LD_LIBRARY_PATH} PYTHONPATH=/root/aerostack2_ws/install/as2_motion_reference_handlers/local/lib/python3.10/dist-packages:/root/aerostack2_ws/install/as2_core/local/lib/python3.10/dist-packages:/root/aerostack2_ws/install/as2_msgs/local/lib/python3.10/dist-packages:${PYTHONPATH} /usr/bin/cmake --install /root/aerostack2_ws/build/as2_behaviors_trajectory_generation
[68.520s] -- Install configuration: "Release"
[68.520s] -- Installing: /root/aerostack2_ws/install/as2_behaviors_trajectory_generation/share/ament_index/resource_index/package_run_dependencies/as2_behaviors_trajectory_generation
[68.521s] -- Installing: /root/aerostack2_ws/install/as2_behaviors_trajectory_generation/share/ament_index/resource_index/parent_prefix_path/as2_behaviors_trajectory_generation
[68.521s] -- Installing: /root/aerostack2_ws/install/as2_behaviors_trajectory_generation/share/as2_behaviors_trajectory_generation/environment/ament_prefix_path.sh
[68.521s] -- Installing: /root/aerostack2_ws/install/as2_behaviors_trajectory_generation/share/as2_behaviors_trajectory_generation/environment/ament_prefix_path.dsv
[68.521s] -- Installing: /root/aerostack2_ws/install/as2_behaviors_trajectory_generation/share/as2_behaviors_trajectory_generation/environment/path.sh
[68.521s] -- Installing: /root/aerostack2_ws/install/as2_behaviors_trajectory_generation/share/as2_behaviors_trajectory_generation/environment/path.dsv
[68.521s] -- Installing: /root/aerostack2_ws/install/as2_behaviors_trajectory_generation/share/as2_behaviors_trajectory_generation/local_setup.bash
[68.521s] -- Installing: /root/aerostack2_ws/install/as2_behaviors_trajectory_generation/share/as2_behaviors_trajectory_generation/local_setup.sh
[68.522s] -- Installing: /root/aerostack2_ws/install/as2_behaviors_trajectory_generation/share/as2_behaviors_trajectory_generation/local_setup.zsh
[68.522s] -- Installing: /root/aerostack2_ws/install/as2_behaviors_trajectory_generation/share/as2_behaviors_trajectory_generation/local_setup.dsv
[68.522s] -- Installing: /root/aerostack2_ws/install/as2_behaviors_trajectory_generation/share/as2_behaviors_trajectory_generation/package.dsv
[68.522s] -- Installing: /root/aerostack2_ws/install/as2_behaviors_trajectory_generation/share/ament_index/resource_index/packages/as2_behaviors_trajectory_generation
[68.522s] -- Installing: /root/aerostack2_ws/install/as2_behaviors_trajectory_generation/share/ament_index/resource_index/rclcpp_components/as2_behaviors_trajectory_generation
[68.522s] -- Installing: /root/aerostack2_ws/install/as2_behaviors_trajectory_generation/share/as2_behaviors_trajectory_generation/cmake/ament_cmake_export_dependencies-extras.cmake
[68.523s] -- Installing: /root/aerostack2_ws/install/as2_behaviors_trajectory_generation/share/as2_behaviors_trajectory_generation/cmake/as2_behaviors_trajectory_generationConfig.cmake
[68.523s] -- Installing: /root/aerostack2_ws/install/as2_behaviors_trajectory_generation/share/as2_behaviors_trajectory_generation/cmake/as2_behaviors_trajectory_generationConfig-version.cmake
[68.523s] -- Installing: /root/aerostack2_ws/install/as2_behaviors_trajectory_generation/share/as2_behaviors_trajectory_generation/package.xml
[68.524s] -- Installing: /root/aerostack2_ws/install/as2_behaviors_trajectory_generation/lib/libtrajectory_generator_component.so
[68.527s] -- Set runtime path of "/root/aerostack2_ws/install/as2_behaviors_trajectory_generation/lib/libtrajectory_generator_component.so" to ""
[68.527s] -- Installing: /root/aerostack2_ws/install/as2_behaviors_trajectory_generation/lib/libdynamic_trajectory_generator.so
[68.527s] -- Set runtime path of "/root/aerostack2_ws/install/as2_behaviors_trajectory_generation/lib/libdynamic_trajectory_generator.so" to ""
[68.528s] -- Installing: /root/aerostack2_ws/install/as2_behaviors_trajectory_generation/lib/libmav_trajectory_generation.so
[68.528s] -- Set runtime path of "/root/aerostack2_ws/install/as2_behaviors_trajectory_generation/lib/libmav_trajectory_generation.so" to ""
[68.528s] -- Installing: /root/aerostack2_ws/install/as2_behaviors_trajectory_generation/share/as2_behaviors_trajectory_generation/launch
[68.528s] -- Installing: /root/aerostack2_ws/install/as2_behaviors_trajectory_generation/share/as2_behaviors_trajectory_generation/launch/composable_generate_polynomial_trajectory_behavior.launch.py
[68.529s] -- Installing: /root/aerostack2_ws/install/as2_behaviors_trajectory_generation/share/as2_behaviors_trajectory_generation/launch/generate_polynomial_trajectory_behavior_launch.py
[68.529s] -- Installing: /root/aerostack2_ws/install/as2_behaviors_trajectory_generation/share/as2_behaviors_trajectory_generation/generate_polynomial_trajectory_behavior/config
[68.529s] -- Installing: /root/aerostack2_ws/install/as2_behaviors_trajectory_generation/share/as2_behaviors_trajectory_generation/generate_polynomial_trajectory_behavior/config/config_default.yaml
[68.529s] -- Installing: /root/aerostack2_ws/install/as2_behaviors_trajectory_generation/lib/as2_behaviors_trajectory_generation/generate_polynomial_trajectory_behavior_node
[68.531s] -- Set runtime path of "/root/aerostack2_ws/install/as2_behaviors_trajectory_generation/lib/as2_behaviors_trajectory_generation/generate_polynomial_trajectory_behavior_node" to ""
[68.531s] -- Installing: /root/aerostack2_ws/install/as2_behaviors_trajectory_generation/lib/libglog.so.0.6.0
[68.532s] -- Installing: /root/aerostack2_ws/install/as2_behaviors_trajectory_generation/lib/libglog.so.1
[68.532s] -- Installing: /root/aerostack2_ws/install/as2_behaviors_trajectory_generation/lib/libglog.so
[68.532s] -- Installing: /root/aerostack2_ws/install/as2_behaviors_trajectory_generation/include/glog/export.h
[68.532s] -- Installing: /root/aerostack2_ws/install/as2_behaviors_trajectory_generation/include/glog/logging.h
[68.532s] -- Installing: /root/aerostack2_ws/install/as2_behaviors_trajectory_generation/include/glog/raw_logging.h
[68.532s] -- Installing: /root/aerostack2_ws/install/as2_behaviors_trajectory_generation/include/glog/stl_logging.h
[68.532s] -- Installing: /root/aerostack2_ws/install/as2_behaviors_trajectory_generation/include/glog/vlog_is_on.h
[68.532s] -- Installing: /root/aerostack2_ws/install/as2_behaviors_trajectory_generation/include/glog/log_severity.h
[68.532s] -- Installing: /root/aerostack2_ws/install/as2_behaviors_trajectory_generation/include/glog/platform.h
[68.533s] -- Installing: /root/aerostack2_ws/install/as2_behaviors_trajectory_generation/lib/pkgconfig/libglog.pc
[68.533s] -- Installing: /root/aerostack2_ws/install/as2_behaviors_trajectory_generation/lib/cmake/glog/glog-modules.cmake
[68.533s] -- Installing: /root/aerostack2_ws/install/as2_behaviors_trajectory_generation/lib/cmake/glog/glog-config.cmake
[68.533s] -- Installing: /root/aerostack2_ws/install/as2_behaviors_trajectory_generation/lib/cmake/glog/glog-config-version.cmake
[68.533s] -- Installing: /root/aerostack2_ws/install/as2_behaviors_trajectory_generation/lib/cmake/glog/glog-targets.cmake
[68.533s] -- Installing: /root/aerostack2_ws/install/as2_behaviors_trajectory_generation/lib/cmake/glog/glog-targets-release.cmake
[68.533s] -- Installing: /root/aerostack2_ws/install/as2_behaviors_trajectory_generation/lib/pkgconfig/nlopt.pc
[68.534s] -- Installing: /root/aerostack2_ws/install/as2_behaviors_trajectory_generation/include/nlopt.h
[68.534s] -- Installing: /root/aerostack2_ws/install/as2_behaviors_trajectory_generation/include/nlopt.hpp
[68.534s] -- Installing: /root/aerostack2_ws/install/as2_behaviors_trajectory_generation/include/nlopt.f
[68.534s] -- Installing: /root/aerostack2_ws/install/as2_behaviors_trajectory_generation/lib/libnlopt.so.0.11.1
[68.535s] -- Installing: /root/aerostack2_ws/install/as2_behaviors_trajectory_generation/lib/libnlopt.so.0
[68.535s] -- Set runtime path of "/root/aerostack2_ws/install/as2_behaviors_trajectory_generation/lib/libnlopt.so.0.11.1" to "/root/aerostack2_ws/install/as2_behaviors_trajectory_generation/lib"
[68.535s] -- Installing: /root/aerostack2_ws/install/as2_behaviors_trajectory_generation/lib/libnlopt.so
[68.535s] -- Installing: /root/aerostack2_ws/install/as2_behaviors_trajectory_generation/lib/cmake/nlopt/NLoptLibraryDepends.cmake
[68.535s] -- Installing: /root/aerostack2_ws/install/as2_behaviors_trajectory_generation/lib/cmake/nlopt/NLoptLibraryDepends-release.cmake
[68.535s] -- Installing: /root/aerostack2_ws/install/as2_behaviors_trajectory_generation/lib/cmake/nlopt/NLoptConfig.cmake
[68.535s] -- Installing: /root/aerostack2_ws/install/as2_behaviors_trajectory_generation/lib/cmake/nlopt/NLoptConfigVersion.cmake
[68.536s] -- Installing: /root/aerostack2_ws/install/as2_behaviors_trajectory_generation/share/man/man3/nlopt.3
[68.536s] -- Installing: /root/aerostack2_ws/install/as2_behaviors_trajectory_generation/share/man/man3/nlopt_minimize.3
[68.536s] -- Installing: /root/aerostack2_ws/install/as2_behaviors_trajectory_generation/share/man/man3/nlopt_minimize_constrained.3
[68.538s] Invoked command in '/root/aerostack2_ws/build/as2_behaviors_trajectory_generation' returned '0': AMENT_PREFIX_PATH=/root/aerostack2_ws/install/as2_motion_reference_handlers:/root/aerostack2_ws/install/as2_behavior:/root/aerostack2_ws/install/as2_core:/root/aerostack2_ws/install/as2_msgs:${AMENT_PREFIX_PATH} CMAKE_PREFIX_PATH=/root/aerostack2_ws/install/as2_motion_reference_handlers:/root/aerostack2_ws/install/as2_behavior:/root/aerostack2_ws/install/as2_core:/root/aerostack2_ws/install/as2_msgs:/opt/ros/humble LD_LIBRARY_PATH=/root/aerostack2_ws/install/as2_motion_reference_handlers/lib:/root/aerostack2_ws/install/as2_behavior/lib:/root/aerostack2_ws/install/as2_core/lib:/root/aerostack2_ws/install/as2_msgs/lib:${LD_LIBRARY_PATH} PYTHONPATH=/root/aerostack2_ws/install/as2_motion_reference_handlers/local/lib/python3.10/dist-packages:/root/aerostack2_ws/install/as2_core/local/lib/python3.10/dist-packages:/root/aerostack2_ws/install/as2_msgs/local/lib/python3.10/dist-packages:${PYTHONPATH} /usr/bin/cmake --install /root/aerostack2_ws/build/as2_behaviors_trajectory_generation
