[2.222s] Invoking command in '/root/aerostack2_ws/src/aerostack2/as2_groundray_perception': PYTHONPATH=/root/aerostack2_ws/build/as2_groundray_perception/prefix_override:/usr/lib/python3/dist-packages/colcon_core/task/python/colcon_distutils_commands:/root/aerostack2_ws/install/as2_groundray_perception/lib/python3.10/site-packages:${PYTHONPATH} /usr/bin/python3 -W ignore:setup.py install is deprecated -W ignore:easy_install command is deprecated setup.py egg_info --egg-base ../../../build/as2_groundray_perception build --build-base /root/aerostack2_ws/build/as2_groundray_perception/build install --record /root/aerostack2_ws/build/as2_groundray_perception/install.log --single-version-externally-managed install_data
[2.276s] Traceback (most recent call last):
[2.276s]   File "/root/aerostack2_ws/src/aerostack2/as2_groundray_perception/setup.py", line 1, in <module>
[2.276s]     from setuptools import setup
[2.276s]   File "/usr/lib/python3/dist-packages/setuptools/__init__.py", line 10, in <module>
[2.278s]     import distutils.core
[2.278s]   File "/usr/lib/python3.10/distutils/core.py", line 16, in <module>
[2.281s]     from distutils.dist import Distribution
[2.281s]   File "/usr/lib/python3.10/distutils/dist.py", line 19, in <module>
[2.281s]     from distutils.util import check_environ, strtobool, rfc822_escape
[2.281s]   File "/usr/lib/python3.10/distutils/util.py", line 15, in <module>
[2.281s]     from distutils.spawn import spawn
[2.281s]   File "<frozen importlib._bootstrap>", line 1027, in _find_and_load
[2.282s]   File "<frozen importlib._bootstrap>", line 1006, in _find_and_load_unlocked
[2.282s]   File "<frozen importlib._bootstrap>", line 688, in _load_unlocked
[2.282s]   File "<frozen importlib._bootstrap_external>", line 879, in exec_module
[2.283s]   File "<frozen importlib._bootstrap_external>", line 964, in get_code
[2.284s]   File "<frozen importlib._bootstrap_external>", line 448, in cache_from_source
[2.285s]   File "<frozen importlib._bootstrap_external>", line 128, in _path_join
[2.285s]   File "<frozen importlib._bootstrap_external>", line 128, in <listcomp>
[2.285s] KeyboardInterrupt
