/root/aerostack2_ws/install/rmf_demos_fleet_adapter/lib/python3.10/site-packages/rmf_demos_fleet_adapter/fleet_manager.py
/root/aerostack2_ws/install/rmf_demos_fleet_adapter/lib/python3.10/site-packages/rmf_demos_fleet_adapter/RobotCommandHandle.py
/root/aerostack2_ws/install/rmf_demos_fleet_adapter/lib/python3.10/site-packages/rmf_demos_fleet_adapter/__init__.py
/root/aerostack2_ws/install/rmf_demos_fleet_adapter/lib/python3.10/site-packages/rmf_demos_fleet_adapter/fleet_adapter.py
/root/aerostack2_ws/install/rmf_demos_fleet_adapter/lib/python3.10/site-packages/rmf_demos_fleet_adapter/RobotClientAPI.py
/root/aerostack2_ws/install/rmf_demos_fleet_adapter/lib/python3.10/site-packages/test/__init__.py
/root/aerostack2_ws/install/rmf_demos_fleet_adapter/lib/python3.10/site-packages/test/test_copyright.py
/root/aerostack2_ws/install/rmf_demos_fleet_adapter/lib/python3.10/site-packages/test/test_pep257.py
/root/aerostack2_ws/install/rmf_demos_fleet_adapter/lib/python3.10/site-packages/test/test_flake8.py
/root/aerostack2_ws/install/rmf_demos_fleet_adapter/lib/python3.10/site-packages/rmf_demos_fleet_adapter/__pycache__/fleet_manager.cpython-310.pyc
/root/aerostack2_ws/install/rmf_demos_fleet_adapter/lib/python3.10/site-packages/rmf_demos_fleet_adapter/__pycache__/RobotCommandHandle.cpython-310.pyc
/root/aerostack2_ws/install/rmf_demos_fleet_adapter/lib/python3.10/site-packages/rmf_demos_fleet_adapter/__pycache__/__init__.cpython-310.pyc
/root/aerostack2_ws/install/rmf_demos_fleet_adapter/lib/python3.10/site-packages/rmf_demos_fleet_adapter/__pycache__/fleet_adapter.cpython-310.pyc
/root/aerostack2_ws/install/rmf_demos_fleet_adapter/lib/python3.10/site-packages/rmf_demos_fleet_adapter/__pycache__/RobotClientAPI.cpython-310.pyc
/root/aerostack2_ws/install/rmf_demos_fleet_adapter/lib/python3.10/site-packages/test/__pycache__/__init__.cpython-310.pyc
/root/aerostack2_ws/install/rmf_demos_fleet_adapter/lib/python3.10/site-packages/test/__pycache__/test_copyright.cpython-310.pyc
/root/aerostack2_ws/install/rmf_demos_fleet_adapter/lib/python3.10/site-packages/test/__pycache__/test_pep257.cpython-310.pyc
/root/aerostack2_ws/install/rmf_demos_fleet_adapter/lib/python3.10/site-packages/test/__pycache__/test_flake8.cpython-310.pyc
/root/aerostack2_ws/install/rmf_demos_fleet_adapter/share/ament_index/resource_index/packages/rmf_demos_fleet_adapter
/root/aerostack2_ws/install/rmf_demos_fleet_adapter/share/rmf_demos_fleet_adapter/package.xml
/root/aerostack2_ws/install/rmf_demos_fleet_adapter/share/rmf_demos_fleet_adapter/config.yaml
/root/aerostack2_ws/install/rmf_demos_fleet_adapter/share/rmf_demos_fleet_adapter/launch/fleet_adapter.launch.xml
/root/aerostack2_ws/install/rmf_demos_fleet_adapter/lib/python3.10/site-packages/rmf_demos_fleet_adapter-2.0.4-py3.10.egg-info/entry_points.txt
/root/aerostack2_ws/install/rmf_demos_fleet_adapter/lib/python3.10/site-packages/rmf_demos_fleet_adapter-2.0.4-py3.10.egg-info/SOURCES.txt
/root/aerostack2_ws/install/rmf_demos_fleet_adapter/lib/python3.10/site-packages/rmf_demos_fleet_adapter-2.0.4-py3.10.egg-info/requires.txt
/root/aerostack2_ws/install/rmf_demos_fleet_adapter/lib/python3.10/site-packages/rmf_demos_fleet_adapter-2.0.4-py3.10.egg-info/dependency_links.txt
/root/aerostack2_ws/install/rmf_demos_fleet_adapter/lib/python3.10/site-packages/rmf_demos_fleet_adapter-2.0.4-py3.10.egg-info/PKG-INFO
/root/aerostack2_ws/install/rmf_demos_fleet_adapter/lib/python3.10/site-packages/rmf_demos_fleet_adapter-2.0.4-py3.10.egg-info/top_level.txt
/root/aerostack2_ws/install/rmf_demos_fleet_adapter/lib/python3.10/site-packages/rmf_demos_fleet_adapter-2.0.4-py3.10.egg-info/zip-safe
/root/aerostack2_ws/install/rmf_demos_fleet_adapter/lib/rmf_demos_fleet_adapter/fleet_adapter
/root/aerostack2_ws/install/rmf_demos_fleet_adapter/lib/rmf_demos_fleet_adapter/fleet_manager
