[0.007s] Invoking command in '/root/aerostack2_ws/build/as2_behavior': AMENT_PREFIX_PATH=/root/aerostack2_ws/install/as2_core:/root/aerostack2_ws/install/as2_msgs:${AMENT_PREFIX_PATH} CMAKE_PREFIX_PATH=/root/aerostack2_ws/install/as2_core:/root/aerostack2_ws/install/as2_msgs:/opt/ros/humble LD_LIBRARY_PATH=/root/aerostack2_ws/install/as2_core/lib:/root/aerostack2_ws/install/as2_msgs/lib:${LD_LIBRARY_PATH} PYTHONPATH=/root/aerostack2_ws/install/as2_core/local/lib/python3.10/dist-packages:/root/aerostack2_ws/install/as2_msgs/local/lib/python3.10/dist-packages:${PYTHONPATH} /usr/bin/cmake --build /root/aerostack2_ws/build/as2_behavior -- -j8 -l8
[0.034s] [35m[1mConsolidate compiler generated dependencies of target gtest[0m
[0.034s] [35m[1mConsolidate compiler generated dependencies of target as2_behavior[0m
[0.043s] [ 25%] Built target gtest_main
[0.043s] [ 50%] Built target gtest
[0.047s] [ 75%] Built target as2_behavior
[0.055s] [35m[1mConsolidate compiler generated dependencies of target as2_behavior_as2_behavior_gtest[0m
[0.068s] [100%] Built target as2_behavior_as2_behavior_gtest
[0.076s] Invoked command in '/root/aerostack2_ws/build/as2_behavior' returned '0': AMENT_PREFIX_PATH=/root/aerostack2_ws/install/as2_core:/root/aerostack2_ws/install/as2_msgs:${AMENT_PREFIX_PATH} CMAKE_PREFIX_PATH=/root/aerostack2_ws/install/as2_core:/root/aerostack2_ws/install/as2_msgs:/opt/ros/humble LD_LIBRARY_PATH=/root/aerostack2_ws/install/as2_core/lib:/root/aerostack2_ws/install/as2_msgs/lib:${LD_LIBRARY_PATH} PYTHONPATH=/root/aerostack2_ws/install/as2_core/local/lib/python3.10/dist-packages:/root/aerostack2_ws/install/as2_msgs/local/lib/python3.10/dist-packages:${PYTHONPATH} /usr/bin/cmake --build /root/aerostack2_ws/build/as2_behavior -- -j8 -l8
[0.076s] Invoking command in '/root/aerostack2_ws/build/as2_behavior': AMENT_PREFIX_PATH=/root/aerostack2_ws/install/as2_core:/root/aerostack2_ws/install/as2_msgs:${AMENT_PREFIX_PATH} CMAKE_PREFIX_PATH=/root/aerostack2_ws/install/as2_core:/root/aerostack2_ws/install/as2_msgs:/opt/ros/humble LD_LIBRARY_PATH=/root/aerostack2_ws/install/as2_core/lib:/root/aerostack2_ws/install/as2_msgs/lib:${LD_LIBRARY_PATH} PYTHONPATH=/root/aerostack2_ws/install/as2_core/local/lib/python3.10/dist-packages:/root/aerostack2_ws/install/as2_msgs/local/lib/python3.10/dist-packages:${PYTHONPATH} /usr/bin/cmake --install /root/aerostack2_ws/build/as2_behavior
[0.082s] -- Install configuration: "Release"
[0.082s] -- Up-to-date: /root/aerostack2_ws/install/as2_behavior/include
[0.082s] -- Up-to-date: /root/aerostack2_ws/install/as2_behavior/include/as2_behavior
[0.082s] -- Up-to-date: /root/aerostack2_ws/install/as2_behavior/include/as2_behavior/__detail
[0.082s] -- Up-to-date: /root/aerostack2_ws/install/as2_behavior/include/as2_behavior/__detail/behavior_server__class.hpp
[0.082s] -- Up-to-date: /root/aerostack2_ws/install/as2_behavior/include/as2_behavior/behavior_server.hpp
[0.082s] -- Up-to-date: /root/aerostack2_ws/install/as2_behavior/include/as2_behavior/__impl
[0.082s] -- Up-to-date: /root/aerostack2_ws/install/as2_behavior/include/as2_behavior/__impl/behavior_server__impl.hpp
[0.082s] -- Up-to-date: /root/aerostack2_ws/install/as2_behavior/include/as2_behavior/as2_basic_behavior.hpp
[0.082s] -- Up-to-date: /root/aerostack2_ws/install/as2_behavior/include/as2_behavior/behavior_utils.hpp
[0.082s] -- Up-to-date: /root/aerostack2_ws/install/as2_behavior/lib/libas2_behavior.so
[0.082s] -- Up-to-date: /root/aerostack2_ws/install/as2_behavior/share/as2_behavior/environment/library_path.sh
[0.082s] -- Up-to-date: /root/aerostack2_ws/install/as2_behavior/share/as2_behavior/environment/library_path.dsv
[0.082s] -- Up-to-date: /root/aerostack2_ws/install/as2_behavior/share/ament_index/resource_index/package_run_dependencies/as2_behavior
[0.082s] -- Up-to-date: /root/aerostack2_ws/install/as2_behavior/share/ament_index/resource_index/parent_prefix_path/as2_behavior
[0.082s] -- Up-to-date: /root/aerostack2_ws/install/as2_behavior/share/as2_behavior/environment/ament_prefix_path.sh
[0.082s] -- Up-to-date: /root/aerostack2_ws/install/as2_behavior/share/as2_behavior/environment/ament_prefix_path.dsv
[0.082s] -- Up-to-date: /root/aerostack2_ws/install/as2_behavior/share/as2_behavior/environment/path.sh
[0.082s] -- Up-to-date: /root/aerostack2_ws/install/as2_behavior/share/as2_behavior/environment/path.dsv
[0.082s] -- Up-to-date: /root/aerostack2_ws/install/as2_behavior/share/as2_behavior/local_setup.bash
[0.082s] -- Up-to-date: /root/aerostack2_ws/install/as2_behavior/share/as2_behavior/local_setup.sh
[0.082s] -- Up-to-date: /root/aerostack2_ws/install/as2_behavior/share/as2_behavior/local_setup.zsh
[0.083s] -- Up-to-date: /root/aerostack2_ws/install/as2_behavior/share/as2_behavior/local_setup.dsv
[0.083s] -- Installing: /root/aerostack2_ws/install/as2_behavior/share/as2_behavior/package.dsv
[0.083s] -- Up-to-date: /root/aerostack2_ws/install/as2_behavior/share/ament_index/resource_index/packages/as2_behavior
[0.083s] -- Up-to-date: /root/aerostack2_ws/install/as2_behavior/share/as2_behavior/cmake/export_as2_behaviorExport.cmake
[0.083s] -- Up-to-date: /root/aerostack2_ws/install/as2_behavior/share/as2_behavior/cmake/export_as2_behaviorExport-release.cmake
[0.083s] -- Up-to-date: /root/aerostack2_ws/install/as2_behavior/share/as2_behavior/cmake/ament_cmake_export_libraries-extras.cmake
[0.083s] -- Up-to-date: /root/aerostack2_ws/install/as2_behavior/share/as2_behavior/cmake/ament_cmake_export_targets-extras.cmake
[0.083s] -- Up-to-date: /root/aerostack2_ws/install/as2_behavior/share/as2_behavior/cmake/ament_cmake_export_include_directories-extras.cmake
[0.083s] -- Up-to-date: /root/aerostack2_ws/install/as2_behavior/share/as2_behavior/cmake/as2_behaviorConfig.cmake
[0.083s] -- Up-to-date: /root/aerostack2_ws/install/as2_behavior/share/as2_behavior/cmake/as2_behaviorConfig-version.cmake
[0.083s] -- Up-to-date: /root/aerostack2_ws/install/as2_behavior/share/as2_behavior/package.xml
[0.084s] Invoked command in '/root/aerostack2_ws/build/as2_behavior' returned '0': AMENT_PREFIX_PATH=/root/aerostack2_ws/install/as2_core:/root/aerostack2_ws/install/as2_msgs:${AMENT_PREFIX_PATH} CMAKE_PREFIX_PATH=/root/aerostack2_ws/install/as2_core:/root/aerostack2_ws/install/as2_msgs:/opt/ros/humble LD_LIBRARY_PATH=/root/aerostack2_ws/install/as2_core/lib:/root/aerostack2_ws/install/as2_msgs/lib:${LD_LIBRARY_PATH} PYTHONPATH=/root/aerostack2_ws/install/as2_core/local/lib/python3.10/dist-packages:/root/aerostack2_ws/install/as2_msgs/local/lib/python3.10/dist-packages:${PYTHONPATH} /usr/bin/cmake --install /root/aerostack2_ws/build/as2_behavior
