[2.669s] Invoking command in '/root/aerostack2_ws/src/aerostack2/as2_swarm_fusion_ci': PYTHONPATH=/root/aerostack2_ws/build/as2_swarm_fusion_ci/prefix_override:/usr/lib/python3/dist-packages/colcon_core/task/python/colcon_distutils_commands:/root/aerostack2_ws/install/as2_swarm_fusion_ci/lib/python3.10/site-packages:${PYTHONPATH} /usr/bin/python3 -W ignore:setup.py install is deprecated -W ignore:easy_install command is deprecated setup.py egg_info --egg-base ../../../build/as2_swarm_fusion_ci build --build-base /root/aerostack2_ws/build/as2_swarm_fusion_ci/build install --record /root/aerostack2_ws/build/as2_swarm_fusion_ci/install.log --single-version-externally-managed install_data
[3.130s] running egg_info
[3.133s] writing ../../../build/as2_swarm_fusion_ci/as2_swarm_fusion_ci.egg-info/PKG-INFO
[3.133s] writing dependency_links to ../../../build/as2_swarm_fusion_ci/as2_swarm_fusion_ci.egg-info/dependency_links.txt
[3.134s] writing entry points to ../../../build/as2_swarm_fusion_ci/as2_swarm_fusion_ci.egg-info/entry_points.txt
[3.134s] writing requirements to ../../../build/as2_swarm_fusion_ci/as2_swarm_fusion_ci.egg-info/requires.txt
[3.134s] writing top-level names to ../../../build/as2_swarm_fusion_ci/as2_swarm_fusion_ci.egg-info/top_level.txt
[3.134s] reading manifest file '../../../build/as2_swarm_fusion_ci/as2_swarm_fusion_ci.egg-info/SOURCES.txt'
[3.135s] writing manifest file '../../../build/as2_swarm_fusion_ci/as2_swarm_fusion_ci.egg-info/SOURCES.txt'
[3.135s] running build
[3.135s] running build_py
[3.136s] running install
[3.137s] running install_lib
[3.140s] running install_data
[3.140s] running install_egg_info
[3.143s] removing '/root/aerostack2_ws/install/as2_swarm_fusion_ci/lib/python3.10/site-packages/as2_swarm_fusion_ci-0.0.1-py3.10.egg-info' (and everything under it)
[3.149s] Copying ../../../build/as2_swarm_fusion_ci/as2_swarm_fusion_ci.egg-info to /root/aerostack2_ws/install/as2_swarm_fusion_ci/lib/python3.10/site-packages/as2_swarm_fusion_ci-0.0.1-py3.10.egg-info
[3.150s] running install_scripts
[3.204s] Installing swarm_ci_fusion_node script to /root/aerostack2_ws/install/as2_swarm_fusion_ci/lib/as2_swarm_fusion_ci
[3.205s] writing list of installed files to '/root/aerostack2_ws/build/as2_swarm_fusion_ci/install.log'
[3.248s] Invoked command in '/root/aerostack2_ws/src/aerostack2/as2_swarm_fusion_ci' returned '0': PYTHONPATH=/root/aerostack2_ws/build/as2_swarm_fusion_ci/prefix_override:/usr/lib/python3/dist-packages/colcon_core/task/python/colcon_distutils_commands:/root/aerostack2_ws/install/as2_swarm_fusion_ci/lib/python3.10/site-packages:${PYTHONPATH} /usr/bin/python3 -W ignore:setup.py install is deprecated -W ignore:easy_install command is deprecated setup.py egg_info --egg-base ../../../build/as2_swarm_fusion_ci build --build-base /root/aerostack2_ws/build/as2_swarm_fusion_ci/build install --record /root/aerostack2_ws/build/as2_swarm_fusion_ci/install.log --single-version-externally-managed install_data
