[0.036s] Invoking command in '/root/aerostack2_ws/build/rmf_demos_dashboard_resources': CMAKE_PREFIX_PATH=${CMAKE_PREFIX_PATH}:/root/aerostack2_ws/install/rmf_demos_tasks:/root/aerostack2_ws/install/rmf_demos_panel:/root/aerostack2_ws/install/rmf_demos_fleet_adapter:/root/aerostack2_ws/install/rmf_demos_bridges:/root/aerostack2_ws/install/as2_visualization:/root/aerostack2_ws/install/as2_keyboard_teleoperation:/root/aerostack2_ws/install/as2_python_api:/root/aerostack2_ws/install/as2_perception:/opt/ros/humble /usr/bin/cmake --build /root/aerostack2_ws/build/rmf_demos_dashboard_resources -- -j8 -l8
[0.622s] [100%] Built target build
[0.636s] Invoked command in '/root/aerostack2_ws/build/rmf_demos_dashboard_resources' returned '0': CMAKE_PREFIX_PATH=${CMAKE_PREFIX_PATH}:/root/aerostack2_ws/install/rmf_demos_tasks:/root/aerostack2_ws/install/rmf_demos_panel:/root/aerostack2_ws/install/rmf_demos_fleet_adapter:/root/aerostack2_ws/install/rmf_demos_bridges:/root/aerostack2_ws/install/as2_visualization:/root/aerostack2_ws/install/as2_keyboard_teleoperation:/root/aerostack2_ws/install/as2_python_api:/root/aerostack2_ws/install/as2_perception:/opt/ros/humble /usr/bin/cmake --build /root/aerostack2_ws/build/rmf_demos_dashboard_resources -- -j8 -l8
[0.637s] Invoking command in '/root/aerostack2_ws/build/rmf_demos_dashboard_resources': CMAKE_PREFIX_PATH=${CMAKE_PREFIX_PATH}:/root/aerostack2_ws/install/rmf_demos_tasks:/root/aerostack2_ws/install/rmf_demos_panel:/root/aerostack2_ws/install/rmf_demos_fleet_adapter:/root/aerostack2_ws/install/rmf_demos_bridges:/root/aerostack2_ws/install/as2_visualization:/root/aerostack2_ws/install/as2_keyboard_teleoperation:/root/aerostack2_ws/install/as2_python_api:/root/aerostack2_ws/install/as2_perception:/opt/ros/humble /usr/bin/cmake --install /root/aerostack2_ws/build/rmf_demos_dashboard_resources
[0.826s] -- Install configuration: ""
[0.826s] -- Up-to-date: /root/aerostack2_ws/install/rmf_demos_dashboard_resources/share/ament_index/resource_index/package_run_dependencies/rmf_demos_dashboard_resources
[0.826s] -- Up-to-date: /root/aerostack2_ws/install/rmf_demos_dashboard_resources/share/ament_index/resource_index/parent_prefix_path/rmf_demos_dashboard_resources
[0.826s] -- Up-to-date: /root/aerostack2_ws/install/rmf_demos_dashboard_resources/share/rmf_demos_dashboard_resources/environment/ament_prefix_path.sh
[0.826s] -- Up-to-date: /root/aerostack2_ws/install/rmf_demos_dashboard_resources/share/rmf_demos_dashboard_resources/environment/ament_prefix_path.dsv
[0.826s] -- Up-to-date: /root/aerostack2_ws/install/rmf_demos_dashboard_resources/share/rmf_demos_dashboard_resources/environment/path.sh
[0.826s] -- Up-to-date: /root/aerostack2_ws/install/rmf_demos_dashboard_resources/share/rmf_demos_dashboard_resources/environment/path.dsv
[0.826s] -- Up-to-date: /root/aerostack2_ws/install/rmf_demos_dashboard_resources/share/rmf_demos_dashboard_resources/local_setup.bash
[0.826s] -- Up-to-date: /root/aerostack2_ws/install/rmf_demos_dashboard_resources/share/rmf_demos_dashboard_resources/local_setup.sh
[0.826s] -- Up-to-date: /root/aerostack2_ws/install/rmf_demos_dashboard_resources/share/rmf_demos_dashboard_resources/local_setup.zsh
[0.826s] -- Up-to-date: /root/aerostack2_ws/install/rmf_demos_dashboard_resources/share/rmf_demos_dashboard_resources/local_setup.dsv
[0.826s] -- Up-to-date: /root/aerostack2_ws/install/rmf_demos_dashboard_resources/share/rmf_demos_dashboard_resources/package.dsv
[0.826s] -- Up-to-date: /root/aerostack2_ws/install/rmf_demos_dashboard_resources/share/ament_index/resource_index/packages/rmf_demos_dashboard_resources
[0.826s] -- Up-to-date: /root/aerostack2_ws/install/rmf_demos_dashboard_resources/share/rmf_demos_dashboard_resources/cmake/rmf_demos_dashboard_resourcesConfig.cmake
[0.826s] -- Up-to-date: /root/aerostack2_ws/install/rmf_demos_dashboard_resources/share/rmf_demos_dashboard_resources/cmake/rmf_demos_dashboard_resourcesConfig-version.cmake
[0.826s] -- Up-to-date: /root/aerostack2_ws/install/rmf_demos_dashboard_resources/share/rmf_demos_dashboard_resources/package.xml
[0.826s] -- Up-to-date: /root/aerostack2_ws/install/rmf_demos_dashboard_resources/share/rmf_demos_dashboard_resources/airport_terminal
[0.826s] -- Up-to-date: /root/aerostack2_ws/install/rmf_demos_dashboard_resources/share/rmf_demos_dashboard_resources/airport_terminal/icons
[0.826s] -- Up-to-date: /root/aerostack2_ws/install/rmf_demos_dashboard_resources/share/rmf_demos_dashboard_resources/airport_terminal/icons/tinyRobot.png
[0.826s] -- Up-to-date: /root/aerostack2_ws/install/rmf_demos_dashboard_resources/share/rmf_demos_dashboard_resources/airport_terminal/icons/deliveryRobot.png
[0.826s] -- Up-to-date: /root/aerostack2_ws/install/rmf_demos_dashboard_resources/share/rmf_demos_dashboard_resources/airport_terminal/icons/headerLogo.png
[0.826s] -- Up-to-date: /root/aerostack2_ws/install/rmf_demos_dashboard_resources/share/rmf_demos_dashboard_resources/airport_terminal/icons/cleanerBotE.png
[0.826s] -- Up-to-date: /root/aerostack2_ws/install/rmf_demos_dashboard_resources/share/rmf_demos_dashboard_resources/airport_terminal/icons/cleanerBotA.png
[0.826s] -- Up-to-date: /root/aerostack2_ws/install/rmf_demos_dashboard_resources/share/rmf_demos_dashboard_resources/airport_terminal/icons/caddy.png
[0.827s] -- Up-to-date: /root/aerostack2_ws/install/rmf_demos_dashboard_resources/share/rmf_demos_dashboard_resources/airport_terminal/main.json
[0.827s] -- Up-to-date: /root/aerostack2_ws/install/rmf_demos_dashboard_resources/share/rmf_demos_dashboard_resources/airport_terminal/dashboard_config.json
[0.827s] -- Up-to-date: /root/aerostack2_ws/install/rmf_demos_dashboard_resources/share/rmf_demos_dashboard_resources/office
[0.827s] -- Up-to-date: /root/aerostack2_ws/install/rmf_demos_dashboard_resources/share/rmf_demos_dashboard_resources/office/icons
[0.827s] -- Up-to-date: /root/aerostack2_ws/install/rmf_demos_dashboard_resources/share/rmf_demos_dashboard_resources/office/icons/tinyRobot.png
[0.827s] -- Up-to-date: /root/aerostack2_ws/install/rmf_demos_dashboard_resources/share/rmf_demos_dashboard_resources/office/icons/deliveryRobot.png
[0.827s] -- Up-to-date: /root/aerostack2_ws/install/rmf_demos_dashboard_resources/share/rmf_demos_dashboard_resources/office/icons/humanIcon.png
[0.827s] -- Up-to-date: /root/aerostack2_ws/install/rmf_demos_dashboard_resources/share/rmf_demos_dashboard_resources/office/icons/roshealth-logo-blue.png
[0.827s] -- Up-to-date: /root/aerostack2_ws/install/rmf_demos_dashboard_resources/share/rmf_demos_dashboard_resources/office/icons/headerLogo.png
[0.827s] -- Up-to-date: /root/aerostack2_ws/install/rmf_demos_dashboard_resources/share/rmf_demos_dashboard_resources/office/icons/fridge.png
[0.827s] -- Up-to-date: /root/aerostack2_ws/install/rmf_demos_dashboard_resources/share/rmf_demos_dashboard_resources/office/main.json
[0.827s] -- Up-to-date: /root/aerostack2_ws/install/rmf_demos_dashboard_resources/share/rmf_demos_dashboard_resources/office/dashboard_config.json
[0.827s] -- Up-to-date: /root/aerostack2_ws/install/rmf_demos_dashboard_resources/share/rmf_demos_dashboard_resources/hotel
[0.827s] -- Up-to-date: /root/aerostack2_ws/install/rmf_demos_dashboard_resources/share/rmf_demos_dashboard_resources/hotel/icons
[0.827s] -- Up-to-date: /root/aerostack2_ws/install/rmf_demos_dashboard_resources/share/rmf_demos_dashboard_resources/hotel/icons/tinyRobot.png
[0.827s] -- Up-to-date: /root/aerostack2_ws/install/rmf_demos_dashboard_resources/share/rmf_demos_dashboard_resources/hotel/icons/deliveryRobot.png
[0.827s] -- Up-to-date: /root/aerostack2_ws/install/rmf_demos_dashboard_resources/share/rmf_demos_dashboard_resources/hotel/icons/headerLogo.png
[0.827s] -- Up-to-date: /root/aerostack2_ws/install/rmf_demos_dashboard_resources/share/rmf_demos_dashboard_resources/hotel/icons/cleanerBotA.png
[0.827s] -- Up-to-date: /root/aerostack2_ws/install/rmf_demos_dashboard_resources/share/rmf_demos_dashboard_resources/hotel/main.json
[0.827s] -- Up-to-date: /root/aerostack2_ws/install/rmf_demos_dashboard_resources/share/rmf_demos_dashboard_resources/hotel/dashboard_config.json
[0.827s] -- Up-to-date: /root/aerostack2_ws/install/rmf_demos_dashboard_resources/share/rmf_demos_dashboard_resources/clinic
[0.827s] -- Up-to-date: /root/aerostack2_ws/install/rmf_demos_dashboard_resources/share/rmf_demos_dashboard_resources/clinic/main.json
[0.827s] -- Up-to-date: /root/aerostack2_ws/install/rmf_demos_dashboard_resources/share/rmf_demos_dashboard_resources/clinic/dashboard_config.json
[0.946s] Invoked command in '/root/aerostack2_ws/build/rmf_demos_dashboard_resources' returned '0': CMAKE_PREFIX_PATH=${CMAKE_PREFIX_PATH}:/root/aerostack2_ws/install/rmf_demos_tasks:/root/aerostack2_ws/install/rmf_demos_panel:/root/aerostack2_ws/install/rmf_demos_fleet_adapter:/root/aerostack2_ws/install/rmf_demos_bridges:/root/aerostack2_ws/install/as2_visualization:/root/aerostack2_ws/install/as2_keyboard_teleoperation:/root/aerostack2_ws/install/as2_python_api:/root/aerostack2_ws/install/as2_perception:/opt/ros/humble /usr/bin/cmake --install /root/aerostack2_ws/build/rmf_demos_dashboard_resources
