[0.999s] Invoking command in '/root/aerostack2_ws/src/aerostack2/as2_swarm_ekf_people': CMAKE_PREFIX_PATH=/root/aerostack2_ws/install/as2_swarm_person_interfaces:/root/aerostack2_ws/install/rmf_demos_gz_classic:/root/aerostack2_ws/install/rmf_demos_gz:/root/aerostack2_ws/install/rmf_demos:/root/aerostack2_ws/install/rmf_demos_maps:/root/aerostack2_ws/install/aerostack2:/root/aerostack2_ws/install/as2_usb_camera_interface:/root/aerostack2_ws/install/as2_state_estimator:/root/aerostack2_ws/install/as2_rviz_plugins:/root/aerostack2_ws/install/as2_realsense_interface:/root/aerostack2_ws/install/as2_platform_multirotor_simulator:/root/aerostack2_ws/install/as2_platform_gazebo:/root/aerostack2_ws/install/as2_motion_controller:/root/aerostack2_ws/install/as2_behaviors_trajectory_generation:/root/aerostack2_ws/install/as2_behaviors_swarm_flocking:/root/aerostack2_ws/install/as2_behaviors_motion:/root/aerostack2_ws/install/as2_motion_reference_handlers:/root/aerostack2_ws/install/as2_map_server:/root/aerostack2_ws/install/as2_geozones:/root/aerostack2_ws/install/as2_gazebo_assets:/root/aerostack2_ws/install/as2_external_object_to_tf:/root/aerostack2_ws/install/as2_behaviors_platform:/root/aerostack2_ws/install/as2_behaviors_perception:/root/aerostack2_ws/install/as2_behaviors_path_planning:/root/aerostack2_ws/install/as2_behavior_tree:/root/aerostack2_ws/install/as2_behavior:/root/aerostack2_ws/install/as2_alphanumeric_viewer:/root/aerostack2_ws/install/as2_core:/root/aerostack2_ws/install/as2_msgs:/root/aerostack2_ws/install/as2_cli PYTHONPATH=/root/aerostack2_ws/build/as2_swarm_ekf_people/prefix_override:/usr/lib/python3/dist-packages/colcon_core/task/python/colcon_distutils_commands:/root/aerostack2_ws/install/as2_swarm_ekf_people/lib/python3.10/site-packages:${PYTHONPATH} /usr/bin/python3 -W ignore:setup.py install is deprecated -W ignore:easy_install command is deprecated setup.py egg_info --egg-base ../../../build/as2_swarm_ekf_people build --build-base /root/aerostack2_ws/build/as2_swarm_ekf_people/build install --record /root/aerostack2_ws/build/as2_swarm_ekf_people/install.log --single-version-externally-managed install_data
[1.622s] running egg_info
[1.623s] creating ../../../build/as2_swarm_ekf_people/as2_swarm_ekf_people.egg-info
[1.623s] writing ../../../build/as2_swarm_ekf_people/as2_swarm_ekf_people.egg-info/PKG-INFO
[1.623s] writing dependency_links to ../../../build/as2_swarm_ekf_people/as2_swarm_ekf_people.egg-info/dependency_links.txt
[1.623s] writing entry points to ../../../build/as2_swarm_ekf_people/as2_swarm_ekf_people.egg-info/entry_points.txt
[1.623s] writing requirements to ../../../build/as2_swarm_ekf_people/as2_swarm_ekf_people.egg-info/requires.txt
[1.623s] writing top-level names to ../../../build/as2_swarm_ekf_people/as2_swarm_ekf_people.egg-info/top_level.txt
[1.623s] writing manifest file '../../../build/as2_swarm_ekf_people/as2_swarm_ekf_people.egg-info/SOURCES.txt'
[1.625s] reading manifest file '../../../build/as2_swarm_ekf_people/as2_swarm_ekf_people.egg-info/SOURCES.txt'
[1.626s] writing manifest file '../../../build/as2_swarm_ekf_people/as2_swarm_ekf_people.egg-info/SOURCES.txt'
[1.626s] running build
[1.626s] running build_py
[1.626s] creating /root/aerostack2_ws/build/as2_swarm_ekf_people/build
[1.626s] creating /root/aerostack2_ws/build/as2_swarm_ekf_people/build/lib
[1.627s] creating /root/aerostack2_ws/build/as2_swarm_ekf_people/build/lib/as2_swarm_ekf_people
[1.627s] copying as2_swarm_ekf_people/__init__.py -> /root/aerostack2_ws/build/as2_swarm_ekf_people/build/lib/as2_swarm_ekf_people
[1.627s] copying as2_swarm_ekf_people/distributed_ekf_people_node.py -> /root/aerostack2_ws/build/as2_swarm_ekf_people/build/lib/as2_swarm_ekf_people
[1.627s] running install
[1.628s] running install_lib
[1.635s] creating /root/aerostack2_ws/install/as2_swarm_ekf_people/lib/python3.10/site-packages/as2_swarm_ekf_people
[1.635s] copying /root/aerostack2_ws/build/as2_swarm_ekf_people/build/lib/as2_swarm_ekf_people/__init__.py -> /root/aerostack2_ws/install/as2_swarm_ekf_people/lib/python3.10/site-packages/as2_swarm_ekf_people
[1.635s] copying /root/aerostack2_ws/build/as2_swarm_ekf_people/build/lib/as2_swarm_ekf_people/distributed_ekf_people_node.py -> /root/aerostack2_ws/install/as2_swarm_ekf_people/lib/python3.10/site-packages/as2_swarm_ekf_people
[1.635s] byte-compiling /root/aerostack2_ws/install/as2_swarm_ekf_people/lib/python3.10/site-packages/as2_swarm_ekf_people/__init__.py to __init__.cpython-310.pyc
[1.635s] byte-compiling /root/aerostack2_ws/install/as2_swarm_ekf_people/lib/python3.10/site-packages/as2_swarm_ekf_people/distributed_ekf_people_node.py to distributed_ekf_people_node.cpython-310.pyc
[1.648s] running install_data
[1.648s] creating /root/aerostack2_ws/install/as2_swarm_ekf_people/share/ament_index
[1.648s] creating /root/aerostack2_ws/install/as2_swarm_ekf_people/share/ament_index/resource_index
[1.648s] creating /root/aerostack2_ws/install/as2_swarm_ekf_people/share/ament_index/resource_index/packages
[1.648s] copying resource/as2_swarm_ekf_people -> /root/aerostack2_ws/install/as2_swarm_ekf_people/share/ament_index/resource_index/packages
[1.648s] copying package.xml -> /root/aerostack2_ws/install/as2_swarm_ekf_people/share/as2_swarm_ekf_people
[1.648s] creating /root/aerostack2_ws/install/as2_swarm_ekf_people/share/as2_swarm_ekf_people/launch
[1.648s] copying launch/ekf_people_multi.launch.py -> /root/aerostack2_ws/install/as2_swarm_ekf_people/share/as2_swarm_ekf_people/launch
[1.649s] running install_egg_info
[1.649s] Copying ../../../build/as2_swarm_ekf_people/as2_swarm_ekf_people.egg-info to /root/aerostack2_ws/install/as2_swarm_ekf_people/lib/python3.10/site-packages/as2_swarm_ekf_people-0.0.0-py3.10.egg-info
[1.651s] running install_scripts
[1.705s] Installing distributed_ekf_people_node script to /root/aerostack2_ws/install/as2_swarm_ekf_people/lib/as2_swarm_ekf_people
[1.707s] writing list of installed files to '/root/aerostack2_ws/build/as2_swarm_ekf_people/install.log'
[1.782s] Invoked command in '/root/aerostack2_ws/src/aerostack2/as2_swarm_ekf_people' returned '0': CMAKE_PREFIX_PATH=/root/aerostack2_ws/install/as2_swarm_person_interfaces:/root/aerostack2_ws/install/rmf_demos_gz_classic:/root/aerostack2_ws/install/rmf_demos_gz:/root/aerostack2_ws/install/rmf_demos:/root/aerostack2_ws/install/rmf_demos_maps:/root/aerostack2_ws/install/aerostack2:/root/aerostack2_ws/install/as2_usb_camera_interface:/root/aerostack2_ws/install/as2_state_estimator:/root/aerostack2_ws/install/as2_rviz_plugins:/root/aerostack2_ws/install/as2_realsense_interface:/root/aerostack2_ws/install/as2_platform_multirotor_simulator:/root/aerostack2_ws/install/as2_platform_gazebo:/root/aerostack2_ws/install/as2_motion_controller:/root/aerostack2_ws/install/as2_behaviors_trajectory_generation:/root/aerostack2_ws/install/as2_behaviors_swarm_flocking:/root/aerostack2_ws/install/as2_behaviors_motion:/root/aerostack2_ws/install/as2_motion_reference_handlers:/root/aerostack2_ws/install/as2_map_server:/root/aerostack2_ws/install/as2_geozones:/root/aerostack2_ws/install/as2_gazebo_assets:/root/aerostack2_ws/install/as2_external_object_to_tf:/root/aerostack2_ws/install/as2_behaviors_platform:/root/aerostack2_ws/install/as2_behaviors_perception:/root/aerostack2_ws/install/as2_behaviors_path_planning:/root/aerostack2_ws/install/as2_behavior_tree:/root/aerostack2_ws/install/as2_behavior:/root/aerostack2_ws/install/as2_alphanumeric_viewer:/root/aerostack2_ws/install/as2_core:/root/aerostack2_ws/install/as2_msgs:/root/aerostack2_ws/install/as2_cli PYTHONPATH=/root/aerostack2_ws/build/as2_swarm_ekf_people/prefix_override:/usr/lib/python3/dist-packages/colcon_core/task/python/colcon_distutils_commands:/root/aerostack2_ws/install/as2_swarm_ekf_people/lib/python3.10/site-packages:${PYTHONPATH} /usr/bin/python3 -W ignore:setup.py install is deprecated -W ignore:easy_install command is deprecated setup.py egg_info --egg-base ../../../build/as2_swarm_ekf_people build --build-base /root/aerostack2_ws/build/as2_swarm_ekf_people/build install --record /root/aerostack2_ws/build/as2_swarm_ekf_people/install.log --single-version-externally-managed install_data
