[3.223s] Invoking command in '/root/aerostack2_ws/src/aerostack2/as2_perception': PYTHONPATH=/root/aerostack2_ws/build/as2_perception/prefix_override:/usr/lib/python3/dist-packages/colcon_core/task/python/colcon_distutils_commands:/root/aerostack2_ws/install/as2_perception/lib/python3.10/site-packages:${PYTHONPATH} /usr/bin/python3 -W ignore:setup.py install is deprecated -W ignore:easy_install command is deprecated setup.py egg_info --egg-base ../../../build/as2_perception build --build-base /root/aerostack2_ws/build/as2_perception/build install --record /root/aerostack2_ws/build/as2_perception/install.log --single-version-externally-managed install_data
[3.625s] running egg_info
[3.627s] writing ../../../build/as2_perception/as2_perception.egg-info/PKG-INFO
[3.634s] writing dependency_links to ../../../build/as2_perception/as2_perception.egg-info/dependency_links.txt
[3.635s] writing entry points to ../../../build/as2_perception/as2_perception.egg-info/entry_points.txt
[3.635s] writing requirements to ../../../build/as2_perception/as2_perception.egg-info/requires.txt
[3.636s] writing top-level names to ../../../build/as2_perception/as2_perception.egg-info/top_level.txt
[3.636s] reading manifest file '../../../build/as2_perception/as2_perception.egg-info/SOURCES.txt'
[3.637s] writing manifest file '../../../build/as2_perception/as2_perception.egg-info/SOURCES.txt'
[3.637s] running build
[3.638s] running build_py
[3.641s] running install
[3.642s] running install_lib
[3.643s] running install_data
[3.644s] running install_egg_info
[3.650s] removing '/root/aerostack2_ws/install/as2_perception/lib/python3.10/site-packages/as2_perception-0.0.0-py3.10.egg-info' (and everything under it)
[3.657s] Copying ../../../build/as2_perception/as2_perception.egg-info to /root/aerostack2_ws/install/as2_perception/lib/python3.10/site-packages/as2_perception-0.0.0-py3.10.egg-info
[3.672s] running install_scripts
[3.729s] Installing person_detector_node script to /root/aerostack2_ws/install/as2_perception/lib/as2_perception
[3.729s] writing list of installed files to '/root/aerostack2_ws/build/as2_perception/install.log'
[3.818s] Invoked command in '/root/aerostack2_ws/src/aerostack2/as2_perception' returned '0': PYTHONPATH=/root/aerostack2_ws/build/as2_perception/prefix_override:/usr/lib/python3/dist-packages/colcon_core/task/python/colcon_distutils_commands:/root/aerostack2_ws/install/as2_perception/lib/python3.10/site-packages:${PYTHONPATH} /usr/bin/python3 -W ignore:setup.py install is deprecated -W ignore:easy_install command is deprecated setup.py egg_info --egg-base ../../../build/as2_perception build --build-base /root/aerostack2_ws/build/as2_perception/build install --record /root/aerostack2_ws/build/as2_perception/install.log --single-version-externally-managed install_data
