[1.421s] Invoking command in '/root/aerostack2_ws/src/aerostack2/as2_perception': PYTHONPATH=/root/aerostack2_ws/build/as2_perception/prefix_override:/usr/lib/python3/dist-packages/colcon_core/task/python/colcon_distutils_commands:/root/aerostack2_ws/install/as2_perception/lib/python3.10/site-packages:${PYTHONPATH} /usr/bin/python3 -W ignore:setup.py install is deprecated -W ignore:easy_install command is deprecated setup.py egg_info --egg-base ../../../build/as2_perception build --build-base /root/aerostack2_ws/build/as2_perception/build install --record /root/aerostack2_ws/build/as2_perception/install.log --single-version-externally-managed install_data
[1.785s] running egg_info
[1.786s] writing ../../../build/as2_perception/as2_perception.egg-info/PKG-INFO
[1.786s] writing dependency_links to ../../../build/as2_perception/as2_perception.egg-info/dependency_links.txt
[1.786s] writing entry points to ../../../build/as2_perception/as2_perception.egg-info/entry_points.txt
[1.787s] writing requirements to ../../../build/as2_perception/as2_perception.egg-info/requires.txt
[1.787s] writing top-level names to ../../../build/as2_perception/as2_perception.egg-info/top_level.txt
[1.789s] reading manifest file '../../../build/as2_perception/as2_perception.egg-info/SOURCES.txt'
[1.794s] writing manifest file '../../../build/as2_perception/as2_perception.egg-info/SOURCES.txt'
[1.798s] running build
[1.798s] running build_py
[1.800s] copying as2_perception/person_detector_node.py -> /root/aerostack2_ws/build/as2_perception/build/lib/as2_perception
[1.800s] running install
[1.801s] running install_lib
[1.802s] copying /root/aerostack2_ws/build/as2_perception/build/lib/as2_perception/person_detector_node.py -> /root/aerostack2_ws/install/as2_perception/lib/python3.10/site-packages/as2_perception
[1.803s] byte-compiling /root/aerostack2_ws/install/as2_perception/lib/python3.10/site-packages/as2_perception/person_detector_node.py to person_detector_node.cpython-310.pyc
[1.809s] running install_data
[1.809s] running install_egg_info
[1.813s] removing '/root/aerostack2_ws/install/as2_perception/lib/python3.10/site-packages/as2_perception-0.0.0-py3.10.egg-info' (and everything under it)
[1.815s] Copying ../../../build/as2_perception/as2_perception.egg-info to /root/aerostack2_ws/install/as2_perception/lib/python3.10/site-packages/as2_perception-0.0.0-py3.10.egg-info
[1.821s] running install_scripts
[1.863s] Installing person_detector_node script to /root/aerostack2_ws/install/as2_perception/lib/as2_perception
[1.863s] writing list of installed files to '/root/aerostack2_ws/build/as2_perception/install.log'
[2.064s] Invoked command in '/root/aerostack2_ws/src/aerostack2/as2_perception' returned '0': PYTHONPATH=/root/aerostack2_ws/build/as2_perception/prefix_override:/usr/lib/python3/dist-packages/colcon_core/task/python/colcon_distutils_commands:/root/aerostack2_ws/install/as2_perception/lib/python3.10/site-packages:${PYTHONPATH} /usr/bin/python3 -W ignore:setup.py install is deprecated -W ignore:easy_install command is deprecated setup.py egg_info --egg-base ../../../build/as2_perception build --build-base /root/aerostack2_ws/build/as2_perception/build install --record /root/aerostack2_ws/build/as2_perception/install.log --single-version-externally-managed install_data
