[0.466s] Invoking command in '/root/aerostack2_ws/src/aerostack2/as2_python_api': AMENT_PREFIX_PATH=/root/aerostack2_ws/install/as2_motion_reference_handlers:/root/aerostack2_ws/install/as2_core:/root/aerostack2_ws/install/as2_msgs:${AMENT_PREFIX_PATH} CMAKE_PREFIX_PATH=/root/aerostack2_ws/install/as2_motion_reference_handlers:/root/aerostack2_ws/install/as2_core:/root/aerostack2_ws/install/as2_msgs LD_LIBRARY_PATH=/root/aerostack2_ws/install/as2_motion_reference_handlers/lib:/root/aerostack2_ws/install/as2_core/lib:/root/aerostack2_ws/install/as2_msgs/lib:${LD_LIBRARY_PATH} PYTHONPATH=/root/aerostack2_ws/build/as2_python_api/prefix_override:/usr/lib/python3/dist-packages/colcon_core/task/python/colcon_distutils_commands:/root/aerostack2_ws/install/as2_python_api/lib/python3.10/site-packages:/root/aerostack2_ws/install/as2_motion_reference_handlers/local/lib/python3.10/dist-packages:/root/aerostack2_ws/install/as2_core/local/lib/python3.10/dist-packages:/root/aerostack2_ws/install/as2_msgs/local/lib/python3.10/dist-packages:${PYTHONPATH} /usr/bin/python3 -W ignore:setup.py install is deprecated -W ignore:easy_install command is deprecated setup.py egg_info --egg-base ../../../build/as2_python_api build --build-base /root/aerostack2_ws/build/as2_python_api/build install --record /root/aerostack2_ws/build/as2_python_api/install.log --single-version-externally-managed install_data
[0.636s] running egg_info
[0.636s] writing ../../../build/as2_python_api/as2_python_api.egg-info/PKG-INFO
[0.636s] writing dependency_links to ../../../build/as2_python_api/as2_python_api.egg-info/dependency_links.txt
[0.636s] writing entry points to ../../../build/as2_python_api/as2_python_api.egg-info/entry_points.txt
[0.636s] writing requirements to ../../../build/as2_python_api/as2_python_api.egg-info/requires.txt
[0.636s] writing top-level names to ../../../build/as2_python_api/as2_python_api.egg-info/top_level.txt
[0.638s] reading manifest file '../../../build/as2_python_api/as2_python_api.egg-info/SOURCES.txt'
[0.640s] writing manifest file '../../../build/as2_python_api/as2_python_api.egg-info/SOURCES.txt'
[0.640s] running build
[0.640s] running build_py
[0.642s] running install
[0.643s] running install_lib
[0.645s] running install_data
[0.646s] running install_egg_info
[0.647s] removing '/root/aerostack2_ws/install/as2_python_api/lib/python3.10/site-packages/as2_python_api-1.1.3-py3.10.egg-info' (and everything under it)
[0.647s] Copying ../../../build/as2_python_api/as2_python_api.egg-info to /root/aerostack2_ws/install/as2_python_api/lib/python3.10/site-packages/as2_python_api-1.1.3-py3.10.egg-info
[0.647s] running install_scripts
[0.662s] Installing mission_executor script to /root/aerostack2_ws/install/as2_python_api/lib/as2_python_api
[0.663s] writing list of installed files to '/root/aerostack2_ws/build/as2_python_api/install.log'
[0.682s] Invoked command in '/root/aerostack2_ws/src/aerostack2/as2_python_api' returned '0': AMENT_PREFIX_PATH=/root/aerostack2_ws/install/as2_motion_reference_handlers:/root/aerostack2_ws/install/as2_core:/root/aerostack2_ws/install/as2_msgs:${AMENT_PREFIX_PATH} CMAKE_PREFIX_PATH=/root/aerostack2_ws/install/as2_motion_reference_handlers:/root/aerostack2_ws/install/as2_core:/root/aerostack2_ws/install/as2_msgs LD_LIBRARY_PATH=/root/aerostack2_ws/install/as2_motion_reference_handlers/lib:/root/aerostack2_ws/install/as2_core/lib:/root/aerostack2_ws/install/as2_msgs/lib:${LD_LIBRARY_PATH} PYTHONPATH=/root/aerostack2_ws/build/as2_python_api/prefix_override:/usr/lib/python3/dist-packages/colcon_core/task/python/colcon_distutils_commands:/root/aerostack2_ws/install/as2_python_api/lib/python3.10/site-packages:/root/aerostack2_ws/install/as2_motion_reference_handlers/local/lib/python3.10/dist-packages:/root/aerostack2_ws/install/as2_core/local/lib/python3.10/dist-packages:/root/aerostack2_ws/install/as2_msgs/local/lib/python3.10/dist-packages:${PYTHONPATH} /usr/bin/python3 -W ignore:setup.py install is deprecated -W ignore:easy_install command is deprecated setup.py egg_info --egg-base ../../../build/as2_python_api build --build-base /root/aerostack2_ws/build/as2_python_api/build install --record /root/aerostack2_ws/build/as2_python_api/install.log --single-version-externally-managed install_data
