[4.728s] Invoking command in '/root/aerostack2_ws/src/aerostack2/as2_groundray_perception': PYTHONPATH=/root/aerostack2_ws/build/as2_groundray_perception/prefix_override:/usr/lib/python3/dist-packages/colcon_core/task/python/colcon_distutils_commands:/root/aerostack2_ws/install/as2_groundray_perception/lib/python3.10/site-packages:${PYTHONPATH} /usr/bin/python3 -W ignore:setup.py install is deprecated -W ignore:easy_install command is deprecated setup.py egg_info --egg-base ../../../build/as2_groundray_perception build --build-base /root/aerostack2_ws/build/as2_groundray_perception/build install --record /root/aerostack2_ws/build/as2_groundray_perception/install.log --single-version-externally-managed install_data
[5.577s] running egg_info
[5.577s] writing ../../../build/as2_groundray_perception/as2_groundray_perception.egg-info/PKG-INFO
[5.581s] writing dependency_links to ../../../build/as2_groundray_perception/as2_groundray_perception.egg-info/dependency_links.txt
[5.581s] writing entry points to ../../../build/as2_groundray_perception/as2_groundray_perception.egg-info/entry_points.txt
[5.581s] writing requirements to ../../../build/as2_groundray_perception/as2_groundray_perception.egg-info/requires.txt
[5.582s] writing top-level names to ../../../build/as2_groundray_perception/as2_groundray_perception.egg-info/top_level.txt
[5.593s] reading manifest file '../../../build/as2_groundray_perception/as2_groundray_perception.egg-info/SOURCES.txt'
[5.604s] writing manifest file '../../../build/as2_groundray_perception/as2_groundray_perception.egg-info/SOURCES.txt'
[5.604s] running build
[5.605s] running build_py
[5.605s] copying as2_groundray_perception/ray_to_ground_node.py -> /root/aerostack2_ws/build/as2_groundray_perception/build/lib/as2_groundray_perception
[5.609s] running install
[5.609s] running install_lib
[5.618s] copying /root/aerostack2_ws/build/as2_groundray_perception/build/lib/as2_groundray_perception/ray_to_ground_node.py -> /root/aerostack2_ws/install/as2_groundray_perception/lib/python3.10/site-packages/as2_groundray_perception
[5.619s] byte-compiling /root/aerostack2_ws/install/as2_groundray_perception/lib/python3.10/site-packages/as2_groundray_perception/ray_to_ground_node.py to ray_to_ground_node.cpython-310.pyc
[5.644s] running install_data
[5.649s] running install_egg_info
[5.657s] removing '/root/aerostack2_ws/install/as2_groundray_perception/lib/python3.10/site-packages/as2_groundray_perception-0.0.0-py3.10.egg-info' (and everything under it)
[5.662s] Copying ../../../build/as2_groundray_perception/as2_groundray_perception.egg-info to /root/aerostack2_ws/install/as2_groundray_perception/lib/python3.10/site-packages/as2_groundray_perception-0.0.0-py3.10.egg-info
[5.665s] running install_scripts
[5.709s] Installing ray_to_ground_node script to /root/aerostack2_ws/install/as2_groundray_perception/lib/as2_groundray_perception
[5.710s] writing list of installed files to '/root/aerostack2_ws/build/as2_groundray_perception/install.log'
[5.771s] Invoked command in '/root/aerostack2_ws/src/aerostack2/as2_groundray_perception' returned '0': PYTHONPATH=/root/aerostack2_ws/build/as2_groundray_perception/prefix_override:/usr/lib/python3/dist-packages/colcon_core/task/python/colcon_distutils_commands:/root/aerostack2_ws/install/as2_groundray_perception/lib/python3.10/site-packages:${PYTHONPATH} /usr/bin/python3 -W ignore:setup.py install is deprecated -W ignore:easy_install command is deprecated setup.py egg_info --egg-base ../../../build/as2_groundray_perception build --build-base /root/aerostack2_ws/build/as2_groundray_perception/build install --record /root/aerostack2_ws/build/as2_groundray_perception/install.log --single-version-externally-managed install_data
