[0.009s] Invoking command in '/root/aerostack2_ws/build/as2_behaviors_perception': AMENT_PREFIX_PATH=/root/aerostack2_ws/install/as2_behavior:/root/aerostack2_ws/install/as2_core:/root/aerostack2_ws/install/as2_msgs:${AMENT_PREFIX_PATH} CMAKE_PREFIX_PATH=/root/aerostack2_ws/install/as2_behavior:/root/aerostack2_ws/install/as2_core:/root/aerostack2_ws/install/as2_msgs:/opt/ros/humble LD_LIBRARY_PATH=/root/aerostack2_ws/install/as2_behavior/lib:/root/aerostack2_ws/install/as2_core/lib:/root/aerostack2_ws/install/as2_msgs/lib:${LD_LIBRARY_PATH} PYTHONPATH=/root/aerostack2_ws/install/as2_core/local/lib/python3.10/dist-packages:/root/aerostack2_ws/install/as2_msgs/local/lib/python3.10/dist-packages:${PYTHONPATH} /usr/bin/cmake --build /root/aerostack2_ws/build/as2_behaviors_perception -- -j8 -l8
[0.042s] [35m[1mConsolidate compiler generated dependencies of target gtest_main[0m
[0.043s] [35m[1mConsolidate compiler generated dependencies of target point_gimbal_behavior[0m
[0.044s] [35m[1mConsolidate compiler generated dependencies of target gtest[0m
[0.045s] [35m[1mConsolidate compiler generated dependencies of target point_gimbal_behavior_node[0m
[0.047s] [35m[1mConsolidate compiler generated dependencies of target detect_aruco_markers_behavior_node[0m
[0.054s] [ 13%] Built target gtest_main
[0.056s] [ 26%] Built target gtest
[0.069s] [ 46%] Built target point_gimbal_behavior
[0.069s] [ 66%] Built target point_gimbal_behavior_node
[0.073s] [ 86%] Built target detect_aruco_markers_behavior_node
[0.077s] [35m[1mConsolidate compiler generated dependencies of target point_gimbal_behavior_point_gimbal_gtest[0m
[0.094s] [100%] Built target point_gimbal_behavior_point_gimbal_gtest
[0.101s] Invoked command in '/root/aerostack2_ws/build/as2_behaviors_perception' returned '0': AMENT_PREFIX_PATH=/root/aerostack2_ws/install/as2_behavior:/root/aerostack2_ws/install/as2_core:/root/aerostack2_ws/install/as2_msgs:${AMENT_PREFIX_PATH} CMAKE_PREFIX_PATH=/root/aerostack2_ws/install/as2_behavior:/root/aerostack2_ws/install/as2_core:/root/aerostack2_ws/install/as2_msgs:/opt/ros/humble LD_LIBRARY_PATH=/root/aerostack2_ws/install/as2_behavior/lib:/root/aerostack2_ws/install/as2_core/lib:/root/aerostack2_ws/install/as2_msgs/lib:${LD_LIBRARY_PATH} PYTHONPATH=/root/aerostack2_ws/install/as2_core/local/lib/python3.10/dist-packages:/root/aerostack2_ws/install/as2_msgs/local/lib/python3.10/dist-packages:${PYTHONPATH} /usr/bin/cmake --build /root/aerostack2_ws/build/as2_behaviors_perception -- -j8 -l8
[0.102s] Invoking command in '/root/aerostack2_ws/build/as2_behaviors_perception': AMENT_PREFIX_PATH=/root/aerostack2_ws/install/as2_behavior:/root/aerostack2_ws/install/as2_core:/root/aerostack2_ws/install/as2_msgs:${AMENT_PREFIX_PATH} CMAKE_PREFIX_PATH=/root/aerostack2_ws/install/as2_behavior:/root/aerostack2_ws/install/as2_core:/root/aerostack2_ws/install/as2_msgs:/opt/ros/humble LD_LIBRARY_PATH=/root/aerostack2_ws/install/as2_behavior/lib:/root/aerostack2_ws/install/as2_core/lib:/root/aerostack2_ws/install/as2_msgs/lib:${LD_LIBRARY_PATH} PYTHONPATH=/root/aerostack2_ws/install/as2_core/local/lib/python3.10/dist-packages:/root/aerostack2_ws/install/as2_msgs/local/lib/python3.10/dist-packages:${PYTHONPATH} /usr/bin/cmake --install /root/aerostack2_ws/build/as2_behaviors_perception
[0.107s] -- Install configuration: "Release"
[0.107s] -- Up-to-date: /root/aerostack2_ws/install/as2_behaviors_perception/share/ament_index/resource_index/package_run_dependencies/as2_behaviors_perception
[0.108s] -- Up-to-date: /root/aerostack2_ws/install/as2_behaviors_perception/share/ament_index/resource_index/parent_prefix_path/as2_behaviors_perception
[0.108s] -- Up-to-date: /root/aerostack2_ws/install/as2_behaviors_perception/share/as2_behaviors_perception/environment/ament_prefix_path.sh
[0.108s] -- Up-to-date: /root/aerostack2_ws/install/as2_behaviors_perception/share/as2_behaviors_perception/environment/ament_prefix_path.dsv
[0.108s] -- Up-to-date: /root/aerostack2_ws/install/as2_behaviors_perception/share/as2_behaviors_perception/environment/path.sh
[0.108s] -- Up-to-date: /root/aerostack2_ws/install/as2_behaviors_perception/share/as2_behaviors_perception/environment/path.dsv
[0.108s] -- Up-to-date: /root/aerostack2_ws/install/as2_behaviors_perception/share/as2_behaviors_perception/local_setup.bash
[0.108s] -- Up-to-date: /root/aerostack2_ws/install/as2_behaviors_perception/share/as2_behaviors_perception/local_setup.sh
[0.108s] -- Up-to-date: /root/aerostack2_ws/install/as2_behaviors_perception/share/as2_behaviors_perception/local_setup.zsh
[0.108s] -- Up-to-date: /root/aerostack2_ws/install/as2_behaviors_perception/share/as2_behaviors_perception/local_setup.dsv
[0.108s] -- Installing: /root/aerostack2_ws/install/as2_behaviors_perception/share/as2_behaviors_perception/package.dsv
[0.108s] -- Up-to-date: /root/aerostack2_ws/install/as2_behaviors_perception/share/ament_index/resource_index/packages/as2_behaviors_perception
[0.108s] -- Up-to-date: /root/aerostack2_ws/install/as2_behaviors_perception/share/as2_behaviors_perception/cmake/ament_cmake_export_dependencies-extras.cmake
[0.108s] -- Up-to-date: /root/aerostack2_ws/install/as2_behaviors_perception/share/as2_behaviors_perception/cmake/as2_behaviors_perceptionConfig.cmake
[0.108s] -- Up-to-date: /root/aerostack2_ws/install/as2_behaviors_perception/share/as2_behaviors_perception/cmake/as2_behaviors_perceptionConfig-version.cmake
[0.109s] -- Up-to-date: /root/aerostack2_ws/install/as2_behaviors_perception/share/as2_behaviors_perception/package.xml
[0.109s] -- Up-to-date: /root/aerostack2_ws/install/as2_behaviors_perception/share/as2_behaviors_perception/detect_aruco_markers_behavior/config
[0.109s] -- Up-to-date: /root/aerostack2_ws/install/as2_behaviors_perception/share/as2_behaviors_perception/detect_aruco_markers_behavior/config/real_params.yaml
[0.109s] -- Up-to-date: /root/aerostack2_ws/install/as2_behaviors_perception/share/as2_behaviors_perception/detect_aruco_markers_behavior/config/sim_params.yaml
[0.109s] -- Up-to-date: /root/aerostack2_ws/install/as2_behaviors_perception/share/as2_behaviors_perception/launch
[0.109s] -- Up-to-date: /root/aerostack2_ws/install/as2_behaviors_perception/share/as2_behaviors_perception/launch/detect_aruco_markers_behavior_sim_launch.py
[0.109s] -- Up-to-date: /root/aerostack2_ws/install/as2_behaviors_perception/share/as2_behaviors_perception/launch/detect_aruco_markers_behavior_real_launch.py
[0.109s] -- Up-to-date: /root/aerostack2_ws/install/as2_behaviors_perception/lib/as2_behaviors_perception/detect_aruco_markers_behavior_node
[0.109s] -- Up-to-date: /root/aerostack2_ws/install/as2_behaviors_perception/include
[0.109s] -- Up-to-date: /root/aerostack2_ws/install/as2_behaviors_perception/include/point_gimbal_behavior
[0.109s] -- Up-to-date: /root/aerostack2_ws/install/as2_behaviors_perception/include/point_gimbal_behavior/point_gimbal_behavior.hpp
[0.109s] -- Up-to-date: /root/aerostack2_ws/install/as2_behaviors_perception/share/as2_behaviors_perception/launch
[0.109s] -- Up-to-date: /root/aerostack2_ws/install/as2_behaviors_perception/share/as2_behaviors_perception/launch/point_gimbal_behavior.launch.py
[0.109s] -- Up-to-date: /root/aerostack2_ws/install/as2_behaviors_perception/share/as2_behaviors_perception/point_gimbal_behavior/config
[0.110s] -- Up-to-date: /root/aerostack2_ws/install/as2_behaviors_perception/share/as2_behaviors_perception/point_gimbal_behavior/config/config_default.yaml
[0.110s] -- Up-to-date: /root/aerostack2_ws/install/as2_behaviors_perception/lib/as2_behaviors_perception/point_gimbal_behavior_node
[0.110s] -- Up-to-date: /root/aerostack2_ws/install/as2_behaviors_perception/share/as2_behaviors_perception/environment/library_path.sh
[0.110s] -- Up-to-date: /root/aerostack2_ws/install/as2_behaviors_perception/share/as2_behaviors_perception/environment/library_path.dsv
[0.110s] -- Up-to-date: /root/aerostack2_ws/install/as2_behaviors_perception/lib/libpoint_gimbal_behavior.so
[0.111s] Invoked command in '/root/aerostack2_ws/build/as2_behaviors_perception' returned '0': AMENT_PREFIX_PATH=/root/aerostack2_ws/install/as2_behavior:/root/aerostack2_ws/install/as2_core:/root/aerostack2_ws/install/as2_msgs:${AMENT_PREFIX_PATH} CMAKE_PREFIX_PATH=/root/aerostack2_ws/install/as2_behavior:/root/aerostack2_ws/install/as2_core:/root/aerostack2_ws/install/as2_msgs:/opt/ros/humble LD_LIBRARY_PATH=/root/aerostack2_ws/install/as2_behavior/lib:/root/aerostack2_ws/install/as2_core/lib:/root/aerostack2_ws/install/as2_msgs/lib:${LD_LIBRARY_PATH} PYTHONPATH=/root/aerostack2_ws/install/as2_core/local/lib/python3.10/dist-packages:/root/aerostack2_ws/install/as2_msgs/local/lib/python3.10/dist-packages:${PYTHONPATH} /usr/bin/cmake --install /root/aerostack2_ws/build/as2_behaviors_perception
