[0.008s] Invoking command in '/root/aerostack2_ws/build/as2_behaviors_perception': AMENT_PREFIX_PATH=/root/aerostack2_ws/install/as2_behavior:/root/aerostack2_ws/install/as2_core:/root/aerostack2_ws/install/as2_msgs:${AMENT_PREFIX_PATH} CMAKE_PREFIX_PATH=/root/aerostack2_ws/install/as2_behavior:/root/aerostack2_ws/install/as2_core:/root/aerostack2_ws/install/as2_msgs:/opt/ros/humble LD_LIBRARY_PATH=/root/aerostack2_ws/install/as2_behavior/lib:/root/aerostack2_ws/install/as2_core/lib:/root/aerostack2_ws/install/as2_msgs/lib:${LD_LIBRARY_PATH} PYTHONPATH=/root/aerostack2_ws/install/as2_core/local/lib/python3.10/dist-packages:/root/aerostack2_ws/install/as2_msgs/local/lib/python3.10/dist-packages:${PYTHONPATH} /usr/bin/cmake /root/aerostack2_ws/src/aerostack2/as2_behaviors/as2_behaviors_perception -DCMAKE_INSTALL_PREFIX=/root/aerostack2_ws/install/as2_behaviors_perception
[0.043s] -- The C compiler identification is GNU 11.4.0
[0.080s] -- The CXX compiler identification is GNU 11.4.0
[0.084s] -- Detecting C compiler ABI info
[0.131s] -- Detecting C compiler ABI info - done
[0.136s] -- Check for working C compiler: /usr/bin/cc - skipped
[0.136s] -- Detecting C compile features
[0.136s] -- Detecting C compile features - done
[0.139s] -- Detecting CXX compiler ABI info
[0.195s] -- Detecting CXX compiler ABI info - done
[0.201s] -- Check for working CXX compiler: /usr/bin/c++ - skipped
[0.201s] -- Detecting CXX compile features
[0.201s] -- Detecting CXX compile features - done
[0.203s] -- Found ament_cmake: 1.3.12 (/opt/ros/humble/share/ament_cmake/cmake)
[0.313s] -- Found Python3: /usr/bin/python3 (found version "3.10.12") found components: Interpreter 
[0.382s] -- Found rclcpp: 16.0.15 (/opt/ros/humble/share/rclcpp/cmake)
[0.414s] -- Found rosidl_generator_c: 3.1.7 (/opt/ros/humble/share/rosidl_generator_c/cmake)
[0.418s] -- Found rosidl_adapter: 3.1.7 (/opt/ros/humble/share/rosidl_adapter/cmake)
[0.424s] -- Found rosidl_generator_cpp: 3.1.7 (/opt/ros/humble/share/rosidl_generator_cpp/cmake)
[0.435s] -- Using all available rosidl_typesupport_c: rosidl_typesupport_fastrtps_c;rosidl_typesupport_introspection_c
[0.448s] -- Using all available rosidl_typesupport_cpp: rosidl_typesupport_fastrtps_cpp;rosidl_typesupport_introspection_cpp
[0.487s] -- Found rmw_implementation_cmake: 6.1.2 (/opt/ros/humble/share/rmw_implementation_cmake/cmake)
[0.489s] -- Found rmw_fastrtps_cpp: 6.2.9 (/opt/ros/humble/share/rmw_fastrtps_cpp/cmake)
[0.561s] -- Found OpenSSL: /usr/lib/x86_64-linux-gnu/libcrypto.so (found version "3.0.2")  
[0.589s] -- Found FastRTPS: /opt/ros/humble/include  
[0.632s] -- Using RMW implementation 'rmw_fastrtps_cpp' as default
[0.640s] -- Looking for pthread.h
[0.699s] -- Looking for pthread.h - found
[0.700s] -- Performing Test CMAKE_HAVE_LIBC_PTHREAD
[0.758s] -- Performing Test CMAKE_HAVE_LIBC_PTHREAD - Success
[0.759s] -- Found Threads: TRUE  
[0.803s] -- Found std_srvs: 4.9.0 (/opt/ros/humble/share/std_srvs/cmake)
[0.811s] -- Found as2_core: 1.1.3 (/root/aerostack2_ws/install/as2_core/share/as2_core/cmake)
[0.813s] -- Created yaml-cpp::yaml-cpp alias from yaml-cpp target
[0.815s] -- Created GeographicLib::GeographicLib target from legacy variables
[0.940s] -- Found eigen3_cmake_module: 0.1.1 (/opt/ros/humble/share/eigen3_cmake_module/cmake)
[0.941s] -- Found Eigen3: TRUE (found version "3.4.0") 
[0.941s] -- Ensuring Eigen3 include directory is part of orocos-kdl CMake target
[1.062s] -- Found as2_behavior: 1.1.3 (/root/aerostack2_ws/install/as2_behavior/share/as2_behavior/cmake)
[1.066s] -- Found OpenCV: /usr (found version "4.5.4") 
[1.085s] -- Found ament_cmake_gtest: 1.3.12 (/opt/ros/humble/share/ament_cmake_gtest/cmake)
[1.087s] -- Found gtest sources under '/opt/ros/humble/src/gtest_vendor': C++ tests using 'Google Test' will be built
[1.091s] -- Found ament_lint_auto: 0.12.14 (/opt/ros/humble/share/ament_lint_auto/cmake)
[1.161s] -- Added test 'copyright' to check source files copyright and LICENSE
[1.164s] -- Added test 'cppcheck' to perform static code analysis on C / C++ code
[1.164s] -- Configured cppcheck include dirs: 
[1.164s] -- Configured cppcheck exclude dirs and/or files: 
[1.166s] -- Added test 'cpplint' to check C / C++ code against the Google style
[1.166s] -- Configured cpplint exclude dirs and/or files: 
[1.167s] -- Added test 'flake8' to check Python code syntax and style conventions
[1.168s] -- Added test 'lint_cmake' to check CMake code style
[1.168s] -- Added test 'pep257' to check Python code against some of the docstring style conventions in PEP 257
[1.170s] -- Added test 'uncrustify' to check C / C++ code style
[1.170s] -- Configured uncrustify additional arguments: 
[1.171s] -- Added test 'xmllint' to check XML markup files
[1.173s] -- Configuring done
[1.217s] -- Generating done
[1.230s] -- Build files have been written to: /root/aerostack2_ws/build/as2_behaviors_perception
[1.241s] Invoked command in '/root/aerostack2_ws/build/as2_behaviors_perception' returned '0': AMENT_PREFIX_PATH=/root/aerostack2_ws/install/as2_behavior:/root/aerostack2_ws/install/as2_core:/root/aerostack2_ws/install/as2_msgs:${AMENT_PREFIX_PATH} CMAKE_PREFIX_PATH=/root/aerostack2_ws/install/as2_behavior:/root/aerostack2_ws/install/as2_core:/root/aerostack2_ws/install/as2_msgs:/opt/ros/humble LD_LIBRARY_PATH=/root/aerostack2_ws/install/as2_behavior/lib:/root/aerostack2_ws/install/as2_core/lib:/root/aerostack2_ws/install/as2_msgs/lib:${LD_LIBRARY_PATH} PYTHONPATH=/root/aerostack2_ws/install/as2_core/local/lib/python3.10/dist-packages:/root/aerostack2_ws/install/as2_msgs/local/lib/python3.10/dist-packages:${PYTHONPATH} /usr/bin/cmake /root/aerostack2_ws/src/aerostack2/as2_behaviors/as2_behaviors_perception -DCMAKE_INSTALL_PREFIX=/root/aerostack2_ws/install/as2_behaviors_perception
[1.242s] Invoking command in '/root/aerostack2_ws/build/as2_behaviors_perception': AMENT_PREFIX_PATH=/root/aerostack2_ws/install/as2_behavior:/root/aerostack2_ws/install/as2_core:/root/aerostack2_ws/install/as2_msgs:${AMENT_PREFIX_PATH} CMAKE_PREFIX_PATH=/root/aerostack2_ws/install/as2_behavior:/root/aerostack2_ws/install/as2_core:/root/aerostack2_ws/install/as2_msgs:/opt/ros/humble LD_LIBRARY_PATH=/root/aerostack2_ws/install/as2_behavior/lib:/root/aerostack2_ws/install/as2_core/lib:/root/aerostack2_ws/install/as2_msgs/lib:${LD_LIBRARY_PATH} PYTHONPATH=/root/aerostack2_ws/install/as2_core/local/lib/python3.10/dist-packages:/root/aerostack2_ws/install/as2_msgs/local/lib/python3.10/dist-packages:${PYTHONPATH} /usr/bin/cmake --build /root/aerostack2_ws/build/as2_behaviors_perception -- -j8 -l8
[1.287s] [  6%] [32mBuilding CXX object point_gimbal_behavior/CMakeFiles/point_gimbal_behavior.dir/src/point_gimbal_behavior.cpp.o[0m
[1.287s] [ 20%] [32mBuilding CXX object point_gimbal_behavior/CMakeFiles/point_gimbal_behavior_node.dir/src/point_gimbal_behavior_node.cpp.o[0m
[1.287s] [ 20%] [32mBuilding CXX object point_gimbal_behavior/CMakeFiles/point_gimbal_behavior_node.dir/src/point_gimbal_behavior.cpp.o[0m
[1.287s] [ 26%] [32mBuilding CXX object gtest/CMakeFiles/gtest_main.dir/src/gtest_main.cc.o[0m
[1.287s] [ 33%] [32mBuilding CXX object point_gimbal_behavior/CMakeFiles/point_gimbal_behavior.dir/src/point_gimbal_behavior_node.cpp.o[0m
[1.291s] [ 40%] [32mBuilding CXX object gtest/CMakeFiles/gtest.dir/src/gtest-all.cc.o[0m
[1.292s] [ 46%] [32mBuilding CXX object detect_aruco_markers_behavior/CMakeFiles/detect_aruco_markers_behavior_node.dir/src/detect_aruco_markers_behavior.cpp.o[0m
[1.293s] [ 53%] [32mBuilding CXX object detect_aruco_markers_behavior/CMakeFiles/detect_aruco_markers_behavior_node.dir/src/detect_aruco_markers_behavior_node.cpp.o[0m
[3.069s] [ 60%] [32m[1mLinking CXX static library libgtest_main.a[0m
[3.134s] [ 60%] Built target gtest_main
[12.711s] [ 66%] [32m[1mLinking CXX static library libgtest.a[0m
[12.749s] [ 66%] Built target gtest
[16.740s] [ 73%] [32m[1mLinking CXX executable point_gimbal_behavior_node[0m
[16.984s] [ 73%] Built target point_gimbal_behavior_node
[17.261s] [ 80%] [32m[1mLinking CXX shared library libpoint_gimbal_behavior.so[0m
[17.487s] [ 80%] Built target point_gimbal_behavior
[17.508s] [ 86%] [32mBuilding CXX object point_gimbal_behavior/tests/CMakeFiles/point_gimbal_behavior_point_gimbal_gtest.dir/point_gimbal_gtest.cpp.o[0m
[23.308s] [ 93%] [32m[1mLinking CXX executable point_gimbal_behavior_point_gimbal_gtest[0m
[23.501s] [ 93%] Built target point_gimbal_behavior_point_gimbal_gtest
[28.349s] [100%] [32m[1mLinking CXX executable detect_aruco_markers_behavior_node[0m
[28.809s] [100%] Built target detect_aruco_markers_behavior_node
[28.817s] Invoked command in '/root/aerostack2_ws/build/as2_behaviors_perception' returned '0': AMENT_PREFIX_PATH=/root/aerostack2_ws/install/as2_behavior:/root/aerostack2_ws/install/as2_core:/root/aerostack2_ws/install/as2_msgs:${AMENT_PREFIX_PATH} CMAKE_PREFIX_PATH=/root/aerostack2_ws/install/as2_behavior:/root/aerostack2_ws/install/as2_core:/root/aerostack2_ws/install/as2_msgs:/opt/ros/humble LD_LIBRARY_PATH=/root/aerostack2_ws/install/as2_behavior/lib:/root/aerostack2_ws/install/as2_core/lib:/root/aerostack2_ws/install/as2_msgs/lib:${LD_LIBRARY_PATH} PYTHONPATH=/root/aerostack2_ws/install/as2_core/local/lib/python3.10/dist-packages:/root/aerostack2_ws/install/as2_msgs/local/lib/python3.10/dist-packages:${PYTHONPATH} /usr/bin/cmake --build /root/aerostack2_ws/build/as2_behaviors_perception -- -j8 -l8
[28.818s] Invoking command in '/root/aerostack2_ws/build/as2_behaviors_perception': AMENT_PREFIX_PATH=/root/aerostack2_ws/install/as2_behavior:/root/aerostack2_ws/install/as2_core:/root/aerostack2_ws/install/as2_msgs:${AMENT_PREFIX_PATH} CMAKE_PREFIX_PATH=/root/aerostack2_ws/install/as2_behavior:/root/aerostack2_ws/install/as2_core:/root/aerostack2_ws/install/as2_msgs:/opt/ros/humble LD_LIBRARY_PATH=/root/aerostack2_ws/install/as2_behavior/lib:/root/aerostack2_ws/install/as2_core/lib:/root/aerostack2_ws/install/as2_msgs/lib:${LD_LIBRARY_PATH} PYTHONPATH=/root/aerostack2_ws/install/as2_core/local/lib/python3.10/dist-packages:/root/aerostack2_ws/install/as2_msgs/local/lib/python3.10/dist-packages:${PYTHONPATH} /usr/bin/cmake --install /root/aerostack2_ws/build/as2_behaviors_perception
[28.822s] -- Install configuration: "Release"
[28.823s] -- Installing: /root/aerostack2_ws/install/as2_behaviors_perception/share/ament_index/resource_index/package_run_dependencies/as2_behaviors_perception
[28.823s] -- Installing: /root/aerostack2_ws/install/as2_behaviors_perception/share/ament_index/resource_index/parent_prefix_path/as2_behaviors_perception
[28.823s] -- Installing: /root/aerostack2_ws/install/as2_behaviors_perception/share/as2_behaviors_perception/environment/ament_prefix_path.sh
[28.823s] -- Installing: /root/aerostack2_ws/install/as2_behaviors_perception/share/as2_behaviors_perception/environment/ament_prefix_path.dsv
[28.823s] -- Installing: /root/aerostack2_ws/install/as2_behaviors_perception/share/as2_behaviors_perception/environment/path.sh
[28.823s] -- Installing: /root/aerostack2_ws/install/as2_behaviors_perception/share/as2_behaviors_perception/environment/path.dsv
[28.823s] -- Installing: /root/aerostack2_ws/install/as2_behaviors_perception/share/as2_behaviors_perception/local_setup.bash
[28.824s] -- Installing: /root/aerostack2_ws/install/as2_behaviors_perception/share/as2_behaviors_perception/local_setup.sh
[28.824s] -- Installing: /root/aerostack2_ws/install/as2_behaviors_perception/share/as2_behaviors_perception/local_setup.zsh
[28.824s] -- Installing: /root/aerostack2_ws/install/as2_behaviors_perception/share/as2_behaviors_perception/local_setup.dsv
[28.824s] -- Installing: /root/aerostack2_ws/install/as2_behaviors_perception/share/as2_behaviors_perception/package.dsv
[28.824s] -- Installing: /root/aerostack2_ws/install/as2_behaviors_perception/share/ament_index/resource_index/packages/as2_behaviors_perception
[28.824s] -- Installing: /root/aerostack2_ws/install/as2_behaviors_perception/share/as2_behaviors_perception/cmake/ament_cmake_export_dependencies-extras.cmake
[28.824s] -- Installing: /root/aerostack2_ws/install/as2_behaviors_perception/share/as2_behaviors_perception/cmake/as2_behaviors_perceptionConfig.cmake
[28.824s] -- Installing: /root/aerostack2_ws/install/as2_behaviors_perception/share/as2_behaviors_perception/cmake/as2_behaviors_perceptionConfig-version.cmake
[28.824s] -- Installing: /root/aerostack2_ws/install/as2_behaviors_perception/share/as2_behaviors_perception/package.xml
[28.825s] -- Installing: /root/aerostack2_ws/install/as2_behaviors_perception/share/as2_behaviors_perception/detect_aruco_markers_behavior/config
[28.825s] -- Installing: /root/aerostack2_ws/install/as2_behaviors_perception/share/as2_behaviors_perception/detect_aruco_markers_behavior/config/real_params.yaml
[28.826s] -- Installing: /root/aerostack2_ws/install/as2_behaviors_perception/share/as2_behaviors_perception/detect_aruco_markers_behavior/config/sim_params.yaml
[28.826s] -- Installing: /root/aerostack2_ws/install/as2_behaviors_perception/share/as2_behaviors_perception/launch
[28.826s] -- Installing: /root/aerostack2_ws/install/as2_behaviors_perception/share/as2_behaviors_perception/launch/detect_aruco_markers_behavior_sim_launch.py
[28.826s] -- Installing: /root/aerostack2_ws/install/as2_behaviors_perception/share/as2_behaviors_perception/launch/detect_aruco_markers_behavior_real_launch.py
[28.826s] -- Installing: /root/aerostack2_ws/install/as2_behaviors_perception/lib/as2_behaviors_perception/detect_aruco_markers_behavior_node
[28.828s] -- Set runtime path of "/root/aerostack2_ws/install/as2_behaviors_perception/lib/as2_behaviors_perception/detect_aruco_markers_behavior_node" to ""
[28.828s] -- Installing: /root/aerostack2_ws/install/as2_behaviors_perception/include
[28.828s] -- Installing: /root/aerostack2_ws/install/as2_behaviors_perception/include/point_gimbal_behavior
[28.828s] -- Installing: /root/aerostack2_ws/install/as2_behaviors_perception/include/point_gimbal_behavior/point_gimbal_behavior.hpp
[28.828s] -- Up-to-date: /root/aerostack2_ws/install/as2_behaviors_perception/share/as2_behaviors_perception/launch
[28.828s] -- Installing: /root/aerostack2_ws/install/as2_behaviors_perception/share/as2_behaviors_perception/launch/point_gimbal_behavior.launch.py
[28.828s] -- Installing: /root/aerostack2_ws/install/as2_behaviors_perception/share/as2_behaviors_perception/point_gimbal_behavior/config
[28.828s] -- Installing: /root/aerostack2_ws/install/as2_behaviors_perception/share/as2_behaviors_perception/point_gimbal_behavior/config/config_default.yaml
[28.829s] -- Installing: /root/aerostack2_ws/install/as2_behaviors_perception/lib/as2_behaviors_perception/point_gimbal_behavior_node
[28.829s] -- Set runtime path of "/root/aerostack2_ws/install/as2_behaviors_perception/lib/as2_behaviors_perception/point_gimbal_behavior_node" to ""
[28.829s] -- Installing: /root/aerostack2_ws/install/as2_behaviors_perception/share/as2_behaviors_perception/environment/library_path.sh
[28.829s] -- Installing: /root/aerostack2_ws/install/as2_behaviors_perception/share/as2_behaviors_perception/environment/library_path.dsv
[28.830s] -- Installing: /root/aerostack2_ws/install/as2_behaviors_perception/lib/libpoint_gimbal_behavior.so
[28.831s] -- Set runtime path of "/root/aerostack2_ws/install/as2_behaviors_perception/lib/libpoint_gimbal_behavior.so" to ""
[28.832s] Invoked command in '/root/aerostack2_ws/build/as2_behaviors_perception' returned '0': AMENT_PREFIX_PATH=/root/aerostack2_ws/install/as2_behavior:/root/aerostack2_ws/install/as2_core:/root/aerostack2_ws/install/as2_msgs:${AMENT_PREFIX_PATH} CMAKE_PREFIX_PATH=/root/aerostack2_ws/install/as2_behavior:/root/aerostack2_ws/install/as2_core:/root/aerostack2_ws/install/as2_msgs:/opt/ros/humble LD_LIBRARY_PATH=/root/aerostack2_ws/install/as2_behavior/lib:/root/aerostack2_ws/install/as2_core/lib:/root/aerostack2_ws/install/as2_msgs/lib:${LD_LIBRARY_PATH} PYTHONPATH=/root/aerostack2_ws/install/as2_core/local/lib/python3.10/dist-packages:/root/aerostack2_ws/install/as2_msgs/local/lib/python3.10/dist-packages:${PYTHONPATH} /usr/bin/cmake --install /root/aerostack2_ws/build/as2_behaviors_perception
