[0.456s] Invoking command in '/root/aerostack2_ws/build/as2_swarm_person_interfaces': CMAKE_PREFIX_PATH=${CMAKE_PREFIX_PATH}:/root/aerostack2_ws/install/as2_swarm_person_tracking:/root/aerostack2_ws/install/as2_swarm_ci_fusion_people:/root/aerostack2_ws/install/rmf_demos_tasks:/root/aerostack2_ws/install/rmf_demos_panel:/root/aerostack2_ws/install/rmf_demos_fleet_adapter:/root/aerostack2_ws/install/rmf_demos_dashboard_resources:/root/aerostack2_ws/install/rmf_demos_bridges:/root/aerostack2_ws/install/rmf_demos_assets:/root/aerostack2_ws/install/as2_visualization:/root/aerostack2_ws/install/as2_swarm_perception:/root/aerostack2_ws/install/as2_swarm_fusion_ci:/root/aerostack2_ws/install/as2_swarm_ekf:/root/aerostack2_ws/install/as2_keyboard_teleoperation:/root/aerostack2_ws/install/as2_python_api:/root/aerostack2_ws/install/as2_project_bringup:/root/aerostack2_ws/install/as2_perception:/root/aerostack2_ws/install/as2_groundray_perception:/opt/ros/humble /usr/bin/cmake --build /root/aerostack2_ws/build/as2_swarm_person_interfaces -- -j8 -l8
[4.422s] [  2%] Built target as2_swarm_person_interfaces__cpp
[4.423s] [  2%] Built target ament_cmake_python_symlink_as2_swarm_person_interfaces
[4.423s] [ 12%] Built target as2_swarm_person_interfaces__rosidl_typesupport_introspection_cpp
[4.423s] running egg_info
[4.423s] writing as2_swarm_person_interfaces.egg-info/PKG-INFO
[4.423s] writing dependency_links to as2_swarm_person_interfaces.egg-info/dependency_links.txt
[4.423s] writing top-level names to as2_swarm_person_interfaces.egg-info/top_level.txt
[4.423s] reading manifest file 'as2_swarm_person_interfaces.egg-info/SOURCES.txt'
[4.423s] writing manifest file 'as2_swarm_person_interfaces.egg-info/SOURCES.txt'
[4.423s] [ 12%] Built target ament_cmake_python_build_as2_swarm_person_interfaces_egg
[4.423s] [ 23%] Built target as2_swarm_person_interfaces__rosidl_typesupport_fastrtps_cpp
[4.423s] [ 33%] Built target as2_swarm_person_interfaces__rosidl_typesupport_cpp
[4.423s] [ 43%] Built target as2_swarm_person_interfaces__rosidl_generator_c
[4.572s] [ 53%] Built target as2_swarm_person_interfaces__rosidl_typesupport_fastrtps_c
[4.797s] [ 64%] Built target as2_swarm_person_interfaces__rosidl_typesupport_c
[4.987s] [ 74%] Built target as2_swarm_person_interfaces__rosidl_typesupport_introspection_c
[5.155s] [ 74%] Built target as2_swarm_person_interfaces
[5.415s] [ 76%] Built target as2_swarm_person_interfaces__py
[5.759s] [ 84%] Built target as2_swarm_person_interfaces__rosidl_generator_py
[5.865s] [ 89%] Built target as2_swarm_person_interfaces__rosidl_typesupport_fastrtps_c__pyext
[5.949s] [ 94%] Built target as2_swarm_person_interfaces__rosidl_typesupport_c__pyext
[6.012s] [100%] Built target as2_swarm_person_interfaces__rosidl_typesupport_introspection_c__pyext
[8.489s] Invoked command in '/root/aerostack2_ws/build/as2_swarm_person_interfaces' returned '0': CMAKE_PREFIX_PATH=${CMAKE_PREFIX_PATH}:/root/aerostack2_ws/install/as2_swarm_person_tracking:/root/aerostack2_ws/install/as2_swarm_ci_fusion_people:/root/aerostack2_ws/install/rmf_demos_tasks:/root/aerostack2_ws/install/rmf_demos_panel:/root/aerostack2_ws/install/rmf_demos_fleet_adapter:/root/aerostack2_ws/install/rmf_demos_dashboard_resources:/root/aerostack2_ws/install/rmf_demos_bridges:/root/aerostack2_ws/install/rmf_demos_assets:/root/aerostack2_ws/install/as2_visualization:/root/aerostack2_ws/install/as2_swarm_perception:/root/aerostack2_ws/install/as2_swarm_fusion_ci:/root/aerostack2_ws/install/as2_swarm_ekf:/root/aerostack2_ws/install/as2_keyboard_teleoperation:/root/aerostack2_ws/install/as2_python_api:/root/aerostack2_ws/install/as2_project_bringup:/root/aerostack2_ws/install/as2_perception:/root/aerostack2_ws/install/as2_groundray_perception:/opt/ros/humble /usr/bin/cmake --build /root/aerostack2_ws/build/as2_swarm_person_interfaces -- -j8 -l8
[8.489s] Invoking command in '/root/aerostack2_ws/build/as2_swarm_person_interfaces': CMAKE_PREFIX_PATH=${CMAKE_PREFIX_PATH}:/root/aerostack2_ws/install/as2_swarm_person_tracking:/root/aerostack2_ws/install/as2_swarm_ci_fusion_people:/root/aerostack2_ws/install/rmf_demos_tasks:/root/aerostack2_ws/install/rmf_demos_panel:/root/aerostack2_ws/install/rmf_demos_fleet_adapter:/root/aerostack2_ws/install/rmf_demos_dashboard_resources:/root/aerostack2_ws/install/rmf_demos_bridges:/root/aerostack2_ws/install/rmf_demos_assets:/root/aerostack2_ws/install/as2_visualization:/root/aerostack2_ws/install/as2_swarm_perception:/root/aerostack2_ws/install/as2_swarm_fusion_ci:/root/aerostack2_ws/install/as2_swarm_ekf:/root/aerostack2_ws/install/as2_keyboard_teleoperation:/root/aerostack2_ws/install/as2_python_api:/root/aerostack2_ws/install/as2_project_bringup:/root/aerostack2_ws/install/as2_perception:/root/aerostack2_ws/install/as2_groundray_perception:/opt/ros/humble /usr/bin/cmake --install /root/aerostack2_ws/build/as2_swarm_person_interfaces
[8.574s] -- Install configuration: ""
[8.575s] -- Execute custom install script
[8.575s] -- Up-to-date symlink: /root/aerostack2_ws/install/as2_swarm_person_interfaces/share/ament_index/resource_index/rosidl_interfaces/as2_swarm_person_interfaces
[8.575s] -- Up-to-date symlink: /root/aerostack2_ws/install/as2_swarm_person_interfaces/include/as2_swarm_person_interfaces/as2_swarm_person_interfaces/msg/detail/tracked_person__functions.h
[8.575s] -- Up-to-date symlink: /root/aerostack2_ws/install/as2_swarm_person_interfaces/include/as2_swarm_person_interfaces/as2_swarm_person_interfaces/msg/detail/tracked_person__struct.h
[8.575s] -- Up-to-date symlink: /root/aerostack2_ws/install/as2_swarm_person_interfaces/include/as2_swarm_person_interfaces/as2_swarm_person_interfaces/msg/detail/tracked_person__type_support.h
[8.577s] -- Up-to-date symlink: /root/aerostack2_ws/install/as2_swarm_person_interfaces/include/as2_swarm_person_interfaces/as2_swarm_person_interfaces/msg/detail/tracked_person_array__functions.h
[8.578s] -- Up-to-date symlink: /root/aerostack2_ws/install/as2_swarm_person_interfaces/include/as2_swarm_person_interfaces/as2_swarm_person_interfaces/msg/detail/tracked_person_array__struct.h
[8.578s] -- Up-to-date symlink: /root/aerostack2_ws/install/as2_swarm_person_interfaces/include/as2_swarm_person_interfaces/as2_swarm_person_interfaces/msg/detail/tracked_person_array__type_support.h
[8.578s] -- Up-to-date symlink: /root/aerostack2_ws/install/as2_swarm_person_interfaces/include/as2_swarm_person_interfaces/as2_swarm_person_interfaces/msg/rosidl_generator_c__visibility_control.h
[8.578s] -- Up-to-date symlink: /root/aerostack2_ws/install/as2_swarm_person_interfaces/include/as2_swarm_person_interfaces/as2_swarm_person_interfaces/msg/tracked_person.h
[8.578s] -- Up-to-date symlink: /root/aerostack2_ws/install/as2_swarm_person_interfaces/include/as2_swarm_person_interfaces/as2_swarm_person_interfaces/msg/tracked_person_array.h
[8.599s] -- Up-to-date symlink: /root/aerostack2_ws/install/as2_swarm_person_interfaces/share/as2_swarm_person_interfaces/environment/library_path.sh
[8.600s] -- Up-to-date symlink: /root/aerostack2_ws/install/as2_swarm_person_interfaces/share/as2_swarm_person_interfaces/environment/library_path.dsv
[8.601s] -- Up-to-date symlink: /root/aerostack2_ws/install/as2_swarm_person_interfaces/include/as2_swarm_person_interfaces/as2_swarm_person_interfaces/msg/detail/tracked_person__rosidl_typesupport_fastrtps_c.h
[8.602s] -- Up-to-date symlink: /root/aerostack2_ws/install/as2_swarm_person_interfaces/include/as2_swarm_person_interfaces/as2_swarm_person_interfaces/msg/detail/tracked_person_array__rosidl_typesupport_fastrtps_c.h
[8.604s] -- Up-to-date symlink: /root/aerostack2_ws/install/as2_swarm_person_interfaces/include/as2_swarm_person_interfaces/as2_swarm_person_interfaces/msg/rosidl_typesupport_fastrtps_c__visibility_control.h
[8.604s] -- Up-to-date symlink: /root/aerostack2_ws/install/as2_swarm_person_interfaces/include/as2_swarm_person_interfaces/as2_swarm_person_interfaces/msg/detail/tracked_person__rosidl_typesupport_introspection_c.h
[8.611s] -- Up-to-date symlink: /root/aerostack2_ws/install/as2_swarm_person_interfaces/include/as2_swarm_person_interfaces/as2_swarm_person_interfaces/msg/detail/tracked_person_array__rosidl_typesupport_introspection_c.h
[8.612s] -- Up-to-date symlink: /root/aerostack2_ws/install/as2_swarm_person_interfaces/include/as2_swarm_person_interfaces/as2_swarm_person_interfaces/msg/rosidl_typesupport_introspection_c__visibility_control.h
[8.614s] -- Up-to-date symlink: /root/aerostack2_ws/install/as2_swarm_person_interfaces/include/as2_swarm_person_interfaces/as2_swarm_person_interfaces/msg/detail/tracked_person__builder.hpp
[8.615s] -- Up-to-date symlink: /root/aerostack2_ws/install/as2_swarm_person_interfaces/include/as2_swarm_person_interfaces/as2_swarm_person_interfaces/msg/detail/tracked_person__struct.hpp
[8.615s] -- Up-to-date symlink: /root/aerostack2_ws/install/as2_swarm_person_interfaces/include/as2_swarm_person_interfaces/as2_swarm_person_interfaces/msg/detail/tracked_person__traits.hpp
[8.617s] -- Up-to-date symlink: /root/aerostack2_ws/install/as2_swarm_person_interfaces/include/as2_swarm_person_interfaces/as2_swarm_person_interfaces/msg/detail/tracked_person__type_support.hpp
[8.618s] -- Up-to-date symlink: /root/aerostack2_ws/install/as2_swarm_person_interfaces/include/as2_swarm_person_interfaces/as2_swarm_person_interfaces/msg/detail/tracked_person_array__builder.hpp
[8.620s] -- Up-to-date symlink: /root/aerostack2_ws/install/as2_swarm_person_interfaces/include/as2_swarm_person_interfaces/as2_swarm_person_interfaces/msg/detail/tracked_person_array__struct.hpp
[8.633s] -- Up-to-date symlink: /root/aerostack2_ws/install/as2_swarm_person_interfaces/include/as2_swarm_person_interfaces/as2_swarm_person_interfaces/msg/detail/tracked_person_array__traits.hpp
[8.635s] -- Up-to-date symlink: /root/aerostack2_ws/install/as2_swarm_person_interfaces/include/as2_swarm_person_interfaces/as2_swarm_person_interfaces/msg/detail/tracked_person_array__type_support.hpp
[8.635s] -- Up-to-date symlink: /root/aerostack2_ws/install/as2_swarm_person_interfaces/include/as2_swarm_person_interfaces/as2_swarm_person_interfaces/msg/rosidl_generator_cpp__visibility_control.hpp
[8.636s] -- Up-to-date symlink: /root/aerostack2_ws/install/as2_swarm_person_interfaces/include/as2_swarm_person_interfaces/as2_swarm_person_interfaces/msg/tracked_person.hpp
[8.637s] -- Up-to-date symlink: /root/aerostack2_ws/install/as2_swarm_person_interfaces/include/as2_swarm_person_interfaces/as2_swarm_person_interfaces/msg/tracked_person_array.hpp
[8.648s] -- Up-to-date symlink: /root/aerostack2_ws/install/as2_swarm_person_interfaces/include/as2_swarm_person_interfaces/as2_swarm_person_interfaces/msg/detail/tracked_person__rosidl_typesupport_fastrtps_cpp.hpp
[8.650s] -- Up-to-date symlink: /root/aerostack2_ws/install/as2_swarm_person_interfaces/include/as2_swarm_person_interfaces/as2_swarm_person_interfaces/msg/detail/tracked_person_array__rosidl_typesupport_fastrtps_cpp.hpp
[8.656s] -- Up-to-date symlink: /root/aerostack2_ws/install/as2_swarm_person_interfaces/include/as2_swarm_person_interfaces/as2_swarm_person_interfaces/msg/rosidl_typesupport_fastrtps_cpp__visibility_control.h
[8.657s] -- Up-to-date symlink: /root/aerostack2_ws/install/as2_swarm_person_interfaces/include/as2_swarm_person_interfaces/as2_swarm_person_interfaces/msg/detail/tracked_person__rosidl_typesupport_introspection_cpp.hpp
[8.657s] -- Up-to-date symlink: /root/aerostack2_ws/install/as2_swarm_person_interfaces/include/as2_swarm_person_interfaces/as2_swarm_person_interfaces/msg/detail/tracked_person_array__rosidl_typesupport_introspection_cpp.hpp
[8.657s] -- Up-to-date symlink: /root/aerostack2_ws/install/as2_swarm_person_interfaces/share/as2_swarm_person_interfaces/environment/pythonpath.sh
[8.657s] -- Up-to-date symlink: /root/aerostack2_ws/install/as2_swarm_person_interfaces/share/as2_swarm_person_interfaces/environment/pythonpath.dsv
[8.657s] -- Up-to-date symlink: /root/aerostack2_ws/install/as2_swarm_person_interfaces/local/lib/python3.10/dist-packages/as2_swarm_person_interfaces-0.0.0-py3.10.egg-info/PKG-INFO
[8.657s] -- Up-to-date symlink: /root/aerostack2_ws/install/as2_swarm_person_interfaces/local/lib/python3.10/dist-packages/as2_swarm_person_interfaces-0.0.0-py3.10.egg-info/SOURCES.txt
[8.657s] -- Up-to-date symlink: /root/aerostack2_ws/install/as2_swarm_person_interfaces/local/lib/python3.10/dist-packages/as2_swarm_person_interfaces-0.0.0-py3.10.egg-info/dependency_links.txt
[8.657s] -- Up-to-date symlink: /root/aerostack2_ws/install/as2_swarm_person_interfaces/local/lib/python3.10/dist-packages/as2_swarm_person_interfaces-0.0.0-py3.10.egg-info/top_level.txt
[8.657s] -- Up-to-date symlink: /root/aerostack2_ws/install/as2_swarm_person_interfaces/local/lib/python3.10/dist-packages/as2_swarm_person_interfaces/__init__.py
[8.657s] -- Up-to-date symlink: /root/aerostack2_ws/install/as2_swarm_person_interfaces/local/lib/python3.10/dist-packages/as2_swarm_person_interfaces/_as2_swarm_person_interfaces_s.ep.rosidl_typesupport_c.c
[8.658s] -- Up-to-date symlink: /root/aerostack2_ws/install/as2_swarm_person_interfaces/local/lib/python3.10/dist-packages/as2_swarm_person_interfaces/_as2_swarm_person_interfaces_s.ep.rosidl_typesupport_fastrtps_c.c
[8.659s] -- Up-to-date symlink: /root/aerostack2_ws/install/as2_swarm_person_interfaces/local/lib/python3.10/dist-packages/as2_swarm_person_interfaces/_as2_swarm_person_interfaces_s.ep.rosidl_typesupport_introspection_c.c
[8.659s] -- Up-to-date symlink: /root/aerostack2_ws/install/as2_swarm_person_interfaces/local/lib/python3.10/dist-packages/as2_swarm_person_interfaces/as2_swarm_person_interfaces_s__rosidl_typesupport_c.cpython-310-x86_64-linux-gnu.so
[8.676s] -- Up-to-date symlink: /root/aerostack2_ws/install/as2_swarm_person_interfaces/local/lib/python3.10/dist-packages/as2_swarm_person_interfaces/as2_swarm_person_interfaces_s__rosidl_typesupport_fastrtps_c.cpython-310-x86_64-linux-gnu.so
[8.677s] -- Up-to-date symlink: /root/aerostack2_ws/install/as2_swarm_person_interfaces/local/lib/python3.10/dist-packages/as2_swarm_person_interfaces/as2_swarm_person_interfaces_s__rosidl_typesupport_introspection_c.cpython-310-x86_64-linux-gnu.so
[8.677s] -- Up-to-date symlink: /root/aerostack2_ws/install/as2_swarm_person_interfaces/local/lib/python3.10/dist-packages/as2_swarm_person_interfaces/libas2_swarm_person_interfaces__rosidl_generator_py.so
[8.677s] -- Up-to-date symlink: /root/aerostack2_ws/install/as2_swarm_person_interfaces/local/lib/python3.10/dist-packages/as2_swarm_person_interfaces/msg/__init__.py
[8.677s] -- Up-to-date symlink: /root/aerostack2_ws/install/as2_swarm_person_interfaces/local/lib/python3.10/dist-packages/as2_swarm_person_interfaces/msg/_tracked_person.py
[8.677s] -- Up-to-date symlink: /root/aerostack2_ws/install/as2_swarm_person_interfaces/local/lib/python3.10/dist-packages/as2_swarm_person_interfaces/msg/_tracked_person_array.py
[8.678s] -- Up-to-date symlink: /root/aerostack2_ws/install/as2_swarm_person_interfaces/local/lib/python3.10/dist-packages/as2_swarm_person_interfaces/msg/_tracked_person_array_s.c
[8.678s] -- Up-to-date symlink: /root/aerostack2_ws/install/as2_swarm_person_interfaces/local/lib/python3.10/dist-packages/as2_swarm_person_interfaces/msg/_tracked_person_s.c
[8.678s] -- Up-to-date symlink: /root/aerostack2_ws/install/as2_swarm_person_interfaces/local/lib/python3.10/dist-packages/as2_swarm_person_interfaces/as2_swarm_person_interfaces_s__rosidl_typesupport_fastrtps_c.cpython-310-x86_64-linux-gnu.so
[8.678s] -- Up-to-date symlink: /root/aerostack2_ws/install/as2_swarm_person_interfaces/local/lib/python3.10/dist-packages/as2_swarm_person_interfaces/as2_swarm_person_interfaces_s__rosidl_typesupport_introspection_c.cpython-310-x86_64-linux-gnu.so
[8.678s] -- Up-to-date symlink: /root/aerostack2_ws/install/as2_swarm_person_interfaces/local/lib/python3.10/dist-packages/as2_swarm_person_interfaces/as2_swarm_person_interfaces_s__rosidl_typesupport_c.cpython-310-x86_64-linux-gnu.so
[8.678s] -- Up-to-date symlink: /root/aerostack2_ws/install/as2_swarm_person_interfaces/share/as2_swarm_person_interfaces/msg/TrackedPerson.idl
[8.678s] -- Up-to-date symlink: /root/aerostack2_ws/install/as2_swarm_person_interfaces/share/as2_swarm_person_interfaces/msg/TrackedPersonArray.idl
[8.678s] -- Up-to-date symlink: /root/aerostack2_ws/install/as2_swarm_person_interfaces/share/as2_swarm_person_interfaces/msg/TrackedPerson.msg
[8.678s] -- Up-to-date symlink: /root/aerostack2_ws/install/as2_swarm_person_interfaces/share/as2_swarm_person_interfaces/msg/TrackedPersonArray.msg
[8.678s] -- Up-to-date symlink: /root/aerostack2_ws/install/as2_swarm_person_interfaces/share/ament_index/resource_index/package_run_dependencies/as2_swarm_person_interfaces
[8.678s] -- Up-to-date symlink: /root/aerostack2_ws/install/as2_swarm_person_interfaces/share/ament_index/resource_index/parent_prefix_path/as2_swarm_person_interfaces
[8.679s] -- Up-to-date symlink: /root/aerostack2_ws/install/as2_swarm_person_interfaces/share/as2_swarm_person_interfaces/environment/ament_prefix_path.sh
[8.679s] -- Up-to-date symlink: /root/aerostack2_ws/install/as2_swarm_person_interfaces/share/as2_swarm_person_interfaces/environment/ament_prefix_path.dsv
[8.679s] -- Up-to-date symlink: /root/aerostack2_ws/install/as2_swarm_person_interfaces/share/as2_swarm_person_interfaces/environment/path.sh
[8.679s] -- Up-to-date symlink: /root/aerostack2_ws/install/as2_swarm_person_interfaces/share/as2_swarm_person_interfaces/environment/path.dsv
[8.679s] -- Up-to-date symlink: /root/aerostack2_ws/install/as2_swarm_person_interfaces/share/as2_swarm_person_interfaces/local_setup.bash
[8.709s] -- Up-to-date symlink: /root/aerostack2_ws/install/as2_swarm_person_interfaces/share/as2_swarm_person_interfaces/local_setup.sh
[8.712s] -- Up-to-date symlink: /root/aerostack2_ws/install/as2_swarm_person_interfaces/share/as2_swarm_person_interfaces/local_setup.zsh
[8.713s] -- Up-to-date symlink: /root/aerostack2_ws/install/as2_swarm_person_interfaces/share/as2_swarm_person_interfaces/local_setup.dsv
[8.713s] -- Symlinking: /root/aerostack2_ws/install/as2_swarm_person_interfaces/share/as2_swarm_person_interfaces/package.dsv
[8.859s] -- Up-to-date symlink: /root/aerostack2_ws/install/as2_swarm_person_interfaces/share/ament_index/resource_index/packages/as2_swarm_person_interfaces
[8.861s] -- Up-to-date symlink: /root/aerostack2_ws/install/as2_swarm_person_interfaces/share/as2_swarm_person_interfaces/cmake/rosidl_cmake-extras.cmake
[8.862s] -- Up-to-date symlink: /root/aerostack2_ws/install/as2_swarm_person_interfaces/share/as2_swarm_person_interfaces/cmake/ament_cmake_export_dependencies-extras.cmake
[8.862s] -- Up-to-date symlink: /root/aerostack2_ws/install/as2_swarm_person_interfaces/share/as2_swarm_person_interfaces/cmake/ament_cmake_export_include_directories-extras.cmake
[8.862s] -- Up-to-date symlink: /root/aerostack2_ws/install/as2_swarm_person_interfaces/share/as2_swarm_person_interfaces/cmake/ament_cmake_export_libraries-extras.cmake
[8.862s] -- Up-to-date symlink: /root/aerostack2_ws/install/as2_swarm_person_interfaces/share/as2_swarm_person_interfaces/cmake/ament_cmake_export_targets-extras.cmake
[8.862s] -- Up-to-date symlink: /root/aerostack2_ws/install/as2_swarm_person_interfaces/share/as2_swarm_person_interfaces/cmake/rosidl_cmake_export_typesupport_targets-extras.cmake
[8.862s] -- Up-to-date symlink: /root/aerostack2_ws/install/as2_swarm_person_interfaces/share/as2_swarm_person_interfaces/cmake/rosidl_cmake_export_typesupport_libraries-extras.cmake
[8.862s] -- Up-to-date symlink: /root/aerostack2_ws/install/as2_swarm_person_interfaces/share/as2_swarm_person_interfaces/cmake/as2_swarm_person_interfacesConfig.cmake
[8.862s] -- Up-to-date symlink: /root/aerostack2_ws/install/as2_swarm_person_interfaces/share/as2_swarm_person_interfaces/cmake/as2_swarm_person_interfacesConfig-version.cmake
[8.866s] -- Up-to-date symlink: /root/aerostack2_ws/install/as2_swarm_person_interfaces/share/as2_swarm_person_interfaces/package.xml
[8.867s] -- Up-to-date: /root/aerostack2_ws/install/as2_swarm_person_interfaces/lib/libas2_swarm_person_interfaces__rosidl_generator_c.so
[8.867s] -- Up-to-date: /root/aerostack2_ws/install/as2_swarm_person_interfaces/lib/libas2_swarm_person_interfaces__rosidl_typesupport_fastrtps_c.so
[8.867s] -- Up-to-date: /root/aerostack2_ws/install/as2_swarm_person_interfaces/lib/libas2_swarm_person_interfaces__rosidl_typesupport_introspection_c.so
[8.867s] -- Up-to-date: /root/aerostack2_ws/install/as2_swarm_person_interfaces/lib/libas2_swarm_person_interfaces__rosidl_typesupport_c.so
[8.892s] -- Up-to-date: /root/aerostack2_ws/install/as2_swarm_person_interfaces/lib/libas2_swarm_person_interfaces__rosidl_typesupport_fastrtps_cpp.so
[8.892s] -- Up-to-date: /root/aerostack2_ws/install/as2_swarm_person_interfaces/lib/libas2_swarm_person_interfaces__rosidl_typesupport_introspection_cpp.so
[8.892s] -- Up-to-date: /root/aerostack2_ws/install/as2_swarm_person_interfaces/lib/libas2_swarm_person_interfaces__rosidl_typesupport_cpp.so
[9.451s] Listing '/root/aerostack2_ws/install/as2_swarm_person_interfaces/local/lib/python3.10/dist-packages/as2_swarm_person_interfaces'...
[9.452s] Listing '/root/aerostack2_ws/install/as2_swarm_person_interfaces/local/lib/python3.10/dist-packages/as2_swarm_person_interfaces/msg'...
[9.498s] -- Up-to-date: /root/aerostack2_ws/install/as2_swarm_person_interfaces/lib/libas2_swarm_person_interfaces__rosidl_generator_py.so
[9.499s] -- Up-to-date: /root/aerostack2_ws/install/as2_swarm_person_interfaces/share/as2_swarm_person_interfaces/cmake/export_as2_swarm_person_interfaces__rosidl_generator_cExport.cmake
[9.499s] -- Up-to-date: /root/aerostack2_ws/install/as2_swarm_person_interfaces/share/as2_swarm_person_interfaces/cmake/export_as2_swarm_person_interfaces__rosidl_generator_cExport-noconfig.cmake
[9.500s] -- Up-to-date: /root/aerostack2_ws/install/as2_swarm_person_interfaces/share/as2_swarm_person_interfaces/cmake/export_as2_swarm_person_interfaces__rosidl_typesupport_fastrtps_cExport.cmake
[9.500s] -- Up-to-date: /root/aerostack2_ws/install/as2_swarm_person_interfaces/share/as2_swarm_person_interfaces/cmake/export_as2_swarm_person_interfaces__rosidl_typesupport_fastrtps_cExport-noconfig.cmake
[9.501s] -- Up-to-date: /root/aerostack2_ws/install/as2_swarm_person_interfaces/share/as2_swarm_person_interfaces/cmake/as2_swarm_person_interfaces__rosidl_typesupport_introspection_cExport.cmake
[9.501s] -- Up-to-date: /root/aerostack2_ws/install/as2_swarm_person_interfaces/share/as2_swarm_person_interfaces/cmake/as2_swarm_person_interfaces__rosidl_typesupport_introspection_cExport-noconfig.cmake
[9.502s] -- Up-to-date: /root/aerostack2_ws/install/as2_swarm_person_interfaces/share/as2_swarm_person_interfaces/cmake/as2_swarm_person_interfaces__rosidl_typesupport_cExport.cmake
[9.503s] -- Up-to-date: /root/aerostack2_ws/install/as2_swarm_person_interfaces/share/as2_swarm_person_interfaces/cmake/as2_swarm_person_interfaces__rosidl_typesupport_cExport-noconfig.cmake
[9.503s] -- Up-to-date: /root/aerostack2_ws/install/as2_swarm_person_interfaces/share/as2_swarm_person_interfaces/cmake/export_as2_swarm_person_interfaces__rosidl_generator_cppExport.cmake
[9.504s] -- Up-to-date: /root/aerostack2_ws/install/as2_swarm_person_interfaces/share/as2_swarm_person_interfaces/cmake/export_as2_swarm_person_interfaces__rosidl_typesupport_fastrtps_cppExport.cmake
[9.504s] -- Up-to-date: /root/aerostack2_ws/install/as2_swarm_person_interfaces/share/as2_swarm_person_interfaces/cmake/export_as2_swarm_person_interfaces__rosidl_typesupport_fastrtps_cppExport-noconfig.cmake
[9.505s] -- Up-to-date: /root/aerostack2_ws/install/as2_swarm_person_interfaces/share/as2_swarm_person_interfaces/cmake/as2_swarm_person_interfaces__rosidl_typesupport_introspection_cppExport.cmake
[9.505s] -- Up-to-date: /root/aerostack2_ws/install/as2_swarm_person_interfaces/share/as2_swarm_person_interfaces/cmake/as2_swarm_person_interfaces__rosidl_typesupport_introspection_cppExport-noconfig.cmake
[9.505s] -- Up-to-date: /root/aerostack2_ws/install/as2_swarm_person_interfaces/share/as2_swarm_person_interfaces/cmake/as2_swarm_person_interfaces__rosidl_typesupport_cppExport.cmake
[9.505s] -- Up-to-date: /root/aerostack2_ws/install/as2_swarm_person_interfaces/share/as2_swarm_person_interfaces/cmake/as2_swarm_person_interfaces__rosidl_typesupport_cppExport-noconfig.cmake
[9.505s] -- Up-to-date: /root/aerostack2_ws/install/as2_swarm_person_interfaces/share/as2_swarm_person_interfaces/cmake/export_as2_swarm_person_interfaces__rosidl_generator_pyExport.cmake
[9.524s] -- Up-to-date: /root/aerostack2_ws/install/as2_swarm_person_interfaces/share/as2_swarm_person_interfaces/cmake/export_as2_swarm_person_interfaces__rosidl_generator_pyExport-noconfig.cmake
[9.609s] Invoked command in '/root/aerostack2_ws/build/as2_swarm_person_interfaces' returned '0': CMAKE_PREFIX_PATH=${CMAKE_PREFIX_PATH}:/root/aerostack2_ws/install/as2_swarm_person_tracking:/root/aerostack2_ws/install/as2_swarm_ci_fusion_people:/root/aerostack2_ws/install/rmf_demos_tasks:/root/aerostack2_ws/install/rmf_demos_panel:/root/aerostack2_ws/install/rmf_demos_fleet_adapter:/root/aerostack2_ws/install/rmf_demos_dashboard_resources:/root/aerostack2_ws/install/rmf_demos_bridges:/root/aerostack2_ws/install/rmf_demos_assets:/root/aerostack2_ws/install/as2_visualization:/root/aerostack2_ws/install/as2_swarm_perception:/root/aerostack2_ws/install/as2_swarm_fusion_ci:/root/aerostack2_ws/install/as2_swarm_ekf:/root/aerostack2_ws/install/as2_keyboard_teleoperation:/root/aerostack2_ws/install/as2_python_api:/root/aerostack2_ws/install/as2_project_bringup:/root/aerostack2_ws/install/as2_perception:/root/aerostack2_ws/install/as2_groundray_perception:/opt/ros/humble /usr/bin/cmake --install /root/aerostack2_ws/build/as2_swarm_person_interfaces
