[3.330s] Invoking command in '/root/aerostack2_ws/src/aerostack2/as2_perception': PYTHONPATH=/root/aerostack2_ws/build/as2_perception/prefix_override:/usr/lib/python3/dist-packages/colcon_core/task/python/colcon_distutils_commands:/root/aerostack2_ws/install/as2_perception/lib/python3.10/site-packages:${PYTHONPATH} /usr/bin/python3 -W ignore:setup.py install is deprecated -W ignore:easy_install command is deprecated setup.py egg_info --egg-base ../../../build/as2_perception build --build-base /root/aerostack2_ws/build/as2_perception/build install --record /root/aerostack2_ws/build/as2_perception/install.log --single-version-externally-managed install_data
[3.817s] running egg_info
[3.818s] writing ../../../build/as2_perception/as2_perception.egg-info/PKG-INFO
[3.818s] writing dependency_links to ../../../build/as2_perception/as2_perception.egg-info/dependency_links.txt
[3.820s] writing entry points to ../../../build/as2_perception/as2_perception.egg-info/entry_points.txt
[3.820s] writing requirements to ../../../build/as2_perception/as2_perception.egg-info/requires.txt
[3.821s] writing top-level names to ../../../build/as2_perception/as2_perception.egg-info/top_level.txt
[3.821s] reading manifest file '../../../build/as2_perception/as2_perception.egg-info/SOURCES.txt'
[3.826s] writing manifest file '../../../build/as2_perception/as2_perception.egg-info/SOURCES.txt'
[3.826s] running build
[3.826s] running build_py
[3.828s] running install
[3.829s] running install_lib
[3.831s] running install_data
[3.831s] running install_egg_info
[3.840s] removing '/root/aerostack2_ws/install/as2_perception/lib/python3.10/site-packages/as2_perception-0.0.0-py3.10.egg-info' (and everything under it)
[3.842s] Copying ../../../build/as2_perception/as2_perception.egg-info to /root/aerostack2_ws/install/as2_perception/lib/python3.10/site-packages/as2_perception-0.0.0-py3.10.egg-info
[3.843s] running install_scripts
[3.889s] Installing person_detector_node script to /root/aerostack2_ws/install/as2_perception/lib/as2_perception
[3.889s] writing list of installed files to '/root/aerostack2_ws/build/as2_perception/install.log'
[3.988s] Invoked command in '/root/aerostack2_ws/src/aerostack2/as2_perception' returned '0': PYTHONPATH=/root/aerostack2_ws/build/as2_perception/prefix_override:/usr/lib/python3/dist-packages/colcon_core/task/python/colcon_distutils_commands:/root/aerostack2_ws/install/as2_perception/lib/python3.10/site-packages:${PYTHONPATH} /usr/bin/python3 -W ignore:setup.py install is deprecated -W ignore:easy_install command is deprecated setup.py egg_info --egg-base ../../../build/as2_perception build --build-base /root/aerostack2_ws/build/as2_perception/build install --record /root/aerostack2_ws/build/as2_perception/install.log --single-version-externally-managed install_data
