[0.009s] Invoking command in '/root/aerostack2_ws/build/as2_map_server': AMENT_PREFIX_PATH=/root/aerostack2_ws/install/as2_core:/root/aerostack2_ws/install/as2_msgs:${AMENT_PREFIX_PATH} CMAKE_PREFIX_PATH=/root/aerostack2_ws/install/as2_core:/root/aerostack2_ws/install/as2_msgs:/opt/ros/humble LD_LIBRARY_PATH=/root/aerostack2_ws/install/as2_core/lib:/root/aerostack2_ws/install/as2_msgs/lib:${LD_LIBRARY_PATH} PYTHONPATH=/root/aerostack2_ws/install/as2_core/local/lib/python3.10/dist-packages:/root/aerostack2_ws/install/as2_msgs/local/lib/python3.10/dist-packages:${PYTHONPATH} /usr/bin/cmake --build /root/aerostack2_ws/build/as2_map_server -- -j8 -l8
[0.042s] [35m[1mConsolidate compiler generated dependencies of target gtest_main[0m
[0.050s] [  7%] [32mBuilding CXX object gtest/CMakeFiles/gtest.dir/src/gtest-all.cc.o[0m
[0.050s] [ 14%] Built target as2_map_server_base
[0.050s] [ 21%] [32mBuilding CXX object CMakeFiles/as2_map_server.dir/src/map_server.cpp.o[0m
[0.050s] [ 28%] [32mBuilding CXX object CMakeFiles/as2_map_server.dir/src/map_server_node.cpp.o[0m
[0.054s] [ 42%] Built target gtest_main
[0.070s] [ 50%] [32mBuilding CXX object plugins/scan2occ_grid/CMakeFiles/scan2occ_grid.dir/src/scan2occ_grid.cpp.o[0m
[8.096s] [ 57%] [32m[1mLinking CXX static library libgtest.a[0m
[8.132s] [ 57%] Built target gtest
[9.459s] [ 64%] [32m[1mLinking CXX shared library libas2_map_server.so[0m
[9.614s] [ 64%] Built target as2_map_server
[9.633s] [ 71%] [32mBuilding CXX object CMakeFiles/as2_map_server_node.dir/src/map_server_node.cpp.o[0m
[9.634s] [ 78%] [32mBuilding CXX object tests/CMakeFiles/as2_map_server_map_server_gtest.dir/map_server_gtest.cpp.o[0m
[13.250s] [ 85%] [32m[1mLinking CXX executable as2_map_server_node[0m
[13.392s] [ 85%] Built target as2_map_server_node
[13.888s] [ 92%] [32m[1mLinking CXX shared library libscan2occ_grid.so[0m
[14.006s] [100%] [32m[1mLinking CXX executable as2_map_server_map_server_gtest[0m
[14.135s] [100%] Built target scan2occ_grid
[14.155s] [100%] Built target as2_map_server_map_server_gtest
[14.163s] Invoked command in '/root/aerostack2_ws/build/as2_map_server' returned '0': AMENT_PREFIX_PATH=/root/aerostack2_ws/install/as2_core:/root/aerostack2_ws/install/as2_msgs:${AMENT_PREFIX_PATH} CMAKE_PREFIX_PATH=/root/aerostack2_ws/install/as2_core:/root/aerostack2_ws/install/as2_msgs:/opt/ros/humble LD_LIBRARY_PATH=/root/aerostack2_ws/install/as2_core/lib:/root/aerostack2_ws/install/as2_msgs/lib:${LD_LIBRARY_PATH} PYTHONPATH=/root/aerostack2_ws/install/as2_core/local/lib/python3.10/dist-packages:/root/aerostack2_ws/install/as2_msgs/local/lib/python3.10/dist-packages:${PYTHONPATH} /usr/bin/cmake --build /root/aerostack2_ws/build/as2_map_server -- -j8 -l8
[14.166s] Invoking command in '/root/aerostack2_ws/build/as2_map_server': AMENT_PREFIX_PATH=/root/aerostack2_ws/install/as2_core:/root/aerostack2_ws/install/as2_msgs:${AMENT_PREFIX_PATH} CMAKE_PREFIX_PATH=/root/aerostack2_ws/install/as2_core:/root/aerostack2_ws/install/as2_msgs:/opt/ros/humble LD_LIBRARY_PATH=/root/aerostack2_ws/install/as2_core/lib:/root/aerostack2_ws/install/as2_msgs/lib:${LD_LIBRARY_PATH} PYTHONPATH=/root/aerostack2_ws/install/as2_core/local/lib/python3.10/dist-packages:/root/aerostack2_ws/install/as2_msgs/local/lib/python3.10/dist-packages:${PYTHONPATH} /usr/bin/cmake --install /root/aerostack2_ws/build/as2_map_server
[14.172s] -- Install configuration: "Release"
[14.172s] -- Installing: /root/aerostack2_ws/install/as2_map_server/include
[14.172s] -- Installing: /root/aerostack2_ws/install/as2_map_server/include/as2_map_server
[14.172s] -- Installing: /root/aerostack2_ws/install/as2_map_server/include/as2_map_server/plugin_base.hpp
[14.172s] -- Installing: /root/aerostack2_ws/install/as2_map_server/include/as2_map_server/map_server.hpp
[14.173s] -- Installing: /root/aerostack2_ws/install/as2_map_server/share/as2_map_server/environment/library_path.sh
[14.173s] -- Installing: /root/aerostack2_ws/install/as2_map_server/share/as2_map_server/environment/library_path.dsv
[14.173s] -- Installing: /root/aerostack2_ws/install/as2_map_server/lib/libas2_map_server_base.so
[14.173s] -- Set runtime path of "/root/aerostack2_ws/install/as2_map_server/lib/libas2_map_server_base.so" to ""
[14.173s] -- Up-to-date: /root/aerostack2_ws/install/as2_map_server/include
[14.173s] -- Up-to-date: /root/aerostack2_ws/install/as2_map_server/include/as2_map_server
[14.173s] -- Up-to-date: /root/aerostack2_ws/install/as2_map_server/include/as2_map_server/plugin_base.hpp
[14.173s] -- Up-to-date: /root/aerostack2_ws/install/as2_map_server/include/as2_map_server/map_server.hpp
[14.174s] -- Installing: /root/aerostack2_ws/install/as2_map_server/lib/libas2_map_server.so
[14.174s] -- Set runtime path of "/root/aerostack2_ws/install/as2_map_server/lib/libas2_map_server.so" to ""
[14.174s] -- Installing: /root/aerostack2_ws/install/as2_map_server/lib/as2_map_server/as2_map_server_node
[14.174s] -- Set runtime path of "/root/aerostack2_ws/install/as2_map_server/lib/as2_map_server/as2_map_server_node" to ""
[14.174s] -- Installing: /root/aerostack2_ws/install/as2_map_server/share/as2_map_server/plugins.xml
[14.174s] -- Installing: /root/aerostack2_ws/install/as2_map_server/share/as2_map_server/launch
[14.174s] -- Installing: /root/aerostack2_ws/install/as2_map_server/share/as2_map_server/launch/map_server.launch.py
[14.174s] -- Up-to-date: /root/aerostack2_ws/install/as2_map_server/share/as2_map_server/launch
[14.175s] -- Installing: /root/aerostack2_ws/install/as2_map_server/share/as2_map_server/launch/scan2occ_grid-map_server.launch.py
[14.175s] -- Installing: /root/aerostack2_ws/install/as2_map_server/share/as2_map_server/plugins/scan2occ_grid/config
[14.175s] -- Installing: /root/aerostack2_ws/install/as2_map_server/share/as2_map_server/plugins/scan2occ_grid/config/plugin_default.yaml
[14.175s] -- Up-to-date: /root/aerostack2_ws/install/as2_map_server/share/as2_map_server/launch
[14.175s] -- Installing: /root/aerostack2_ws/install/as2_map_server/share/as2_map_server/launch/depth2occ_grid-map_server.launch.py
[14.175s] -- Installing: /root/aerostack2_ws/install/as2_map_server/share/as2_map_server/plugins/depth2occ_grid/config
[14.175s] -- Installing: /root/aerostack2_ws/install/as2_map_server/share/as2_map_server/plugins/depth2occ_grid/config/plugin_default.yaml
[14.175s] -- Up-to-date: /root/aerostack2_ws/install/as2_map_server/share/as2_map_server/launch
[14.175s] -- Installing: /root/aerostack2_ws/install/as2_map_server/share/as2_map_server/launch/point_cloud2occ_grid-map_server.launch.py
[14.175s] -- Installing: /root/aerostack2_ws/install/as2_map_server/share/as2_map_server/plugins/point_cloud2occ_grid/config
[14.175s] -- Installing: /root/aerostack2_ws/install/as2_map_server/share/as2_map_server/plugins/point_cloud2occ_grid/config/plugin_default.yaml
[14.176s] -- Installing: /root/aerostack2_ws/install/as2_map_server/share/ament_index/resource_index/package_run_dependencies/as2_map_server
[14.176s] -- Installing: /root/aerostack2_ws/install/as2_map_server/share/ament_index/resource_index/parent_prefix_path/as2_map_server
[14.176s] -- Installing: /root/aerostack2_ws/install/as2_map_server/share/as2_map_server/environment/ament_prefix_path.sh
[14.176s] -- Installing: /root/aerostack2_ws/install/as2_map_server/share/as2_map_server/environment/ament_prefix_path.dsv
[14.176s] -- Installing: /root/aerostack2_ws/install/as2_map_server/share/as2_map_server/environment/path.sh
[14.176s] -- Installing: /root/aerostack2_ws/install/as2_map_server/share/as2_map_server/environment/path.dsv
[14.176s] -- Installing: /root/aerostack2_ws/install/as2_map_server/share/as2_map_server/local_setup.bash
[14.176s] -- Installing: /root/aerostack2_ws/install/as2_map_server/share/as2_map_server/local_setup.sh
[14.176s] -- Installing: /root/aerostack2_ws/install/as2_map_server/share/as2_map_server/local_setup.zsh
[14.176s] -- Installing: /root/aerostack2_ws/install/as2_map_server/share/as2_map_server/local_setup.dsv
[14.176s] -- Installing: /root/aerostack2_ws/install/as2_map_server/share/as2_map_server/package.dsv
[14.177s] -- Installing: /root/aerostack2_ws/install/as2_map_server/share/ament_index/resource_index/packages/as2_map_server
[14.177s] -- Installing: /root/aerostack2_ws/install/as2_map_server/share/ament_index/resource_index/as2_map_server__pluginlib__plugin/as2_map_server
[14.177s] -- Installing: /root/aerostack2_ws/install/as2_map_server/share/as2_map_server/cmake/export_as2_map_server_baseExport.cmake
[14.177s] -- Installing: /root/aerostack2_ws/install/as2_map_server/share/as2_map_server/cmake/export_as2_map_server_baseExport-release.cmake
[14.177s] -- Installing: /root/aerostack2_ws/install/as2_map_server/share/as2_map_server/cmake/export_as2_map_serverExport.cmake
[14.177s] -- Installing: /root/aerostack2_ws/install/as2_map_server/share/as2_map_server/cmake/export_as2_map_serverExport-release.cmake
[14.177s] -- Installing: /root/aerostack2_ws/install/as2_map_server/share/as2_map_server/cmake/ament_cmake_export_libraries-extras.cmake
[14.177s] -- Installing: /root/aerostack2_ws/install/as2_map_server/share/as2_map_server/cmake/ament_cmake_export_targets-extras.cmake
[14.178s] -- Installing: /root/aerostack2_ws/install/as2_map_server/share/as2_map_server/cmake/ament_cmake_export_include_directories-extras.cmake
[14.178s] -- Installing: /root/aerostack2_ws/install/as2_map_server/share/as2_map_server/cmake/as2_map_serverConfig.cmake
[14.178s] -- Installing: /root/aerostack2_ws/install/as2_map_server/share/as2_map_server/cmake/as2_map_serverConfig-version.cmake
[14.178s] -- Installing: /root/aerostack2_ws/install/as2_map_server/share/as2_map_server/package.xml
[14.178s] -- Up-to-date: /root/aerostack2_ws/install/as2_map_server/include
[14.178s] -- Installing: /root/aerostack2_ws/install/as2_map_server/include/scan2occ_grid.hpp
[14.178s] -- Installing: /root/aerostack2_ws/install/as2_map_server/lib/libscan2occ_grid.so
[14.180s] -- Set runtime path of "/root/aerostack2_ws/install/as2_map_server/lib/libscan2occ_grid.so" to ""
[14.182s] Invoked command in '/root/aerostack2_ws/build/as2_map_server' returned '0': AMENT_PREFIX_PATH=/root/aerostack2_ws/install/as2_core:/root/aerostack2_ws/install/as2_msgs:${AMENT_PREFIX_PATH} CMAKE_PREFIX_PATH=/root/aerostack2_ws/install/as2_core:/root/aerostack2_ws/install/as2_msgs:/opt/ros/humble LD_LIBRARY_PATH=/root/aerostack2_ws/install/as2_core/lib:/root/aerostack2_ws/install/as2_msgs/lib:${LD_LIBRARY_PATH} PYTHONPATH=/root/aerostack2_ws/install/as2_core/local/lib/python3.10/dist-packages:/root/aerostack2_ws/install/as2_msgs/local/lib/python3.10/dist-packages:${PYTHONPATH} /usr/bin/cmake --install /root/aerostack2_ws/build/as2_map_server
