[01m[K/root/aerostack2_ws/src/aerostack2/as2_simulation_assets/as2_gazebo_assets/src/gps_bridge/gps_bridge.cpp:[m[K In constructor ‘[01m[KGPSBridge::GPSBridge()[m[K’:
[01m[K/root/aerostack2_ws/src/aerostack2/as2_simulation_assets/as2_gazebo_assets/src/gps_bridge/gps_bridge.cpp:88:37:[m[K [01;31m[Kerror: [m[K‘[01m[Kgps_pub_hz_[m[K’ was not declared in this scope; did you mean ‘[01m[Kgps_pub_[m[K’?
   88 |   this->get_parameter("gps_pub_hz", [01;31m[Kgps_pub_hz_[m[K);
      |                                     [01;31m[K^~~~~~~~~~~[m[K
      |                                     [32m[Kgps_pub_[m[K
In file included from [01m[K/opt/ros/humble/include/rclcpp/rclcpp/client.hpp:40[m[K,
                 from [01m[K/opt/ros/humble/include/rclcpp/rclcpp/callback_group.hpp:24[m[K,
                 from [01m[K/opt/ros/humble/include/rclcpp/rclcpp/any_executable.hpp:20[m[K,
                 from [01m[K/opt/ros/humble/include/rclcpp/rclcpp/memory_strategy.hpp:25[m[K,
                 from [01m[K/opt/ros/humble/include/rclcpp/rclcpp/memory_strategies.hpp:18[m[K,
                 from [01m[K/opt/ros/humble/include/rclcpp/rclcpp/executor_options.hpp:20[m[K,
                 from [01m[K/opt/ros/humble/include/rclcpp/rclcpp/executor.hpp:37[m[K,
                 from [01m[K/opt/ros/humble/include/rclcpp/rclcpp/executors/multi_threaded_executor.hpp:25[m[K,
                 from [01m[K/opt/ros/humble/include/rclcpp/rclcpp/executors.hpp:21[m[K,
                 from [01m[K/opt/ros/humble/include/rclcpp/rclcpp/rclcpp.hpp:155[m[K,
                 from [01m[K/root/aerostack2_ws/install/as2_core/include/as2_core/names/topics.hpp:41[m[K,
                 from [01m[K/root/aerostack2_ws/src/aerostack2/as2_simulation_assets/as2_gazebo_assets/include/as2_gazebo_assets/gps_bridge.hpp:34[m[K,
                 from [01m[K/root/aerostack2_ws/src/aerostack2/as2_simulation_assets/as2_gazebo_assets/src/gps_bridge/gps_bridge.cpp:65[m[K:
[01m[K/root/aerostack2_ws/src/aerostack2/as2_simulation_assets/as2_gazebo_assets/src/gps_bridge/gps_bridge.cpp:[m[K In static member function ‘[01m[Kstatic void GPSBridge::ignitionGPSCallback(const ignition::msgs::NavSat&, const ignition::transport::v11::MessageInfo&)[m[K’:
[01m[K/root/aerostack2_ws/src/aerostack2/as2_simulation_assets/as2_gazebo_assets/src/gps_bridge/gps_bridge.cpp:154:31:[m[K [01;31m[Kerror: [m[Kcannot capture ‘[01m[Krclcpp::Clock(RCL_ROS_TIME)[m[K’ by reference
  154 |     rclcpp::Clock(RCL_ROS_TIME[01;31m[K)[m[K,
      |                               [01;31m[K^[m[K
[01m[K/root/aerostack2_ws/src/aerostack2/as2_simulation_assets/as2_gazebo_assets/src/gps_bridge/gps_bridge.cpp:[m[K In lambda function:
[01m[K/root/aerostack2_ws/src/aerostack2/as2_simulation_assets/as2_gazebo_assets/src/gps_bridge/gps_bridge.cpp:152:3:[m[K [01;31m[Kerror: [m[K‘[01m[Kc[m[K’ was not declared in this scope
  152 |   [01;31m[KRCLCPP_INFO_THROTTLE[m[K(
      |   [01;31m[K^~~~~~~~~~~~~~~~~~~~[m[K
gmake[2]: *** [CMakeFiles/gps_bridge.dir/build.make:76: CMakeFiles/gps_bridge.dir/src/gps_bridge/gps_bridge.cpp.o] Error 1
gmake[1]: *** [CMakeFiles/Makefile2:154: CMakeFiles/gps_bridge.dir/all] Error 2
gmake: *** [Makefile:146: all] Error 2
