[0.008s] Invoking command in '/root/aerostack2_ws/build/as2_motion_controller': AMENT_PREFIX_PATH=/root/aerostack2_ws/install/as2_motion_reference_handlers:/root/aerostack2_ws/install/as2_core:/root/aerostack2_ws/install/as2_msgs:${AMENT_PREFIX_PATH} CMAKE_PREFIX_PATH=/root/aerostack2_ws/install/as2_motion_reference_handlers:/root/aerostack2_ws/install/as2_core:/root/aerostack2_ws/install/as2_msgs:/opt/ros/humble LD_LIBRARY_PATH=/root/aerostack2_ws/install/as2_motion_reference_handlers/lib:/root/aerostack2_ws/install/as2_core/lib:/root/aerostack2_ws/install/as2_msgs/lib:${LD_LIBRARY_PATH} PYTHONPATH=/root/aerostack2_ws/install/as2_motion_reference_handlers/local/lib/python3.10/dist-packages:/root/aerostack2_ws/install/as2_core/local/lib/python3.10/dist-packages:/root/aerostack2_ws/install/as2_msgs/local/lib/python3.10/dist-packages:${PYTHONPATH} /usr/bin/cmake --build /root/aerostack2_ws/build/as2_motion_controller -- -j8 -l8
[0.045s] [35m[1mConsolidate compiler generated dependencies of target gtest_main[0m
[0.045s] [35m[1mConsolidate compiler generated dependencies of target as2_motion_controller[0m
[0.045s] [35m[1mConsolidate compiler generated dependencies of target gtest[0m
[0.054s] [  3%] Built target as2_motion_controller_plugin_base
[0.055s] [  6%] Built target pid_controller
[0.057s] [ 13%] Built target gtest
[0.059s] [ 20%] Built target gtest_main
[0.063s] [35m[1mConsolidate compiler generated dependencies of target pid_controller_pid_1d_gtest[0m
[0.065s] [35m[1mConsolidate compiler generated dependencies of target pid_controller_pid_gtest[0m
[0.065s] [35m[1mConsolidate compiler generated dependencies of target pid_controller_saturate_output_gtest[0m
[0.067s] [ 31%] Built target as2_motion_controller
[0.080s] [35m[1mConsolidate compiler generated dependencies of target as2_motion_controller_find_mode_match_test[0m
[0.080s] [ 37%] Built target pid_controller_pid_1d_gtest
[0.080s] [35m[1mConsolidate compiler generated dependencies of target differential_flatness_controller[0m
[0.080s] [35m[1mConsolidate compiler generated dependencies of target as2_motion_controller_node[0m
[0.080s] [35m[1mConsolidate compiler generated dependencies of target pid_speed_controller[0m
[0.081s] [ 44%] Built target pid_controller_saturate_output_gtest
[0.085s] [35m[1mConsolidate compiler generated dependencies of target as2_motion_controller_as2_motion_controller_gtest[0m
[0.086s] [ 51%] Built target pid_controller_pid_gtest
[0.095s] [ 58%] Built target as2_motion_controller_find_mode_match_test
[0.097s] [ 65%] Built target differential_flatness_controller
[0.100s] [ 72%] Built target pid_speed_controller
[0.101s] [ 79%] Built target as2_motion_controller_node
[0.105s] [ 86%] Built target as2_motion_controller_as2_motion_controller_gtest
[0.107s] [35m[1mConsolidate compiler generated dependencies of target as2_motion_controller_differential_flatness_controller_gtest[0m
[0.109s] [35m[1mConsolidate compiler generated dependencies of target as2_motion_controller_pid_speed_controller_gtest[0m
[0.123s] [ 93%] Built target as2_motion_controller_differential_flatness_controller_gtest
[0.126s] [100%] Built target as2_motion_controller_pid_speed_controller_gtest
[0.134s] Invoked command in '/root/aerostack2_ws/build/as2_motion_controller' returned '0': AMENT_PREFIX_PATH=/root/aerostack2_ws/install/as2_motion_reference_handlers:/root/aerostack2_ws/install/as2_core:/root/aerostack2_ws/install/as2_msgs:${AMENT_PREFIX_PATH} CMAKE_PREFIX_PATH=/root/aerostack2_ws/install/as2_motion_reference_handlers:/root/aerostack2_ws/install/as2_core:/root/aerostack2_ws/install/as2_msgs:/opt/ros/humble LD_LIBRARY_PATH=/root/aerostack2_ws/install/as2_motion_reference_handlers/lib:/root/aerostack2_ws/install/as2_core/lib:/root/aerostack2_ws/install/as2_msgs/lib:${LD_LIBRARY_PATH} PYTHONPATH=/root/aerostack2_ws/install/as2_motion_reference_handlers/local/lib/python3.10/dist-packages:/root/aerostack2_ws/install/as2_core/local/lib/python3.10/dist-packages:/root/aerostack2_ws/install/as2_msgs/local/lib/python3.10/dist-packages:${PYTHONPATH} /usr/bin/cmake --build /root/aerostack2_ws/build/as2_motion_controller -- -j8 -l8
[0.135s] Invoking command in '/root/aerostack2_ws/build/as2_motion_controller': AMENT_PREFIX_PATH=/root/aerostack2_ws/install/as2_motion_reference_handlers:/root/aerostack2_ws/install/as2_core:/root/aerostack2_ws/install/as2_msgs:${AMENT_PREFIX_PATH} CMAKE_PREFIX_PATH=/root/aerostack2_ws/install/as2_motion_reference_handlers:/root/aerostack2_ws/install/as2_core:/root/aerostack2_ws/install/as2_msgs:/opt/ros/humble LD_LIBRARY_PATH=/root/aerostack2_ws/install/as2_motion_reference_handlers/lib:/root/aerostack2_ws/install/as2_core/lib:/root/aerostack2_ws/install/as2_msgs/lib:${LD_LIBRARY_PATH} PYTHONPATH=/root/aerostack2_ws/install/as2_motion_reference_handlers/local/lib/python3.10/dist-packages:/root/aerostack2_ws/install/as2_core/local/lib/python3.10/dist-packages:/root/aerostack2_ws/install/as2_msgs/local/lib/python3.10/dist-packages:${PYTHONPATH} /usr/bin/cmake --install /root/aerostack2_ws/build/as2_motion_controller
[0.141s] -- Install configuration: "Release"
[0.141s] -- Up-to-date: /root/aerostack2_ws/install/as2_motion_controller/lib/libas2_motion_controller.so
[0.141s] -- Up-to-date: /root/aerostack2_ws/install/as2_motion_controller/lib/libas2_motion_controller_plugin_base.so
[0.141s] -- Up-to-date: /root/aerostack2_ws/install/as2_motion_controller/lib/as2_motion_controller/as2_motion_controller_node
[0.141s] -- Up-to-date: /root/aerostack2_ws/install/as2_motion_controller/include
[0.141s] -- Up-to-date: /root/aerostack2_ws/install/as2_motion_controller/include/as2_motion_controller
[0.141s] -- Up-to-date: /root/aerostack2_ws/install/as2_motion_controller/include/as2_motion_controller/controller_manager.hpp
[0.141s] -- Up-to-date: /root/aerostack2_ws/install/as2_motion_controller/include/as2_motion_controller/controller_base.hpp
[0.141s] -- Up-to-date: /root/aerostack2_ws/install/as2_motion_controller/include/as2_motion_controller/controller_handler.hpp
[0.141s] -- Up-to-date: /root/aerostack2_ws/install/as2_motion_controller/share/as2_motion_controller/environment/library_path.sh
[0.141s] -- Up-to-date: /root/aerostack2_ws/install/as2_motion_controller/share/as2_motion_controller/environment/library_path.dsv
[0.141s] -- Up-to-date: /root/aerostack2_ws/install/as2_motion_controller/share/as2_motion_controller/plugins.xml
[0.141s] -- Up-to-date: /root/aerostack2_ws/install/as2_motion_controller/share/as2_motion_controller/plugins/differential_flatness_controller/config
[0.141s] -- Up-to-date: /root/aerostack2_ws/install/as2_motion_controller/share/as2_motion_controller/plugins/differential_flatness_controller/config/available_modes.yaml
[0.142s] -- Up-to-date: /root/aerostack2_ws/install/as2_motion_controller/share/as2_motion_controller/plugins/differential_flatness_controller/config/controller_default.yaml
[0.142s] -- Up-to-date: /root/aerostack2_ws/install/as2_motion_controller/share/as2_motion_controller/plugins/pid_speed_controller/config
[0.142s] -- Up-to-date: /root/aerostack2_ws/install/as2_motion_controller/share/as2_motion_controller/plugins/pid_speed_controller/config/available_modes.yaml
[0.142s] -- Up-to-date: /root/aerostack2_ws/install/as2_motion_controller/share/as2_motion_controller/plugins/pid_speed_controller/config/controller_default.yaml
[0.142s] -- Up-to-date: /root/aerostack2_ws/install/as2_motion_controller/share/as2_motion_controller/launch
[0.142s] -- Up-to-date: /root/aerostack2_ws/install/as2_motion_controller/share/as2_motion_controller/launch/controller_launch.py
[0.142s] -- Up-to-date: /root/aerostack2_ws/install/as2_motion_controller/share/as2_motion_controller/launch/differential_flatness_controller.launch.py
[0.142s] -- Up-to-date: /root/aerostack2_ws/install/as2_motion_controller/share/as2_motion_controller/launch/pid_speed_controller.launch.py
[0.142s] -- Up-to-date: /root/aerostack2_ws/install/as2_motion_controller/share/as2_motion_controller/config
[0.142s] -- Up-to-date: /root/aerostack2_ws/install/as2_motion_controller/share/as2_motion_controller/config/motion_controller_default.yaml
[0.142s] -- Up-to-date: /root/aerostack2_ws/install/as2_motion_controller/share/ament_index/resource_index/package_run_dependencies/as2_motion_controller
[0.142s] -- Up-to-date: /root/aerostack2_ws/install/as2_motion_controller/share/ament_index/resource_index/parent_prefix_path/as2_motion_controller
[0.142s] -- Up-to-date: /root/aerostack2_ws/install/as2_motion_controller/share/as2_motion_controller/environment/ament_prefix_path.sh
[0.142s] -- Up-to-date: /root/aerostack2_ws/install/as2_motion_controller/share/as2_motion_controller/environment/ament_prefix_path.dsv
[0.142s] -- Up-to-date: /root/aerostack2_ws/install/as2_motion_controller/share/as2_motion_controller/environment/path.sh
[0.142s] -- Up-to-date: /root/aerostack2_ws/install/as2_motion_controller/share/as2_motion_controller/environment/path.dsv
[0.142s] -- Up-to-date: /root/aerostack2_ws/install/as2_motion_controller/share/as2_motion_controller/local_setup.bash
[0.142s] -- Up-to-date: /root/aerostack2_ws/install/as2_motion_controller/share/as2_motion_controller/local_setup.sh
[0.142s] -- Up-to-date: /root/aerostack2_ws/install/as2_motion_controller/share/as2_motion_controller/local_setup.zsh
[0.142s] -- Up-to-date: /root/aerostack2_ws/install/as2_motion_controller/share/as2_motion_controller/local_setup.dsv
[0.142s] -- Installing: /root/aerostack2_ws/install/as2_motion_controller/share/as2_motion_controller/package.dsv
[0.142s] -- Up-to-date: /root/aerostack2_ws/install/as2_motion_controller/share/ament_index/resource_index/packages/as2_motion_controller
[0.142s] -- Up-to-date: /root/aerostack2_ws/install/as2_motion_controller/share/ament_index/resource_index/as2_motion_controller__pluginlib__plugin/as2_motion_controller
[0.142s] -- Up-to-date: /root/aerostack2_ws/install/as2_motion_controller/share/as2_motion_controller/cmake/ament_cmake_export_include_directories-extras.cmake
[0.143s] -- Up-to-date: /root/aerostack2_ws/install/as2_motion_controller/share/as2_motion_controller/cmake/ament_cmake_export_libraries-extras.cmake
[0.143s] -- Up-to-date: /root/aerostack2_ws/install/as2_motion_controller/share/as2_motion_controller/cmake/as2_motion_controllerConfig.cmake
[0.143s] -- Up-to-date: /root/aerostack2_ws/install/as2_motion_controller/share/as2_motion_controller/cmake/as2_motion_controllerConfig-version.cmake
[0.143s] -- Up-to-date: /root/aerostack2_ws/install/as2_motion_controller/share/as2_motion_controller/package.xml
[0.143s] -- Up-to-date: /root/aerostack2_ws/install/as2_motion_controller/include
[0.143s] -- Up-to-date: /root/aerostack2_ws/install/as2_motion_controller/include/differential_flatness_controller
[0.143s] -- Up-to-date: /root/aerostack2_ws/install/as2_motion_controller/include/differential_flatness_controller/differential_flatness_controller.hpp
[0.143s] -- Up-to-date: /root/aerostack2_ws/install/as2_motion_controller/lib/libdifferential_flatness_controller.so
[0.143s] -- Up-to-date: /root/aerostack2_ws/install/as2_motion_controller/include
[0.143s] -- Up-to-date: /root/aerostack2_ws/install/as2_motion_controller/include/pid_speed_controller
[0.143s] -- Up-to-date: /root/aerostack2_ws/install/as2_motion_controller/include/pid_speed_controller/pid_speed_controller.hpp
[0.143s] -- Up-to-date: /root/aerostack2_ws/install/as2_motion_controller/lib/libpid_speed_controller.so
[0.145s] Invoked command in '/root/aerostack2_ws/build/as2_motion_controller' returned '0': AMENT_PREFIX_PATH=/root/aerostack2_ws/install/as2_motion_reference_handlers:/root/aerostack2_ws/install/as2_core:/root/aerostack2_ws/install/as2_msgs:${AMENT_PREFIX_PATH} CMAKE_PREFIX_PATH=/root/aerostack2_ws/install/as2_motion_reference_handlers:/root/aerostack2_ws/install/as2_core:/root/aerostack2_ws/install/as2_msgs:/opt/ros/humble LD_LIBRARY_PATH=/root/aerostack2_ws/install/as2_motion_reference_handlers/lib:/root/aerostack2_ws/install/as2_core/lib:/root/aerostack2_ws/install/as2_msgs/lib:${LD_LIBRARY_PATH} PYTHONPATH=/root/aerostack2_ws/install/as2_motion_reference_handlers/local/lib/python3.10/dist-packages:/root/aerostack2_ws/install/as2_core/local/lib/python3.10/dist-packages:/root/aerostack2_ws/install/as2_msgs/local/lib/python3.10/dist-packages:${PYTHONPATH} /usr/bin/cmake --install /root/aerostack2_ws/build/as2_motion_controller
