[3.666s] Invoking command in '/root/aerostack2_ws/src/aerostack2/as2_groundray_perception': PYTHONPATH=/root/aerostack2_ws/build/as2_groundray_perception/prefix_override:/usr/lib/python3/dist-packages/colcon_core/task/python/colcon_distutils_commands:/root/aerostack2_ws/install/as2_groundray_perception/lib/python3.10/site-packages:${PYTHONPATH} /usr/bin/python3 -W ignore:setup.py install is deprecated -W ignore:easy_install command is deprecated setup.py egg_info --egg-base ../../../build/as2_groundray_perception build --build-base /root/aerostack2_ws/build/as2_groundray_perception/build install --record /root/aerostack2_ws/build/as2_groundray_perception/install.log --single-version-externally-managed install_data
[4.311s] running egg_info
[4.314s] writing ../../../build/as2_groundray_perception/as2_groundray_perception.egg-info/PKG-INFO
[4.315s] writing dependency_links to ../../../build/as2_groundray_perception/as2_groundray_perception.egg-info/dependency_links.txt
[4.315s] writing entry points to ../../../build/as2_groundray_perception/as2_groundray_perception.egg-info/entry_points.txt
[4.315s] writing requirements to ../../../build/as2_groundray_perception/as2_groundray_perception.egg-info/requires.txt
[4.315s] writing top-level names to ../../../build/as2_groundray_perception/as2_groundray_perception.egg-info/top_level.txt
[4.323s] reading manifest file '../../../build/as2_groundray_perception/as2_groundray_perception.egg-info/SOURCES.txt'
[4.328s] writing manifest file '../../../build/as2_groundray_perception/as2_groundray_perception.egg-info/SOURCES.txt'
[4.328s] running build
[4.328s] running build_py
[4.328s] copying as2_groundray_perception/ray_to_ground_node.py -> /root/aerostack2_ws/build/as2_groundray_perception/build/lib/as2_groundray_perception
[4.342s] running install
[4.342s] running install_lib
[4.343s] copying /root/aerostack2_ws/build/as2_groundray_perception/build/lib/as2_groundray_perception/ray_to_ground_node.py -> /root/aerostack2_ws/install/as2_groundray_perception/lib/python3.10/site-packages/as2_groundray_perception
[4.343s] byte-compiling /root/aerostack2_ws/install/as2_groundray_perception/lib/python3.10/site-packages/as2_groundray_perception/ray_to_ground_node.py to ray_to_ground_node.cpython-310.pyc
[4.349s] running install_data
[4.349s] running install_egg_info
[4.350s] removing '/root/aerostack2_ws/install/as2_groundray_perception/lib/python3.10/site-packages/as2_groundray_perception-0.0.0-py3.10.egg-info' (and everything under it)
[4.351s] Copying ../../../build/as2_groundray_perception/as2_groundray_perception.egg-info to /root/aerostack2_ws/install/as2_groundray_perception/lib/python3.10/site-packages/as2_groundray_perception-0.0.0-py3.10.egg-info
[4.352s] running install_scripts
[4.400s] Installing ray_to_ground_node script to /root/aerostack2_ws/install/as2_groundray_perception/lib/as2_groundray_perception
[4.416s] writing list of installed files to '/root/aerostack2_ws/build/as2_groundray_perception/install.log'
[4.480s] Invoked command in '/root/aerostack2_ws/src/aerostack2/as2_groundray_perception' returned '0': PYTHONPATH=/root/aerostack2_ws/build/as2_groundray_perception/prefix_override:/usr/lib/python3/dist-packages/colcon_core/task/python/colcon_distutils_commands:/root/aerostack2_ws/install/as2_groundray_perception/lib/python3.10/site-packages:${PYTHONPATH} /usr/bin/python3 -W ignore:setup.py install is deprecated -W ignore:easy_install command is deprecated setup.py egg_info --egg-base ../../../build/as2_groundray_perception build --build-base /root/aerostack2_ws/build/as2_groundray_perception/build install --record /root/aerostack2_ws/build/as2_groundray_perception/install.log --single-version-externally-managed install_data
