[0.008s] Invoking command in '/root/aerostack2_ws/build/as2_alphanumeric_viewer': AMENT_PREFIX_PATH=/root/aerostack2_ws/install/as2_core:/root/aerostack2_ws/install/as2_msgs:${AMENT_PREFIX_PATH} CMAKE_PREFIX_PATH=/root/aerostack2_ws/install/as2_core:/root/aerostack2_ws/install/as2_msgs:/opt/ros/humble LD_LIBRARY_PATH=/root/aerostack2_ws/install/as2_core/lib:/root/aerostack2_ws/install/as2_msgs/lib:${LD_LIBRARY_PATH} PYTHONPATH=/root/aerostack2_ws/install/as2_core/local/lib/python3.10/dist-packages:/root/aerostack2_ws/install/as2_msgs/local/lib/python3.10/dist-packages:${PYTHONPATH} /usr/bin/cmake --build /root/aerostack2_ws/build/as2_alphanumeric_viewer -- -j8 -l8
[0.045s] [ 66%] [32mBuilding CXX object CMakeFiles/as2_alphanumeric_viewer_node.dir/src/alphanumeric_viewer.cpp.o[0m
[0.045s] [ 66%] [32mBuilding CXX object CMakeFiles/as2_alphanumeric_viewer_node.dir/src/alphanumeric_viewer_node.cpp.o[0m
[22.910s] [100%] [32m[1mLinking CXX executable as2_alphanumeric_viewer_node[0m
[23.283s] [100%] Built target as2_alphanumeric_viewer_node
[23.290s] Invoked command in '/root/aerostack2_ws/build/as2_alphanumeric_viewer' returned '0': AMENT_PREFIX_PATH=/root/aerostack2_ws/install/as2_core:/root/aerostack2_ws/install/as2_msgs:${AMENT_PREFIX_PATH} CMAKE_PREFIX_PATH=/root/aerostack2_ws/install/as2_core:/root/aerostack2_ws/install/as2_msgs:/opt/ros/humble LD_LIBRARY_PATH=/root/aerostack2_ws/install/as2_core/lib:/root/aerostack2_ws/install/as2_msgs/lib:${LD_LIBRARY_PATH} PYTHONPATH=/root/aerostack2_ws/install/as2_core/local/lib/python3.10/dist-packages:/root/aerostack2_ws/install/as2_msgs/local/lib/python3.10/dist-packages:${PYTHONPATH} /usr/bin/cmake --build /root/aerostack2_ws/build/as2_alphanumeric_viewer -- -j8 -l8
[23.292s] Invoking command in '/root/aerostack2_ws/build/as2_alphanumeric_viewer': AMENT_PREFIX_PATH=/root/aerostack2_ws/install/as2_core:/root/aerostack2_ws/install/as2_msgs:${AMENT_PREFIX_PATH} CMAKE_PREFIX_PATH=/root/aerostack2_ws/install/as2_core:/root/aerostack2_ws/install/as2_msgs:/opt/ros/humble LD_LIBRARY_PATH=/root/aerostack2_ws/install/as2_core/lib:/root/aerostack2_ws/install/as2_msgs/lib:${LD_LIBRARY_PATH} PYTHONPATH=/root/aerostack2_ws/install/as2_core/local/lib/python3.10/dist-packages:/root/aerostack2_ws/install/as2_msgs/local/lib/python3.10/dist-packages:${PYTHONPATH} /usr/bin/cmake --install /root/aerostack2_ws/build/as2_alphanumeric_viewer
[23.297s] -- Install configuration: "Release"
[23.297s] -- Installing: /root/aerostack2_ws/install/as2_alphanumeric_viewer/share/as2_alphanumeric_viewer/launch
[23.297s] -- Installing: /root/aerostack2_ws/install/as2_alphanumeric_viewer/share/as2_alphanumeric_viewer/launch/alphanumeric_viewer_launch.py
[23.297s] -- Installing: /root/aerostack2_ws/install/as2_alphanumeric_viewer/lib/as2_alphanumeric_viewer/as2_alphanumeric_viewer_node
[23.299s] -- Set runtime path of "/root/aerostack2_ws/install/as2_alphanumeric_viewer/lib/as2_alphanumeric_viewer/as2_alphanumeric_viewer_node" to ""
[23.299s] -- Installing: /root/aerostack2_ws/install/as2_alphanumeric_viewer/share/ament_index/resource_index/package_run_dependencies/as2_alphanumeric_viewer
[23.299s] -- Installing: /root/aerostack2_ws/install/as2_alphanumeric_viewer/share/ament_index/resource_index/parent_prefix_path/as2_alphanumeric_viewer
[23.299s] -- Installing: /root/aerostack2_ws/install/as2_alphanumeric_viewer/share/as2_alphanumeric_viewer/environment/ament_prefix_path.sh
[23.299s] -- Installing: /root/aerostack2_ws/install/as2_alphanumeric_viewer/share/as2_alphanumeric_viewer/environment/ament_prefix_path.dsv
[23.299s] -- Installing: /root/aerostack2_ws/install/as2_alphanumeric_viewer/share/as2_alphanumeric_viewer/environment/path.sh
[23.300s] -- Installing: /root/aerostack2_ws/install/as2_alphanumeric_viewer/share/as2_alphanumeric_viewer/environment/path.dsv
[23.300s] -- Installing: /root/aerostack2_ws/install/as2_alphanumeric_viewer/share/as2_alphanumeric_viewer/local_setup.bash
[23.300s] -- Installing: /root/aerostack2_ws/install/as2_alphanumeric_viewer/share/as2_alphanumeric_viewer/local_setup.sh
[23.300s] -- Installing: /root/aerostack2_ws/install/as2_alphanumeric_viewer/share/as2_alphanumeric_viewer/local_setup.zsh
[23.300s] -- Installing: /root/aerostack2_ws/install/as2_alphanumeric_viewer/share/as2_alphanumeric_viewer/local_setup.dsv
[23.300s] -- Installing: /root/aerostack2_ws/install/as2_alphanumeric_viewer/share/as2_alphanumeric_viewer/package.dsv
[23.300s] -- Installing: /root/aerostack2_ws/install/as2_alphanumeric_viewer/share/ament_index/resource_index/packages/as2_alphanumeric_viewer
[23.300s] -- Installing: /root/aerostack2_ws/install/as2_alphanumeric_viewer/share/as2_alphanumeric_viewer/cmake/as2_alphanumeric_viewerConfig.cmake
[23.300s] -- Installing: /root/aerostack2_ws/install/as2_alphanumeric_viewer/share/as2_alphanumeric_viewer/cmake/as2_alphanumeric_viewerConfig-version.cmake
[23.300s] -- Installing: /root/aerostack2_ws/install/as2_alphanumeric_viewer/share/as2_alphanumeric_viewer/package.xml
[23.302s] Invoked command in '/root/aerostack2_ws/build/as2_alphanumeric_viewer' returned '0': AMENT_PREFIX_PATH=/root/aerostack2_ws/install/as2_core:/root/aerostack2_ws/install/as2_msgs:${AMENT_PREFIX_PATH} CMAKE_PREFIX_PATH=/root/aerostack2_ws/install/as2_core:/root/aerostack2_ws/install/as2_msgs:/opt/ros/humble LD_LIBRARY_PATH=/root/aerostack2_ws/install/as2_core/lib:/root/aerostack2_ws/install/as2_msgs/lib:${LD_LIBRARY_PATH} PYTHONPATH=/root/aerostack2_ws/install/as2_core/local/lib/python3.10/dist-packages:/root/aerostack2_ws/install/as2_msgs/local/lib/python3.10/dist-packages:${PYTHONPATH} /usr/bin/cmake --install /root/aerostack2_ws/build/as2_alphanumeric_viewer
