running egg_info
creating ../../../../build/rmf_demos_fleet_adapter/rmf_demos_fleet_adapter.egg-info
writing ../../../../build/rmf_demos_fleet_adapter/rmf_demos_fleet_adapter.egg-info/PKG-INFO
writing dependency_links to ../../../../build/rmf_demos_fleet_adapter/rmf_demos_fleet_adapter.egg-info/dependency_links.txt
writing entry points to ../../../../build/rmf_demos_fleet_adapter/rmf_demos_fleet_adapter.egg-info/entry_points.txt
writing requirements to ../../../../build/rmf_demos_fleet_adapter/rmf_demos_fleet_adapter.egg-info/requires.txt
writing top-level names to ../../../../build/rmf_demos_fleet_adapter/rmf_demos_fleet_adapter.egg-info/top_level.txt
writing manifest file '../../../../build/rmf_demos_fleet_adapter/rmf_demos_fleet_adapter.egg-info/SOURCES.txt'
reading manifest file '../../../../build/rmf_demos_fleet_adapter/rmf_demos_fleet_adapter.egg-info/SOURCES.txt'
writing manifest file '../../../../build/rmf_demos_fleet_adapter/rmf_demos_fleet_adapter.egg-info/SOURCES.txt'
running build
running build_py
creating /root/aerostack2_ws/build/rmf_demos_fleet_adapter/build
creating /root/aerostack2_ws/build/rmf_demos_fleet_adapter/build/lib
creating /root/aerostack2_ws/build/rmf_demos_fleet_adapter/build/lib/rmf_demos_fleet_adapter
copying rmf_demos_fleet_adapter/fleet_manager.py -> /root/aerostack2_ws/build/rmf_demos_fleet_adapter/build/lib/rmf_demos_fleet_adapter
copying rmf_demos_fleet_adapter/RobotCommandHandle.py -> /root/aerostack2_ws/build/rmf_demos_fleet_adapter/build/lib/rmf_demos_fleet_adapter
copying rmf_demos_fleet_adapter/__init__.py -> /root/aerostack2_ws/build/rmf_demos_fleet_adapter/build/lib/rmf_demos_fleet_adapter
copying rmf_demos_fleet_adapter/fleet_adapter.py -> /root/aerostack2_ws/build/rmf_demos_fleet_adapter/build/lib/rmf_demos_fleet_adapter
copying rmf_demos_fleet_adapter/RobotClientAPI.py -> /root/aerostack2_ws/build/rmf_demos_fleet_adapter/build/lib/rmf_demos_fleet_adapter
creating /root/aerostack2_ws/build/rmf_demos_fleet_adapter/build/lib/test
copying test/__init__.py -> /root/aerostack2_ws/build/rmf_demos_fleet_adapter/build/lib/test
copying test/test_copyright.py -> /root/aerostack2_ws/build/rmf_demos_fleet_adapter/build/lib/test
copying test/test_pep257.py -> /root/aerostack2_ws/build/rmf_demos_fleet_adapter/build/lib/test
copying test/test_flake8.py -> /root/aerostack2_ws/build/rmf_demos_fleet_adapter/build/lib/test
running install
running install_lib
creating /root/aerostack2_ws/install/rmf_demos_fleet_adapter/lib/python3.10/site-packages/rmf_demos_fleet_adapter
copying /root/aerostack2_ws/build/rmf_demos_fleet_adapter/build/lib/rmf_demos_fleet_adapter/fleet_manager.py -> /root/aerostack2_ws/install/rmf_demos_fleet_adapter/lib/python3.10/site-packages/rmf_demos_fleet_adapter
copying /root/aerostack2_ws/build/rmf_demos_fleet_adapter/build/lib/rmf_demos_fleet_adapter/RobotCommandHandle.py -> /root/aerostack2_ws/install/rmf_demos_fleet_adapter/lib/python3.10/site-packages/rmf_demos_fleet_adapter
copying /root/aerostack2_ws/build/rmf_demos_fleet_adapter/build/lib/rmf_demos_fleet_adapter/__init__.py -> /root/aerostack2_ws/install/rmf_demos_fleet_adapter/lib/python3.10/site-packages/rmf_demos_fleet_adapter
copying /root/aerostack2_ws/build/rmf_demos_fleet_adapter/build/lib/rmf_demos_fleet_adapter/fleet_adapter.py -> /root/aerostack2_ws/install/rmf_demos_fleet_adapter/lib/python3.10/site-packages/rmf_demos_fleet_adapter
copying /root/aerostack2_ws/build/rmf_demos_fleet_adapter/build/lib/rmf_demos_fleet_adapter/RobotClientAPI.py -> /root/aerostack2_ws/install/rmf_demos_fleet_adapter/lib/python3.10/site-packages/rmf_demos_fleet_adapter
creating /root/aerostack2_ws/install/rmf_demos_fleet_adapter/lib/python3.10/site-packages/test
copying /root/aerostack2_ws/build/rmf_demos_fleet_adapter/build/lib/test/__init__.py -> /root/aerostack2_ws/install/rmf_demos_fleet_adapter/lib/python3.10/site-packages/test
copying /root/aerostack2_ws/build/rmf_demos_fleet_adapter/build/lib/test/test_copyright.py -> /root/aerostack2_ws/install/rmf_demos_fleet_adapter/lib/python3.10/site-packages/test
copying /root/aerostack2_ws/build/rmf_demos_fleet_adapter/build/lib/test/test_pep257.py -> /root/aerostack2_ws/install/rmf_demos_fleet_adapter/lib/python3.10/site-packages/test
copying /root/aerostack2_ws/build/rmf_demos_fleet_adapter/build/lib/test/test_flake8.py -> /root/aerostack2_ws/install/rmf_demos_fleet_adapter/lib/python3.10/site-packages/test
byte-compiling /root/aerostack2_ws/install/rmf_demos_fleet_adapter/lib/python3.10/site-packages/rmf_demos_fleet_adapter/fleet_manager.py to fleet_manager.cpython-310.pyc
byte-compiling /root/aerostack2_ws/install/rmf_demos_fleet_adapter/lib/python3.10/site-packages/rmf_demos_fleet_adapter/RobotCommandHandle.py to RobotCommandHandle.cpython-310.pyc
byte-compiling /root/aerostack2_ws/install/rmf_demos_fleet_adapter/lib/python3.10/site-packages/rmf_demos_fleet_adapter/__init__.py to __init__.cpython-310.pyc
byte-compiling /root/aerostack2_ws/install/rmf_demos_fleet_adapter/lib/python3.10/site-packages/rmf_demos_fleet_adapter/fleet_adapter.py to fleet_adapter.cpython-310.pyc
byte-compiling /root/aerostack2_ws/install/rmf_demos_fleet_adapter/lib/python3.10/site-packages/rmf_demos_fleet_adapter/RobotClientAPI.py to RobotClientAPI.cpython-310.pyc
byte-compiling /root/aerostack2_ws/install/rmf_demos_fleet_adapter/lib/python3.10/site-packages/test/__init__.py to __init__.cpython-310.pyc
byte-compiling /root/aerostack2_ws/install/rmf_demos_fleet_adapter/lib/python3.10/site-packages/test/test_copyright.py to test_copyright.cpython-310.pyc
byte-compiling /root/aerostack2_ws/install/rmf_demos_fleet_adapter/lib/python3.10/site-packages/test/test_pep257.py to test_pep257.cpython-310.pyc
byte-compiling /root/aerostack2_ws/install/rmf_demos_fleet_adapter/lib/python3.10/site-packages/test/test_flake8.py to test_flake8.cpython-310.pyc
running install_data
creating /root/aerostack2_ws/install/rmf_demos_fleet_adapter/share/ament_index
creating /root/aerostack2_ws/install/rmf_demos_fleet_adapter/share/ament_index/resource_index
creating /root/aerostack2_ws/install/rmf_demos_fleet_adapter/share/ament_index/resource_index/packages
copying resource/rmf_demos_fleet_adapter -> /root/aerostack2_ws/install/rmf_demos_fleet_adapter/share/ament_index/resource_index/packages
copying package.xml -> /root/aerostack2_ws/install/rmf_demos_fleet_adapter/share/rmf_demos_fleet_adapter
copying config.yaml -> /root/aerostack2_ws/install/rmf_demos_fleet_adapter/share/rmf_demos_fleet_adapter
creating /root/aerostack2_ws/install/rmf_demos_fleet_adapter/share/rmf_demos_fleet_adapter/launch
copying launch/fleet_adapter.launch.xml -> /root/aerostack2_ws/install/rmf_demos_fleet_adapter/share/rmf_demos_fleet_adapter/launch
running install_egg_info
Copying ../../../../build/rmf_demos_fleet_adapter/rmf_demos_fleet_adapter.egg-info to /root/aerostack2_ws/install/rmf_demos_fleet_adapter/lib/python3.10/site-packages/rmf_demos_fleet_adapter-2.0.4-py3.10.egg-info
running install_scripts
Installing fleet_adapter script to /root/aerostack2_ws/install/rmf_demos_fleet_adapter/lib/rmf_demos_fleet_adapter
Installing fleet_manager script to /root/aerostack2_ws/install/rmf_demos_fleet_adapter/lib/rmf_demos_fleet_adapter
writing list of installed files to '/root/aerostack2_ws/build/rmf_demos_fleet_adapter/install.log'
