[3.242s] Invoking command in '/root/aerostack2_ws/src/aerostack2/rmf_demos/rmf_demos_fleet_adapter': PYTHONPATH=/root/aerostack2_ws/build/rmf_demos_fleet_adapter/prefix_override:/usr/lib/python3/dist-packages/colcon_core/task/python/colcon_distutils_commands:/root/aerostack2_ws/install/rmf_demos_fleet_adapter/lib/python3.10/site-packages:${PYTHONPATH} /usr/bin/python3 -W ignore:setup.py install is deprecated -W ignore:easy_install command is deprecated setup.py egg_info --egg-base ../../../../build/rmf_demos_fleet_adapter build --build-base /root/aerostack2_ws/build/rmf_demos_fleet_adapter/build install --record /root/aerostack2_ws/build/rmf_demos_fleet_adapter/install.log --single-version-externally-managed install_data
[5.467s] running egg_info
[5.518s] creating ../../../../build/rmf_demos_fleet_adapter/rmf_demos_fleet_adapter.egg-info
[5.546s] writing ../../../../build/rmf_demos_fleet_adapter/rmf_demos_fleet_adapter.egg-info/PKG-INFO
[5.549s] writing dependency_links to ../../../../build/rmf_demos_fleet_adapter/rmf_demos_fleet_adapter.egg-info/dependency_links.txt
[5.558s] writing entry points to ../../../../build/rmf_demos_fleet_adapter/rmf_demos_fleet_adapter.egg-info/entry_points.txt
[5.560s] writing requirements to ../../../../build/rmf_demos_fleet_adapter/rmf_demos_fleet_adapter.egg-info/requires.txt
[5.566s] writing top-level names to ../../../../build/rmf_demos_fleet_adapter/rmf_demos_fleet_adapter.egg-info/top_level.txt
[5.572s] writing manifest file '../../../../build/rmf_demos_fleet_adapter/rmf_demos_fleet_adapter.egg-info/SOURCES.txt'
[5.703s] reading manifest file '../../../../build/rmf_demos_fleet_adapter/rmf_demos_fleet_adapter.egg-info/SOURCES.txt'
[5.774s] writing manifest file '../../../../build/rmf_demos_fleet_adapter/rmf_demos_fleet_adapter.egg-info/SOURCES.txt'
[5.786s] running build
[5.788s] running build_py
[5.809s] creating /root/aerostack2_ws/build/rmf_demos_fleet_adapter/build
[5.809s] creating /root/aerostack2_ws/build/rmf_demos_fleet_adapter/build/lib
[5.809s] creating /root/aerostack2_ws/build/rmf_demos_fleet_adapter/build/lib/rmf_demos_fleet_adapter
[5.809s] copying rmf_demos_fleet_adapter/fleet_manager.py -> /root/aerostack2_ws/build/rmf_demos_fleet_adapter/build/lib/rmf_demos_fleet_adapter
[5.809s] copying rmf_demos_fleet_adapter/RobotCommandHandle.py -> /root/aerostack2_ws/build/rmf_demos_fleet_adapter/build/lib/rmf_demos_fleet_adapter
[5.810s] copying rmf_demos_fleet_adapter/__init__.py -> /root/aerostack2_ws/build/rmf_demos_fleet_adapter/build/lib/rmf_demos_fleet_adapter
[5.810s] copying rmf_demos_fleet_adapter/fleet_adapter.py -> /root/aerostack2_ws/build/rmf_demos_fleet_adapter/build/lib/rmf_demos_fleet_adapter
[5.810s] copying rmf_demos_fleet_adapter/RobotClientAPI.py -> /root/aerostack2_ws/build/rmf_demos_fleet_adapter/build/lib/rmf_demos_fleet_adapter
[5.810s] creating /root/aerostack2_ws/build/rmf_demos_fleet_adapter/build/lib/test
[5.810s] copying test/__init__.py -> /root/aerostack2_ws/build/rmf_demos_fleet_adapter/build/lib/test
[5.810s] copying test/test_copyright.py -> /root/aerostack2_ws/build/rmf_demos_fleet_adapter/build/lib/test
[5.810s] copying test/test_pep257.py -> /root/aerostack2_ws/build/rmf_demos_fleet_adapter/build/lib/test
[5.810s] copying test/test_flake8.py -> /root/aerostack2_ws/build/rmf_demos_fleet_adapter/build/lib/test
[5.810s] running install
[5.810s] running install_lib
[5.818s] creating /root/aerostack2_ws/install/rmf_demos_fleet_adapter/lib/python3.10/site-packages/rmf_demos_fleet_adapter
[5.818s] copying /root/aerostack2_ws/build/rmf_demos_fleet_adapter/build/lib/rmf_demos_fleet_adapter/fleet_manager.py -> /root/aerostack2_ws/install/rmf_demos_fleet_adapter/lib/python3.10/site-packages/rmf_demos_fleet_adapter
[5.818s] copying /root/aerostack2_ws/build/rmf_demos_fleet_adapter/build/lib/rmf_demos_fleet_adapter/RobotCommandHandle.py -> /root/aerostack2_ws/install/rmf_demos_fleet_adapter/lib/python3.10/site-packages/rmf_demos_fleet_adapter
[5.818s] copying /root/aerostack2_ws/build/rmf_demos_fleet_adapter/build/lib/rmf_demos_fleet_adapter/__init__.py -> /root/aerostack2_ws/install/rmf_demos_fleet_adapter/lib/python3.10/site-packages/rmf_demos_fleet_adapter
[5.818s] copying /root/aerostack2_ws/build/rmf_demos_fleet_adapter/build/lib/rmf_demos_fleet_adapter/fleet_adapter.py -> /root/aerostack2_ws/install/rmf_demos_fleet_adapter/lib/python3.10/site-packages/rmf_demos_fleet_adapter
[5.818s] copying /root/aerostack2_ws/build/rmf_demos_fleet_adapter/build/lib/rmf_demos_fleet_adapter/RobotClientAPI.py -> /root/aerostack2_ws/install/rmf_demos_fleet_adapter/lib/python3.10/site-packages/rmf_demos_fleet_adapter
[5.818s] creating /root/aerostack2_ws/install/rmf_demos_fleet_adapter/lib/python3.10/site-packages/test
[5.818s] copying /root/aerostack2_ws/build/rmf_demos_fleet_adapter/build/lib/test/__init__.py -> /root/aerostack2_ws/install/rmf_demos_fleet_adapter/lib/python3.10/site-packages/test
[5.818s] copying /root/aerostack2_ws/build/rmf_demos_fleet_adapter/build/lib/test/test_copyright.py -> /root/aerostack2_ws/install/rmf_demos_fleet_adapter/lib/python3.10/site-packages/test
[5.818s] copying /root/aerostack2_ws/build/rmf_demos_fleet_adapter/build/lib/test/test_pep257.py -> /root/aerostack2_ws/install/rmf_demos_fleet_adapter/lib/python3.10/site-packages/test
[5.818s] copying /root/aerostack2_ws/build/rmf_demos_fleet_adapter/build/lib/test/test_flake8.py -> /root/aerostack2_ws/install/rmf_demos_fleet_adapter/lib/python3.10/site-packages/test
[5.818s] byte-compiling /root/aerostack2_ws/install/rmf_demos_fleet_adapter/lib/python3.10/site-packages/rmf_demos_fleet_adapter/fleet_manager.py to fleet_manager.cpython-310.pyc
[5.825s] byte-compiling /root/aerostack2_ws/install/rmf_demos_fleet_adapter/lib/python3.10/site-packages/rmf_demos_fleet_adapter/RobotCommandHandle.py to RobotCommandHandle.cpython-310.pyc
[5.842s] byte-compiling /root/aerostack2_ws/install/rmf_demos_fleet_adapter/lib/python3.10/site-packages/rmf_demos_fleet_adapter/__init__.py to __init__.cpython-310.pyc
[5.842s] byte-compiling /root/aerostack2_ws/install/rmf_demos_fleet_adapter/lib/python3.10/site-packages/rmf_demos_fleet_adapter/fleet_adapter.py to fleet_adapter.cpython-310.pyc
[5.842s] byte-compiling /root/aerostack2_ws/install/rmf_demos_fleet_adapter/lib/python3.10/site-packages/rmf_demos_fleet_adapter/RobotClientAPI.py to RobotClientAPI.cpython-310.pyc
[5.846s] byte-compiling /root/aerostack2_ws/install/rmf_demos_fleet_adapter/lib/python3.10/site-packages/test/__init__.py to __init__.cpython-310.pyc
[5.848s] byte-compiling /root/aerostack2_ws/install/rmf_demos_fleet_adapter/lib/python3.10/site-packages/test/test_copyright.py to test_copyright.cpython-310.pyc
[5.849s] byte-compiling /root/aerostack2_ws/install/rmf_demos_fleet_adapter/lib/python3.10/site-packages/test/test_pep257.py to test_pep257.cpython-310.pyc
[5.851s] byte-compiling /root/aerostack2_ws/install/rmf_demos_fleet_adapter/lib/python3.10/site-packages/test/test_flake8.py to test_flake8.cpython-310.pyc
[5.852s] running install_data
[5.852s] creating /root/aerostack2_ws/install/rmf_demos_fleet_adapter/share/ament_index
[5.852s] creating /root/aerostack2_ws/install/rmf_demos_fleet_adapter/share/ament_index/resource_index
[5.852s] creating /root/aerostack2_ws/install/rmf_demos_fleet_adapter/share/ament_index/resource_index/packages
[5.852s] copying resource/rmf_demos_fleet_adapter -> /root/aerostack2_ws/install/rmf_demos_fleet_adapter/share/ament_index/resource_index/packages
[5.852s] copying package.xml -> /root/aerostack2_ws/install/rmf_demos_fleet_adapter/share/rmf_demos_fleet_adapter
[5.852s] copying config.yaml -> /root/aerostack2_ws/install/rmf_demos_fleet_adapter/share/rmf_demos_fleet_adapter
[5.852s] creating /root/aerostack2_ws/install/rmf_demos_fleet_adapter/share/rmf_demos_fleet_adapter/launch
[5.853s] copying launch/fleet_adapter.launch.xml -> /root/aerostack2_ws/install/rmf_demos_fleet_adapter/share/rmf_demos_fleet_adapter/launch
[5.858s] running install_egg_info
[5.858s] Copying ../../../../build/rmf_demos_fleet_adapter/rmf_demos_fleet_adapter.egg-info to /root/aerostack2_ws/install/rmf_demos_fleet_adapter/lib/python3.10/site-packages/rmf_demos_fleet_adapter-2.0.4-py3.10.egg-info
[5.862s] running install_scripts
[5.955s] Installing fleet_adapter script to /root/aerostack2_ws/install/rmf_demos_fleet_adapter/lib/rmf_demos_fleet_adapter
[5.955s] Installing fleet_manager script to /root/aerostack2_ws/install/rmf_demos_fleet_adapter/lib/rmf_demos_fleet_adapter
[5.956s] writing list of installed files to '/root/aerostack2_ws/build/rmf_demos_fleet_adapter/install.log'
[6.075s] Invoked command in '/root/aerostack2_ws/src/aerostack2/rmf_demos/rmf_demos_fleet_adapter' returned '0': PYTHONPATH=/root/aerostack2_ws/build/rmf_demos_fleet_adapter/prefix_override:/usr/lib/python3/dist-packages/colcon_core/task/python/colcon_distutils_commands:/root/aerostack2_ws/install/rmf_demos_fleet_adapter/lib/python3.10/site-packages:${PYTHONPATH} /usr/bin/python3 -W ignore:setup.py install is deprecated -W ignore:easy_install command is deprecated setup.py egg_info --egg-base ../../../../build/rmf_demos_fleet_adapter build --build-base /root/aerostack2_ws/build/rmf_demos_fleet_adapter/build install --record /root/aerostack2_ws/build/rmf_demos_fleet_adapter/install.log --single-version-externally-managed install_data
