running egg_info
creating ../../../build/as2_swarm_ekf/as2_swarm_ekf.egg-info
writing ../../../build/as2_swarm_ekf/as2_swarm_ekf.egg-info/PKG-INFO
writing dependency_links to ../../../build/as2_swarm_ekf/as2_swarm_ekf.egg-info/dependency_links.txt
writing entry points to ../../../build/as2_swarm_ekf/as2_swarm_ekf.egg-info/entry_points.txt
writing requirements to ../../../build/as2_swarm_ekf/as2_swarm_ekf.egg-info/requires.txt
writing top-level names to ../../../build/as2_swarm_ekf/as2_swarm_ekf.egg-info/top_level.txt
writing manifest file '../../../build/as2_swarm_ekf/as2_swarm_ekf.egg-info/SOURCES.txt'
reading manifest file '../../../build/as2_swarm_ekf/as2_swarm_ekf.egg-info/SOURCES.txt'
writing manifest file '../../../build/as2_swarm_ekf/as2_swarm_ekf.egg-info/SOURCES.txt'
running build
running build_py
creating /root/aerostack2_ws/build/as2_swarm_ekf/build
creating /root/aerostack2_ws/build/as2_swarm_ekf/build/lib
creating /root/aerostack2_ws/build/as2_swarm_ekf/build/lib/as2_swarm_ekf
copying as2_swarm_ekf/__init__.py -> /root/aerostack2_ws/build/as2_swarm_ekf/build/lib/as2_swarm_ekf
copying as2_swarm_ekf/distributed_ekf_node.py -> /root/aerostack2_ws/build/as2_swarm_ekf/build/lib/as2_swarm_ekf
running install
running install_lib
creating /root/aerostack2_ws/install/as2_swarm_ekf/lib/python3.10/site-packages/as2_swarm_ekf
copying /root/aerostack2_ws/build/as2_swarm_ekf/build/lib/as2_swarm_ekf/__init__.py -> /root/aerostack2_ws/install/as2_swarm_ekf/lib/python3.10/site-packages/as2_swarm_ekf
copying /root/aerostack2_ws/build/as2_swarm_ekf/build/lib/as2_swarm_ekf/distributed_ekf_node.py -> /root/aerostack2_ws/install/as2_swarm_ekf/lib/python3.10/site-packages/as2_swarm_ekf
byte-compiling /root/aerostack2_ws/install/as2_swarm_ekf/lib/python3.10/site-packages/as2_swarm_ekf/__init__.py to __init__.cpython-310.pyc
byte-compiling /root/aerostack2_ws/install/as2_swarm_ekf/lib/python3.10/site-packages/as2_swarm_ekf/distributed_ekf_node.py to distributed_ekf_node.cpython-310.pyc
running install_data
creating /root/aerostack2_ws/install/as2_swarm_ekf/share/ament_index
creating /root/aerostack2_ws/install/as2_swarm_ekf/share/ament_index/resource_index
creating /root/aerostack2_ws/install/as2_swarm_ekf/share/ament_index/resource_index/packages
copying resource/as2_swarm_ekf -> /root/aerostack2_ws/install/as2_swarm_ekf/share/ament_index/resource_index/packages
copying package.xml -> /root/aerostack2_ws/install/as2_swarm_ekf/share/as2_swarm_ekf
creating /root/aerostack2_ws/install/as2_swarm_ekf/share/as2_swarm_ekf/launch
copying launch/ekf_multi.launch.py -> /root/aerostack2_ws/install/as2_swarm_ekf/share/as2_swarm_ekf/launch
running install_egg_info
Copying ../../../build/as2_swarm_ekf/as2_swarm_ekf.egg-info to /root/aerostack2_ws/install/as2_swarm_ekf/lib/python3.10/site-packages/as2_swarm_ekf-0.0.1-py3.10.egg-info
running install_scripts
Installing distributed_ekf_node script to /root/aerostack2_ws/install/as2_swarm_ekf/lib/as2_swarm_ekf
writing list of installed files to '/root/aerostack2_ws/build/as2_swarm_ekf/install.log'
