[0.651s] Invoking command in '/root/aerostack2_ws/build/as2_msgs': CMAKE_PREFIX_PATH=${CMAKE_PREFIX_PATH}:/root/aerostack2_ws/install/as2_swarm_person_tracking:/root/aerostack2_ws/install/as2_swarm_ci_fusion_people:/root/aerostack2_ws/install/rmf_demos_tasks:/root/aerostack2_ws/install/rmf_demos_panel:/root/aerostack2_ws/install/rmf_demos_fleet_adapter:/root/aerostack2_ws/install/rmf_demos_dashboard_resources:/root/aerostack2_ws/install/rmf_demos_bridges:/root/aerostack2_ws/install/rmf_demos_assets:/root/aerostack2_ws/install/as2_visualization:/root/aerostack2_ws/install/as2_swarm_perception:/root/aerostack2_ws/install/as2_swarm_fusion_ci:/root/aerostack2_ws/install/as2_swarm_ekf:/root/aerostack2_ws/install/as2_keyboard_teleoperation:/root/aerostack2_ws/install/as2_python_api:/root/aerostack2_ws/install/as2_project_bringup:/root/aerostack2_ws/install/as2_perception:/root/aerostack2_ws/install/as2_groundray_perception:/opt/ros/humble /usr/bin/cmake --build /root/aerostack2_ws/build/as2_msgs -- -j8 -l8
[5.906s] [  0%] Built target as2_msgs__cpp
[5.907s] [  0%] Built target ament_cmake_python_copy_as2_msgs
[5.908s] [ 13%] Built target as2_msgs__rosidl_typesupport_introspection_cpp
[5.909s] running egg_info
[5.909s] writing as2_msgs.egg-info/PKG-INFO
[5.909s] writing dependency_links to as2_msgs.egg-info/dependency_links.txt
[5.910s] writing top-level names to as2_msgs.egg-info/top_level.txt
[5.910s] reading manifest file 'as2_msgs.egg-info/SOURCES.txt'
[5.910s] writing manifest file 'as2_msgs.egg-info/SOURCES.txt'
[5.910s] [ 13%] Built target ament_cmake_python_build_as2_msgs_egg
[5.910s] [ 25%] Built target as2_msgs__rosidl_typesupport_fastrtps_cpp
[5.910s] [ 37%] Built target as2_msgs__rosidl_typesupport_cpp
[5.910s] [ 49%] Built target as2_msgs__rosidl_generator_c
[5.910s] [ 62%] Built target as2_msgs__rosidl_typesupport_fastrtps_c
[5.910s] [ 75%] Built target as2_msgs__rosidl_typesupport_c
[5.910s] [ 88%] Built target as2_msgs__rosidl_typesupport_introspection_c
[5.910s] [ 88%] Built target as2_msgs
[5.911s] [ 88%] Built target as2_msgs__py
[5.911s] [100%] Built target as2_msgs__rosidl_generator_py
[5.911s] [100%] Built target as2_msgs__rosidl_typesupport_fastrtps_c__pyext
[5.919s] gmake[1]: *** [CMakeFiles/Makefile2:563: CMakeFiles/as2_msgs__rosidl_typesupport_c__pyext.dir/all] Interrupt
[5.919s] gmake: *** [Makefile:146: all] Interrupt
