[0.007s] Invoking command in '/root/aerostack2_ws/build/as2_external_object_to_tf': AMENT_PREFIX_PATH=/root/aerostack2_ws/install/as2_core:/root/aerostack2_ws/install/as2_msgs:${AMENT_PREFIX_PATH} CMAKE_PREFIX_PATH=/root/aerostack2_ws/install/as2_core:/root/aerostack2_ws/install/as2_msgs:/opt/ros/humble LD_LIBRARY_PATH=/root/aerostack2_ws/install/as2_core/lib:/root/aerostack2_ws/install/as2_msgs/lib:${LD_LIBRARY_PATH} PYTHONPATH=/root/aerostack2_ws/install/as2_core/local/lib/python3.10/dist-packages:/root/aerostack2_ws/install/as2_msgs/local/lib/python3.10/dist-packages:${PYTHONPATH} /usr/bin/cmake --build /root/aerostack2_ws/build/as2_external_object_to_tf -- -j8 -l8
[0.037s] [35m[1mConsolidate compiler generated dependencies of target gtest_main[0m
[0.045s] [ 18%] [32mBuilding CXX object CMakeFiles/as2_external_object_to_tf.dir/src/as2_external_object_to_tf.cpp.o[0m
[0.045s] [ 18%] [32mBuilding CXX object CMakeFiles/as2_external_object_to_tf_node.dir/src/as2_external_object_to_tf.cpp.o[0m
[0.047s] [ 36%] [32mBuilding CXX object CMakeFiles/as2_external_object_to_tf_node.dir/src/as2_external_object_to_tf_node.cpp.o[0m
[0.047s] [ 36%] [32mBuilding CXX object gtest/CMakeFiles/gtest.dir/src/gtest-all.cc.o[0m
[0.048s] [ 54%] Built target gtest_main
[6.885s] [ 63%] [32m[1mLinking CXX static library libgtest.a[0m
[6.919s] [ 63%] Built target gtest
[22.611s] [ 72%] [32m[1mLinking CXX static library libas2_external_object_to_tf.a[0m
[22.656s] [ 81%] [32m[1mLinking CXX executable as2_external_object_to_tf_node[0m
[22.684s] [ 81%] Built target as2_external_object_to_tf
[22.704s] [ 90%] [32mBuilding CXX object tests/CMakeFiles/as2_external_object_to_tf_as2_external_object_to_tf_gtest.dir/as2_external_object_to_tf_gtest.cpp.o[0m
[22.987s] [ 90%] Built target as2_external_object_to_tf_node
[26.163s] [100%] [32m[1mLinking CXX executable as2_external_object_to_tf_as2_external_object_to_tf_gtest[0m
[26.427s] [100%] Built target as2_external_object_to_tf_as2_external_object_to_tf_gtest
[26.436s] Invoked command in '/root/aerostack2_ws/build/as2_external_object_to_tf' returned '0': AMENT_PREFIX_PATH=/root/aerostack2_ws/install/as2_core:/root/aerostack2_ws/install/as2_msgs:${AMENT_PREFIX_PATH} CMAKE_PREFIX_PATH=/root/aerostack2_ws/install/as2_core:/root/aerostack2_ws/install/as2_msgs:/opt/ros/humble LD_LIBRARY_PATH=/root/aerostack2_ws/install/as2_core/lib:/root/aerostack2_ws/install/as2_msgs/lib:${LD_LIBRARY_PATH} PYTHONPATH=/root/aerostack2_ws/install/as2_core/local/lib/python3.10/dist-packages:/root/aerostack2_ws/install/as2_msgs/local/lib/python3.10/dist-packages:${PYTHONPATH} /usr/bin/cmake --build /root/aerostack2_ws/build/as2_external_object_to_tf -- -j8 -l8
[26.438s] Invoking command in '/root/aerostack2_ws/build/as2_external_object_to_tf': AMENT_PREFIX_PATH=/root/aerostack2_ws/install/as2_core:/root/aerostack2_ws/install/as2_msgs:${AMENT_PREFIX_PATH} CMAKE_PREFIX_PATH=/root/aerostack2_ws/install/as2_core:/root/aerostack2_ws/install/as2_msgs:/opt/ros/humble LD_LIBRARY_PATH=/root/aerostack2_ws/install/as2_core/lib:/root/aerostack2_ws/install/as2_msgs/lib:${LD_LIBRARY_PATH} PYTHONPATH=/root/aerostack2_ws/install/as2_core/local/lib/python3.10/dist-packages:/root/aerostack2_ws/install/as2_msgs/local/lib/python3.10/dist-packages:${PYTHONPATH} /usr/bin/cmake --install /root/aerostack2_ws/build/as2_external_object_to_tf
[26.443s] -- Install configuration: "Release"
[26.443s] -- Installing: /root/aerostack2_ws/install/as2_external_object_to_tf/include
[26.443s] -- Installing: /root/aerostack2_ws/install/as2_external_object_to_tf/include/as2_external_object_to_tf
[26.443s] -- Installing: /root/aerostack2_ws/install/as2_external_object_to_tf/include/as2_external_object_to_tf/as2_external_object_to_tf.hpp
[26.443s] -- Installing: /root/aerostack2_ws/install/as2_external_object_to_tf/share/as2_external_object_to_tf/launch
[26.443s] -- Installing: /root/aerostack2_ws/install/as2_external_object_to_tf/share/as2_external_object_to_tf/launch/as2_external_object_to_tf_launch.py
[26.443s] -- Installing: /root/aerostack2_ws/install/as2_external_object_to_tf/share/as2_external_object_to_tf/config
[26.443s] -- Installing: /root/aerostack2_ws/install/as2_external_object_to_tf/share/as2_external_object_to_tf/config/external_objects.yaml
[26.443s] -- Installing: /root/aerostack2_ws/install/as2_external_object_to_tf/lib/as2_external_object_to_tf/as2_external_object_to_tf_node
[26.445s] -- Set runtime path of "/root/aerostack2_ws/install/as2_external_object_to_tf/lib/as2_external_object_to_tf/as2_external_object_to_tf_node" to ""
[26.445s] -- Installing: /root/aerostack2_ws/install/as2_external_object_to_tf/lib/libas2_external_object_to_tf.a
[26.448s] -- Installing: /root/aerostack2_ws/install/as2_external_object_to_tf/share/ament_index/resource_index/package_run_dependencies/as2_external_object_to_tf
[26.449s] -- Installing: /root/aerostack2_ws/install/as2_external_object_to_tf/share/ament_index/resource_index/parent_prefix_path/as2_external_object_to_tf
[26.449s] -- Installing: /root/aerostack2_ws/install/as2_external_object_to_tf/share/as2_external_object_to_tf/environment/ament_prefix_path.sh
[26.449s] -- Installing: /root/aerostack2_ws/install/as2_external_object_to_tf/share/as2_external_object_to_tf/environment/ament_prefix_path.dsv
[26.449s] -- Installing: /root/aerostack2_ws/install/as2_external_object_to_tf/share/as2_external_object_to_tf/environment/path.sh
[26.449s] -- Installing: /root/aerostack2_ws/install/as2_external_object_to_tf/share/as2_external_object_to_tf/environment/path.dsv
[26.449s] -- Installing: /root/aerostack2_ws/install/as2_external_object_to_tf/share/as2_external_object_to_tf/local_setup.bash
[26.449s] -- Installing: /root/aerostack2_ws/install/as2_external_object_to_tf/share/as2_external_object_to_tf/local_setup.sh
[26.449s] -- Installing: /root/aerostack2_ws/install/as2_external_object_to_tf/share/as2_external_object_to_tf/local_setup.zsh
[26.449s] -- Installing: /root/aerostack2_ws/install/as2_external_object_to_tf/share/as2_external_object_to_tf/local_setup.dsv
[26.449s] -- Installing: /root/aerostack2_ws/install/as2_external_object_to_tf/share/as2_external_object_to_tf/package.dsv
[26.450s] -- Installing: /root/aerostack2_ws/install/as2_external_object_to_tf/share/ament_index/resource_index/packages/as2_external_object_to_tf
[26.450s] -- Installing: /root/aerostack2_ws/install/as2_external_object_to_tf/share/as2_external_object_to_tf/cmake/ament_cmake_export_dependencies-extras.cmake
[26.450s] -- Installing: /root/aerostack2_ws/install/as2_external_object_to_tf/share/as2_external_object_to_tf/cmake/as2_external_object_to_tfConfig.cmake
[26.450s] -- Installing: /root/aerostack2_ws/install/as2_external_object_to_tf/share/as2_external_object_to_tf/cmake/as2_external_object_to_tfConfig-version.cmake
[26.450s] -- Installing: /root/aerostack2_ws/install/as2_external_object_to_tf/share/as2_external_object_to_tf/package.xml
[26.452s] Invoked command in '/root/aerostack2_ws/build/as2_external_object_to_tf' returned '0': AMENT_PREFIX_PATH=/root/aerostack2_ws/install/as2_core:/root/aerostack2_ws/install/as2_msgs:${AMENT_PREFIX_PATH} CMAKE_PREFIX_PATH=/root/aerostack2_ws/install/as2_core:/root/aerostack2_ws/install/as2_msgs:/opt/ros/humble LD_LIBRARY_PATH=/root/aerostack2_ws/install/as2_core/lib:/root/aerostack2_ws/install/as2_msgs/lib:${LD_LIBRARY_PATH} PYTHONPATH=/root/aerostack2_ws/install/as2_core/local/lib/python3.10/dist-packages:/root/aerostack2_ws/install/as2_msgs/local/lib/python3.10/dist-packages:${PYTHONPATH} /usr/bin/cmake --install /root/aerostack2_ws/build/as2_external_object_to_tf
