Package 'rmf_building_map_tools' not found
Package 'rmf_building_map_tools' not found
Package 'rmf_building_map_tools' not found
Package 'rmf_building_map_tools' not found
Package 'rmf_building_map_tools' not found
Package 'rmf_building_map_tools' not found
gmake[2]: *** [CMakeFiles/generate_battle_royale_crowdsim.dir/build.make:73: battle_royale_crowdsim] Error 1
gmake[1]: *** [CMakeFiles/Makefile2:255: CMakeFiles/generate_battle_royale_crowdsim.dir/all] Error 2
gmake[1]: *** Waiting for unfinished jobs....
gmake[2]: *** [CMakeFiles/generate_airport_terminal_crowdsim_ign.dir/build.make:73: airport_terminal_crowdsim_ign] Error 1
gmake[1]: *** [CMakeFiles/Makefile2:203: CMakeFiles/generate_airport_terminal_crowdsim_ign.dir/all] Error 2
gmake[2]: *** [CMakeFiles/generate_campus_crowdsim.dir/build.make:73: campus_crowdsim] Error 1
Package 'rmf_building_map_tools' not found
gmake[1]: *** [CMakeFiles/Makefile2:333: CMakeFiles/generate_campus_crowdsim.dir/all] Error 2
Package 'rmf_building_map_tools' not found
gmake[2]: *** [CMakeFiles/generate_airport_terminal_nav_graphs.dir/build.make:73: maps/airport_terminal/nav_graphs/phony] Error 1
gmake[1]: *** [CMakeFiles/Makefile2:229: CMakeFiles/generate_airport_terminal_nav_graphs.dir/all] Error 2
gmake[2]: *** [CMakeFiles/generate_campus_crowdsim_ign.dir/build.make:73: campus_crowdsim_ign] Error 1
gmake[1]: *** [CMakeFiles/Makefile2:359: CMakeFiles/generate_campus_crowdsim_ign.dir/all] Error 2
gmake[2]: *** [CMakeFiles/generate_battle_royale_nav_graphs.dir/build.make:73: maps/battle_royale/nav_graphs/phony] Error 1
gmake[1]: *** [CMakeFiles/Makefile2:307: CMakeFiles/generate_battle_royale_nav_graphs.dir/all] Error 2
gmake[2]: *** [CMakeFiles/generate_airport_terminal_crowdsim.dir/build.make:73: airport_terminal_crowdsim] Error 1
gmake[1]: *** [CMakeFiles/Makefile2:177: CMakeFiles/generate_airport_terminal_crowdsim.dir/all] Error 2
gmake[2]: *** [CMakeFiles/generate_battle_royale_crowdsim_ign.dir/build.make:73: battle_royale_crowdsim_ign] Error 1
gmake[1]: *** [CMakeFiles/Makefile2:281: CMakeFiles/generate_battle_royale_crowdsim_ign.dir/all] Error 2
gmake: *** [Makefile:146: all] Error 2
