[0.261s] Invoking command in '/root/aerostack2_ws/build/rmf_demos_maps': CMAKE_PREFIX_PATH=${CMAKE_PREFIX_PATH}:/root/aerostack2_ws/install/rmf_demos_tasks:/root/aerostack2_ws/install/rmf_demos_panel:/root/aerostack2_ws/install/rmf_demos_fleet_adapter:/root/aerostack2_ws/install/rmf_demos_bridges:/root/aerostack2_ws/install/as2_visualization:/root/aerostack2_ws/install/as2_keyboard_teleoperation:/root/aerostack2_ws/install/as2_python_api:/root/aerostack2_ws/install/as2_perception:/opt/ros/humble /usr/bin/cmake --build /root/aerostack2_ws/build/rmf_demos_maps -- -j8 -l8
[0.587s] [  2%] [34m[1mGenerating airport_terminal_crowdsim_ign[0m
[0.587s] [  5%] [34m[1mGenerating battle_royale_crowdsim[0m
[0.587s] [  8%] [34m[1mGenerating maps/battle_royale/nav_graphs/phony[0m
[0.587s] [ 11%] [34m[1mGenerating maps/airport_terminal/nav_graphs/phony[0m
[0.587s] [ 14%] [34m[1mGenerating battle_royale_crowdsim_ign[0m
[0.587s] [ 17%] [34m[1mGenerating airport_terminal_crowdsim[0m
[0.587s] [ 20%] [34m[1mGenerating campus_crowdsim[0m
[0.588s] [ 22%] [34m[1mGenerating campus_crowdsim_ign[0m
[0.691s] Package 'rmf_building_map_tools' not found
[0.693s] Package 'rmf_building_map_tools' not found
[0.694s] Package 'rmf_building_map_tools' not found
[0.705s] Package 'rmf_building_map_tools' not found
[0.706s] Package 'rmf_building_map_tools' not found
[0.708s] Package 'rmf_building_map_tools' not found
[0.714s] gmake[2]: *** [CMakeFiles/generate_battle_royale_crowdsim.dir/build.make:73: battle_royale_crowdsim] Error 1
[0.714s] gmake[1]: *** [CMakeFiles/Makefile2:255: CMakeFiles/generate_battle_royale_crowdsim.dir/all] Error 2
[0.714s] gmake[1]: *** Waiting for unfinished jobs....
[0.724s] gmake[2]: *** [CMakeFiles/generate_airport_terminal_crowdsim_ign.dir/build.make:73: airport_terminal_crowdsim_ign] Error 1
[0.726s] gmake[1]: *** [CMakeFiles/Makefile2:203: CMakeFiles/generate_airport_terminal_crowdsim_ign.dir/all] Error 2
[0.728s] gmake[2]: *** [CMakeFiles/generate_campus_crowdsim.dir/build.make:73: campus_crowdsim] Error 1
[0.728s] Package 'rmf_building_map_tools' not found
[0.728s] gmake[1]: *** [CMakeFiles/Makefile2:333: CMakeFiles/generate_campus_crowdsim.dir/all] Error 2
[0.735s] Package 'rmf_building_map_tools' not found
[0.741s] gmake[2]: *** [CMakeFiles/generate_airport_terminal_nav_graphs.dir/build.make:73: maps/airport_terminal/nav_graphs/phony] Error 1
[0.741s] gmake[1]: *** [CMakeFiles/Makefile2:229: CMakeFiles/generate_airport_terminal_nav_graphs.dir/all] Error 2
[0.744s] gmake[2]: *** [CMakeFiles/generate_campus_crowdsim_ign.dir/build.make:73: campus_crowdsim_ign] Error 1
[0.744s] gmake[1]: *** [CMakeFiles/Makefile2:359: CMakeFiles/generate_campus_crowdsim_ign.dir/all] Error 2
[0.744s] gmake[2]: *** [CMakeFiles/generate_battle_royale_nav_graphs.dir/build.make:73: maps/battle_royale/nav_graphs/phony] Error 1
[0.745s] gmake[1]: *** [CMakeFiles/Makefile2:307: CMakeFiles/generate_battle_royale_nav_graphs.dir/all] Error 2
[0.749s] gmake[2]: *** [CMakeFiles/generate_airport_terminal_crowdsim.dir/build.make:73: airport_terminal_crowdsim] Error 1
[0.750s] gmake[1]: *** [CMakeFiles/Makefile2:177: CMakeFiles/generate_airport_terminal_crowdsim.dir/all] Error 2
[0.752s] gmake[2]: *** [CMakeFiles/generate_battle_royale_crowdsim_ign.dir/build.make:73: battle_royale_crowdsim_ign] Error 1
[0.752s] gmake[1]: *** [CMakeFiles/Makefile2:281: CMakeFiles/generate_battle_royale_crowdsim_ign.dir/all] Error 2
[0.752s] gmake: *** [Makefile:146: all] Error 2
[0.981s] Invoked command in '/root/aerostack2_ws/build/rmf_demos_maps' returned '2': CMAKE_PREFIX_PATH=${CMAKE_PREFIX_PATH}:/root/aerostack2_ws/install/rmf_demos_tasks:/root/aerostack2_ws/install/rmf_demos_panel:/root/aerostack2_ws/install/rmf_demos_fleet_adapter:/root/aerostack2_ws/install/rmf_demos_bridges:/root/aerostack2_ws/install/as2_visualization:/root/aerostack2_ws/install/as2_keyboard_teleoperation:/root/aerostack2_ws/install/as2_python_api:/root/aerostack2_ws/install/as2_perception:/opt/ros/humble /usr/bin/cmake --build /root/aerostack2_ws/build/rmf_demos_maps -- -j8 -l8
