running egg_info
creating ../../../build/as2_perception/as2_perception.egg-info
writing ../../../build/as2_perception/as2_perception.egg-info/PKG-INFO
writing dependency_links to ../../../build/as2_perception/as2_perception.egg-info/dependency_links.txt
writing entry points to ../../../build/as2_perception/as2_perception.egg-info/entry_points.txt
writing requirements to ../../../build/as2_perception/as2_perception.egg-info/requires.txt
writing top-level names to ../../../build/as2_perception/as2_perception.egg-info/top_level.txt
writing manifest file '../../../build/as2_perception/as2_perception.egg-info/SOURCES.txt'
reading manifest file '../../../build/as2_perception/as2_perception.egg-info/SOURCES.txt'
writing manifest file '../../../build/as2_perception/as2_perception.egg-info/SOURCES.txt'
running build
running build_py
creating /root/aerostack2_ws/build/as2_perception/build
creating /root/aerostack2_ws/build/as2_perception/build/lib
creating /root/aerostack2_ws/build/as2_perception/build/lib/as2_perception
copying as2_perception/__init__.py -> /root/aerostack2_ws/build/as2_perception/build/lib/as2_perception
copying as2_perception/person_detector_node.py -> /root/aerostack2_ws/build/as2_perception/build/lib/as2_perception
running install
running install_lib
creating /root/aerostack2_ws/install/as2_perception/lib/python3.10/site-packages/as2_perception
copying /root/aerostack2_ws/build/as2_perception/build/lib/as2_perception/__init__.py -> /root/aerostack2_ws/install/as2_perception/lib/python3.10/site-packages/as2_perception
copying /root/aerostack2_ws/build/as2_perception/build/lib/as2_perception/person_detector_node.py -> /root/aerostack2_ws/install/as2_perception/lib/python3.10/site-packages/as2_perception
byte-compiling /root/aerostack2_ws/install/as2_perception/lib/python3.10/site-packages/as2_perception/__init__.py to __init__.cpython-310.pyc
byte-compiling /root/aerostack2_ws/install/as2_perception/lib/python3.10/site-packages/as2_perception/person_detector_node.py to person_detector_node.cpython-310.pyc
running install_data
creating /root/aerostack2_ws/install/as2_perception/share/ament_index
creating /root/aerostack2_ws/install/as2_perception/share/ament_index/resource_index
creating /root/aerostack2_ws/install/as2_perception/share/ament_index/resource_index/packages
copying resource/as2_perception -> /root/aerostack2_ws/install/as2_perception/share/ament_index/resource_index/packages
copying package.xml -> /root/aerostack2_ws/install/as2_perception/share/as2_perception
running install_egg_info
Copying ../../../build/as2_perception/as2_perception.egg-info to /root/aerostack2_ws/install/as2_perception/lib/python3.10/site-packages/as2_perception-0.0.0-py3.10.egg-info
running install_scripts
Installing person_detector_node script to /root/aerostack2_ws/install/as2_perception/lib/as2_perception
writing list of installed files to '/root/aerostack2_ws/build/as2_perception/install.log'
