[0.492s] Invoking command in '/root/aerostack2_ws/src/aerostack2/as2_perception': PYTHONPATH=/root/aerostack2_ws/build/as2_perception/prefix_override:/usr/lib/python3/dist-packages/colcon_core/task/python/colcon_distutils_commands:/root/aerostack2_ws/install/as2_perception/lib/python3.10/site-packages:${PYTHONPATH} /usr/bin/python3 -W ignore:setup.py install is deprecated -W ignore:easy_install command is deprecated setup.py egg_info --egg-base ../../../build/as2_perception build --build-base /root/aerostack2_ws/build/as2_perception/build install --record /root/aerostack2_ws/build/as2_perception/install.log --single-version-externally-managed install_data
[0.665s] running egg_info
[0.665s] creating ../../../build/as2_perception/as2_perception.egg-info
[0.665s] writing ../../../build/as2_perception/as2_perception.egg-info/PKG-INFO
[0.666s] writing dependency_links to ../../../build/as2_perception/as2_perception.egg-info/dependency_links.txt
[0.666s] writing entry points to ../../../build/as2_perception/as2_perception.egg-info/entry_points.txt
[0.666s] writing requirements to ../../../build/as2_perception/as2_perception.egg-info/requires.txt
[0.666s] writing top-level names to ../../../build/as2_perception/as2_perception.egg-info/top_level.txt
[0.666s] writing manifest file '../../../build/as2_perception/as2_perception.egg-info/SOURCES.txt'
[0.668s] reading manifest file '../../../build/as2_perception/as2_perception.egg-info/SOURCES.txt'
[0.668s] writing manifest file '../../../build/as2_perception/as2_perception.egg-info/SOURCES.txt'
[0.668s] running build
[0.668s] running build_py
[0.668s] creating /root/aerostack2_ws/build/as2_perception/build
[0.668s] creating /root/aerostack2_ws/build/as2_perception/build/lib
[0.668s] creating /root/aerostack2_ws/build/as2_perception/build/lib/as2_perception
[0.668s] copying as2_perception/__init__.py -> /root/aerostack2_ws/build/as2_perception/build/lib/as2_perception
[0.669s] copying as2_perception/person_detector_node.py -> /root/aerostack2_ws/build/as2_perception/build/lib/as2_perception
[0.669s] running install
[0.669s] running install_lib
[0.669s] creating /root/aerostack2_ws/install/as2_perception/lib/python3.10/site-packages/as2_perception
[0.669s] copying /root/aerostack2_ws/build/as2_perception/build/lib/as2_perception/__init__.py -> /root/aerostack2_ws/install/as2_perception/lib/python3.10/site-packages/as2_perception
[0.669s] copying /root/aerostack2_ws/build/as2_perception/build/lib/as2_perception/person_detector_node.py -> /root/aerostack2_ws/install/as2_perception/lib/python3.10/site-packages/as2_perception
[0.670s] byte-compiling /root/aerostack2_ws/install/as2_perception/lib/python3.10/site-packages/as2_perception/__init__.py to __init__.cpython-310.pyc
[0.670s] byte-compiling /root/aerostack2_ws/install/as2_perception/lib/python3.10/site-packages/as2_perception/person_detector_node.py to person_detector_node.cpython-310.pyc
[0.671s] running install_data
[0.671s] creating /root/aerostack2_ws/install/as2_perception/share/ament_index
[0.671s] creating /root/aerostack2_ws/install/as2_perception/share/ament_index/resource_index
[0.671s] creating /root/aerostack2_ws/install/as2_perception/share/ament_index/resource_index/packages
[0.671s] copying resource/as2_perception -> /root/aerostack2_ws/install/as2_perception/share/ament_index/resource_index/packages
[0.671s] copying package.xml -> /root/aerostack2_ws/install/as2_perception/share/as2_perception
[0.671s] running install_egg_info
[0.672s] Copying ../../../build/as2_perception/as2_perception.egg-info to /root/aerostack2_ws/install/as2_perception/lib/python3.10/site-packages/as2_perception-0.0.0-py3.10.egg-info
[0.673s] running install_scripts
[0.688s] Installing person_detector_node script to /root/aerostack2_ws/install/as2_perception/lib/as2_perception
[0.688s] writing list of installed files to '/root/aerostack2_ws/build/as2_perception/install.log'
[0.706s] Invoked command in '/root/aerostack2_ws/src/aerostack2/as2_perception' returned '0': PYTHONPATH=/root/aerostack2_ws/build/as2_perception/prefix_override:/usr/lib/python3/dist-packages/colcon_core/task/python/colcon_distutils_commands:/root/aerostack2_ws/install/as2_perception/lib/python3.10/site-packages:${PYTHONPATH} /usr/bin/python3 -W ignore:setup.py install is deprecated -W ignore:easy_install command is deprecated setup.py egg_info --egg-base ../../../build/as2_perception build --build-base /root/aerostack2_ws/build/as2_perception/build install --record /root/aerostack2_ws/build/as2_perception/install.log --single-version-externally-managed install_data
